running develop
Removing /home/sejong/Desktop/SH_ws/install/sh_motion_demo/lib/python3.12/site-packages/sh-motion-demo.egg-link (link to .)
running egg_info
writing ../../build/sh_motion_demo/sh_motion_demo.egg-info/PKG-INFO
writing dependency_links to ../../build/sh_motion_demo/sh_motion_demo.egg-info/dependency_links.txt
writing entry points to ../../build/sh_motion_demo/sh_motion_demo.egg-info/entry_points.txt
writing requirements to ../../build/sh_motion_demo/sh_motion_demo.egg-info/requires.txt
writing top-level names to ../../build/sh_motion_demo/sh_motion_demo.egg-info/top_level.txt
reading manifest file '../../build/sh_motion_demo/sh_motion_demo.egg-info/SOURCES.txt'
writing manifest file '../../build/sh_motion_demo/sh_motion_demo.egg-info/SOURCES.txt'
running build
running build_py
creating /home/sejong/Desktop/SH_ws/build/sh_motion_demo/build
creating /home/sejong/Desktop/SH_ws/build/sh_motion_demo/build/lib
creating /home/sejong/Desktop/SH_ws/build/sh_motion_demo/build/lib/sh_motion_demo
copying sh_motion_demo/wave.py -> /home/sejong/Desktop/SH_ws/build/sh_motion_demo/build/lib/sh_motion_demo
copying sh_motion_demo/__init__.py -> /home/sejong/Desktop/SH_ws/build/sh_motion_demo/build/lib/sh_motion_demo
running install
running install_lib
creating /home/sejong/Desktop/SH_ws/install/sh_motion_demo/lib/python3.12/site-packages/sh_motion_demo
copying /home/sejong/Desktop/SH_ws/build/sh_motion_demo/build/lib/sh_motion_demo/wave.py -> /home/sejong/Desktop/SH_ws/install/sh_motion_demo/lib/python3.12/site-packages/sh_motion_demo
copying /home/sejong/Desktop/SH_ws/build/sh_motion_demo/build/lib/sh_motion_demo/__init__.py -> /home/sejong/Desktop/SH_ws/install/sh_motion_demo/lib/python3.12/site-packages/sh_motion_demo
byte-compiling /home/sejong/Desktop/SH_ws/install/sh_motion_demo/lib/python3.12/site-packages/sh_motion_demo/wave.py to wave.cpython-312.pyc
byte-compiling /home/sejong/Desktop/SH_ws/install/sh_motion_demo/lib/python3.12/site-packages/sh_motion_demo/__init__.py to __init__.cpython-312.pyc
running install_data
copying resource/sh_motion_demo -> /home/sejong/Desktop/SH_ws/install/sh_motion_demo/share/ament_index/resource_index/packages
copying package.xml -> /home/sejong/Desktop/SH_ws/install/sh_motion_demo/share/sh_motion_demo
running install_egg_info
Copying ../../build/sh_motion_demo/sh_motion_demo.egg-info to /home/sejong/Desktop/SH_ws/install/sh_motion_demo/lib/python3.12/site-packages/sh_motion_demo-0.0.0-py3.12.egg-info
running install_scripts
Installing wave script to /home/sejong/Desktop/SH_ws/install/sh_motion_demo/lib/sh_motion_demo
writing list of installed files to '/home/sejong/Desktop/SH_ws/build/sh_motion_demo/install.log'
