[0.123s] Invoking command in '/home/sejong/SH_ws/build/sh_motion_cpp': CMAKE_PREFIX_PATH=${CMAKE_PREFIX_PATH}:/home/sejong/SH_ws/install/sh_motion_demo:/home/sejong/SH_ws/install/SH_Humanoid_description:/opt/ros/jazzy DEBUGINFOD_URLS=https://debuginfod.ubuntu.com /usr/bin/cmake /home/sejong/SH_ws/src/sh_motion_cpp -DAMENT_CMAKE_SYMLINK_INSTALL=1 -DCMAKE_INSTALL_PREFIX=/home/sejong/SH_ws/install/sh_motion_cpp
[0.157s] -- The C compiler identification is GNU 11.5.0
[0.188s] -- The CXX compiler identification is GNU 11.5.0
[0.197s] -- Detecting C compiler ABI info
[0.247s] -- Detecting C compiler ABI info - done
[0.252s] -- Check for working C compiler: /usr/bin/cc - skipped
[0.252s] -- Detecting C compile features
[0.252s] -- Detecting C compile features - done
[0.258s] -- Detecting CXX compiler ABI info
[0.312s] -- Detecting CXX compiler ABI info - done
[0.318s] -- Check for working CXX compiler: /usr/bin/c++ - skipped
[0.319s] -- Detecting CXX compile features
[0.319s] -- Detecting CXX compile features - done
[0.321s] -- Found ament_cmake: 2.5.6 (/opt/ros/jazzy/share/ament_cmake/cmake)
[0.416s] -- Found Python3: /usr/bin/python3 (found version "3.12.3") found components: Interpreter 
[0.459s] -- Override CMake install command with custom implementation using symlinks instead of copying resources
[0.488s] -- Found ament_lint_auto: 0.17.5 (/opt/ros/jazzy/share/ament_lint_auto/cmake)
[0.553s] -- Found rclcpp: 28.1.18 (/opt/ros/jazzy/share/rclcpp/cmake)
[0.584s] -- Found rosidl_generator_c: 4.6.7 (/opt/ros/jazzy/share/rosidl_generator_c/cmake)
[0.595s] -- Found rosidl_generator_cpp: 4.6.7 (/opt/ros/jazzy/share/rosidl_generator_cpp/cmake)
[0.605s] -- Using all available rosidl_typesupport_c: rosidl_typesupport_fastrtps_c;rosidl_typesupport_introspection_c
[0.615s] -- Using all available rosidl_typesupport_cpp: rosidl_typesupport_fastrtps_cpp;rosidl_typesupport_introspection_cpp
[0.656s] -- Found rmw_implementation_cmake: 7.3.3 (/opt/ros/jazzy/share/rmw_implementation_cmake/cmake)
[0.658s] -- Found rmw_fastrtps_cpp: 8.4.3 (/opt/ros/jazzy/share/rmw_fastrtps_cpp/cmake)
[0.711s] -- Found OpenSSL: /usr/lib/x86_64-linux-gnu/libcrypto.so (found version "3.0.13")  
[0.721s] -- Found FastRTPS: /opt/ros/jazzy/include (Required is at least version "2.13") 
[0.733s] -- Using RMW implementation 'rmw_fastrtps_cpp' as default
[0.771s] -- Found moveit_ros_planning_interface: 2.12.4 (/opt/ros/jazzy/share/moveit_ros_planning_interface/cmake)
[0.839s] -- Found Boost: /usr/lib/x86_64-linux-gnu/cmake/Boost-1.83.0/BoostConfig.cmake (found version "1.83.0") found components: date_time filesystem program_options system thread 
[0.986s] -- Found Boost: /usr/lib/x86_64-linux-gnu/cmake/Boost-1.83.0/BoostConfig.cmake (found version "1.83.0") found components: chrono date_time filesystem iostreams program_options regex serialization system thread 
[1.019s] -- Found parameter_traits: 0.7.1 (/opt/ros/jazzy/share/parameter_traits/cmake)
[1.028s] -- Found rclcpp_lifecycle: 28.1.18 (/opt/ros/jazzy/share/rclcpp_lifecycle/cmake)
[1.048s] -- Found Boost: /usr/lib/x86_64-linux-gnu/cmake/Boost-1.83.0/BoostConfig.cmake (found version "1.83.0") found components: filesystem 
[1.081s] -- Found Eigen3: TRUE (found version "3.4.0") 
[1.081s] -- Ensuring Eigen3 include directory is part of orocos-kdl CMake target
[1.166s] -- Found Boost: /usr/lib/x86_64-linux-gnu/cmake/Boost-1.83.0/BoostConfig.cmake (found version "1.83.0") found components: system filesystem date_time program_options thread chrono 
[1.192s] -- Found Boost: /usr/lib/x86_64-linux-gnu/cmake/Boost-1.83.0/BoostConfig.cmake (found version "1.83.0") found components: thread system filesystem regex date_time program_options 
[1.206s] -- Found Boost: /usr/lib/x86_64-linux-gnu/cmake/Boost-1.83.0/BoostConfig.cmake (found version "1.83.0") found components: system filesystem date_time program_options thread 
[1.228s] -- Added test 'cppcheck' to perform static code analysis on C / C++ code
[1.228s] -- Configured cppcheck include dirs: 
[1.228s] -- Configured cppcheck exclude dirs and/or files: 
[1.228s] -- Added test 'lint_cmake' to check CMake code style
[1.229s] -- Added test 'uncrustify' to check C / C++ code style
[1.229s] -- Configured uncrustify additional arguments: 
[1.229s] -- Added test 'xmllint' to check XML markup files
[1.230s] -- Configuring done (1.1s)
[1.241s] -- Generating done (0.0s)
[1.243s] -- Build files have been written to: /home/sejong/SH_ws/build/sh_motion_cpp
[1.251s] Invoked command in '/home/sejong/SH_ws/build/sh_motion_cpp' returned '0': CMAKE_PREFIX_PATH=${CMAKE_PREFIX_PATH}:/home/sejong/SH_ws/install/sh_motion_demo:/home/sejong/SH_ws/install/SH_Humanoid_description:/opt/ros/jazzy DEBUGINFOD_URLS=https://debuginfod.ubuntu.com /usr/bin/cmake /home/sejong/SH_ws/src/sh_motion_cpp -DAMENT_CMAKE_SYMLINK_INSTALL=1 -DCMAKE_INSTALL_PREFIX=/home/sejong/SH_ws/install/sh_motion_cpp
[1.251s] Invoking command in '/home/sejong/SH_ws/build/sh_motion_cpp': CMAKE_PREFIX_PATH=${CMAKE_PREFIX_PATH}:/home/sejong/SH_ws/install/sh_motion_demo:/home/sejong/SH_ws/install/SH_Humanoid_description:/opt/ros/jazzy DEBUGINFOD_URLS=https://debuginfod.ubuntu.com /usr/bin/cmake --build /home/sejong/SH_ws/build/sh_motion_cpp -- -j24 -l24
[1.282s] [ 50%] [32mBuilding CXX object CMakeFiles/wave.dir/src/wave.cpp.o[0m
[4.580s] [100%] [32m[1mLinking CXX executable wave[0m
[4.731s] [100%] Built target wave
[4.742s] Invoked command in '/home/sejong/SH_ws/build/sh_motion_cpp' returned '0': CMAKE_PREFIX_PATH=${CMAKE_PREFIX_PATH}:/home/sejong/SH_ws/install/sh_motion_demo:/home/sejong/SH_ws/install/SH_Humanoid_description:/opt/ros/jazzy DEBUGINFOD_URLS=https://debuginfod.ubuntu.com /usr/bin/cmake --build /home/sejong/SH_ws/build/sh_motion_cpp -- -j24 -l24
[4.742s] Invoking command in '/home/sejong/SH_ws/build/sh_motion_cpp': CMAKE_PREFIX_PATH=${CMAKE_PREFIX_PATH}:/home/sejong/SH_ws/install/sh_motion_demo:/home/sejong/SH_ws/install/SH_Humanoid_description:/opt/ros/jazzy DEBUGINFOD_URLS=https://debuginfod.ubuntu.com /usr/bin/cmake --install /home/sejong/SH_ws/build/sh_motion_cpp
[4.747s] -- Install configuration: ""
[4.747s] -- Execute custom install script
[4.747s] -- Symlinking: /home/sejong/SH_ws/install/sh_motion_cpp/lib/sh_motion_cpp/wave
[4.752s] -- Symlinking: /home/sejong/SH_ws/install/sh_motion_cpp/share/ament_index/resource_index/package_run_dependencies/sh_motion_cpp
[4.757s] -- Symlinking: /home/sejong/SH_ws/install/sh_motion_cpp/share/ament_index/resource_index/parent_prefix_path/sh_motion_cpp
[4.761s] -- Symlinking: /home/sejong/SH_ws/install/sh_motion_cpp/share/sh_motion_cpp/environment/ament_prefix_path.sh
[4.765s] -- Symlinking: /home/sejong/SH_ws/install/sh_motion_cpp/share/sh_motion_cpp/environment/ament_prefix_path.dsv
[4.770s] -- Symlinking: /home/sejong/SH_ws/install/sh_motion_cpp/share/sh_motion_cpp/environment/path.sh
[4.774s] -- Symlinking: /home/sejong/SH_ws/install/sh_motion_cpp/share/sh_motion_cpp/environment/path.dsv
[4.778s] -- Symlinking: /home/sejong/SH_ws/install/sh_motion_cpp/share/sh_motion_cpp/local_setup.bash
[4.782s] -- Symlinking: /home/sejong/SH_ws/install/sh_motion_cpp/share/sh_motion_cpp/local_setup.sh
[4.787s] -- Symlinking: /home/sejong/SH_ws/install/sh_motion_cpp/share/sh_motion_cpp/local_setup.zsh
[4.791s] -- Symlinking: /home/sejong/SH_ws/install/sh_motion_cpp/share/sh_motion_cpp/local_setup.dsv
[4.795s] -- Symlinking: /home/sejong/SH_ws/install/sh_motion_cpp/share/sh_motion_cpp/package.dsv
[4.800s] -- Symlinking: /home/sejong/SH_ws/install/sh_motion_cpp/share/ament_index/resource_index/packages/sh_motion_cpp
[4.804s] -- Symlinking: /home/sejong/SH_ws/install/sh_motion_cpp/share/sh_motion_cpp/cmake/sh_motion_cppConfig.cmake
[4.808s] -- Symlinking: /home/sejong/SH_ws/install/sh_motion_cpp/share/sh_motion_cpp/cmake/sh_motion_cppConfig-version.cmake
[4.812s] -- Symlinking: /home/sejong/SH_ws/install/sh_motion_cpp/share/sh_motion_cpp/package.xml
[4.818s] Invoked command in '/home/sejong/SH_ws/build/sh_motion_cpp' returned '0': CMAKE_PREFIX_PATH=${CMAKE_PREFIX_PATH}:/home/sejong/SH_ws/install/sh_motion_demo:/home/sejong/SH_ws/install/SH_Humanoid_description:/opt/ros/jazzy DEBUGINFOD_URLS=https://debuginfod.ubuntu.com /usr/bin/cmake --install /home/sejong/SH_ws/build/sh_motion_cpp
