[0.113s] Invoking command in '/home/sejong/WS/SH_Humanoid/SH_ws/build/sh_motion_cpp': CMAKE_PREFIX_PATH=${CMAKE_PREFIX_PATH}:/home/sejong/WS/SH_Humanoid/SH_ws/install/sh_motion_demo:/home/sejong/WS/SH_Humanoid/SH_ws/install/SH_Humanoid_description:/opt/ros/jazzy CONDA_PROMPT_MODIFIER=(env_isaaclab_moveit) DEBUGINFOD_URLS=https://debuginfod.ubuntu.com /usr/bin/cmake /home/sejong/WS/SH_Humanoid/SH_ws/src/sh_motion_cpp -DAMENT_CMAKE_SYMLINK_INSTALL=1 -DCMAKE_INSTALL_PREFIX=/home/sejong/WS/SH_Humanoid/SH_ws/install/sh_motion_cpp
[0.136s] -- The C compiler identification is GNU 11.5.0
[0.158s] -- The CXX compiler identification is GNU 11.5.0
[0.165s] -- Detecting C compiler ABI info
[0.198s] -- Detecting C compiler ABI info - done
[0.202s] -- Check for working C compiler: /usr/bin/cc - skipped
[0.202s] -- Detecting C compile features
[0.202s] -- Detecting C compile features - done
[0.206s] -- Detecting CXX compiler ABI info
[0.242s] -- Detecting CXX compiler ABI info - done
[0.247s] -- Check for working CXX compiler: /usr/bin/c++ - skipped
[0.247s] -- Detecting CXX compile features
[0.247s] -- Detecting CXX compile features - done
[0.249s] -- Found ament_cmake: 2.5.6 (/opt/ros/jazzy/share/ament_cmake/cmake)
[0.337s] -- Found Python3: /home/sejong/miniconda3/envs/env_isaaclab_moveit/bin/python3 (found version "3.11.15") found components: Interpreter 
[0.367s] -- Override CMake install command with custom implementation using symlinks instead of copying resources
[0.390s] -- Found ament_lint_auto: 0.17.5 (/opt/ros/jazzy/share/ament_lint_auto/cmake)
[0.437s] -- Found rclcpp: 28.1.18 (/opt/ros/jazzy/share/rclcpp/cmake)
[0.459s] -- Found rosidl_generator_c: 4.6.7 (/opt/ros/jazzy/share/rosidl_generator_c/cmake)
[0.466s] -- Found rosidl_generator_cpp: 4.6.7 (/opt/ros/jazzy/share/rosidl_generator_cpp/cmake)
[0.474s] -- Using all available rosidl_typesupport_c: rosidl_typesupport_fastrtps_c;rosidl_typesupport_introspection_c
[0.484s] -- Using all available rosidl_typesupport_cpp: rosidl_typesupport_fastrtps_cpp;rosidl_typesupport_introspection_cpp
[0.524s] -- Found rmw_implementation_cmake: 7.3.3 (/opt/ros/jazzy/share/rmw_implementation_cmake/cmake)
[0.526s] -- Found rmw_fastrtps_cpp: 8.4.3 (/opt/ros/jazzy/share/rmw_fastrtps_cpp/cmake)
[0.565s] -- Found OpenSSL: /usr/lib/x86_64-linux-gnu/libcrypto.so (found version "3.0.13")  
[0.576s] -- Found FastRTPS: /opt/ros/jazzy/include (Required is at least version "2.13") 
[0.587s] -- Using RMW implementation 'rmw_fastrtps_cpp' as default
[0.628s] -- Found moveit_ros_planning_interface: 2.12.4 (/opt/ros/jazzy/share/moveit_ros_planning_interface/cmake)
[0.680s] -- Found Boost: /usr/lib/x86_64-linux-gnu/cmake/Boost-1.83.0/BoostConfig.cmake (found version "1.83.0") found components: date_time filesystem program_options system thread 
[0.830s] -- Found Boost: /usr/lib/x86_64-linux-gnu/cmake/Boost-1.83.0/BoostConfig.cmake (found version "1.83.0") found components: chrono date_time filesystem iostreams program_options regex serialization system thread 
[0.866s] -- Found parameter_traits: 0.7.1 (/opt/ros/jazzy/share/parameter_traits/cmake)
[0.874s] -- Found rclcpp_lifecycle: 28.1.18 (/opt/ros/jazzy/share/rclcpp_lifecycle/cmake)
[0.894s] -- Found Boost: /usr/lib/x86_64-linux-gnu/cmake/Boost-1.83.0/BoostConfig.cmake (found version "1.83.0") found components: filesystem 
[0.928s] -- Found Eigen3: TRUE (found version "3.4.0") 
[0.929s] -- Ensuring Eigen3 include directory is part of orocos-kdl CMake target
[1.016s] -- Found Boost: /usr/lib/x86_64-linux-gnu/cmake/Boost-1.83.0/BoostConfig.cmake (found version "1.83.0") found components: system filesystem date_time program_options thread chrono 
[1.045s] -- Found Boost: /usr/lib/x86_64-linux-gnu/cmake/Boost-1.83.0/BoostConfig.cmake (found version "1.83.0") found components: thread system filesystem regex date_time program_options 
[1.060s] -- Found Boost: /usr/lib/x86_64-linux-gnu/cmake/Boost-1.83.0/BoostConfig.cmake (found version "1.83.0") found components: system filesystem date_time program_options thread 
[1.082s] -- Added test 'cppcheck' to perform static code analysis on C / C++ code
[1.082s] -- Configured cppcheck include dirs: 
[1.082s] -- Configured cppcheck exclude dirs and/or files: 
[1.082s] -- Added test 'lint_cmake' to check CMake code style
[1.083s] -- Added test 'uncrustify' to check C / C++ code style
[1.083s] -- Configured uncrustify additional arguments: 
[1.083s] -- Added test 'xmllint' to check XML markup files
[1.084s] -- Configuring done (1.0s)
[1.095s] -- Generating done (0.0s)
[1.097s] -- Build files have been written to: /home/sejong/WS/SH_Humanoid/SH_ws/build/sh_motion_cpp
[1.104s] Invoked command in '/home/sejong/WS/SH_Humanoid/SH_ws/build/sh_motion_cpp' returned '0': CMAKE_PREFIX_PATH=${CMAKE_PREFIX_PATH}:/home/sejong/WS/SH_Humanoid/SH_ws/install/sh_motion_demo:/home/sejong/WS/SH_Humanoid/SH_ws/install/SH_Humanoid_description:/opt/ros/jazzy CONDA_PROMPT_MODIFIER=(env_isaaclab_moveit) DEBUGINFOD_URLS=https://debuginfod.ubuntu.com /usr/bin/cmake /home/sejong/WS/SH_Humanoid/SH_ws/src/sh_motion_cpp -DAMENT_CMAKE_SYMLINK_INSTALL=1 -DCMAKE_INSTALL_PREFIX=/home/sejong/WS/SH_Humanoid/SH_ws/install/sh_motion_cpp
[1.105s] Invoking command in '/home/sejong/WS/SH_Humanoid/SH_ws/build/sh_motion_cpp': CMAKE_PREFIX_PATH=${CMAKE_PREFIX_PATH}:/home/sejong/WS/SH_Humanoid/SH_ws/install/sh_motion_demo:/home/sejong/WS/SH_Humanoid/SH_ws/install/SH_Humanoid_description:/opt/ros/jazzy CONDA_PROMPT_MODIFIER=(env_isaaclab_moveit) DEBUGINFOD_URLS=https://debuginfod.ubuntu.com /usr/bin/cmake --build /home/sejong/WS/SH_Humanoid/SH_ws/build/sh_motion_cpp -- -j32 -l32
[1.125s] [ 50%] [32mBuilding CXX object CMakeFiles/wave.dir/src/wave.cpp.o[0m
[4.261s] [100%] [32m[1mLinking CXX executable wave[0m
[4.371s] [100%] Built target wave
[4.381s] Invoked command in '/home/sejong/WS/SH_Humanoid/SH_ws/build/sh_motion_cpp' returned '0': CMAKE_PREFIX_PATH=${CMAKE_PREFIX_PATH}:/home/sejong/WS/SH_Humanoid/SH_ws/install/sh_motion_demo:/home/sejong/WS/SH_Humanoid/SH_ws/install/SH_Humanoid_description:/opt/ros/jazzy CONDA_PROMPT_MODIFIER=(env_isaaclab_moveit) DEBUGINFOD_URLS=https://debuginfod.ubuntu.com /usr/bin/cmake --build /home/sejong/WS/SH_Humanoid/SH_ws/build/sh_motion_cpp -- -j32 -l32
[4.382s] Invoking command in '/home/sejong/WS/SH_Humanoid/SH_ws/build/sh_motion_cpp': CMAKE_PREFIX_PATH=${CMAKE_PREFIX_PATH}:/home/sejong/WS/SH_Humanoid/SH_ws/install/sh_motion_demo:/home/sejong/WS/SH_Humanoid/SH_ws/install/SH_Humanoid_description:/opt/ros/jazzy CONDA_PROMPT_MODIFIER=(env_isaaclab_moveit) DEBUGINFOD_URLS=https://debuginfod.ubuntu.com /usr/bin/cmake --install /home/sejong/WS/SH_Humanoid/SH_ws/build/sh_motion_cpp
[4.385s] -- Install configuration: ""
[4.385s] -- Execute custom install script
[4.385s] -- Symlinking: /home/sejong/WS/SH_Humanoid/SH_ws/install/sh_motion_cpp/lib/sh_motion_cpp/wave
[4.388s] -- Symlinking: /home/sejong/WS/SH_Humanoid/SH_ws/install/sh_motion_cpp/share/ament_index/resource_index/package_run_dependencies/sh_motion_cpp
[4.391s] -- Symlinking: /home/sejong/WS/SH_Humanoid/SH_ws/install/sh_motion_cpp/share/ament_index/resource_index/parent_prefix_path/sh_motion_cpp
[4.394s] -- Symlinking: /home/sejong/WS/SH_Humanoid/SH_ws/install/sh_motion_cpp/share/sh_motion_cpp/environment/ament_prefix_path.sh
[4.397s] -- Symlinking: /home/sejong/WS/SH_Humanoid/SH_ws/install/sh_motion_cpp/share/sh_motion_cpp/environment/ament_prefix_path.dsv
[4.400s] -- Symlinking: /home/sejong/WS/SH_Humanoid/SH_ws/install/sh_motion_cpp/share/sh_motion_cpp/environment/path.sh
[4.403s] -- Symlinking: /home/sejong/WS/SH_Humanoid/SH_ws/install/sh_motion_cpp/share/sh_motion_cpp/environment/path.dsv
[4.406s] -- Symlinking: /home/sejong/WS/SH_Humanoid/SH_ws/install/sh_motion_cpp/share/sh_motion_cpp/local_setup.bash
[4.409s] -- Symlinking: /home/sejong/WS/SH_Humanoid/SH_ws/install/sh_motion_cpp/share/sh_motion_cpp/local_setup.sh
[4.412s] -- Symlinking: /home/sejong/WS/SH_Humanoid/SH_ws/install/sh_motion_cpp/share/sh_motion_cpp/local_setup.zsh
[4.415s] -- Symlinking: /home/sejong/WS/SH_Humanoid/SH_ws/install/sh_motion_cpp/share/sh_motion_cpp/local_setup.dsv
[4.418s] -- Symlinking: /home/sejong/WS/SH_Humanoid/SH_ws/install/sh_motion_cpp/share/sh_motion_cpp/package.dsv
[4.421s] -- Symlinking: /home/sejong/WS/SH_Humanoid/SH_ws/install/sh_motion_cpp/share/ament_index/resource_index/packages/sh_motion_cpp
[4.424s] -- Symlinking: /home/sejong/WS/SH_Humanoid/SH_ws/install/sh_motion_cpp/share/sh_motion_cpp/cmake/sh_motion_cppConfig.cmake
[4.427s] -- Symlinking: /home/sejong/WS/SH_Humanoid/SH_ws/install/sh_motion_cpp/share/sh_motion_cpp/cmake/sh_motion_cppConfig-version.cmake
[4.430s] -- Symlinking: /home/sejong/WS/SH_Humanoid/SH_ws/install/sh_motion_cpp/share/sh_motion_cpp/package.xml
[4.434s] Invoked command in '/home/sejong/WS/SH_Humanoid/SH_ws/build/sh_motion_cpp' returned '0': CMAKE_PREFIX_PATH=${CMAKE_PREFIX_PATH}:/home/sejong/WS/SH_Humanoid/SH_ws/install/sh_motion_demo:/home/sejong/WS/SH_Humanoid/SH_ws/install/SH_Humanoid_description:/opt/ros/jazzy CONDA_PROMPT_MODIFIER=(env_isaaclab_moveit) DEBUGINFOD_URLS=https://debuginfod.ubuntu.com /usr/bin/cmake --install /home/sejong/WS/SH_Humanoid/SH_ws/build/sh_motion_cpp
