[0.857s] Invoking command in '/home/sejong/Desktop/SH_ws/build/SH_Humanoid_description': DEBUGINFOD_URLS=https://debuginfod.ubuntu.com PYTHONPATH=/home/sejong/Desktop/SH_ws/build/SH_Humanoid_description/prefix_override:/usr/lib/python3/dist-packages/colcon_core/task/python/colcon_distutils_commands:/home/sejong/Desktop/SH_ws/install/SH_Humanoid_description/lib/python3.12/site-packages:${PYTHONPATH} /usr/bin/python3 -W ignore:setup.py install is deprecated -W ignore:easy_install command is deprecated setup.py develop --editable --build-directory /home/sejong/Desktop/SH_ws/build/SH_Humanoid_description/build --no-deps symlink_data --force
[0.964s] /usr/lib/python3/dist-packages/setuptools/dist.py:744: SetuptoolsDeprecationWarning: Invalid dash-separated options
[0.964s] !!
[0.964s] 
[0.964s]         ********************************************************************************
[0.964s]         Usage of dash-separated 'script-dir' will not be supported in future
[0.965s]         versions. Please use the underscore name 'script_dir' instead.
[0.965s] 
[0.965s]         This deprecation is overdue, please update your project and remove deprecated
[0.965s]         calls to avoid build errors in the future.
[0.965s] 
[0.965s]         See https://setuptools.pypa.io/en/latest/userguide/declarative_config.html for details.
[0.965s]         ********************************************************************************
[0.965s] 
[0.965s] !!
[0.965s]   opt = self.warn_dash_deprecation(opt, section)
[1.097s] running develop
[1.223s] running egg_info
[1.235s] writing SH_Humanoid_description.egg-info/PKG-INFO
[1.235s] writing dependency_links to SH_Humanoid_description.egg-info/dependency_links.txt
[1.236s] writing requirements to SH_Humanoid_description.egg-info/requires.txt
[1.236s] writing top-level names to SH_Humanoid_description.egg-info/top_level.txt
[1.262s] reading manifest file 'SH_Humanoid_description.egg-info/SOURCES.txt'
[1.264s] writing manifest file 'SH_Humanoid_description.egg-info/SOURCES.txt'
[1.277s] running build_ext
[1.279s] Creating /home/sejong/Desktop/SH_ws/install/SH_Humanoid_description/lib/python3.12/site-packages/SH-Humanoid-description.egg-link (link to .)
[1.279s] 
[1.279s] Installed /home/sejong/Desktop/SH_ws/build/SH_Humanoid_description
[1.279s] running symlink_data
[1.279s] symbolically linking /home/sejong/Desktop/SH_ws/build/SH_Humanoid_description/resource/SH_Humanoid_description -> /home/sejong/Desktop/SH_ws/install/SH_Humanoid_description/share/ament_index/resource_index/packages
[1.279s] symbolically linking /home/sejong/Desktop/SH_ws/build/SH_Humanoid_description/package.xml -> /home/sejong/Desktop/SH_ws/install/SH_Humanoid_description/share/SH_Humanoid_description
[1.280s] symbolically linking /home/sejong/Desktop/SH_ws/build/SH_Humanoid_description/launch/display.launch.py -> /home/sejong/Desktop/SH_ws/install/SH_Humanoid_description/share/SH_Humanoid_description/launch
[1.280s] symbolically linking /home/sejong/Desktop/SH_ws/build/SH_Humanoid_description/launch/gazebo.launch.py -> /home/sejong/Desktop/SH_ws/install/SH_Humanoid_description/share/SH_Humanoid_description/launch
[1.280s] symbolically linking /home/sejong/Desktop/SH_ws/build/SH_Humanoid_description/urdf/SH_Humanoid.xacro -> /home/sejong/Desktop/SH_ws/install/SH_Humanoid_description/share/SH_Humanoid_description/urdf
[1.280s] symbolically linking /home/sejong/Desktop/SH_ws/build/SH_Humanoid_description/urdf/SH_Humanoid.trans -> /home/sejong/Desktop/SH_ws/install/SH_Humanoid_description/share/SH_Humanoid_description/urdf
[1.280s] symbolically linking /home/sejong/Desktop/SH_ws/build/SH_Humanoid_description/urdf/materials.xacro -> /home/sejong/Desktop/SH_ws/install/SH_Humanoid_description/share/SH_Humanoid_description/urdf
[1.280s] symbolically linking /home/sejong/Desktop/SH_ws/build/SH_Humanoid_description/urdf/SH_Humanoid(with hand, fingers).urdf -> /home/sejong/Desktop/SH_ws/install/SH_Humanoid_description/share/SH_Humanoid_description/urdf
[1.281s] symbolically linking /home/sejong/Desktop/SH_ws/build/SH_Humanoid_description/urdf/SH_Humanoid_head.urdf -> /home/sejong/Desktop/SH_ws/install/SH_Humanoid_description/share/SH_Humanoid_description/urdf
[1.281s] symbolically linking /home/sejong/Desktop/SH_ws/build/SH_Humanoid_description/urdf/SH_Humanoid.gazebo -> /home/sejong/Desktop/SH_ws/install/SH_Humanoid_description/share/SH_Humanoid_description/urdf
[1.283s] symbolically linking /home/sejong/Desktop/SH_ws/build/SH_Humanoid_description/urdf/SH_Humanoid.urdf -> /home/sejong/Desktop/SH_ws/install/SH_Humanoid_description/share/SH_Humanoid_description/urdf
[1.283s] symbolically linking /home/sejong/Desktop/SH_ws/build/SH_Humanoid_description/meshes/left_ring_force_sensor_2.STL -> /home/sejong/Desktop/SH_ws/install/SH_Humanoid_description/share/SH_Humanoid_description/meshes
[1.283s] symbolically linking /home/sejong/Desktop/SH_ws/build/SH_Humanoid_description/meshes/right_little_force_sensor_3.STL -> /home/sejong/Desktop/SH_ws/install/SH_Humanoid_description/share/SH_Humanoid_description/meshes
[1.283s] symbolically linking /home/sejong/Desktop/SH_ws/build/SH_Humanoid_description/meshes/right_little_force_sensor_1.STL -> /home/sejong/Desktop/SH_ws/install/SH_Humanoid_description/share/SH_Humanoid_description/meshes
[1.283s] symbolically linking /home/sejong/Desktop/SH_ws/build/SH_Humanoid_description/meshes/right_index_2.STL -> /home/sejong/Desktop/SH_ws/install/SH_Humanoid_description/share/SH_Humanoid_description/meshes
[1.284s] symbolically linking /home/sejong/Desktop/SH_ws/build/SH_Humanoid_description/meshes/right_hip_yaw_link.STL -> /home/sejong/Desktop/SH_ws/install/SH_Humanoid_description/share/SH_Humanoid_description/meshes
[1.284s] symbolically linking /home/sejong/Desktop/SH_ws/build/SH_Humanoid_description/meshes/right_hand_index_1_link.STL -> /home/sejong/Desktop/SH_ws/install/SH_Humanoid_description/share/SH_Humanoid_description/meshes
[1.284s] symbolically linking /home/sejong/Desktop/SH_ws/build/SH_Humanoid_description/meshes/right_hip_pitch_link.STL -> /home/sejong/Desktop/SH_ws/install/SH_Humanoid_description/share/SH_Humanoid_description/meshes
[1.284s] symbolically linking /home/sejong/Desktop/SH_ws/build/SH_Humanoid_description/meshes/left_hand_index_0_link.STL -> /home/sejong/Desktop/SH_ws/install/SH_Humanoid_description/share/SH_Humanoid_description/meshes
[1.284s] symbolically linking /home/sejong/Desktop/SH_ws/build/SH_Humanoid_description/meshes/left_shoulder_pitch_link.STL -> /home/sejong/Desktop/SH_ws/install/SH_Humanoid_description/share/SH_Humanoid_description/meshes
[1.284s] symbolically linking /home/sejong/Desktop/SH_ws/build/SH_Humanoid_description/meshes/left_wrist_yaw_link_5010.STL -> /home/sejong/Desktop/SH_ws/install/SH_Humanoid_description/share/SH_Humanoid_description/meshes
[1.286s] symbolically linking /home/sejong/Desktop/SH_ws/build/SH_Humanoid_description/meshes/left_wrist_pitch_link_5010.STL -> /home/sejong/Desktop/SH_ws/install/SH_Humanoid_description/share/SH_Humanoid_description/meshes
[1.286s] symbolically linking /home/sejong/Desktop/SH_ws/build/SH_Humanoid_description/meshes/left_index_force_sensor_3.STL -> /home/sejong/Desktop/SH_ws/install/SH_Humanoid_description/share/SH_Humanoid_description/meshes
[1.286s] symbolically linking /home/sejong/Desktop/SH_ws/build/SH_Humanoid_description/meshes/Head__1__1.stl -> /home/sejong/Desktop/SH_ws/install/SH_Humanoid_description/share/SH_Humanoid_description/meshes
[1.286s] symbolically linking /home/sejong/Desktop/SH_ws/build/SH_Humanoid_description/meshes/arm7_l_1.stl -> /home/sejong/Desktop/SH_ws/install/SH_Humanoid_description/share/SH_Humanoid_description/meshes
[1.286s] symbolically linking /home/sejong/Desktop/SH_ws/build/SH_Humanoid_description/meshes/left_middle_force_sensor_3.STL -> /home/sejong/Desktop/SH_ws/install/SH_Humanoid_description/share/SH_Humanoid_description/meshes
[1.286s] symbolically linking /home/sejong/Desktop/SH_ws/build/SH_Humanoid_description/meshes/left_little_force_sensor_3.STL -> /home/sejong/Desktop/SH_ws/install/SH_Humanoid_description/share/SH_Humanoid_description/meshes
[1.286s] symbolically linking /home/sejong/Desktop/SH_ws/build/SH_Humanoid_description/meshes/left_ankle_roll_link.STL -> /home/sejong/Desktop/SH_ws/install/SH_Humanoid_description/share/SH_Humanoid_description/meshes
[1.287s] symbolically linking /home/sejong/Desktop/SH_ws/build/SH_Humanoid_description/meshes/right_base_link.STL -> /home/sejong/Desktop/SH_ws/install/SH_Humanoid_description/share/SH_Humanoid_description/meshes
[1.287s] symbolically linking /home/sejong/Desktop/SH_ws/build/SH_Humanoid_description/meshes/left_shoulder_roll_link.STL -> /home/sejong/Desktop/SH_ws/install/SH_Humanoid_description/share/SH_Humanoid_description/meshes
[1.287s] symbolically linking /home/sejong/Desktop/SH_ws/build/SH_Humanoid_description/meshes/right_little_1.STL -> /home/sejong/Desktop/SH_ws/install/SH_Humanoid_description/share/SH_Humanoid_description/meshes
[1.287s] symbolically linking /home/sejong/Desktop/SH_ws/build/SH_Humanoid_description/meshes/right_wrist_pitch_link.STL -> /home/sejong/Desktop/SH_ws/install/SH_Humanoid_description/share/SH_Humanoid_description/meshes
[1.287s] symbolically linking /home/sejong/Desktop/SH_ws/build/SH_Humanoid_description/meshes/right_hand_palm_link.STL -> /home/sejong/Desktop/SH_ws/install/SH_Humanoid_description/share/SH_Humanoid_description/meshes
[1.287s] symbolically linking /home/sejong/Desktop/SH_ws/build/SH_Humanoid_description/meshes/right_hand_middle_0_link.STL -> /home/sejong/Desktop/SH_ws/install/SH_Humanoid_description/share/SH_Humanoid_description/meshes
[1.287s] symbolically linking /home/sejong/Desktop/SH_ws/build/SH_Humanoid_description/meshes/right_ring_force_sensor_3.STL -> /home/sejong/Desktop/SH_ws/install/SH_Humanoid_description/share/SH_Humanoid_description/meshes
[1.287s] symbolically linking /home/sejong/Desktop/SH_ws/build/SH_Humanoid_description/meshes/right_thumb_force_sensor_1.STL -> /home/sejong/Desktop/SH_ws/install/SH_Humanoid_description/share/SH_Humanoid_description/meshes
[1.287s] symbolically linking /home/sejong/Desktop/SH_ws/build/SH_Humanoid_description/meshes/left_thumb_force_sensor_4.STL -> /home/sejong/Desktop/SH_ws/install/SH_Humanoid_description/share/SH_Humanoid_description/meshes
[1.287s] symbolically linking /home/sejong/Desktop/SH_ws/build/SH_Humanoid_description/meshes/left_ring_force_sensor_1.STL -> /home/sejong/Desktop/SH_ws/install/SH_Humanoid_description/share/SH_Humanoid_description/meshes
[1.287s] symbolically linking /home/sejong/Desktop/SH_ws/build/SH_Humanoid_description/meshes/left_knee_link.STL -> /home/sejong/Desktop/SH_ws/install/SH_Humanoid_description/share/SH_Humanoid_description/meshes
[1.287s] symbolically linking /home/sejong/Desktop/SH_ws/build/SH_Humanoid_description/meshes/right_wrist_roll_link_5010.STL -> /home/sejong/Desktop/SH_ws/install/SH_Humanoid_description/share/SH_Humanoid_description/meshes
[1.288s] symbolically linking /home/sejong/Desktop/SH_ws/build/SH_Humanoid_description/meshes/left_base_link.STL -> /home/sejong/Desktop/SH_ws/install/SH_Humanoid_description/share/SH_Humanoid_description/meshes
[1.288s] symbolically linking /home/sejong/Desktop/SH_ws/build/SH_Humanoid_description/meshes/right_thumb_1.STL -> /home/sejong/Desktop/SH_ws/install/SH_Humanoid_description/share/SH_Humanoid_description/meshes
[1.288s] symbolically linking /home/sejong/Desktop/SH_ws/build/SH_Humanoid_description/meshes/left_index_force_sensor_1.STL -> /home/sejong/Desktop/SH_ws/install/SH_Humanoid_description/share/SH_Humanoid_description/meshes
[1.288s] symbolically linking /home/sejong/Desktop/SH_ws/build/SH_Humanoid_description/meshes/left_little_1.STL -> /home/sejong/Desktop/SH_ws/install/SH_Humanoid_description/share/SH_Humanoid_description/meshes
[1.288s] symbolically linking /home/sejong/Desktop/SH_ws/build/SH_Humanoid_description/meshes/left_index_1.STL -> /home/sejong/Desktop/SH_ws/install/SH_Humanoid_description/share/SH_Humanoid_description/meshes
[1.288s] symbolically linking /home/sejong/Desktop/SH_ws/build/SH_Humanoid_description/meshes/arm5_l_1.stl -> /home/sejong/Desktop/SH_ws/install/SH_Humanoid_description/share/SH_Humanoid_description/meshes
[1.288s] symbolically linking /home/sejong/Desktop/SH_ws/build/SH_Humanoid_description/meshes/right_rubber_hand.STL -> /home/sejong/Desktop/SH_ws/install/SH_Humanoid_description/share/SH_Humanoid_description/meshes
[1.289s] symbolically linking /home/sejong/Desktop/SH_ws/build/SH_Humanoid_description/meshes/arm7_r_1.stl -> /home/sejong/Desktop/SH_ws/install/SH_Humanoid_description/share/SH_Humanoid_description/meshes
[1.289s] symbolically linking /home/sejong/Desktop/SH_ws/build/SH_Humanoid_description/meshes/right_ring_1.STL -> /home/sejong/Desktop/SH_ws/install/SH_Humanoid_description/share/SH_Humanoid_description/meshes
[1.289s] symbolically linking /home/sejong/Desktop/SH_ws/build/SH_Humanoid_description/meshes/arm3_l_1.stl -> /home/sejong/Desktop/SH_ws/install/SH_Humanoid_description/share/SH_Humanoid_description/meshes
[1.289s] symbolically linking /home/sejong/Desktop/SH_ws/build/SH_Humanoid_description/meshes/right_ring_2.STL -> /home/sejong/Desktop/SH_ws/install/SH_Humanoid_description/share/SH_Humanoid_description/meshes
[1.289s] symbolically linking /home/sejong/Desktop/SH_ws/build/SH_Humanoid_description/meshes/left_palm_force_sensor.STL -> /home/sejong/Desktop/SH_ws/install/SH_Humanoid_description/share/SH_Humanoid_description/meshes
[1.289s] symbolically linking /home/sejong/Desktop/SH_ws/build/SH_Humanoid_description/meshes/right_thumb_force_sensor_3.STL -> /home/sejong/Desktop/SH_ws/install/SH_Humanoid_description/share/SH_Humanoid_description/meshes
[1.290s] symbolically linking /home/sejong/Desktop/SH_ws/build/SH_Humanoid_description/meshes/arm6_r_1.stl -> /home/sejong/Desktop/SH_ws/install/SH_Humanoid_description/share/SH_Humanoid_description/meshes
[1.291s] symbolically linking /home/sejong/Desktop/SH_ws/build/SH_Humanoid_description/meshes/right_thumb_force_sensor_4.STL -> /home/sejong/Desktop/SH_ws/install/SH_Humanoid_description/share/SH_Humanoid_description/meshes
[1.291s] symbolically linking /home/sejong/Desktop/SH_ws/build/SH_Humanoid_description/meshes/left_hand_middle_0_link.STL -> /home/sejong/Desktop/SH_ws/install/SH_Humanoid_description/share/SH_Humanoid_description/meshes
[1.291s] symbolically linking /home/sejong/Desktop/SH_ws/build/SH_Humanoid_description/meshes/left_hand_palm_link.STL -> /home/sejong/Desktop/SH_ws/install/SH_Humanoid_description/share/SH_Humanoid_description/meshes
[1.292s] symbolically linking /home/sejong/Desktop/SH_ws/build/SH_Humanoid_description/meshes/left_elbow_link.STL -> /home/sejong/Desktop/SH_ws/install/SH_Humanoid_description/share/SH_Humanoid_description/meshes
[1.292s] symbolically linking /home/sejong/Desktop/SH_ws/build/SH_Humanoid_description/meshes/right_ring_force_sensor_2.STL -> /home/sejong/Desktop/SH_ws/install/SH_Humanoid_description/share/SH_Humanoid_description/meshes
[1.295s] symbolically linking /home/sejong/Desktop/SH_ws/build/SH_Humanoid_description/meshes/right_index_force_sensor_2.STL -> /home/sejong/Desktop/SH_ws/install/SH_Humanoid_description/share/SH_Humanoid_description/meshes
[1.295s] symbolically linking /home/sejong/Desktop/SH_ws/build/SH_Humanoid_description/meshes/left_middle_force_sensor_1.STL -> /home/sejong/Desktop/SH_ws/install/SH_Humanoid_description/share/SH_Humanoid_description/meshes
[1.295s] symbolically linking /home/sejong/Desktop/SH_ws/build/SH_Humanoid_description/meshes/left_thumb_4.STL -> /home/sejong/Desktop/SH_ws/install/SH_Humanoid_description/share/SH_Humanoid_description/meshes
[1.295s] symbolically linking /home/sejong/Desktop/SH_ws/build/SH_Humanoid_description/meshes/right_shoulder_roll_link.STL -> /home/sejong/Desktop/SH_ws/install/SH_Humanoid_description/share/SH_Humanoid_description/meshes
[1.295s] symbolically linking /home/sejong/Desktop/SH_ws/build/SH_Humanoid_description/meshes/left_middle_force_sensor_2.STL -> /home/sejong/Desktop/SH_ws/install/SH_Humanoid_description/share/SH_Humanoid_description/meshes
[1.295s] symbolically linking /home/sejong/Desktop/SH_ws/build/SH_Humanoid_description/meshes/right_wrist_roll_link.STL -> /home/sejong/Desktop/SH_ws/install/SH_Humanoid_description/share/SH_Humanoid_description/meshes
[1.296s] symbolically linking /home/sejong/Desktop/SH_ws/build/SH_Humanoid_description/meshes/left_ring_1.STL -> /home/sejong/Desktop/SH_ws/install/SH_Humanoid_description/share/SH_Humanoid_description/meshes
[1.296s] symbolically linking /home/sejong/Desktop/SH_ws/build/SH_Humanoid_description/meshes/left_thumb_swing.STL -> /home/sejong/Desktop/SH_ws/install/SH_Humanoid_description/share/SH_Humanoid_description/meshes
[1.296s] symbolically linking /home/sejong/Desktop/SH_ws/build/SH_Humanoid_description/meshes/left_thumb_force_sensor_1.STL -> /home/sejong/Desktop/SH_ws/install/SH_Humanoid_description/share/SH_Humanoid_description/meshes
[1.296s] symbolically linking /home/sejong/Desktop/SH_ws/build/SH_Humanoid_description/meshes/left_wrist_pitch_link.STL -> /home/sejong/Desktop/SH_ws/install/SH_Humanoid_description/share/SH_Humanoid_description/meshes
[1.296s] symbolically linking /home/sejong/Desktop/SH_ws/build/SH_Humanoid_description/meshes/right_knee_link.STL -> /home/sejong/Desktop/SH_ws/install/SH_Humanoid_description/share/SH_Humanoid_description/meshes
[1.296s] symbolically linking /home/sejong/Desktop/SH_ws/build/SH_Humanoid_description/meshes/arm1_l_1.stl -> /home/sejong/Desktop/SH_ws/install/SH_Humanoid_description/share/SH_Humanoid_description/meshes
[1.296s] symbolically linking /home/sejong/Desktop/SH_ws/build/SH_Humanoid_description/meshes/right_ring_force_sensor_1.STL -> /home/sejong/Desktop/SH_ws/install/SH_Humanoid_description/share/SH_Humanoid_description/meshes
[1.296s] symbolically linking /home/sejong/Desktop/SH_ws/build/SH_Humanoid_description/meshes/base_link.stl -> /home/sejong/Desktop/SH_ws/install/SH_Humanoid_description/share/SH_Humanoid_description/meshes
[1.296s] symbolically linking /home/sejong/Desktop/SH_ws/build/SH_Humanoid_description/meshes/right_wrist_pitch_link_5010.STL -> /home/sejong/Desktop/SH_ws/install/SH_Humanoid_description/share/SH_Humanoid_description/meshes
[1.296s] symbolically linking /home/sejong/Desktop/SH_ws/build/SH_Humanoid_description/meshes/left_ring_force_sensor_3.STL -> /home/sejong/Desktop/SH_ws/install/SH_Humanoid_description/share/SH_Humanoid_description/meshes
[1.296s] symbolically linking /home/sejong/Desktop/SH_ws/build/SH_Humanoid_description/meshes/left_middle_2.STL -> /home/sejong/Desktop/SH_ws/install/SH_Humanoid_description/share/SH_Humanoid_description/meshes
[1.296s] symbolically linking /home/sejong/Desktop/SH_ws/build/SH_Humanoid_description/meshes/right_index_force_sensor_1.STL -> /home/sejong/Desktop/SH_ws/install/SH_Humanoid_description/share/SH_Humanoid_description/meshes
[1.296s] symbolically linking /home/sejong/Desktop/SH_ws/build/SH_Humanoid_description/meshes/left_wrist_roll_link.STL -> /home/sejong/Desktop/SH_ws/install/SH_Humanoid_description/share/SH_Humanoid_description/meshes
[1.296s] symbolically linking /home/sejong/Desktop/SH_ws/build/SH_Humanoid_description/meshes/right_thumb_3.STL -> /home/sejong/Desktop/SH_ws/install/SH_Humanoid_description/share/SH_Humanoid_description/meshes
[1.297s] symbolically linking /home/sejong/Desktop/SH_ws/build/SH_Humanoid_description/meshes/right_palm_force_sensor.STL -> /home/sejong/Desktop/SH_ws/install/SH_Humanoid_description/share/SH_Humanoid_description/meshes
[1.297s] symbolically linking /home/sejong/Desktop/SH_ws/build/SH_Humanoid_description/meshes/arm6_l_1.stl -> /home/sejong/Desktop/SH_ws/install/SH_Humanoid_description/share/SH_Humanoid_description/meshes
[1.297s] symbolically linking /home/sejong/Desktop/SH_ws/build/SH_Humanoid_description/meshes/left_shoulder_yaw_link.STL -> /home/sejong/Desktop/SH_ws/install/SH_Humanoid_description/share/SH_Humanoid_description/meshes
[1.297s] symbolically linking /home/sejong/Desktop/SH_ws/build/SH_Humanoid_description/meshes/left_little_force_sensor_2.STL -> /home/sejong/Desktop/SH_ws/install/SH_Humanoid_description/share/SH_Humanoid_description/meshes
[1.297s] symbolically linking /home/sejong/Desktop/SH_ws/build/SH_Humanoid_description/meshes/left_little_2.STL -> /home/sejong/Desktop/SH_ws/install/SH_Humanoid_description/share/SH_Humanoid_description/meshes
[1.297s] symbolically linking /home/sejong/Desktop/SH_ws/build/SH_Humanoid_description/meshes/left_thumb_3.STL -> /home/sejong/Desktop/SH_ws/install/SH_Humanoid_description/share/SH_Humanoid_description/meshes
[1.297s] symbolically linking /home/sejong/Desktop/SH_ws/build/SH_Humanoid_description/meshes/right_middle_force_sensor_3.STL -> /home/sejong/Desktop/SH_ws/install/SH_Humanoid_description/share/SH_Humanoid_description/meshes
[1.297s] symbolically linking /home/sejong/Desktop/SH_ws/build/SH_Humanoid_description/meshes/arm2_r_1.stl -> /home/sejong/Desktop/SH_ws/install/SH_Humanoid_description/share/SH_Humanoid_description/meshes
[1.297s] symbolically linking /home/sejong/Desktop/SH_ws/build/SH_Humanoid_description/meshes/right_hand_thumb_2_link.STL -> /home/sejong/Desktop/SH_ws/install/SH_Humanoid_description/share/SH_Humanoid_description/meshes
[1.297s] symbolically linking /home/sejong/Desktop/SH_ws/build/SH_Humanoid_description/meshes/right_ankle_pitch_link.STL -> /home/sejong/Desktop/SH_ws/install/SH_Humanoid_description/share/SH_Humanoid_description/meshes
[1.297s] symbolically linking /home/sejong/Desktop/SH_ws/build/SH_Humanoid_description/meshes/arm4_l_1.stl -> /home/sejong/Desktop/SH_ws/install/SH_Humanoid_description/share/SH_Humanoid_description/meshes
[1.297s] symbolically linking /home/sejong/Desktop/SH_ws/build/SH_Humanoid_description/meshes/right_middle_force_sensor_1.STL -> /home/sejong/Desktop/SH_ws/install/SH_Humanoid_description/share/SH_Humanoid_description/meshes
[1.297s] symbolically linking /home/sejong/Desktop/SH_ws/build/SH_Humanoid_description/meshes/right_hand_thumb_0_link.STL -> /home/sejong/Desktop/SH_ws/install/SH_Humanoid_description/share/SH_Humanoid_description/meshes
[1.297s] symbolically linking /home/sejong/Desktop/SH_ws/build/SH_Humanoid_description/meshes/left_rubber_hand.STL -> /home/sejong/Desktop/SH_ws/install/SH_Humanoid_description/share/SH_Humanoid_description/meshes
[1.297s] symbolically linking /home/sejong/Desktop/SH_ws/build/SH_Humanoid_description/meshes/left_hip_yaw_link.STL -> /home/sejong/Desktop/SH_ws/install/SH_Humanoid_description/share/SH_Humanoid_description/meshes
[1.297s] symbolically linking /home/sejong/Desktop/SH_ws/build/SH_Humanoid_description/meshes/right_shoulder_pitch_link.STL -> /home/sejong/Desktop/SH_ws/install/SH_Humanoid_description/share/SH_Humanoid_description/meshes
[1.298s] symbolically linking /home/sejong/Desktop/SH_ws/build/SH_Humanoid_description/meshes/right_wrist_yaw_link_5010.STL -> /home/sejong/Desktop/SH_ws/install/SH_Humanoid_description/share/SH_Humanoid_description/meshes
[1.298s] symbolically linking /home/sejong/Desktop/SH_ws/build/SH_Humanoid_description/meshes/right_elbow_link.STL -> /home/sejong/Desktop/SH_ws/install/SH_Humanoid_description/share/SH_Humanoid_description/meshes
[1.298s] symbolically linking /home/sejong/Desktop/SH_ws/build/SH_Humanoid_description/meshes/left_hand_thumb_0_link.STL -> /home/sejong/Desktop/SH_ws/install/SH_Humanoid_description/share/SH_Humanoid_description/meshes
[1.298s] symbolically linking /home/sejong/Desktop/SH_ws/build/SH_Humanoid_description/meshes/left_thumb_force_sensor_3.STL -> /home/sejong/Desktop/SH_ws/install/SH_Humanoid_description/share/SH_Humanoid_description/meshes
[1.298s] symbolically linking /home/sejong/Desktop/SH_ws/build/SH_Humanoid_description/meshes/left_index_force_sensor_2.STL -> /home/sejong/Desktop/SH_ws/install/SH_Humanoid_description/share/SH_Humanoid_description/meshes
[1.298s] symbolically linking /home/sejong/Desktop/SH_ws/build/SH_Humanoid_description/meshes/arm4_r_1.stl -> /home/sejong/Desktop/SH_ws/install/SH_Humanoid_description/share/SH_Humanoid_description/meshes
[1.298s] symbolically linking /home/sejong/Desktop/SH_ws/build/SH_Humanoid_description/meshes/right_hand_thumb_1_link.STL -> /home/sejong/Desktop/SH_ws/install/SH_Humanoid_description/share/SH_Humanoid_description/meshes
[1.298s] symbolically linking /home/sejong/Desktop/SH_ws/build/SH_Humanoid_description/meshes/right_hand_middle_1_link.STL -> /home/sejong/Desktop/SH_ws/install/SH_Humanoid_description/share/SH_Humanoid_description/meshes
[1.298s] symbolically linking /home/sejong/Desktop/SH_ws/build/SH_Humanoid_description/meshes/right_thumb_4.STL -> /home/sejong/Desktop/SH_ws/install/SH_Humanoid_description/share/SH_Humanoid_description/meshes
[1.298s] symbolically linking /home/sejong/Desktop/SH_ws/build/SH_Humanoid_description/meshes/right_thumb_force_sensor_2.STL -> /home/sejong/Desktop/SH_ws/install/SH_Humanoid_description/share/SH_Humanoid_description/meshes
[1.298s] symbolically linking /home/sejong/Desktop/SH_ws/build/SH_Humanoid_description/meshes/right_shoulder_yaw_link.STL -> /home/sejong/Desktop/SH_ws/install/SH_Humanoid_description/share/SH_Humanoid_description/meshes
[1.298s] symbolically linking /home/sejong/Desktop/SH_ws/build/SH_Humanoid_description/meshes/arm2_l_1.stl -> /home/sejong/Desktop/SH_ws/install/SH_Humanoid_description/share/SH_Humanoid_description/meshes
[1.298s] symbolically linking /home/sejong/Desktop/SH_ws/build/SH_Humanoid_description/meshes/arm5_r_1.stl -> /home/sejong/Desktop/SH_ws/install/SH_Humanoid_description/share/SH_Humanoid_description/meshes
[1.305s] symbolically linking /home/sejong/Desktop/SH_ws/build/SH_Humanoid_description/meshes/left_hand_index_1_link.STL -> /home/sejong/Desktop/SH_ws/install/SH_Humanoid_description/share/SH_Humanoid_description/meshes
[1.305s] symbolically linking /home/sejong/Desktop/SH_ws/build/SH_Humanoid_description/meshes/right_middle_force_sensor_2.STL -> /home/sejong/Desktop/SH_ws/install/SH_Humanoid_description/share/SH_Humanoid_description/meshes
[1.305s] symbolically linking /home/sejong/Desktop/SH_ws/build/SH_Humanoid_description/meshes/right_wrist_roll_rubber_hand.STL -> /home/sejong/Desktop/SH_ws/install/SH_Humanoid_description/share/SH_Humanoid_description/meshes
[1.305s] symbolically linking /home/sejong/Desktop/SH_ws/build/SH_Humanoid_description/meshes/left_thumb_force_sensor_2.STL -> /home/sejong/Desktop/SH_ws/install/SH_Humanoid_description/share/SH_Humanoid_description/meshes
[1.305s] symbolically linking /home/sejong/Desktop/SH_ws/build/SH_Humanoid_description/meshes/left_ankle_pitch_link.STL -> /home/sejong/Desktop/SH_ws/install/SH_Humanoid_description/share/SH_Humanoid_description/meshes
[1.305s] symbolically linking /home/sejong/Desktop/SH_ws/build/SH_Humanoid_description/meshes/left_ring_2.STL -> /home/sejong/Desktop/SH_ws/install/SH_Humanoid_description/share/SH_Humanoid_description/meshes
[1.305s] symbolically linking /home/sejong/Desktop/SH_ws/build/SH_Humanoid_description/meshes/left_middle_1.STL -> /home/sejong/Desktop/SH_ws/install/SH_Humanoid_description/share/SH_Humanoid_description/meshes
[1.305s] symbolically linking /home/sejong/Desktop/SH_ws/build/SH_Humanoid_description/meshes/left_little_force_sensor_1.STL -> /home/sejong/Desktop/SH_ws/install/SH_Humanoid_description/share/SH_Humanoid_description/meshes
[1.305s] symbolically linking /home/sejong/Desktop/SH_ws/build/SH_Humanoid_description/meshes/right_index_1.STL -> /home/sejong/Desktop/SH_ws/install/SH_Humanoid_description/share/SH_Humanoid_description/meshes
[1.305s] symbolically linking /home/sejong/Desktop/SH_ws/build/SH_Humanoid_description/meshes/right_little_2.STL -> /home/sejong/Desktop/SH_ws/install/SH_Humanoid_description/share/SH_Humanoid_description/meshes
[1.305s] symbolically linking /home/sejong/Desktop/SH_ws/build/SH_Humanoid_description/meshes/right_middle_2.STL -> /home/sejong/Desktop/SH_ws/install/SH_Humanoid_description/share/SH_Humanoid_description/meshes
[1.306s] symbolically linking /home/sejong/Desktop/SH_ws/build/SH_Humanoid_description/meshes/left_hip_pitch_link.STL -> /home/sejong/Desktop/SH_ws/install/SH_Humanoid_description/share/SH_Humanoid_description/meshes
[1.306s] symbolically linking /home/sejong/Desktop/SH_ws/build/SH_Humanoid_description/meshes/arm1_r_1.stl -> /home/sejong/Desktop/SH_ws/install/SH_Humanoid_description/share/SH_Humanoid_description/meshes
[1.306s] symbolically linking /home/sejong/Desktop/SH_ws/build/SH_Humanoid_description/meshes/right_middle_1.STL -> /home/sejong/Desktop/SH_ws/install/SH_Humanoid_description/share/SH_Humanoid_description/meshes
[1.306s] symbolically linking /home/sejong/Desktop/SH_ws/build/SH_Humanoid_description/meshes/left_thumb_2.STL -> /home/sejong/Desktop/SH_ws/install/SH_Humanoid_description/share/SH_Humanoid_description/meshes
[1.306s] symbolically linking /home/sejong/Desktop/SH_ws/build/SH_Humanoid_description/meshes/left_hand_thumb_1_link.STL -> /home/sejong/Desktop/SH_ws/install/SH_Humanoid_description/share/SH_Humanoid_description/meshes
[1.306s] symbolically linking /home/sejong/Desktop/SH_ws/build/SH_Humanoid_description/meshes/left_wrist_roll_rubber_hand.STL -> /home/sejong/Desktop/SH_ws/install/SH_Humanoid_description/share/SH_Humanoid_description/meshes
[1.306s] symbolically linking /home/sejong/Desktop/SH_ws/build/SH_Humanoid_description/meshes/left_index_2.STL -> /home/sejong/Desktop/SH_ws/install/SH_Humanoid_description/share/SH_Humanoid_description/meshes
[1.306s] symbolically linking /home/sejong/Desktop/SH_ws/build/SH_Humanoid_description/meshes/right_index_force_sensor_3.STL -> /home/sejong/Desktop/SH_ws/install/SH_Humanoid_description/share/SH_Humanoid_description/meshes
[1.306s] symbolically linking /home/sejong/Desktop/SH_ws/build/SH_Humanoid_description/meshes/right_hip_roll_link.STL -> /home/sejong/Desktop/SH_ws/install/SH_Humanoid_description/share/SH_Humanoid_description/meshes
[1.306s] symbolically linking /home/sejong/Desktop/SH_ws/build/SH_Humanoid_description/meshes/left_wrist_yaw_link.STL -> /home/sejong/Desktop/SH_ws/install/SH_Humanoid_description/share/SH_Humanoid_description/meshes
[1.306s] symbolically linking /home/sejong/Desktop/SH_ws/build/SH_Humanoid_description/meshes/right_wrist_yaw_link.STL -> /home/sejong/Desktop/SH_ws/install/SH_Humanoid_description/share/SH_Humanoid_description/meshes
[1.306s] symbolically linking /home/sejong/Desktop/SH_ws/build/SH_Humanoid_description/meshes/right_ankle_roll_link.STL -> /home/sejong/Desktop/SH_ws/install/SH_Humanoid_description/share/SH_Humanoid_description/meshes
[1.306s] symbolically linking /home/sejong/Desktop/SH_ws/build/SH_Humanoid_description/meshes/left_hand_thumb_2_link.STL -> /home/sejong/Desktop/SH_ws/install/SH_Humanoid_description/share/SH_Humanoid_description/meshes
[1.306s] symbolically linking /home/sejong/Desktop/SH_ws/build/SH_Humanoid_description/meshes/right_little_force_sensor_2.STL -> /home/sejong/Desktop/SH_ws/install/SH_Humanoid_description/share/SH_Humanoid_description/meshes
[1.306s] symbolically linking /home/sejong/Desktop/SH_ws/build/SH_Humanoid_description/meshes/left_hand_middle_1_link.STL -> /home/sejong/Desktop/SH_ws/install/SH_Humanoid_description/share/SH_Humanoid_description/meshes
[1.306s] symbolically linking /home/sejong/Desktop/SH_ws/build/SH_Humanoid_description/meshes/arm3_r_1.stl -> /home/sejong/Desktop/SH_ws/install/SH_Humanoid_description/share/SH_Humanoid_description/meshes
[1.306s] symbolically linking /home/sejong/Desktop/SH_ws/build/SH_Humanoid_description/meshes/right_hand_index_0_link.STL -> /home/sejong/Desktop/SH_ws/install/SH_Humanoid_description/share/SH_Humanoid_description/meshes
[1.306s] symbolically linking /home/sejong/Desktop/SH_ws/build/SH_Humanoid_description/meshes/left_hip_roll_link.STL -> /home/sejong/Desktop/SH_ws/install/SH_Humanoid_description/share/SH_Humanoid_description/meshes
[1.306s] symbolically linking /home/sejong/Desktop/SH_ws/build/SH_Humanoid_description/meshes/left_thumb_1.STL -> /home/sejong/Desktop/SH_ws/install/SH_Humanoid_description/share/SH_Humanoid_description/meshes
[1.307s] symbolically linking /home/sejong/Desktop/SH_ws/build/SH_Humanoid_description/meshes/right_thumb_2.STL -> /home/sejong/Desktop/SH_ws/install/SH_Humanoid_description/share/SH_Humanoid_description/meshes
[1.307s] symbolically linking /home/sejong/Desktop/SH_ws/build/SH_Humanoid_description/meshes/left_wrist_roll_link_5010.STL -> /home/sejong/Desktop/SH_ws/install/SH_Humanoid_description/share/SH_Humanoid_description/meshes
[1.307s] symbolically linking /home/sejong/Desktop/SH_ws/build/SH_Humanoid_description/config/display.rviz -> /home/sejong/Desktop/SH_ws/install/SH_Humanoid_description/share/SH_Humanoid_description/config
[1.347s] Invoked command in '/home/sejong/Desktop/SH_ws/build/SH_Humanoid_description' returned '0': DEBUGINFOD_URLS=https://debuginfod.ubuntu.com PYTHONPATH=/home/sejong/Desktop/SH_ws/build/SH_Humanoid_description/prefix_override:/usr/lib/python3/dist-packages/colcon_core/task/python/colcon_distutils_commands:/home/sejong/Desktop/SH_ws/install/SH_Humanoid_description/lib/python3.12/site-packages:${PYTHONPATH} /usr/bin/python3 -W ignore:setup.py install is deprecated -W ignore:easy_install command is deprecated setup.py develop --editable --build-directory /home/sejong/Desktop/SH_ws/build/SH_Humanoid_description/build --no-deps symlink_data --force
