[0.943s] Invoking command in '/home/sejong/Desktop/SH_ws/src/SH_Humanoid_description': DEBUGINFOD_URLS=https://debuginfod.ubuntu.com PYTHONPATH=/home/sejong/Desktop/SH_ws/build/SH_Humanoid_description/prefix_override:/usr/lib/python3/dist-packages/colcon_core/task/python/colcon_distutils_commands:/home/sejong/Desktop/SH_ws/install/SH_Humanoid_description/lib/python3.12/site-packages:${PYTHONPATH} /usr/bin/python3 -W ignore:setup.py install is deprecated -W ignore:easy_install command is deprecated setup.py egg_info --egg-base ../../build/SH_Humanoid_description build --build-base /home/sejong/Desktop/SH_ws/build/SH_Humanoid_description/build install --record /home/sejong/Desktop/SH_ws/build/SH_Humanoid_description/install.log --install-scripts $base/lib/SH_Humanoid_description --single-version-externally-managed install_data
[1.061s] /usr/lib/python3/dist-packages/setuptools/dist.py:744: SetuptoolsDeprecationWarning: Invalid dash-separated options
[1.062s] !!
[1.062s] 
[1.063s]         ********************************************************************************
[1.063s]         Usage of dash-separated 'script-dir' will not be supported in future
[1.063s]         versions. Please use the underscore name 'script_dir' instead.
[1.063s] 
[1.063s]         This deprecation is overdue, please update your project and remove deprecated
[1.063s]         calls to avoid build errors in the future.
[1.063s] 
[1.063s]         See https://setuptools.pypa.io/en/latest/userguide/declarative_config.html for details.
[1.064s]         ********************************************************************************
[1.064s] 
[1.064s] !!
[1.064s]   opt = self.warn_dash_deprecation(opt, section)
[1.148s] running egg_info
[1.159s] writing ../../build/SH_Humanoid_description/SH_Humanoid_description.egg-info/PKG-INFO
[1.161s] writing dependency_links to ../../build/SH_Humanoid_description/SH_Humanoid_description.egg-info/dependency_links.txt
[1.161s] writing requirements to ../../build/SH_Humanoid_description/SH_Humanoid_description.egg-info/requires.txt
[1.162s] writing top-level names to ../../build/SH_Humanoid_description/SH_Humanoid_description.egg-info/top_level.txt
[1.186s] reading manifest file '../../build/SH_Humanoid_description/SH_Humanoid_description.egg-info/SOURCES.txt'
[1.188s] writing manifest file '../../build/SH_Humanoid_description/SH_Humanoid_description.egg-info/SOURCES.txt'
[1.189s] running build
[1.189s] running build_py
[1.191s] running install
[1.194s] running install_lib
[1.207s] running install_data
[1.209s] copying urdf/SH_Humanoid_head.urdf -> /home/sejong/Desktop/SH_ws/install/SH_Humanoid_description/share/SH_Humanoid_description/urdf
[1.210s] running install_egg_info
[1.223s] removing '/home/sejong/Desktop/SH_ws/install/SH_Humanoid_description/lib/python3.12/site-packages/SH_Humanoid_description-0.0.0-py3.12.egg-info' (and everything under it)
[1.223s] Copying ../../build/SH_Humanoid_description/SH_Humanoid_description.egg-info to /home/sejong/Desktop/SH_ws/install/SH_Humanoid_description/lib/python3.12/site-packages/SH_Humanoid_description-0.0.0-py3.12.egg-info
[1.224s] running install_scripts
[1.323s] writing list of installed files to '/home/sejong/Desktop/SH_ws/build/SH_Humanoid_description/install.log'
[1.377s] Invoked command in '/home/sejong/Desktop/SH_ws/src/SH_Humanoid_description' returned '0': DEBUGINFOD_URLS=https://debuginfod.ubuntu.com PYTHONPATH=/home/sejong/Desktop/SH_ws/build/SH_Humanoid_description/prefix_override:/usr/lib/python3/dist-packages/colcon_core/task/python/colcon_distutils_commands:/home/sejong/Desktop/SH_ws/install/SH_Humanoid_description/lib/python3.12/site-packages:${PYTHONPATH} /usr/bin/python3 -W ignore:setup.py install is deprecated -W ignore:easy_install command is deprecated setup.py egg_info --egg-base ../../build/SH_Humanoid_description build --build-base /home/sejong/Desktop/SH_ws/build/SH_Humanoid_description/build install --record /home/sejong/Desktop/SH_ws/build/SH_Humanoid_description/install.log --install-scripts $base/lib/SH_Humanoid_description --single-version-externally-managed install_data
