[0.062s] DEBUG:colcon:Command line arguments: ['/usr/bin/colcon', 'build', '--symlink-install']
[0.062s] DEBUG:colcon:Parsed command line arguments: Namespace(log_base=None, log_level=None, verb_name='build', build_base='build', install_base='install', merge_install=False, symlink_install=True, test_result_base=None, continue_on_error=False, executor='parallel', parallel_workers=32, event_handlers=None, ignore_user_meta=False, metas=['./colcon.meta'], base_paths=['.'], packages_ignore=None, packages_ignore_regex=None, paths=None, packages_up_to=None, packages_up_to_regex=None, packages_above=None, packages_above_and_dependencies=None, packages_above_depth=None, packages_select_by_dep=None, packages_skip_by_dep=None, packages_skip_up_to=None, packages_select_build_failed=False, packages_skip_build_finished=False, packages_select_test_failures=False, packages_skip_test_passed=False, packages_select=None, packages_skip=None, packages_select_regex=None, packages_skip_regex=None, packages_start=None, packages_end=None, allow_overriding=[], cmake_args=None, cmake_target=None, cmake_target_skip_unavailable=False, cmake_clean_cache=False, cmake_clean_first=False, cmake_force_configure=False, ament_cmake_args=None, catkin_cmake_args=None, catkin_skip_building_tests=False, mixin_files=None, mixin=None, verb_parser=<colcon_mixin.mixin.mixin_argument.MixinArgumentDecorator object at 0x7cd1743c2f90>, verb_extension=<colcon_core.verb.build.BuildVerb object at 0x7cd1743c2d50>, main=<bound method BuildVerb.main of <colcon_core.verb.build.BuildVerb object at 0x7cd1743c2d50>>, mixin_verb=('build',))
[0.081s] Level 1:colcon.colcon_core.package_discovery:discover_packages(colcon_meta) check parameters
[0.081s] Level 1:colcon.colcon_core.package_discovery:discover_packages(recursive) check parameters
[0.081s] Level 1:colcon.colcon_core.package_discovery:discover_packages(ignore) check parameters
[0.081s] Level 1:colcon.colcon_core.package_discovery:discover_packages(path) check parameters
[0.081s] Level 1:colcon.colcon_core.package_discovery:discover_packages(colcon_meta) discover
[0.081s] Level 1:colcon.colcon_core.package_discovery:discover_packages(recursive) discover
[0.081s] INFO:colcon.colcon_core.package_discovery:Crawling recursively for packages in '/home/sejong/WS/SH_Humanoid/SH_ws'
[0.081s] Level 1:colcon.colcon_core.package_identification:_identify(.) by extensions ['ignore', 'ignore_ament_install']
[0.081s] Level 1:colcon.colcon_core.package_identification:_identify(.) by extension 'ignore'
[0.081s] Level 1:colcon.colcon_core.package_identification:_identify(.) by extension 'ignore_ament_install'
[0.081s] Level 1:colcon.colcon_core.package_identification:_identify(.) by extensions ['colcon_pkg']
[0.081s] Level 1:colcon.colcon_core.package_identification:_identify(.) by extension 'colcon_pkg'
[0.081s] Level 1:colcon.colcon_core.package_identification:_identify(.) by extensions ['colcon_meta']
[0.081s] Level 1:colcon.colcon_core.package_identification:_identify(.) by extension 'colcon_meta'
[0.081s] Level 1:colcon.colcon_core.package_identification:_identify(.) by extensions ['ros']
[0.081s] Level 1:colcon.colcon_core.package_identification:_identify(.) by extension 'ros'
[0.095s] Level 1:colcon.colcon_core.package_identification:_identify(.) by extensions ['cmake', 'python']
[0.095s] Level 1:colcon.colcon_core.package_identification:_identify(.) by extension 'cmake'
[0.095s] Level 1:colcon.colcon_core.package_identification:_identify(.) by extension 'python'
[0.095s] Level 1:colcon.colcon_core.package_identification:_identify(.) by extensions ['python_setup_py']
[0.095s] Level 1:colcon.colcon_core.package_identification:_identify(.) by extension 'python_setup_py'
[0.095s] Level 1:colcon.colcon_core.package_identification:_identify(build) by extensions ['ignore', 'ignore_ament_install']
[0.095s] Level 1:colcon.colcon_core.package_identification:_identify(build) by extension 'ignore'
[0.095s] Level 1:colcon.colcon_core.package_identification:_identify(build) ignored
[0.095s] Level 1:colcon.colcon_core.package_identification:_identify(config) by extensions ['ignore', 'ignore_ament_install']
[0.095s] Level 1:colcon.colcon_core.package_identification:_identify(config) by extension 'ignore'
[0.095s] Level 1:colcon.colcon_core.package_identification:_identify(config) by extension 'ignore_ament_install'
[0.095s] Level 1:colcon.colcon_core.package_identification:_identify(config) by extensions ['colcon_pkg']
[0.095s] Level 1:colcon.colcon_core.package_identification:_identify(config) by extension 'colcon_pkg'
[0.095s] Level 1:colcon.colcon_core.package_identification:_identify(config) by extensions ['colcon_meta']
[0.095s] Level 1:colcon.colcon_core.package_identification:_identify(config) by extension 'colcon_meta'
[0.095s] Level 1:colcon.colcon_core.package_identification:_identify(config) by extensions ['ros']
[0.095s] Level 1:colcon.colcon_core.package_identification:_identify(config) by extension 'ros'
[0.095s] Level 1:colcon.colcon_core.package_identification:_identify(config) by extensions ['cmake', 'python']
[0.095s] Level 1:colcon.colcon_core.package_identification:_identify(config) by extension 'cmake'
[0.095s] Level 1:colcon.colcon_core.package_identification:_identify(config) by extension 'python'
[0.095s] Level 1:colcon.colcon_core.package_identification:_identify(config) by extensions ['python_setup_py']
[0.095s] Level 1:colcon.colcon_core.package_identification:_identify(config) by extension 'python_setup_py'
[0.095s] Level 1:colcon.colcon_core.package_identification:_identify(install) by extensions ['ignore', 'ignore_ament_install']
[0.095s] Level 1:colcon.colcon_core.package_identification:_identify(install) by extension 'ignore'
[0.095s] Level 1:colcon.colcon_core.package_identification:_identify(install) ignored
[0.095s] Level 1:colcon.colcon_core.package_identification:_identify(log) by extensions ['ignore', 'ignore_ament_install']
[0.095s] Level 1:colcon.colcon_core.package_identification:_identify(log) by extension 'ignore'
[0.095s] Level 1:colcon.colcon_core.package_identification:_identify(log) ignored
[0.095s] Level 1:colcon.colcon_core.package_identification:_identify(src) by extensions ['ignore', 'ignore_ament_install']
[0.096s] Level 1:colcon.colcon_core.package_identification:_identify(src) by extension 'ignore'
[0.096s] Level 1:colcon.colcon_core.package_identification:_identify(src) by extension 'ignore_ament_install'
[0.096s] Level 1:colcon.colcon_core.package_identification:_identify(src) by extensions ['colcon_pkg']
[0.096s] Level 1:colcon.colcon_core.package_identification:_identify(src) by extension 'colcon_pkg'
[0.096s] Level 1:colcon.colcon_core.package_identification:_identify(src) by extensions ['colcon_meta']
[0.096s] Level 1:colcon.colcon_core.package_identification:_identify(src) by extension 'colcon_meta'
[0.096s] Level 1:colcon.colcon_core.package_identification:_identify(src) by extensions ['ros']
[0.096s] Level 1:colcon.colcon_core.package_identification:_identify(src) by extension 'ros'
[0.096s] Level 1:colcon.colcon_core.package_identification:_identify(src) by extensions ['cmake', 'python']
[0.096s] Level 1:colcon.colcon_core.package_identification:_identify(src) by extension 'cmake'
[0.096s] Level 1:colcon.colcon_core.package_identification:_identify(src) by extension 'python'
[0.096s] Level 1:colcon.colcon_core.package_identification:_identify(src) by extensions ['python_setup_py']
[0.096s] Level 1:colcon.colcon_core.package_identification:_identify(src) by extension 'python_setup_py'
[0.096s] Level 1:colcon.colcon_core.package_identification:_identify(src/SH_Humanoid_description) by extensions ['ignore', 'ignore_ament_install']
[0.096s] Level 1:colcon.colcon_core.package_identification:_identify(src/SH_Humanoid_description) by extension 'ignore'
[0.096s] Level 1:colcon.colcon_core.package_identification:_identify(src/SH_Humanoid_description) by extension 'ignore_ament_install'
[0.096s] Level 1:colcon.colcon_core.package_identification:_identify(src/SH_Humanoid_description) by extensions ['colcon_pkg']
[0.096s] Level 1:colcon.colcon_core.package_identification:_identify(src/SH_Humanoid_description) by extension 'colcon_pkg'
[0.096s] Level 1:colcon.colcon_core.package_identification:_identify(src/SH_Humanoid_description) by extensions ['colcon_meta']
[0.096s] Level 1:colcon.colcon_core.package_identification:_identify(src/SH_Humanoid_description) by extension 'colcon_meta'
[0.096s] Level 1:colcon.colcon_core.package_identification:_identify(src/SH_Humanoid_description) by extensions ['ros']
[0.096s] Level 1:colcon.colcon_core.package_identification:_identify(src/SH_Humanoid_description) by extension 'ros'
[0.097s] DEBUG:colcon.colcon_core.package_identification:Package 'src/SH_Humanoid_description' with type 'ros.ament_python' and name 'SH_Humanoid_description'
[0.097s] Level 1:colcon.colcon_core.package_identification:_identify(src/SH_moveit_config) by extensions ['ignore', 'ignore_ament_install']
[0.097s] Level 1:colcon.colcon_core.package_identification:_identify(src/SH_moveit_config) by extension 'ignore'
[0.097s] Level 1:colcon.colcon_core.package_identification:_identify(src/SH_moveit_config) by extension 'ignore_ament_install'
[0.097s] Level 1:colcon.colcon_core.package_identification:_identify(src/SH_moveit_config) by extensions ['colcon_pkg']
[0.097s] Level 1:colcon.colcon_core.package_identification:_identify(src/SH_moveit_config) by extension 'colcon_pkg'
[0.097s] Level 1:colcon.colcon_core.package_identification:_identify(src/SH_moveit_config) by extensions ['colcon_meta']
[0.097s] Level 1:colcon.colcon_core.package_identification:_identify(src/SH_moveit_config) by extension 'colcon_meta'
[0.097s] Level 1:colcon.colcon_core.package_identification:_identify(src/SH_moveit_config) by extensions ['ros']
[0.097s] Level 1:colcon.colcon_core.package_identification:_identify(src/SH_moveit_config) by extension 'ros'
[0.098s] DEBUG:colcon.colcon_core.package_identification:Package 'src/SH_moveit_config' with type 'ros.ament_cmake' and name 'SH_moveit_config'
[0.098s] Level 1:colcon.colcon_core.package_identification:_identify(src/SH_moveit_demo_config) by extensions ['ignore', 'ignore_ament_install']
[0.098s] Level 1:colcon.colcon_core.package_identification:_identify(src/SH_moveit_demo_config) by extension 'ignore'
[0.098s] Level 1:colcon.colcon_core.package_identification:_identify(src/SH_moveit_demo_config) by extension 'ignore_ament_install'
[0.098s] Level 1:colcon.colcon_core.package_identification:_identify(src/SH_moveit_demo_config) by extensions ['colcon_pkg']
[0.098s] Level 1:colcon.colcon_core.package_identification:_identify(src/SH_moveit_demo_config) by extension 'colcon_pkg'
[0.098s] Level 1:colcon.colcon_core.package_identification:_identify(src/SH_moveit_demo_config) by extensions ['colcon_meta']
[0.098s] Level 1:colcon.colcon_core.package_identification:_identify(src/SH_moveit_demo_config) by extension 'colcon_meta'
[0.098s] Level 1:colcon.colcon_core.package_identification:_identify(src/SH_moveit_demo_config) by extensions ['ros']
[0.098s] Level 1:colcon.colcon_core.package_identification:_identify(src/SH_moveit_demo_config) by extension 'ros'
[0.098s] DEBUG:colcon.colcon_core.package_identification:Package 'src/SH_moveit_demo_config' with type 'ros.ament_cmake' and name 'SH_moveit_demo_config'
[0.098s] Level 1:colcon.colcon_core.package_identification:_identify(src/__pycache__) by extensions ['ignore', 'ignore_ament_install']
[0.098s] Level 1:colcon.colcon_core.package_identification:_identify(src/__pycache__) by extension 'ignore'
[0.099s] Level 1:colcon.colcon_core.package_identification:_identify(src/__pycache__) by extension 'ignore_ament_install'
[0.099s] Level 1:colcon.colcon_core.package_identification:_identify(src/__pycache__) by extensions ['colcon_pkg']
[0.099s] Level 1:colcon.colcon_core.package_identification:_identify(src/__pycache__) by extension 'colcon_pkg'
[0.099s] Level 1:colcon.colcon_core.package_identification:_identify(src/__pycache__) by extensions ['colcon_meta']
[0.099s] Level 1:colcon.colcon_core.package_identification:_identify(src/__pycache__) by extension 'colcon_meta'
[0.099s] Level 1:colcon.colcon_core.package_identification:_identify(src/__pycache__) by extensions ['ros']
[0.099s] Level 1:colcon.colcon_core.package_identification:_identify(src/__pycache__) by extension 'ros'
[0.099s] Level 1:colcon.colcon_core.package_identification:_identify(src/__pycache__) by extensions ['cmake', 'python']
[0.099s] Level 1:colcon.colcon_core.package_identification:_identify(src/__pycache__) by extension 'cmake'
[0.099s] Level 1:colcon.colcon_core.package_identification:_identify(src/__pycache__) by extension 'python'
[0.099s] Level 1:colcon.colcon_core.package_identification:_identify(src/__pycache__) by extensions ['python_setup_py']
[0.099s] Level 1:colcon.colcon_core.package_identification:_identify(src/__pycache__) by extension 'python_setup_py'
[0.099s] Level 1:colcon.colcon_core.package_identification:_identify(src/sh_motion_cpp) by extensions ['ignore', 'ignore_ament_install']
[0.099s] Level 1:colcon.colcon_core.package_identification:_identify(src/sh_motion_cpp) by extension 'ignore'
[0.099s] Level 1:colcon.colcon_core.package_identification:_identify(src/sh_motion_cpp) by extension 'ignore_ament_install'
[0.099s] Level 1:colcon.colcon_core.package_identification:_identify(src/sh_motion_cpp) by extensions ['colcon_pkg']
[0.099s] Level 1:colcon.colcon_core.package_identification:_identify(src/sh_motion_cpp) by extension 'colcon_pkg'
[0.099s] Level 1:colcon.colcon_core.package_identification:_identify(src/sh_motion_cpp) by extensions ['colcon_meta']
[0.099s] Level 1:colcon.colcon_core.package_identification:_identify(src/sh_motion_cpp) by extension 'colcon_meta'
[0.099s] Level 1:colcon.colcon_core.package_identification:_identify(src/sh_motion_cpp) by extensions ['ros']
[0.099s] Level 1:colcon.colcon_core.package_identification:_identify(src/sh_motion_cpp) by extension 'ros'
[0.099s] DEBUG:colcon.colcon_core.package_identification:Package 'src/sh_motion_cpp' with type 'ros.ament_cmake' and name 'sh_motion_cpp'
[0.099s] Level 1:colcon.colcon_core.package_identification:_identify(src/sh_motion_demo) by extensions ['ignore', 'ignore_ament_install']
[0.099s] Level 1:colcon.colcon_core.package_identification:_identify(src/sh_motion_demo) by extension 'ignore'
[0.099s] Level 1:colcon.colcon_core.package_identification:_identify(src/sh_motion_demo) by extension 'ignore_ament_install'
[0.099s] Level 1:colcon.colcon_core.package_identification:_identify(src/sh_motion_demo) by extensions ['colcon_pkg']
[0.099s] Level 1:colcon.colcon_core.package_identification:_identify(src/sh_motion_demo) by extension 'colcon_pkg'
[0.099s] Level 1:colcon.colcon_core.package_identification:_identify(src/sh_motion_demo) by extensions ['colcon_meta']
[0.099s] Level 1:colcon.colcon_core.package_identification:_identify(src/sh_motion_demo) by extension 'colcon_meta'
[0.099s] Level 1:colcon.colcon_core.package_identification:_identify(src/sh_motion_demo) by extensions ['ros']
[0.099s] Level 1:colcon.colcon_core.package_identification:_identify(src/sh_motion_demo) by extension 'ros'
[0.100s] DEBUG:colcon.colcon_core.package_identification:Package 'src/sh_motion_demo' with type 'ros.ament_python' and name 'sh_motion_demo'
[0.100s] Level 1:colcon.colcon_core.package_discovery:discover_packages(recursive) using defaults
[0.100s] Level 1:colcon.colcon_core.package_discovery:discover_packages(ignore) discover
[0.100s] Level 1:colcon.colcon_core.package_discovery:discover_packages(ignore) using defaults
[0.100s] Level 1:colcon.colcon_core.package_discovery:discover_packages(path) discover
[0.100s] Level 1:colcon.colcon_core.package_discovery:discover_packages(path) using defaults
[0.110s] Level 1:colcon.colcon_core.package_discovery:discover_packages(prefix_path) check parameters
[0.110s] Level 1:colcon.colcon_core.package_discovery:discover_packages(prefix_path) discover
[0.110s] WARNING:colcon.colcon_ros.prefix_path.ament:The path '/home/sejong/WS/SH_Humanoid/SH_ws/install/SH_moveit_demo_config' in the environment variable AMENT_PREFIX_PATH doesn't exist
[0.110s] WARNING:colcon.colcon_ros.prefix_path.ament:The path '/home/sejong/WS/SH_Humanoid/SH_ws/install/SH_moveit_config' in the environment variable AMENT_PREFIX_PATH doesn't exist
[0.110s] WARNING:colcon.colcon_ros.prefix_path.ament:The path '/home/sejong/WS/SH_Humanoid/SH_ws/install/sh_motion_demo' in the environment variable AMENT_PREFIX_PATH doesn't exist
[0.110s] WARNING:colcon.colcon_ros.prefix_path.ament:The path '/home/sejong/WS/SH_Humanoid/SH_ws/install/sh_motion_cpp' in the environment variable AMENT_PREFIX_PATH doesn't exist
[0.110s] WARNING:colcon.colcon_ros.prefix_path.ament:The path '/home/sejong/WS/SH_Humanoid/SH_ws/install/SH_Humanoid_description' in the environment variable AMENT_PREFIX_PATH doesn't exist
[0.110s] WARNING:colcon.colcon_ros.prefix_path.catkin:The path '/home/sejong/WS/SH_Humanoid/SH_ws/install/sh_motion_cpp' in the environment variable CMAKE_PREFIX_PATH doesn't exist
[0.110s] WARNING:colcon.colcon_ros.prefix_path.catkin:The path '/home/sejong/WS/SH_Humanoid/SH_ws/install/SH_moveit_demo_config' in the environment variable CMAKE_PREFIX_PATH doesn't exist
[0.110s] WARNING:colcon.colcon_ros.prefix_path.catkin:The path '/home/sejong/WS/SH_Humanoid/SH_ws/install/SH_moveit_config' in the environment variable CMAKE_PREFIX_PATH doesn't exist
[0.110s] DEBUG:colcon.colcon_installed_package_information.package_discovery:Found 0 installed packages in /home/sejong/WS/SH_Humanoid/SH_ws/install
[0.111s] DEBUG:colcon.colcon_installed_package_information.package_discovery:Found 421 installed packages in /opt/ros/jazzy
[0.112s] Level 1:colcon.colcon_core.package_discovery:discover_packages(prefix_path) using defaults
[0.136s] Level 5:colcon.colcon_core.verb:set package 'SH_Humanoid_description' build argument 'cmake_args' from command line to 'None'
[0.136s] Level 5:colcon.colcon_core.verb:set package 'SH_Humanoid_description' build argument 'cmake_target' from command line to 'None'
[0.136s] Level 5:colcon.colcon_core.verb:set package 'SH_Humanoid_description' build argument 'cmake_target_skip_unavailable' from command line to 'False'
[0.136s] Level 5:colcon.colcon_core.verb:set package 'SH_Humanoid_description' build argument 'cmake_clean_cache' from command line to 'False'
[0.136s] Level 5:colcon.colcon_core.verb:set package 'SH_Humanoid_description' build argument 'cmake_clean_first' from command line to 'False'
[0.136s] Level 5:colcon.colcon_core.verb:set package 'SH_Humanoid_description' build argument 'cmake_force_configure' from command line to 'False'
[0.136s] Level 5:colcon.colcon_core.verb:set package 'SH_Humanoid_description' build argument 'ament_cmake_args' from command line to 'None'
[0.136s] Level 5:colcon.colcon_core.verb:set package 'SH_Humanoid_description' build argument 'catkin_cmake_args' from command line to 'None'
[0.136s] Level 5:colcon.colcon_core.verb:set package 'SH_Humanoid_description' build argument 'catkin_skip_building_tests' from command line to 'False'
[0.136s] DEBUG:colcon.colcon_core.verb:Building package 'SH_Humanoid_description' with the following arguments: {'ament_cmake_args': None, 'build_base': '/home/sejong/WS/SH_Humanoid/SH_ws/build/SH_Humanoid_description', 'catkin_cmake_args': None, 'catkin_skip_building_tests': False, 'cmake_args': None, 'cmake_clean_cache': False, 'cmake_clean_first': False, 'cmake_force_configure': False, 'cmake_target': None, 'cmake_target_skip_unavailable': False, 'install_base': '/home/sejong/WS/SH_Humanoid/SH_ws/install/SH_Humanoid_description', 'merge_install': False, 'path': '/home/sejong/WS/SH_Humanoid/SH_ws/src/SH_Humanoid_description', 'symlink_install': True, 'test_result_base': None}
[0.136s] Level 5:colcon.colcon_core.verb:set package 'sh_motion_cpp' build argument 'cmake_args' from command line to 'None'
[0.136s] Level 5:colcon.colcon_core.verb:set package 'sh_motion_cpp' build argument 'cmake_target' from command line to 'None'
[0.136s] Level 5:colcon.colcon_core.verb:set package 'sh_motion_cpp' build argument 'cmake_target_skip_unavailable' from command line to 'False'
[0.136s] Level 5:colcon.colcon_core.verb:set package 'sh_motion_cpp' build argument 'cmake_clean_cache' from command line to 'False'
[0.136s] Level 5:colcon.colcon_core.verb:set package 'sh_motion_cpp' build argument 'cmake_clean_first' from command line to 'False'
[0.136s] Level 5:colcon.colcon_core.verb:set package 'sh_motion_cpp' build argument 'cmake_force_configure' from command line to 'False'
[0.136s] Level 5:colcon.colcon_core.verb:set package 'sh_motion_cpp' build argument 'ament_cmake_args' from command line to 'None'
[0.136s] Level 5:colcon.colcon_core.verb:set package 'sh_motion_cpp' build argument 'catkin_cmake_args' from command line to 'None'
[0.136s] Level 5:colcon.colcon_core.verb:set package 'sh_motion_cpp' build argument 'catkin_skip_building_tests' from command line to 'False'
[0.136s] DEBUG:colcon.colcon_core.verb:Building package 'sh_motion_cpp' with the following arguments: {'ament_cmake_args': None, 'build_base': '/home/sejong/WS/SH_Humanoid/SH_ws/build/sh_motion_cpp', 'catkin_cmake_args': None, 'catkin_skip_building_tests': False, 'cmake_args': None, 'cmake_clean_cache': False, 'cmake_clean_first': False, 'cmake_force_configure': False, 'cmake_target': None, 'cmake_target_skip_unavailable': False, 'install_base': '/home/sejong/WS/SH_Humanoid/SH_ws/install/sh_motion_cpp', 'merge_install': False, 'path': '/home/sejong/WS/SH_Humanoid/SH_ws/src/sh_motion_cpp', 'symlink_install': True, 'test_result_base': None}
[0.136s] Level 5:colcon.colcon_core.verb:set package 'sh_motion_demo' build argument 'cmake_args' from command line to 'None'
[0.136s] Level 5:colcon.colcon_core.verb:set package 'sh_motion_demo' build argument 'cmake_target' from command line to 'None'
[0.136s] Level 5:colcon.colcon_core.verb:set package 'sh_motion_demo' build argument 'cmake_target_skip_unavailable' from command line to 'False'
[0.136s] Level 5:colcon.colcon_core.verb:set package 'sh_motion_demo' build argument 'cmake_clean_cache' from command line to 'False'
[0.136s] Level 5:colcon.colcon_core.verb:set package 'sh_motion_demo' build argument 'cmake_clean_first' from command line to 'False'
[0.136s] Level 5:colcon.colcon_core.verb:set package 'sh_motion_demo' build argument 'cmake_force_configure' from command line to 'False'
[0.136s] Level 5:colcon.colcon_core.verb:set package 'sh_motion_demo' build argument 'ament_cmake_args' from command line to 'None'
[0.136s] Level 5:colcon.colcon_core.verb:set package 'sh_motion_demo' build argument 'catkin_cmake_args' from command line to 'None'
[0.136s] Level 5:colcon.colcon_core.verb:set package 'sh_motion_demo' build argument 'catkin_skip_building_tests' from command line to 'False'
[0.136s] DEBUG:colcon.colcon_core.verb:Building package 'sh_motion_demo' with the following arguments: {'ament_cmake_args': None, 'build_base': '/home/sejong/WS/SH_Humanoid/SH_ws/build/sh_motion_demo', 'catkin_cmake_args': None, 'catkin_skip_building_tests': False, 'cmake_args': None, 'cmake_clean_cache': False, 'cmake_clean_first': False, 'cmake_force_configure': False, 'cmake_target': None, 'cmake_target_skip_unavailable': False, 'install_base': '/home/sejong/WS/SH_Humanoid/SH_ws/install/sh_motion_demo', 'merge_install': False, 'path': '/home/sejong/WS/SH_Humanoid/SH_ws/src/sh_motion_demo', 'symlink_install': True, 'test_result_base': None}
[0.137s] Level 5:colcon.colcon_core.verb:set package 'SH_moveit_config' build argument 'cmake_args' from command line to 'None'
[0.137s] Level 5:colcon.colcon_core.verb:set package 'SH_moveit_config' build argument 'cmake_target' from command line to 'None'
[0.137s] Level 5:colcon.colcon_core.verb:set package 'SH_moveit_config' build argument 'cmake_target_skip_unavailable' from command line to 'False'
[0.137s] Level 5:colcon.colcon_core.verb:set package 'SH_moveit_config' build argument 'cmake_clean_cache' from command line to 'False'
[0.137s] Level 5:colcon.colcon_core.verb:set package 'SH_moveit_config' build argument 'cmake_clean_first' from command line to 'False'
[0.137s] Level 5:colcon.colcon_core.verb:set package 'SH_moveit_config' build argument 'cmake_force_configure' from command line to 'False'
[0.137s] Level 5:colcon.colcon_core.verb:set package 'SH_moveit_config' build argument 'ament_cmake_args' from command line to 'None'
[0.137s] Level 5:colcon.colcon_core.verb:set package 'SH_moveit_config' build argument 'catkin_cmake_args' from command line to 'None'
[0.137s] Level 5:colcon.colcon_core.verb:set package 'SH_moveit_config' build argument 'catkin_skip_building_tests' from command line to 'False'
[0.137s] DEBUG:colcon.colcon_core.verb:Building package 'SH_moveit_config' with the following arguments: {'ament_cmake_args': None, 'build_base': '/home/sejong/WS/SH_Humanoid/SH_ws/build/SH_moveit_config', 'catkin_cmake_args': None, 'catkin_skip_building_tests': False, 'cmake_args': None, 'cmake_clean_cache': False, 'cmake_clean_first': False, 'cmake_force_configure': False, 'cmake_target': None, 'cmake_target_skip_unavailable': False, 'install_base': '/home/sejong/WS/SH_Humanoid/SH_ws/install/SH_moveit_config', 'merge_install': False, 'path': '/home/sejong/WS/SH_Humanoid/SH_ws/src/SH_moveit_config', 'symlink_install': True, 'test_result_base': None}
[0.137s] Level 5:colcon.colcon_core.verb:set package 'SH_moveit_demo_config' build argument 'cmake_args' from command line to 'None'
[0.137s] Level 5:colcon.colcon_core.verb:set package 'SH_moveit_demo_config' build argument 'cmake_target' from command line to 'None'
[0.137s] Level 5:colcon.colcon_core.verb:set package 'SH_moveit_demo_config' build argument 'cmake_target_skip_unavailable' from command line to 'False'
[0.137s] Level 5:colcon.colcon_core.verb:set package 'SH_moveit_demo_config' build argument 'cmake_clean_cache' from command line to 'False'
[0.137s] Level 5:colcon.colcon_core.verb:set package 'SH_moveit_demo_config' build argument 'cmake_clean_first' from command line to 'False'
[0.137s] Level 5:colcon.colcon_core.verb:set package 'SH_moveit_demo_config' build argument 'cmake_force_configure' from command line to 'False'
[0.137s] Level 5:colcon.colcon_core.verb:set package 'SH_moveit_demo_config' build argument 'ament_cmake_args' from command line to 'None'
[0.137s] Level 5:colcon.colcon_core.verb:set package 'SH_moveit_demo_config' build argument 'catkin_cmake_args' from command line to 'None'
[0.137s] Level 5:colcon.colcon_core.verb:set package 'SH_moveit_demo_config' build argument 'catkin_skip_building_tests' from command line to 'False'
[0.137s] DEBUG:colcon.colcon_core.verb:Building package 'SH_moveit_demo_config' with the following arguments: {'ament_cmake_args': None, 'build_base': '/home/sejong/WS/SH_Humanoid/SH_ws/build/SH_moveit_demo_config', 'catkin_cmake_args': None, 'catkin_skip_building_tests': False, 'cmake_args': None, 'cmake_clean_cache': False, 'cmake_clean_first': False, 'cmake_force_configure': False, 'cmake_target': None, 'cmake_target_skip_unavailable': False, 'install_base': '/home/sejong/WS/SH_Humanoid/SH_ws/install/SH_moveit_demo_config', 'merge_install': False, 'path': '/home/sejong/WS/SH_Humanoid/SH_ws/src/SH_moveit_demo_config', 'symlink_install': True, 'test_result_base': None}
[0.137s] INFO:colcon.colcon_core.executor:Executing jobs using 'parallel' executor
[0.137s] DEBUG:colcon.colcon_parallel_executor.executor.parallel:run_until_complete
[0.137s] INFO:colcon.colcon_ros.task.ament_python.build:Building ROS package in '/home/sejong/WS/SH_Humanoid/SH_ws/src/SH_Humanoid_description' with build type 'ament_python'
[0.138s] Level 1:colcon.colcon_core.shell:create_environment_hook('SH_Humanoid_description', 'ament_prefix_path')
[0.138s] INFO:colcon.colcon_core.plugin_system:Skipping extension 'colcon_core.shell.bat': Not used on non-Windows systems
[0.138s] INFO:colcon.colcon_core.shell:Creating environment hook '/home/sejong/WS/SH_Humanoid/SH_ws/install/SH_Humanoid_description/share/SH_Humanoid_description/hook/ament_prefix_path.ps1'
[0.139s] INFO:colcon.colcon_core.shell:Creating environment descriptor '/home/sejong/WS/SH_Humanoid/SH_ws/install/SH_Humanoid_description/share/SH_Humanoid_description/hook/ament_prefix_path.dsv'
[0.139s] INFO:colcon.colcon_core.shell:Creating environment hook '/home/sejong/WS/SH_Humanoid/SH_ws/install/SH_Humanoid_description/share/SH_Humanoid_description/hook/ament_prefix_path.sh'
[0.139s] INFO:colcon.colcon_core.shell:Skip shell extension 'powershell' for command environment: Not usable outside of PowerShell
[0.139s] DEBUG:colcon.colcon_core.shell:Skip shell extension 'dsv' for command environment
[0.141s] INFO:colcon.colcon_ros.task.ament_cmake.build:Building ROS package in '/home/sejong/WS/SH_Humanoid/SH_ws/src/sh_motion_cpp' with build type 'ament_cmake'
[0.141s] INFO:colcon.colcon_cmake.task.cmake.build:Building CMake package in '/home/sejong/WS/SH_Humanoid/SH_ws/src/sh_motion_cpp'
[0.141s] INFO:colcon.colcon_core.shell:Skip shell extension 'powershell' for command environment: Not usable outside of PowerShell
[0.141s] DEBUG:colcon.colcon_core.shell:Skip shell extension 'dsv' for command environment
[0.143s] INFO:colcon.colcon_ros.task.ament_python.build:Building ROS package in '/home/sejong/WS/SH_Humanoid/SH_ws/src/sh_motion_demo' with build type 'ament_python'
[0.143s] Level 1:colcon.colcon_core.shell:create_environment_hook('sh_motion_demo', 'ament_prefix_path')
[0.143s] INFO:colcon.colcon_core.shell:Creating environment hook '/home/sejong/WS/SH_Humanoid/SH_ws/install/sh_motion_demo/share/sh_motion_demo/hook/ament_prefix_path.ps1'
[0.143s] INFO:colcon.colcon_core.shell:Creating environment descriptor '/home/sejong/WS/SH_Humanoid/SH_ws/install/sh_motion_demo/share/sh_motion_demo/hook/ament_prefix_path.dsv'
[0.144s] INFO:colcon.colcon_core.shell:Creating environment hook '/home/sejong/WS/SH_Humanoid/SH_ws/install/sh_motion_demo/share/sh_motion_demo/hook/ament_prefix_path.sh'
[0.144s] INFO:colcon.colcon_core.shell:Skip shell extension 'powershell' for command environment: Not usable outside of PowerShell
[0.144s] DEBUG:colcon.colcon_core.shell:Skip shell extension 'dsv' for command environment
[0.251s] INFO:colcon.colcon_core.task.python.build:Building Python package in '/home/sejong/WS/SH_Humanoid/SH_ws/src/SH_Humanoid_description'
[0.252s] INFO:colcon.colcon_core.shell:Skip shell extension 'powershell' for command environment: Not usable outside of PowerShell
[0.252s] DEBUG:colcon.colcon_core.shell:Skip shell extension 'dsv' for command environment
[0.254s] DEBUG:colcon.colcon_core.event_handler.log_command:Invoking command in '/home/sejong/WS/SH_Humanoid/SH_ws/build/sh_motion_cpp': CMAKE_PREFIX_PATH=${CMAKE_PREFIX_PATH}:/home/sejong/WS/SH_Humanoid/SH_ws/install/sh_motion_demo:/home/sejong/WS/SH_Humanoid/SH_ws/install/SH_Humanoid_description:/opt/ros/jazzy CONDA_PROMPT_MODIFIER=(env_isaaclab_moveit) DEBUGINFOD_URLS=https://debuginfod.ubuntu.com /usr/bin/cmake /home/sejong/WS/SH_Humanoid/SH_ws/src/sh_motion_cpp -DAMENT_CMAKE_SYMLINK_INSTALL=1 -DCMAKE_INSTALL_PREFIX=/home/sejong/WS/SH_Humanoid/SH_ws/install/sh_motion_cpp
[0.345s] INFO:colcon.colcon_core.task.python.build:Building Python package in '/home/sejong/WS/SH_Humanoid/SH_ws/src/sh_motion_demo'
[0.345s] INFO:colcon.colcon_core.shell:Skip shell extension 'powershell' for command environment: Not usable outside of PowerShell
[0.345s] DEBUG:colcon.colcon_core.shell:Skip shell extension 'dsv' for command environment
[0.591s] DEBUG:colcon.colcon_core.event_handler.log_command:Invoking command in '/home/sejong/WS/SH_Humanoid/SH_ws/build/sh_motion_demo': CONDA_PROMPT_MODIFIER=(env_isaaclab_moveit) DEBUGINFOD_URLS=https://debuginfod.ubuntu.com PYTHONPATH=/home/sejong/WS/SH_Humanoid/SH_ws/build/sh_motion_demo/prefix_override:/usr/lib/python3/dist-packages/colcon_core/task/python/colcon_distutils_commands:/home/sejong/WS/SH_Humanoid/SH_ws/install/sh_motion_demo/lib/python3.12/site-packages:${PYTHONPATH} /usr/bin/python3 -W ignore:setup.py install is deprecated -W ignore:easy_install command is deprecated setup.py develop --editable --build-directory /home/sejong/WS/SH_Humanoid/SH_ws/build/sh_motion_demo/build --no-deps symlink_data
[0.597s] DEBUG:colcon.colcon_core.event_handler.log_command:Invoking command in '/home/sejong/WS/SH_Humanoid/SH_ws/build/SH_Humanoid_description': CONDA_PROMPT_MODIFIER=(env_isaaclab_moveit) DEBUGINFOD_URLS=https://debuginfod.ubuntu.com PYTHONPATH=/home/sejong/WS/SH_Humanoid/SH_ws/build/SH_Humanoid_description/prefix_override:/usr/lib/python3/dist-packages/colcon_core/task/python/colcon_distutils_commands:/home/sejong/WS/SH_Humanoid/SH_ws/install/SH_Humanoid_description/lib/python3.12/site-packages:${PYTHONPATH} /usr/bin/python3 -W ignore:setup.py install is deprecated -W ignore:easy_install command is deprecated setup.py develop --editable --build-directory /home/sejong/WS/SH_Humanoid/SH_ws/build/SH_Humanoid_description/build --no-deps symlink_data
[0.871s] Level 1:colcon.colcon_core.shell:create_environment_hook('sh_motion_demo', 'pythonpath_develop')
[0.871s] INFO:colcon.colcon_core.shell:Creating environment hook '/home/sejong/WS/SH_Humanoid/SH_ws/build/sh_motion_demo/share/sh_motion_demo/hook/pythonpath_develop.ps1'
[0.871s] DEBUG:colcon.colcon_core.event_handler.log_command:Invoked command in '/home/sejong/WS/SH_Humanoid/SH_ws/build/sh_motion_demo' returned '0': CONDA_PROMPT_MODIFIER=(env_isaaclab_moveit) DEBUGINFOD_URLS=https://debuginfod.ubuntu.com PYTHONPATH=/home/sejong/WS/SH_Humanoid/SH_ws/build/sh_motion_demo/prefix_override:/usr/lib/python3/dist-packages/colcon_core/task/python/colcon_distutils_commands:/home/sejong/WS/SH_Humanoid/SH_ws/install/sh_motion_demo/lib/python3.12/site-packages:${PYTHONPATH} /usr/bin/python3 -W ignore:setup.py install is deprecated -W ignore:easy_install command is deprecated setup.py develop --editable --build-directory /home/sejong/WS/SH_Humanoid/SH_ws/build/sh_motion_demo/build --no-deps symlink_data
[0.871s] INFO:colcon.colcon_core.shell:Creating environment descriptor '/home/sejong/WS/SH_Humanoid/SH_ws/build/sh_motion_demo/share/sh_motion_demo/hook/pythonpath_develop.dsv'
[0.872s] INFO:colcon.colcon_core.shell:Creating environment hook '/home/sejong/WS/SH_Humanoid/SH_ws/build/sh_motion_demo/share/sh_motion_demo/hook/pythonpath_develop.sh'
[0.872s] Level 1:colcon.colcon_core.environment:checking '/home/sejong/WS/SH_Humanoid/SH_ws/install/sh_motion_demo' for CMake module files
[0.873s] Level 1:colcon.colcon_core.environment:checking '/home/sejong/WS/SH_Humanoid/SH_ws/install/sh_motion_demo' for CMake config files
[0.873s] Level 1:colcon.colcon_core.environment:checking '/home/sejong/WS/SH_Humanoid/SH_ws/install/sh_motion_demo/lib'
[0.873s] Level 1:colcon.colcon_core.environment:checking '/home/sejong/WS/SH_Humanoid/SH_ws/install/sh_motion_demo/bin'
[0.873s] Level 1:colcon.colcon_core.environment:checking '/home/sejong/WS/SH_Humanoid/SH_ws/install/sh_motion_demo/lib/pkgconfig/sh_motion_demo.pc'
[0.873s] Level 1:colcon.colcon_core.environment:checking '/home/sejong/WS/SH_Humanoid/SH_ws/install/sh_motion_demo/lib/python3.12/site-packages'
[0.873s] Level 1:colcon.colcon_core.shell:create_environment_hook('sh_motion_demo', 'pythonpath')
[0.873s] INFO:colcon.colcon_core.shell:Creating environment hook '/home/sejong/WS/SH_Humanoid/SH_ws/install/sh_motion_demo/share/sh_motion_demo/hook/pythonpath.ps1'
[0.873s] INFO:colcon.colcon_core.shell:Creating environment descriptor '/home/sejong/WS/SH_Humanoid/SH_ws/install/sh_motion_demo/share/sh_motion_demo/hook/pythonpath.dsv'
[0.874s] INFO:colcon.colcon_core.shell:Creating environment hook '/home/sejong/WS/SH_Humanoid/SH_ws/install/sh_motion_demo/share/sh_motion_demo/hook/pythonpath.sh'
[0.874s] Level 1:colcon.colcon_core.environment:checking '/home/sejong/WS/SH_Humanoid/SH_ws/install/sh_motion_demo/bin'
[0.874s] Level 1:colcon.colcon_core.environment:create_environment_scripts_only(sh_motion_demo)
[0.874s] INFO:colcon.colcon_core.shell:Creating package script '/home/sejong/WS/SH_Humanoid/SH_ws/install/sh_motion_demo/share/sh_motion_demo/package.ps1'
[0.874s] INFO:colcon.colcon_core.shell:Creating package descriptor '/home/sejong/WS/SH_Humanoid/SH_ws/install/sh_motion_demo/share/sh_motion_demo/package.dsv'
[0.875s] INFO:colcon.colcon_core.shell:Creating package script '/home/sejong/WS/SH_Humanoid/SH_ws/install/sh_motion_demo/share/sh_motion_demo/package.sh'
[0.875s] INFO:colcon.colcon_core.shell:Creating package script '/home/sejong/WS/SH_Humanoid/SH_ws/install/sh_motion_demo/share/sh_motion_demo/package.bash'
[0.875s] INFO:colcon.colcon_core.shell:Creating package script '/home/sejong/WS/SH_Humanoid/SH_ws/install/sh_motion_demo/share/sh_motion_demo/package.zsh'
[0.875s] Level 1:colcon.colcon_core.environment:create_file_with_runtime_dependencies(/home/sejong/WS/SH_Humanoid/SH_ws/install/sh_motion_demo/share/colcon-core/packages/sh_motion_demo)
[0.877s] Level 1:colcon.colcon_core.shell:create_environment_hook('SH_Humanoid_description', 'pythonpath_develop')
[0.877s] INFO:colcon.colcon_core.shell:Creating environment hook '/home/sejong/WS/SH_Humanoid/SH_ws/build/SH_Humanoid_description/share/SH_Humanoid_description/hook/pythonpath_develop.ps1'
[0.877s] DEBUG:colcon.colcon_core.event_handler.log_command:Invoked command in '/home/sejong/WS/SH_Humanoid/SH_ws/build/SH_Humanoid_description' returned '0': CONDA_PROMPT_MODIFIER=(env_isaaclab_moveit) DEBUGINFOD_URLS=https://debuginfod.ubuntu.com PYTHONPATH=/home/sejong/WS/SH_Humanoid/SH_ws/build/SH_Humanoid_description/prefix_override:/usr/lib/python3/dist-packages/colcon_core/task/python/colcon_distutils_commands:/home/sejong/WS/SH_Humanoid/SH_ws/install/SH_Humanoid_description/lib/python3.12/site-packages:${PYTHONPATH} /usr/bin/python3 -W ignore:setup.py install is deprecated -W ignore:easy_install command is deprecated setup.py develop --editable --build-directory /home/sejong/WS/SH_Humanoid/SH_ws/build/SH_Humanoid_description/build --no-deps symlink_data
[0.878s] INFO:colcon.colcon_core.shell:Creating environment descriptor '/home/sejong/WS/SH_Humanoid/SH_ws/build/SH_Humanoid_description/share/SH_Humanoid_description/hook/pythonpath_develop.dsv'
[0.878s] INFO:colcon.colcon_core.shell:Creating environment hook '/home/sejong/WS/SH_Humanoid/SH_ws/build/SH_Humanoid_description/share/SH_Humanoid_description/hook/pythonpath_develop.sh'
[0.878s] Level 1:colcon.colcon_core.environment:checking '/home/sejong/WS/SH_Humanoid/SH_ws/install/SH_Humanoid_description' for CMake module files
[0.878s] Level 1:colcon.colcon_core.environment:checking '/home/sejong/WS/SH_Humanoid/SH_ws/install/SH_Humanoid_description' for CMake config files
[0.879s] Level 1:colcon.colcon_core.environment:checking '/home/sejong/WS/SH_Humanoid/SH_ws/install/SH_Humanoid_description/lib'
[0.879s] Level 1:colcon.colcon_core.environment:checking '/home/sejong/WS/SH_Humanoid/SH_ws/install/SH_Humanoid_description/bin'
[0.879s] Level 1:colcon.colcon_core.environment:checking '/home/sejong/WS/SH_Humanoid/SH_ws/install/SH_Humanoid_description/lib/pkgconfig/SH_Humanoid_description.pc'
[0.879s] Level 1:colcon.colcon_core.environment:checking '/home/sejong/WS/SH_Humanoid/SH_ws/install/SH_Humanoid_description/lib/python3.12/site-packages'
[0.879s] Level 1:colcon.colcon_core.shell:create_environment_hook('SH_Humanoid_description', 'pythonpath')
[0.879s] INFO:colcon.colcon_core.shell:Creating environment hook '/home/sejong/WS/SH_Humanoid/SH_ws/install/SH_Humanoid_description/share/SH_Humanoid_description/hook/pythonpath.ps1'
[0.879s] INFO:colcon.colcon_core.shell:Creating environment descriptor '/home/sejong/WS/SH_Humanoid/SH_ws/install/SH_Humanoid_description/share/SH_Humanoid_description/hook/pythonpath.dsv'
[0.879s] INFO:colcon.colcon_core.shell:Creating environment hook '/home/sejong/WS/SH_Humanoid/SH_ws/install/SH_Humanoid_description/share/SH_Humanoid_description/hook/pythonpath.sh'
[0.880s] Level 1:colcon.colcon_core.environment:checking '/home/sejong/WS/SH_Humanoid/SH_ws/install/SH_Humanoid_description/bin'
[0.880s] Level 1:colcon.colcon_core.environment:create_environment_scripts_only(SH_Humanoid_description)
[0.880s] INFO:colcon.colcon_core.shell:Creating package script '/home/sejong/WS/SH_Humanoid/SH_ws/install/SH_Humanoid_description/share/SH_Humanoid_description/package.ps1'
[0.880s] INFO:colcon.colcon_core.shell:Creating package descriptor '/home/sejong/WS/SH_Humanoid/SH_ws/install/SH_Humanoid_description/share/SH_Humanoid_description/package.dsv'
[0.880s] INFO:colcon.colcon_core.shell:Creating package script '/home/sejong/WS/SH_Humanoid/SH_ws/install/SH_Humanoid_description/share/SH_Humanoid_description/package.sh'
[0.880s] INFO:colcon.colcon_core.shell:Creating package script '/home/sejong/WS/SH_Humanoid/SH_ws/install/SH_Humanoid_description/share/SH_Humanoid_description/package.bash'
[0.880s] INFO:colcon.colcon_core.shell:Creating package script '/home/sejong/WS/SH_Humanoid/SH_ws/install/SH_Humanoid_description/share/SH_Humanoid_description/package.zsh'
[0.880s] Level 1:colcon.colcon_core.environment:create_file_with_runtime_dependencies(/home/sejong/WS/SH_Humanoid/SH_ws/install/SH_Humanoid_description/share/colcon-core/packages/SH_Humanoid_description)
[0.880s] INFO:colcon.colcon_ros.task.ament_cmake.build:Building ROS package in '/home/sejong/WS/SH_Humanoid/SH_ws/src/SH_moveit_config' with build type 'ament_cmake'
[0.881s] INFO:colcon.colcon_cmake.task.cmake.build:Building CMake package in '/home/sejong/WS/SH_Humanoid/SH_ws/src/SH_moveit_config'
[0.881s] INFO:colcon.colcon_core.shell:Skip shell extension 'powershell' for command environment: Not usable outside of PowerShell
[0.881s] DEBUG:colcon.colcon_core.shell:Skip shell extension 'dsv' for command environment
[0.882s] INFO:colcon.colcon_ros.task.ament_cmake.build:Building ROS package in '/home/sejong/WS/SH_Humanoid/SH_ws/src/SH_moveit_demo_config' with build type 'ament_cmake'
[0.883s] INFO:colcon.colcon_cmake.task.cmake.build:Building CMake package in '/home/sejong/WS/SH_Humanoid/SH_ws/src/SH_moveit_demo_config'
[0.883s] INFO:colcon.colcon_core.shell:Skip shell extension 'powershell' for command environment: Not usable outside of PowerShell
[0.883s] DEBUG:colcon.colcon_core.shell:Skip shell extension 'dsv' for command environment
[0.885s] DEBUG:colcon.colcon_core.event_handler.log_command:Invoking command in '/home/sejong/WS/SH_Humanoid/SH_ws/build/SH_moveit_config': AMENT_PREFIX_PATH=/home/sejong/WS/SH_Humanoid/SH_ws/install/SH_Humanoid_description:/home/sejong/WS/SH_Humanoid/SH_ws/install/SH_moveit_demo_config:/home/sejong/WS/SH_Humanoid/SH_ws/install/SH_moveit_config:/home/sejong/WS/SH_Humanoid/SH_ws/install/sh_motion_demo:/home/sejong/WS/SH_Humanoid/SH_ws/install/sh_motion_cpp:/opt/ros/jazzy CMAKE_PREFIX_PATH=${CMAKE_PREFIX_PATH}:/home/sejong/WS/SH_Humanoid/SH_ws/install/sh_motion_demo:/home/sejong/WS/SH_Humanoid/SH_ws/install/SH_Humanoid_description:/opt/ros/jazzy CONDA_PROMPT_MODIFIER=(env_isaaclab_moveit) DEBUGINFOD_URLS=https://debuginfod.ubuntu.com PYTHONPATH=/home/sejong/WS/SH_Humanoid/SH_ws/build/SH_Humanoid_description:/home/sejong/WS/SH_Humanoid/SH_ws/install/SH_Humanoid_description/lib/python3.12/site-packages:/home/sejong/WS/SH_Humanoid/SH_ws/build/sh_motion_demo:/home/ubin/Desktop/SH_ws/build/sh_motion_demo:/home/sejong/WS/SH_Humanoid/SH_ws/install/sh_motion_demo/lib/python3.12/site-packages:/home/ubin/Desktop/SH_ws/build/SH_Humanoid_description:/opt/ros/jazzy/lib/python3.12/site-packages /usr/bin/cmake /home/sejong/WS/SH_Humanoid/SH_ws/src/SH_moveit_config -DAMENT_CMAKE_SYMLINK_INSTALL=1 -DCMAKE_INSTALL_PREFIX=/home/sejong/WS/SH_Humanoid/SH_ws/install/SH_moveit_config
[0.887s] DEBUG:colcon.colcon_core.event_handler.log_command:Invoking command in '/home/sejong/WS/SH_Humanoid/SH_ws/build/SH_moveit_demo_config': AMENT_PREFIX_PATH=/home/sejong/WS/SH_Humanoid/SH_ws/install/SH_Humanoid_description:/home/sejong/WS/SH_Humanoid/SH_ws/install/SH_moveit_demo_config:/home/sejong/WS/SH_Humanoid/SH_ws/install/SH_moveit_config:/home/sejong/WS/SH_Humanoid/SH_ws/install/sh_motion_demo:/home/sejong/WS/SH_Humanoid/SH_ws/install/sh_motion_cpp:/opt/ros/jazzy CMAKE_PREFIX_PATH=${CMAKE_PREFIX_PATH}:/home/sejong/WS/SH_Humanoid/SH_ws/install/sh_motion_demo:/home/sejong/WS/SH_Humanoid/SH_ws/install/SH_Humanoid_description:/opt/ros/jazzy CONDA_PROMPT_MODIFIER=(env_isaaclab_moveit) DEBUGINFOD_URLS=https://debuginfod.ubuntu.com PYTHONPATH=/home/sejong/WS/SH_Humanoid/SH_ws/build/SH_Humanoid_description:/home/sejong/WS/SH_Humanoid/SH_ws/install/SH_Humanoid_description/lib/python3.12/site-packages:/home/sejong/WS/SH_Humanoid/SH_ws/build/sh_motion_demo:/home/ubin/Desktop/SH_ws/build/sh_motion_demo:/home/sejong/WS/SH_Humanoid/SH_ws/install/sh_motion_demo/lib/python3.12/site-packages:/home/ubin/Desktop/SH_ws/build/SH_Humanoid_description:/opt/ros/jazzy/lib/python3.12/site-packages /usr/bin/cmake /home/sejong/WS/SH_Humanoid/SH_ws/src/SH_moveit_demo_config -DAMENT_CMAKE_SYMLINK_INSTALL=1 -DCMAKE_INSTALL_PREFIX=/home/sejong/WS/SH_Humanoid/SH_ws/install/SH_moveit_demo_config
[1.199s] DEBUG:colcon.colcon_core.event_handler.log_command:Invoked command in '/home/sejong/WS/SH_Humanoid/SH_ws/build/SH_moveit_config' returned '0': AMENT_PREFIX_PATH=/home/sejong/WS/SH_Humanoid/SH_ws/install/SH_Humanoid_description:/home/sejong/WS/SH_Humanoid/SH_ws/install/SH_moveit_demo_config:/home/sejong/WS/SH_Humanoid/SH_ws/install/SH_moveit_config:/home/sejong/WS/SH_Humanoid/SH_ws/install/sh_motion_demo:/home/sejong/WS/SH_Humanoid/SH_ws/install/sh_motion_cpp:/opt/ros/jazzy CMAKE_PREFIX_PATH=${CMAKE_PREFIX_PATH}:/home/sejong/WS/SH_Humanoid/SH_ws/install/sh_motion_demo:/home/sejong/WS/SH_Humanoid/SH_ws/install/SH_Humanoid_description:/opt/ros/jazzy CONDA_PROMPT_MODIFIER=(env_isaaclab_moveit) DEBUGINFOD_URLS=https://debuginfod.ubuntu.com PYTHONPATH=/home/sejong/WS/SH_Humanoid/SH_ws/build/SH_Humanoid_description:/home/sejong/WS/SH_Humanoid/SH_ws/install/SH_Humanoid_description/lib/python3.12/site-packages:/home/sejong/WS/SH_Humanoid/SH_ws/build/sh_motion_demo:/home/ubin/Desktop/SH_ws/build/sh_motion_demo:/home/sejong/WS/SH_Humanoid/SH_ws/install/sh_motion_demo/lib/python3.12/site-packages:/home/ubin/Desktop/SH_ws/build/SH_Humanoid_description:/opt/ros/jazzy/lib/python3.12/site-packages /usr/bin/cmake /home/sejong/WS/SH_Humanoid/SH_ws/src/SH_moveit_config -DAMENT_CMAKE_SYMLINK_INSTALL=1 -DCMAKE_INSTALL_PREFIX=/home/sejong/WS/SH_Humanoid/SH_ws/install/SH_moveit_config
[1.200s] DEBUG:colcon.colcon_core.event_handler.log_command:Invoking command in '/home/sejong/WS/SH_Humanoid/SH_ws/build/SH_moveit_config': AMENT_PREFIX_PATH=/home/sejong/WS/SH_Humanoid/SH_ws/install/SH_Humanoid_description:/home/sejong/WS/SH_Humanoid/SH_ws/install/SH_moveit_demo_config:/home/sejong/WS/SH_Humanoid/SH_ws/install/SH_moveit_config:/home/sejong/WS/SH_Humanoid/SH_ws/install/sh_motion_demo:/home/sejong/WS/SH_Humanoid/SH_ws/install/sh_motion_cpp:/opt/ros/jazzy CMAKE_PREFIX_PATH=${CMAKE_PREFIX_PATH}:/home/sejong/WS/SH_Humanoid/SH_ws/install/sh_motion_demo:/home/sejong/WS/SH_Humanoid/SH_ws/install/SH_Humanoid_description:/opt/ros/jazzy CONDA_PROMPT_MODIFIER=(env_isaaclab_moveit) DEBUGINFOD_URLS=https://debuginfod.ubuntu.com PYTHONPATH=/home/sejong/WS/SH_Humanoid/SH_ws/build/SH_Humanoid_description:/home/sejong/WS/SH_Humanoid/SH_ws/install/SH_Humanoid_description/lib/python3.12/site-packages:/home/sejong/WS/SH_Humanoid/SH_ws/build/sh_motion_demo:/home/ubin/Desktop/SH_ws/build/sh_motion_demo:/home/sejong/WS/SH_Humanoid/SH_ws/install/sh_motion_demo/lib/python3.12/site-packages:/home/ubin/Desktop/SH_ws/build/SH_Humanoid_description:/opt/ros/jazzy/lib/python3.12/site-packages /usr/bin/cmake --build /home/sejong/WS/SH_Humanoid/SH_ws/build/SH_moveit_config -- -j32 -l32
[1.201s] DEBUG:colcon.colcon_core.event_handler.log_command:Invoked command in '/home/sejong/WS/SH_Humanoid/SH_ws/build/SH_moveit_demo_config' returned '0': AMENT_PREFIX_PATH=/home/sejong/WS/SH_Humanoid/SH_ws/install/SH_Humanoid_description:/home/sejong/WS/SH_Humanoid/SH_ws/install/SH_moveit_demo_config:/home/sejong/WS/SH_Humanoid/SH_ws/install/SH_moveit_config:/home/sejong/WS/SH_Humanoid/SH_ws/install/sh_motion_demo:/home/sejong/WS/SH_Humanoid/SH_ws/install/sh_motion_cpp:/opt/ros/jazzy CMAKE_PREFIX_PATH=${CMAKE_PREFIX_PATH}:/home/sejong/WS/SH_Humanoid/SH_ws/install/sh_motion_demo:/home/sejong/WS/SH_Humanoid/SH_ws/install/SH_Humanoid_description:/opt/ros/jazzy CONDA_PROMPT_MODIFIER=(env_isaaclab_moveit) DEBUGINFOD_URLS=https://debuginfod.ubuntu.com PYTHONPATH=/home/sejong/WS/SH_Humanoid/SH_ws/build/SH_Humanoid_description:/home/sejong/WS/SH_Humanoid/SH_ws/install/SH_Humanoid_description/lib/python3.12/site-packages:/home/sejong/WS/SH_Humanoid/SH_ws/build/sh_motion_demo:/home/ubin/Desktop/SH_ws/build/sh_motion_demo:/home/sejong/WS/SH_Humanoid/SH_ws/install/sh_motion_demo/lib/python3.12/site-packages:/home/ubin/Desktop/SH_ws/build/SH_Humanoid_description:/opt/ros/jazzy/lib/python3.12/site-packages /usr/bin/cmake /home/sejong/WS/SH_Humanoid/SH_ws/src/SH_moveit_demo_config -DAMENT_CMAKE_SYMLINK_INSTALL=1 -DCMAKE_INSTALL_PREFIX=/home/sejong/WS/SH_Humanoid/SH_ws/install/SH_moveit_demo_config
[1.202s] DEBUG:colcon.colcon_core.event_handler.log_command:Invoking command in '/home/sejong/WS/SH_Humanoid/SH_ws/build/SH_moveit_demo_config': AMENT_PREFIX_PATH=/home/sejong/WS/SH_Humanoid/SH_ws/install/SH_Humanoid_description:/home/sejong/WS/SH_Humanoid/SH_ws/install/SH_moveit_demo_config:/home/sejong/WS/SH_Humanoid/SH_ws/install/SH_moveit_config:/home/sejong/WS/SH_Humanoid/SH_ws/install/sh_motion_demo:/home/sejong/WS/SH_Humanoid/SH_ws/install/sh_motion_cpp:/opt/ros/jazzy CMAKE_PREFIX_PATH=${CMAKE_PREFIX_PATH}:/home/sejong/WS/SH_Humanoid/SH_ws/install/sh_motion_demo:/home/sejong/WS/SH_Humanoid/SH_ws/install/SH_Humanoid_description:/opt/ros/jazzy CONDA_PROMPT_MODIFIER=(env_isaaclab_moveit) DEBUGINFOD_URLS=https://debuginfod.ubuntu.com PYTHONPATH=/home/sejong/WS/SH_Humanoid/SH_ws/build/SH_Humanoid_description:/home/sejong/WS/SH_Humanoid/SH_ws/install/SH_Humanoid_description/lib/python3.12/site-packages:/home/sejong/WS/SH_Humanoid/SH_ws/build/sh_motion_demo:/home/ubin/Desktop/SH_ws/build/sh_motion_demo:/home/sejong/WS/SH_Humanoid/SH_ws/install/sh_motion_demo/lib/python3.12/site-packages:/home/ubin/Desktop/SH_ws/build/SH_Humanoid_description:/opt/ros/jazzy/lib/python3.12/site-packages /usr/bin/cmake --build /home/sejong/WS/SH_Humanoid/SH_ws/build/SH_moveit_demo_config -- -j32 -l32
[1.214s] DEBUG:colcon.colcon_core.event_handler.log_command:Invoked command in '/home/sejong/WS/SH_Humanoid/SH_ws/build/SH_moveit_config' returned '0': AMENT_PREFIX_PATH=/home/sejong/WS/SH_Humanoid/SH_ws/install/SH_Humanoid_description:/home/sejong/WS/SH_Humanoid/SH_ws/install/SH_moveit_demo_config:/home/sejong/WS/SH_Humanoid/SH_ws/install/SH_moveit_config:/home/sejong/WS/SH_Humanoid/SH_ws/install/sh_motion_demo:/home/sejong/WS/SH_Humanoid/SH_ws/install/sh_motion_cpp:/opt/ros/jazzy CMAKE_PREFIX_PATH=${CMAKE_PREFIX_PATH}:/home/sejong/WS/SH_Humanoid/SH_ws/install/sh_motion_demo:/home/sejong/WS/SH_Humanoid/SH_ws/install/SH_Humanoid_description:/opt/ros/jazzy CONDA_PROMPT_MODIFIER=(env_isaaclab_moveit) DEBUGINFOD_URLS=https://debuginfod.ubuntu.com PYTHONPATH=/home/sejong/WS/SH_Humanoid/SH_ws/build/SH_Humanoid_description:/home/sejong/WS/SH_Humanoid/SH_ws/install/SH_Humanoid_description/lib/python3.12/site-packages:/home/sejong/WS/SH_Humanoid/SH_ws/build/sh_motion_demo:/home/ubin/Desktop/SH_ws/build/sh_motion_demo:/home/sejong/WS/SH_Humanoid/SH_ws/install/sh_motion_demo/lib/python3.12/site-packages:/home/ubin/Desktop/SH_ws/build/SH_Humanoid_description:/opt/ros/jazzy/lib/python3.12/site-packages /usr/bin/cmake --build /home/sejong/WS/SH_Humanoid/SH_ws/build/SH_moveit_config -- -j32 -l32
[1.217s] DEBUG:colcon.colcon_core.event_handler.log_command:Invoking command in '/home/sejong/WS/SH_Humanoid/SH_ws/build/SH_moveit_config': AMENT_PREFIX_PATH=/home/sejong/WS/SH_Humanoid/SH_ws/install/SH_Humanoid_description:/home/sejong/WS/SH_Humanoid/SH_ws/install/SH_moveit_demo_config:/home/sejong/WS/SH_Humanoid/SH_ws/install/SH_moveit_config:/home/sejong/WS/SH_Humanoid/SH_ws/install/sh_motion_demo:/home/sejong/WS/SH_Humanoid/SH_ws/install/sh_motion_cpp:/opt/ros/jazzy CMAKE_PREFIX_PATH=${CMAKE_PREFIX_PATH}:/home/sejong/WS/SH_Humanoid/SH_ws/install/sh_motion_demo:/home/sejong/WS/SH_Humanoid/SH_ws/install/SH_Humanoid_description:/opt/ros/jazzy CONDA_PROMPT_MODIFIER=(env_isaaclab_moveit) DEBUGINFOD_URLS=https://debuginfod.ubuntu.com PYTHONPATH=/home/sejong/WS/SH_Humanoid/SH_ws/build/SH_Humanoid_description:/home/sejong/WS/SH_Humanoid/SH_ws/install/SH_Humanoid_description/lib/python3.12/site-packages:/home/sejong/WS/SH_Humanoid/SH_ws/build/sh_motion_demo:/home/ubin/Desktop/SH_ws/build/sh_motion_demo:/home/sejong/WS/SH_Humanoid/SH_ws/install/sh_motion_demo/lib/python3.12/site-packages:/home/ubin/Desktop/SH_ws/build/SH_Humanoid_description:/opt/ros/jazzy/lib/python3.12/site-packages /usr/bin/cmake --install /home/sejong/WS/SH_Humanoid/SH_ws/build/SH_moveit_config
[1.218s] DEBUG:colcon.colcon_core.event_handler.log_command:Invoked command in '/home/sejong/WS/SH_Humanoid/SH_ws/build/SH_moveit_demo_config' returned '0': AMENT_PREFIX_PATH=/home/sejong/WS/SH_Humanoid/SH_ws/install/SH_Humanoid_description:/home/sejong/WS/SH_Humanoid/SH_ws/install/SH_moveit_demo_config:/home/sejong/WS/SH_Humanoid/SH_ws/install/SH_moveit_config:/home/sejong/WS/SH_Humanoid/SH_ws/install/sh_motion_demo:/home/sejong/WS/SH_Humanoid/SH_ws/install/sh_motion_cpp:/opt/ros/jazzy CMAKE_PREFIX_PATH=${CMAKE_PREFIX_PATH}:/home/sejong/WS/SH_Humanoid/SH_ws/install/sh_motion_demo:/home/sejong/WS/SH_Humanoid/SH_ws/install/SH_Humanoid_description:/opt/ros/jazzy CONDA_PROMPT_MODIFIER=(env_isaaclab_moveit) DEBUGINFOD_URLS=https://debuginfod.ubuntu.com PYTHONPATH=/home/sejong/WS/SH_Humanoid/SH_ws/build/SH_Humanoid_description:/home/sejong/WS/SH_Humanoid/SH_ws/install/SH_Humanoid_description/lib/python3.12/site-packages:/home/sejong/WS/SH_Humanoid/SH_ws/build/sh_motion_demo:/home/ubin/Desktop/SH_ws/build/sh_motion_demo:/home/sejong/WS/SH_Humanoid/SH_ws/install/sh_motion_demo/lib/python3.12/site-packages:/home/ubin/Desktop/SH_ws/build/SH_Humanoid_description:/opt/ros/jazzy/lib/python3.12/site-packages /usr/bin/cmake --build /home/sejong/WS/SH_Humanoid/SH_ws/build/SH_moveit_demo_config -- -j32 -l32
[1.218s] DEBUG:colcon.colcon_core.event_handler.log_command:Invoking command in '/home/sejong/WS/SH_Humanoid/SH_ws/build/SH_moveit_demo_config': AMENT_PREFIX_PATH=/home/sejong/WS/SH_Humanoid/SH_ws/install/SH_Humanoid_description:/home/sejong/WS/SH_Humanoid/SH_ws/install/SH_moveit_demo_config:/home/sejong/WS/SH_Humanoid/SH_ws/install/SH_moveit_config:/home/sejong/WS/SH_Humanoid/SH_ws/install/sh_motion_demo:/home/sejong/WS/SH_Humanoid/SH_ws/install/sh_motion_cpp:/opt/ros/jazzy CMAKE_PREFIX_PATH=${CMAKE_PREFIX_PATH}:/home/sejong/WS/SH_Humanoid/SH_ws/install/sh_motion_demo:/home/sejong/WS/SH_Humanoid/SH_ws/install/SH_Humanoid_description:/opt/ros/jazzy CONDA_PROMPT_MODIFIER=(env_isaaclab_moveit) DEBUGINFOD_URLS=https://debuginfod.ubuntu.com PYTHONPATH=/home/sejong/WS/SH_Humanoid/SH_ws/build/SH_Humanoid_description:/home/sejong/WS/SH_Humanoid/SH_ws/install/SH_Humanoid_description/lib/python3.12/site-packages:/home/sejong/WS/SH_Humanoid/SH_ws/build/sh_motion_demo:/home/ubin/Desktop/SH_ws/build/sh_motion_demo:/home/sejong/WS/SH_Humanoid/SH_ws/install/sh_motion_demo/lib/python3.12/site-packages:/home/ubin/Desktop/SH_ws/build/SH_Humanoid_description:/opt/ros/jazzy/lib/python3.12/site-packages /usr/bin/cmake --install /home/sejong/WS/SH_Humanoid/SH_ws/build/SH_moveit_demo_config
[1.246s] DEBUG:colcon.colcon_core.event_handler.log_command:Invoked command in '/home/sejong/WS/SH_Humanoid/SH_ws/build/sh_motion_cpp' returned '0': CMAKE_PREFIX_PATH=${CMAKE_PREFIX_PATH}:/home/sejong/WS/SH_Humanoid/SH_ws/install/sh_motion_demo:/home/sejong/WS/SH_Humanoid/SH_ws/install/SH_Humanoid_description:/opt/ros/jazzy CONDA_PROMPT_MODIFIER=(env_isaaclab_moveit) DEBUGINFOD_URLS=https://debuginfod.ubuntu.com /usr/bin/cmake /home/sejong/WS/SH_Humanoid/SH_ws/src/sh_motion_cpp -DAMENT_CMAKE_SYMLINK_INSTALL=1 -DCMAKE_INSTALL_PREFIX=/home/sejong/WS/SH_Humanoid/SH_ws/install/sh_motion_cpp
[1.246s] DEBUG:colcon.colcon_core.event_handler.log_command:Invoking command in '/home/sejong/WS/SH_Humanoid/SH_ws/build/sh_motion_cpp': CMAKE_PREFIX_PATH=${CMAKE_PREFIX_PATH}:/home/sejong/WS/SH_Humanoid/SH_ws/install/sh_motion_demo:/home/sejong/WS/SH_Humanoid/SH_ws/install/SH_Humanoid_description:/opt/ros/jazzy CONDA_PROMPT_MODIFIER=(env_isaaclab_moveit) DEBUGINFOD_URLS=https://debuginfod.ubuntu.com /usr/bin/cmake --build /home/sejong/WS/SH_Humanoid/SH_ws/build/sh_motion_cpp -- -j32 -l32
[1.335s] Level 1:colcon.colcon_core.environment:create_environment_scripts_only(SH_moveit_config)
[1.335s] Level 1:colcon.colcon_core.environment:checking '/home/sejong/WS/SH_Humanoid/SH_ws/install/SH_moveit_config' for CMake module files
[1.335s] DEBUG:colcon.colcon_core.event_handler.log_command:Invoked command in '/home/sejong/WS/SH_Humanoid/SH_ws/build/SH_moveit_config' returned '0': AMENT_PREFIX_PATH=/home/sejong/WS/SH_Humanoid/SH_ws/install/SH_Humanoid_description:/home/sejong/WS/SH_Humanoid/SH_ws/install/SH_moveit_demo_config:/home/sejong/WS/SH_Humanoid/SH_ws/install/SH_moveit_config:/home/sejong/WS/SH_Humanoid/SH_ws/install/sh_motion_demo:/home/sejong/WS/SH_Humanoid/SH_ws/install/sh_motion_cpp:/opt/ros/jazzy CMAKE_PREFIX_PATH=${CMAKE_PREFIX_PATH}:/home/sejong/WS/SH_Humanoid/SH_ws/install/sh_motion_demo:/home/sejong/WS/SH_Humanoid/SH_ws/install/SH_Humanoid_description:/opt/ros/jazzy CONDA_PROMPT_MODIFIER=(env_isaaclab_moveit) DEBUGINFOD_URLS=https://debuginfod.ubuntu.com PYTHONPATH=/home/sejong/WS/SH_Humanoid/SH_ws/build/SH_Humanoid_description:/home/sejong/WS/SH_Humanoid/SH_ws/install/SH_Humanoid_description/lib/python3.12/site-packages:/home/sejong/WS/SH_Humanoid/SH_ws/build/sh_motion_demo:/home/ubin/Desktop/SH_ws/build/sh_motion_demo:/home/sejong/WS/SH_Humanoid/SH_ws/install/sh_motion_demo/lib/python3.12/site-packages:/home/ubin/Desktop/SH_ws/build/SH_Humanoid_description:/opt/ros/jazzy/lib/python3.12/site-packages /usr/bin/cmake --install /home/sejong/WS/SH_Humanoid/SH_ws/build/SH_moveit_config
[1.335s] Level 1:colcon.colcon_core.environment:checking '/home/sejong/WS/SH_Humanoid/SH_ws/install/SH_moveit_config' for CMake config files
[1.335s] Level 1:colcon.colcon_core.shell:create_environment_hook('SH_moveit_config', 'cmake_prefix_path')
[1.335s] INFO:colcon.colcon_core.shell:Creating environment hook '/home/sejong/WS/SH_Humanoid/SH_ws/install/SH_moveit_config/share/SH_moveit_config/hook/cmake_prefix_path.ps1'
[1.336s] INFO:colcon.colcon_core.shell:Creating environment descriptor '/home/sejong/WS/SH_Humanoid/SH_ws/install/SH_moveit_config/share/SH_moveit_config/hook/cmake_prefix_path.dsv'
[1.336s] INFO:colcon.colcon_core.shell:Creating environment hook '/home/sejong/WS/SH_Humanoid/SH_ws/install/SH_moveit_config/share/SH_moveit_config/hook/cmake_prefix_path.sh'
[1.336s] Level 1:colcon.colcon_core.environment:checking '/home/sejong/WS/SH_Humanoid/SH_ws/install/SH_moveit_config/bin'
[1.336s] Level 1:colcon.colcon_core.environment:checking '/home/sejong/WS/SH_Humanoid/SH_ws/install/SH_moveit_config/lib/pkgconfig/SH_moveit_config.pc'
[1.336s] Level 1:colcon.colcon_core.environment:checking '/home/sejong/WS/SH_Humanoid/SH_ws/install/SH_moveit_config/lib/python3.12/site-packages'
[1.336s] Level 1:colcon.colcon_core.environment:checking '/home/sejong/WS/SH_Humanoid/SH_ws/install/SH_moveit_config/bin'
[1.336s] INFO:colcon.colcon_core.shell:Creating package script '/home/sejong/WS/SH_Humanoid/SH_ws/install/SH_moveit_config/share/SH_moveit_config/package.ps1'
[1.337s] INFO:colcon.colcon_core.shell:Creating package descriptor '/home/sejong/WS/SH_Humanoid/SH_ws/install/SH_moveit_config/share/SH_moveit_config/package.dsv'
[1.337s] INFO:colcon.colcon_core.shell:Creating package script '/home/sejong/WS/SH_Humanoid/SH_ws/install/SH_moveit_config/share/SH_moveit_config/package.sh'
[1.337s] INFO:colcon.colcon_core.shell:Creating package script '/home/sejong/WS/SH_Humanoid/SH_ws/install/SH_moveit_config/share/SH_moveit_config/package.bash'
[1.337s] INFO:colcon.colcon_core.shell:Creating package script '/home/sejong/WS/SH_Humanoid/SH_ws/install/SH_moveit_config/share/SH_moveit_config/package.zsh'
[1.337s] Level 1:colcon.colcon_core.environment:create_file_with_runtime_dependencies(/home/sejong/WS/SH_Humanoid/SH_ws/install/SH_moveit_config/share/colcon-core/packages/SH_moveit_config)
[1.337s] Level 1:colcon.colcon_core.environment:create_environment_scripts_only(SH_moveit_config)
[1.337s] Level 1:colcon.colcon_core.environment:checking '/home/sejong/WS/SH_Humanoid/SH_ws/install/SH_moveit_config' for CMake module files
[1.337s] Level 1:colcon.colcon_core.environment:checking '/home/sejong/WS/SH_Humanoid/SH_ws/install/SH_moveit_config' for CMake config files
[1.337s] Level 1:colcon.colcon_core.shell:create_environment_hook('SH_moveit_config', 'cmake_prefix_path')
[1.338s] INFO:colcon.colcon_core.shell:Creating environment hook '/home/sejong/WS/SH_Humanoid/SH_ws/install/SH_moveit_config/share/SH_moveit_config/hook/cmake_prefix_path.ps1'
[1.338s] INFO:colcon.colcon_core.shell:Creating environment descriptor '/home/sejong/WS/SH_Humanoid/SH_ws/install/SH_moveit_config/share/SH_moveit_config/hook/cmake_prefix_path.dsv'
[1.338s] INFO:colcon.colcon_core.shell:Creating environment hook '/home/sejong/WS/SH_Humanoid/SH_ws/install/SH_moveit_config/share/SH_moveit_config/hook/cmake_prefix_path.sh'
[1.338s] Level 1:colcon.colcon_core.environment:checking '/home/sejong/WS/SH_Humanoid/SH_ws/install/SH_moveit_config/bin'
[1.338s] Level 1:colcon.colcon_core.environment:checking '/home/sejong/WS/SH_Humanoid/SH_ws/install/SH_moveit_config/lib/pkgconfig/SH_moveit_config.pc'
[1.338s] Level 1:colcon.colcon_core.environment:checking '/home/sejong/WS/SH_Humanoid/SH_ws/install/SH_moveit_config/lib/python3.12/site-packages'
[1.338s] Level 1:colcon.colcon_core.environment:checking '/home/sejong/WS/SH_Humanoid/SH_ws/install/SH_moveit_config/bin'
[1.338s] INFO:colcon.colcon_core.shell:Creating package script '/home/sejong/WS/SH_Humanoid/SH_ws/install/SH_moveit_config/share/SH_moveit_config/package.ps1'
[1.339s] INFO:colcon.colcon_core.shell:Creating package descriptor '/home/sejong/WS/SH_Humanoid/SH_ws/install/SH_moveit_config/share/SH_moveit_config/package.dsv'
[1.346s] INFO:colcon.colcon_core.shell:Creating package script '/home/sejong/WS/SH_Humanoid/SH_ws/install/SH_moveit_config/share/SH_moveit_config/package.sh'
[1.346s] INFO:colcon.colcon_core.shell:Creating package script '/home/sejong/WS/SH_Humanoid/SH_ws/install/SH_moveit_config/share/SH_moveit_config/package.bash'
[1.346s] INFO:colcon.colcon_core.shell:Creating package script '/home/sejong/WS/SH_Humanoid/SH_ws/install/SH_moveit_config/share/SH_moveit_config/package.zsh'
[1.346s] Level 1:colcon.colcon_core.environment:create_file_with_runtime_dependencies(/home/sejong/WS/SH_Humanoid/SH_ws/install/SH_moveit_config/share/colcon-core/packages/SH_moveit_config)
[1.347s] Level 1:colcon.colcon_core.environment:create_environment_scripts_only(SH_moveit_demo_config)
[1.347s] Level 1:colcon.colcon_core.environment:checking '/home/sejong/WS/SH_Humanoid/SH_ws/install/SH_moveit_demo_config' for CMake module files
[1.347s] DEBUG:colcon.colcon_core.event_handler.log_command:Invoked command in '/home/sejong/WS/SH_Humanoid/SH_ws/build/SH_moveit_demo_config' returned '0': AMENT_PREFIX_PATH=/home/sejong/WS/SH_Humanoid/SH_ws/install/SH_Humanoid_description:/home/sejong/WS/SH_Humanoid/SH_ws/install/SH_moveit_demo_config:/home/sejong/WS/SH_Humanoid/SH_ws/install/SH_moveit_config:/home/sejong/WS/SH_Humanoid/SH_ws/install/sh_motion_demo:/home/sejong/WS/SH_Humanoid/SH_ws/install/sh_motion_cpp:/opt/ros/jazzy CMAKE_PREFIX_PATH=${CMAKE_PREFIX_PATH}:/home/sejong/WS/SH_Humanoid/SH_ws/install/sh_motion_demo:/home/sejong/WS/SH_Humanoid/SH_ws/install/SH_Humanoid_description:/opt/ros/jazzy CONDA_PROMPT_MODIFIER=(env_isaaclab_moveit) DEBUGINFOD_URLS=https://debuginfod.ubuntu.com PYTHONPATH=/home/sejong/WS/SH_Humanoid/SH_ws/build/SH_Humanoid_description:/home/sejong/WS/SH_Humanoid/SH_ws/install/SH_Humanoid_description/lib/python3.12/site-packages:/home/sejong/WS/SH_Humanoid/SH_ws/build/sh_motion_demo:/home/ubin/Desktop/SH_ws/build/sh_motion_demo:/home/sejong/WS/SH_Humanoid/SH_ws/install/sh_motion_demo/lib/python3.12/site-packages:/home/ubin/Desktop/SH_ws/build/SH_Humanoid_description:/opt/ros/jazzy/lib/python3.12/site-packages /usr/bin/cmake --install /home/sejong/WS/SH_Humanoid/SH_ws/build/SH_moveit_demo_config
[1.347s] Level 1:colcon.colcon_core.environment:checking '/home/sejong/WS/SH_Humanoid/SH_ws/install/SH_moveit_demo_config' for CMake config files
[1.347s] Level 1:colcon.colcon_core.shell:create_environment_hook('SH_moveit_demo_config', 'cmake_prefix_path')
[1.347s] INFO:colcon.colcon_core.shell:Creating environment hook '/home/sejong/WS/SH_Humanoid/SH_ws/install/SH_moveit_demo_config/share/SH_moveit_demo_config/hook/cmake_prefix_path.ps1'
[1.348s] INFO:colcon.colcon_core.shell:Creating environment descriptor '/home/sejong/WS/SH_Humanoid/SH_ws/install/SH_moveit_demo_config/share/SH_moveit_demo_config/hook/cmake_prefix_path.dsv'
[1.348s] INFO:colcon.colcon_core.shell:Creating environment hook '/home/sejong/WS/SH_Humanoid/SH_ws/install/SH_moveit_demo_config/share/SH_moveit_demo_config/hook/cmake_prefix_path.sh'
[1.348s] Level 1:colcon.colcon_core.environment:checking '/home/sejong/WS/SH_Humanoid/SH_ws/install/SH_moveit_demo_config/bin'
[1.348s] Level 1:colcon.colcon_core.environment:checking '/home/sejong/WS/SH_Humanoid/SH_ws/install/SH_moveit_demo_config/lib/pkgconfig/SH_moveit_demo_config.pc'
[1.348s] Level 1:colcon.colcon_core.environment:checking '/home/sejong/WS/SH_Humanoid/SH_ws/install/SH_moveit_demo_config/lib/python3.12/site-packages'
[1.348s] Level 1:colcon.colcon_core.environment:checking '/home/sejong/WS/SH_Humanoid/SH_ws/install/SH_moveit_demo_config/bin'
[1.348s] INFO:colcon.colcon_core.shell:Creating package script '/home/sejong/WS/SH_Humanoid/SH_ws/install/SH_moveit_demo_config/share/SH_moveit_demo_config/package.ps1'
[1.348s] INFO:colcon.colcon_core.shell:Creating package descriptor '/home/sejong/WS/SH_Humanoid/SH_ws/install/SH_moveit_demo_config/share/SH_moveit_demo_config/package.dsv'
[1.349s] INFO:colcon.colcon_core.shell:Creating package script '/home/sejong/WS/SH_Humanoid/SH_ws/install/SH_moveit_demo_config/share/SH_moveit_demo_config/package.sh'
[1.349s] INFO:colcon.colcon_core.shell:Creating package script '/home/sejong/WS/SH_Humanoid/SH_ws/install/SH_moveit_demo_config/share/SH_moveit_demo_config/package.bash'
[1.349s] INFO:colcon.colcon_core.shell:Creating package script '/home/sejong/WS/SH_Humanoid/SH_ws/install/SH_moveit_demo_config/share/SH_moveit_demo_config/package.zsh'
[1.349s] Level 1:colcon.colcon_core.environment:create_file_with_runtime_dependencies(/home/sejong/WS/SH_Humanoid/SH_ws/install/SH_moveit_demo_config/share/colcon-core/packages/SH_moveit_demo_config)
[1.349s] Level 1:colcon.colcon_core.environment:create_environment_scripts_only(SH_moveit_demo_config)
[1.349s] Level 1:colcon.colcon_core.environment:checking '/home/sejong/WS/SH_Humanoid/SH_ws/install/SH_moveit_demo_config' for CMake module files
[1.349s] Level 1:colcon.colcon_core.environment:checking '/home/sejong/WS/SH_Humanoid/SH_ws/install/SH_moveit_demo_config' for CMake config files
[1.350s] Level 1:colcon.colcon_core.shell:create_environment_hook('SH_moveit_demo_config', 'cmake_prefix_path')
[1.350s] INFO:colcon.colcon_core.shell:Creating environment hook '/home/sejong/WS/SH_Humanoid/SH_ws/install/SH_moveit_demo_config/share/SH_moveit_demo_config/hook/cmake_prefix_path.ps1'
[1.350s] INFO:colcon.colcon_core.shell:Creating environment descriptor '/home/sejong/WS/SH_Humanoid/SH_ws/install/SH_moveit_demo_config/share/SH_moveit_demo_config/hook/cmake_prefix_path.dsv'
[1.350s] INFO:colcon.colcon_core.shell:Creating environment hook '/home/sejong/WS/SH_Humanoid/SH_ws/install/SH_moveit_demo_config/share/SH_moveit_demo_config/hook/cmake_prefix_path.sh'
[1.350s] Level 1:colcon.colcon_core.environment:checking '/home/sejong/WS/SH_Humanoid/SH_ws/install/SH_moveit_demo_config/bin'
[1.350s] Level 1:colcon.colcon_core.environment:checking '/home/sejong/WS/SH_Humanoid/SH_ws/install/SH_moveit_demo_config/lib/pkgconfig/SH_moveit_demo_config.pc'
[1.350s] Level 1:colcon.colcon_core.environment:checking '/home/sejong/WS/SH_Humanoid/SH_ws/install/SH_moveit_demo_config/lib/python3.12/site-packages'
[1.350s] Level 1:colcon.colcon_core.environment:checking '/home/sejong/WS/SH_Humanoid/SH_ws/install/SH_moveit_demo_config/bin'
[1.350s] INFO:colcon.colcon_core.shell:Creating package script '/home/sejong/WS/SH_Humanoid/SH_ws/install/SH_moveit_demo_config/share/SH_moveit_demo_config/package.ps1'
[1.351s] INFO:colcon.colcon_core.shell:Creating package descriptor '/home/sejong/WS/SH_Humanoid/SH_ws/install/SH_moveit_demo_config/share/SH_moveit_demo_config/package.dsv'
[1.351s] INFO:colcon.colcon_core.shell:Creating package script '/home/sejong/WS/SH_Humanoid/SH_ws/install/SH_moveit_demo_config/share/SH_moveit_demo_config/package.sh'
[1.351s] INFO:colcon.colcon_core.shell:Creating package script '/home/sejong/WS/SH_Humanoid/SH_ws/install/SH_moveit_demo_config/share/SH_moveit_demo_config/package.bash'
[1.351s] INFO:colcon.colcon_core.shell:Creating package script '/home/sejong/WS/SH_Humanoid/SH_ws/install/SH_moveit_demo_config/share/SH_moveit_demo_config/package.zsh'
[1.351s] Level 1:colcon.colcon_core.environment:create_file_with_runtime_dependencies(/home/sejong/WS/SH_Humanoid/SH_ws/install/SH_moveit_demo_config/share/colcon-core/packages/SH_moveit_demo_config)
[4.522s] DEBUG:colcon.colcon_core.event_handler.log_command:Invoked command in '/home/sejong/WS/SH_Humanoid/SH_ws/build/sh_motion_cpp' returned '0': CMAKE_PREFIX_PATH=${CMAKE_PREFIX_PATH}:/home/sejong/WS/SH_Humanoid/SH_ws/install/sh_motion_demo:/home/sejong/WS/SH_Humanoid/SH_ws/install/SH_Humanoid_description:/opt/ros/jazzy CONDA_PROMPT_MODIFIER=(env_isaaclab_moveit) DEBUGINFOD_URLS=https://debuginfod.ubuntu.com /usr/bin/cmake --build /home/sejong/WS/SH_Humanoid/SH_ws/build/sh_motion_cpp -- -j32 -l32
[4.523s] DEBUG:colcon.colcon_core.event_handler.log_command:Invoking command in '/home/sejong/WS/SH_Humanoid/SH_ws/build/sh_motion_cpp': CMAKE_PREFIX_PATH=${CMAKE_PREFIX_PATH}:/home/sejong/WS/SH_Humanoid/SH_ws/install/sh_motion_demo:/home/sejong/WS/SH_Humanoid/SH_ws/install/SH_Humanoid_description:/opt/ros/jazzy CONDA_PROMPT_MODIFIER=(env_isaaclab_moveit) DEBUGINFOD_URLS=https://debuginfod.ubuntu.com /usr/bin/cmake --install /home/sejong/WS/SH_Humanoid/SH_ws/build/sh_motion_cpp
[4.575s] Level 1:colcon.colcon_core.environment:create_environment_scripts_only(sh_motion_cpp)
[4.575s] Level 1:colcon.colcon_core.environment:checking '/home/sejong/WS/SH_Humanoid/SH_ws/install/sh_motion_cpp' for CMake module files
[4.575s] DEBUG:colcon.colcon_core.event_handler.log_command:Invoked command in '/home/sejong/WS/SH_Humanoid/SH_ws/build/sh_motion_cpp' returned '0': CMAKE_PREFIX_PATH=${CMAKE_PREFIX_PATH}:/home/sejong/WS/SH_Humanoid/SH_ws/install/sh_motion_demo:/home/sejong/WS/SH_Humanoid/SH_ws/install/SH_Humanoid_description:/opt/ros/jazzy CONDA_PROMPT_MODIFIER=(env_isaaclab_moveit) DEBUGINFOD_URLS=https://debuginfod.ubuntu.com /usr/bin/cmake --install /home/sejong/WS/SH_Humanoid/SH_ws/build/sh_motion_cpp
[4.576s] Level 1:colcon.colcon_core.environment:checking '/home/sejong/WS/SH_Humanoid/SH_ws/install/sh_motion_cpp' for CMake config files
[4.576s] Level 1:colcon.colcon_core.shell:create_environment_hook('sh_motion_cpp', 'cmake_prefix_path')
[4.576s] INFO:colcon.colcon_core.shell:Creating environment hook '/home/sejong/WS/SH_Humanoid/SH_ws/install/sh_motion_cpp/share/sh_motion_cpp/hook/cmake_prefix_path.ps1'
[4.576s] INFO:colcon.colcon_core.shell:Creating environment descriptor '/home/sejong/WS/SH_Humanoid/SH_ws/install/sh_motion_cpp/share/sh_motion_cpp/hook/cmake_prefix_path.dsv'
[4.576s] INFO:colcon.colcon_core.shell:Creating environment hook '/home/sejong/WS/SH_Humanoid/SH_ws/install/sh_motion_cpp/share/sh_motion_cpp/hook/cmake_prefix_path.sh'
[4.577s] Level 1:colcon.colcon_core.environment:checking '/home/sejong/WS/SH_Humanoid/SH_ws/install/sh_motion_cpp/lib'
[4.577s] Level 1:colcon.colcon_core.environment:checking '/home/sejong/WS/SH_Humanoid/SH_ws/install/sh_motion_cpp/bin'
[4.577s] Level 1:colcon.colcon_core.environment:checking '/home/sejong/WS/SH_Humanoid/SH_ws/install/sh_motion_cpp/lib/pkgconfig/sh_motion_cpp.pc'
[4.577s] Level 1:colcon.colcon_core.environment:checking '/home/sejong/WS/SH_Humanoid/SH_ws/install/sh_motion_cpp/lib/python3.12/site-packages'
[4.577s] Level 1:colcon.colcon_core.environment:checking '/home/sejong/WS/SH_Humanoid/SH_ws/install/sh_motion_cpp/bin'
[4.577s] INFO:colcon.colcon_core.shell:Creating package script '/home/sejong/WS/SH_Humanoid/SH_ws/install/sh_motion_cpp/share/sh_motion_cpp/package.ps1'
[4.577s] INFO:colcon.colcon_core.shell:Creating package descriptor '/home/sejong/WS/SH_Humanoid/SH_ws/install/sh_motion_cpp/share/sh_motion_cpp/package.dsv'
[4.577s] INFO:colcon.colcon_core.shell:Creating package script '/home/sejong/WS/SH_Humanoid/SH_ws/install/sh_motion_cpp/share/sh_motion_cpp/package.sh'
[4.577s] INFO:colcon.colcon_core.shell:Creating package script '/home/sejong/WS/SH_Humanoid/SH_ws/install/sh_motion_cpp/share/sh_motion_cpp/package.bash'
[4.578s] INFO:colcon.colcon_core.shell:Creating package script '/home/sejong/WS/SH_Humanoid/SH_ws/install/sh_motion_cpp/share/sh_motion_cpp/package.zsh'
[4.578s] Level 1:colcon.colcon_core.environment:create_file_with_runtime_dependencies(/home/sejong/WS/SH_Humanoid/SH_ws/install/sh_motion_cpp/share/colcon-core/packages/sh_motion_cpp)
[4.578s] Level 1:colcon.colcon_core.environment:create_environment_scripts_only(sh_motion_cpp)
[4.578s] Level 1:colcon.colcon_core.environment:checking '/home/sejong/WS/SH_Humanoid/SH_ws/install/sh_motion_cpp' for CMake module files
[4.578s] Level 1:colcon.colcon_core.environment:checking '/home/sejong/WS/SH_Humanoid/SH_ws/install/sh_motion_cpp' for CMake config files
[4.578s] Level 1:colcon.colcon_core.shell:create_environment_hook('sh_motion_cpp', 'cmake_prefix_path')
[4.578s] INFO:colcon.colcon_core.shell:Creating environment hook '/home/sejong/WS/SH_Humanoid/SH_ws/install/sh_motion_cpp/share/sh_motion_cpp/hook/cmake_prefix_path.ps1'
[4.578s] INFO:colcon.colcon_core.shell:Creating environment descriptor '/home/sejong/WS/SH_Humanoid/SH_ws/install/sh_motion_cpp/share/sh_motion_cpp/hook/cmake_prefix_path.dsv'
[4.578s] INFO:colcon.colcon_core.shell:Creating environment hook '/home/sejong/WS/SH_Humanoid/SH_ws/install/sh_motion_cpp/share/sh_motion_cpp/hook/cmake_prefix_path.sh'
[4.579s] Level 1:colcon.colcon_core.environment:checking '/home/sejong/WS/SH_Humanoid/SH_ws/install/sh_motion_cpp/lib'
[4.579s] Level 1:colcon.colcon_core.environment:checking '/home/sejong/WS/SH_Humanoid/SH_ws/install/sh_motion_cpp/bin'
[4.579s] Level 1:colcon.colcon_core.environment:checking '/home/sejong/WS/SH_Humanoid/SH_ws/install/sh_motion_cpp/lib/pkgconfig/sh_motion_cpp.pc'
[4.579s] Level 1:colcon.colcon_core.environment:checking '/home/sejong/WS/SH_Humanoid/SH_ws/install/sh_motion_cpp/lib/python3.12/site-packages'
[4.579s] Level 1:colcon.colcon_core.environment:checking '/home/sejong/WS/SH_Humanoid/SH_ws/install/sh_motion_cpp/bin'
[4.579s] INFO:colcon.colcon_core.shell:Creating package script '/home/sejong/WS/SH_Humanoid/SH_ws/install/sh_motion_cpp/share/sh_motion_cpp/package.ps1'
[4.579s] INFO:colcon.colcon_core.shell:Creating package descriptor '/home/sejong/WS/SH_Humanoid/SH_ws/install/sh_motion_cpp/share/sh_motion_cpp/package.dsv'
[4.579s] INFO:colcon.colcon_core.shell:Creating package script '/home/sejong/WS/SH_Humanoid/SH_ws/install/sh_motion_cpp/share/sh_motion_cpp/package.sh'
[4.579s] INFO:colcon.colcon_core.shell:Creating package script '/home/sejong/WS/SH_Humanoid/SH_ws/install/sh_motion_cpp/share/sh_motion_cpp/package.bash'
[4.580s] INFO:colcon.colcon_core.shell:Creating package script '/home/sejong/WS/SH_Humanoid/SH_ws/install/sh_motion_cpp/share/sh_motion_cpp/package.zsh'
[4.580s] Level 1:colcon.colcon_core.environment:create_file_with_runtime_dependencies(/home/sejong/WS/SH_Humanoid/SH_ws/install/sh_motion_cpp/share/colcon-core/packages/sh_motion_cpp)
[4.580s] DEBUG:colcon.colcon_parallel_executor.executor.parallel:closing loop
[4.580s] DEBUG:colcon.colcon_parallel_executor.executor.parallel:loop closed
[4.580s] DEBUG:colcon.colcon_parallel_executor.executor.parallel:run_until_complete finished with '0'
[4.580s] DEBUG:colcon.colcon_core.event_reactor:joining thread
[4.582s] INFO:colcon.colcon_core.plugin_system:Skipping extension 'colcon_notification.desktop_notification.terminal_notifier': Not used on non-Darwin systems
[4.582s] INFO:colcon.colcon_core.plugin_system:Skipping extension 'colcon_notification.desktop_notification.win32': Not used on non-Windows systems
[4.583s] INFO:colcon.colcon_notification.desktop_notification:Sending desktop notification using 'notify2'
[4.588s] DEBUG:colcon.colcon_core.event_reactor:joined thread
[4.588s] INFO:colcon.colcon_core.shell:Creating prefix script '/home/sejong/WS/SH_Humanoid/SH_ws/install/local_setup.ps1'
[4.589s] INFO:colcon.colcon_core.shell:Creating prefix util module '/home/sejong/WS/SH_Humanoid/SH_ws/install/_local_setup_util_ps1.py'
[4.589s] INFO:colcon.colcon_core.shell:Creating prefix chain script '/home/sejong/WS/SH_Humanoid/SH_ws/install/setup.ps1'
[4.589s] INFO:colcon.colcon_core.shell:Creating prefix script '/home/sejong/WS/SH_Humanoid/SH_ws/install/local_setup.sh'
[4.589s] INFO:colcon.colcon_core.shell:Creating prefix util module '/home/sejong/WS/SH_Humanoid/SH_ws/install/_local_setup_util_sh.py'
[4.590s] INFO:colcon.colcon_core.shell:Creating prefix chain script '/home/sejong/WS/SH_Humanoid/SH_ws/install/setup.sh'
[4.590s] INFO:colcon.colcon_core.shell:Creating prefix script '/home/sejong/WS/SH_Humanoid/SH_ws/install/local_setup.bash'
[4.590s] INFO:colcon.colcon_core.shell:Creating prefix chain script '/home/sejong/WS/SH_Humanoid/SH_ws/install/setup.bash'
[4.590s] INFO:colcon.colcon_core.shell:Creating prefix script '/home/sejong/WS/SH_Humanoid/SH_ws/install/local_setup.zsh'
[4.591s] INFO:colcon.colcon_core.shell:Creating prefix chain script '/home/sejong/WS/SH_Humanoid/SH_ws/install/setup.zsh'
