[0.083s] DEBUG:colcon:Command line arguments: ['/usr/bin/colcon', 'build', '--symlink-install']
[0.083s] DEBUG:colcon:Parsed command line arguments: Namespace(log_base=None, log_level=None, verb_name='build', build_base='build', install_base='install', merge_install=False, symlink_install=True, test_result_base=None, continue_on_error=False, executor='parallel', parallel_workers=14, event_handlers=None, ignore_user_meta=False, metas=['./colcon.meta'], base_paths=['.'], packages_ignore=None, packages_ignore_regex=None, paths=None, packages_up_to=None, packages_up_to_regex=None, packages_above=None, packages_above_and_dependencies=None, packages_above_depth=None, packages_select_by_dep=None, packages_skip_by_dep=None, packages_skip_up_to=None, packages_select_build_failed=False, packages_skip_build_finished=False, packages_select_test_failures=False, packages_skip_test_passed=False, packages_select=None, packages_skip=None, packages_select_regex=None, packages_skip_regex=None, packages_start=None, packages_end=None, allow_overriding=[], cmake_args=None, cmake_target=None, cmake_target_skip_unavailable=False, cmake_clean_cache=False, cmake_clean_first=False, cmake_force_configure=False, ament_cmake_args=None, catkin_cmake_args=None, catkin_skip_building_tests=False, verb_parser=<colcon_defaults.argument_parser.defaults.DefaultArgumentsDecorator object at 0xffff8fca32f0>, verb_extension=<colcon_core.verb.build.BuildVerb object at 0xffff8fca20f0>, main=<bound method BuildVerb.main of <colcon_core.verb.build.BuildVerb object at 0xffff8fca20f0>>)
[0.116s] Level 1:colcon.colcon_core.package_discovery:discover_packages(colcon_meta) check parameters
[0.116s] Level 1:colcon.colcon_core.package_discovery:discover_packages(recursive) check parameters
[0.116s] Level 1:colcon.colcon_core.package_discovery:discover_packages(ignore) check parameters
[0.116s] Level 1:colcon.colcon_core.package_discovery:discover_packages(path) check parameters
[0.116s] Level 1:colcon.colcon_core.package_discovery:discover_packages(colcon_meta) discover
[0.117s] Level 1:colcon.colcon_core.package_discovery:discover_packages(recursive) discover
[0.117s] INFO:colcon.colcon_core.package_discovery:Crawling recursively for packages in '/home/sejong/Desktop/SH_ws'
[0.117s] Level 1:colcon.colcon_core.package_identification:_identify(.) by extensions ['ignore', 'ignore_ament_install']
[0.117s] Level 1:colcon.colcon_core.package_identification:_identify(.) by extension 'ignore'
[0.117s] Level 1:colcon.colcon_core.package_identification:_identify(.) by extension 'ignore_ament_install'
[0.117s] Level 1:colcon.colcon_core.package_identification:_identify(.) by extensions ['colcon_pkg']
[0.117s] Level 1:colcon.colcon_core.package_identification:_identify(.) by extension 'colcon_pkg'
[0.117s] Level 1:colcon.colcon_core.package_identification:_identify(.) by extensions ['colcon_meta']
[0.117s] Level 1:colcon.colcon_core.package_identification:_identify(.) by extension 'colcon_meta'
[0.117s] Level 1:colcon.colcon_core.package_identification:_identify(.) by extensions ['ros']
[0.117s] Level 1:colcon.colcon_core.package_identification:_identify(.) by extension 'ros'
[0.140s] Level 1:colcon.colcon_core.package_identification:_identify(.) by extensions ['cmake', 'python']
[0.140s] Level 1:colcon.colcon_core.package_identification:_identify(.) by extension 'cmake'
[0.140s] Level 1:colcon.colcon_core.package_identification:_identify(.) by extension 'python'
[0.140s] Level 1:colcon.colcon_core.package_identification:_identify(.) by extensions ['python_setup_py']
[0.140s] Level 1:colcon.colcon_core.package_identification:_identify(.) by extension 'python_setup_py'
[0.141s] Level 1:colcon.colcon_core.package_identification:_identify(build) by extensions ['ignore', 'ignore_ament_install']
[0.141s] Level 1:colcon.colcon_core.package_identification:_identify(build) by extension 'ignore'
[0.141s] Level 1:colcon.colcon_core.package_identification:_identify(build) ignored
[0.141s] Level 1:colcon.colcon_core.package_identification:_identify(install) by extensions ['ignore', 'ignore_ament_install']
[0.141s] Level 1:colcon.colcon_core.package_identification:_identify(install) by extension 'ignore'
[0.141s] Level 1:colcon.colcon_core.package_identification:_identify(install) ignored
[0.141s] Level 1:colcon.colcon_core.package_identification:_identify(log) by extensions ['ignore', 'ignore_ament_install']
[0.141s] Level 1:colcon.colcon_core.package_identification:_identify(log) by extension 'ignore'
[0.141s] Level 1:colcon.colcon_core.package_identification:_identify(log) ignored
[0.141s] Level 1:colcon.colcon_core.package_identification:_identify(src) by extensions ['ignore', 'ignore_ament_install']
[0.141s] Level 1:colcon.colcon_core.package_identification:_identify(src) by extension 'ignore'
[0.141s] Level 1:colcon.colcon_core.package_identification:_identify(src) by extension 'ignore_ament_install'
[0.141s] Level 1:colcon.colcon_core.package_identification:_identify(src) by extensions ['colcon_pkg']
[0.141s] Level 1:colcon.colcon_core.package_identification:_identify(src) by extension 'colcon_pkg'
[0.141s] Level 1:colcon.colcon_core.package_identification:_identify(src) by extensions ['colcon_meta']
[0.141s] Level 1:colcon.colcon_core.package_identification:_identify(src) by extension 'colcon_meta'
[0.141s] Level 1:colcon.colcon_core.package_identification:_identify(src) by extensions ['ros']
[0.141s] Level 1:colcon.colcon_core.package_identification:_identify(src) by extension 'ros'
[0.141s] Level 1:colcon.colcon_core.package_identification:_identify(src) by extensions ['cmake', 'python']
[0.141s] Level 1:colcon.colcon_core.package_identification:_identify(src) by extension 'cmake'
[0.141s] Level 1:colcon.colcon_core.package_identification:_identify(src) by extension 'python'
[0.141s] Level 1:colcon.colcon_core.package_identification:_identify(src) by extensions ['python_setup_py']
[0.141s] Level 1:colcon.colcon_core.package_identification:_identify(src) by extension 'python_setup_py'
[0.141s] Level 1:colcon.colcon_core.package_identification:_identify(src/SH_Humanoid_description) by extensions ['ignore', 'ignore_ament_install']
[0.141s] Level 1:colcon.colcon_core.package_identification:_identify(src/SH_Humanoid_description) by extension 'ignore'
[0.142s] Level 1:colcon.colcon_core.package_identification:_identify(src/SH_Humanoid_description) by extension 'ignore_ament_install'
[0.142s] Level 1:colcon.colcon_core.package_identification:_identify(src/SH_Humanoid_description) by extensions ['colcon_pkg']
[0.142s] Level 1:colcon.colcon_core.package_identification:_identify(src/SH_Humanoid_description) by extension 'colcon_pkg'
[0.142s] Level 1:colcon.colcon_core.package_identification:_identify(src/SH_Humanoid_description) by extensions ['colcon_meta']
[0.142s] Level 1:colcon.colcon_core.package_identification:_identify(src/SH_Humanoid_description) by extension 'colcon_meta'
[0.142s] Level 1:colcon.colcon_core.package_identification:_identify(src/SH_Humanoid_description) by extensions ['ros']
[0.142s] Level 1:colcon.colcon_core.package_identification:_identify(src/SH_Humanoid_description) by extension 'ros'
[0.145s] DEBUG:colcon.colcon_core.package_identification:Package 'src/SH_Humanoid_description' with type 'ros.ament_python' and name 'SH_Humanoid_description'
[0.145s] Level 1:colcon.colcon_core.package_identification:_identify(src/SH_moveit_config) by extensions ['ignore', 'ignore_ament_install']
[0.145s] Level 1:colcon.colcon_core.package_identification:_identify(src/SH_moveit_config) by extension 'ignore'
[0.145s] Level 1:colcon.colcon_core.package_identification:_identify(src/SH_moveit_config) by extension 'ignore_ament_install'
[0.145s] Level 1:colcon.colcon_core.package_identification:_identify(src/SH_moveit_config) by extensions ['colcon_pkg']
[0.145s] Level 1:colcon.colcon_core.package_identification:_identify(src/SH_moveit_config) by extension 'colcon_pkg'
[0.146s] Level 1:colcon.colcon_core.package_identification:_identify(src/SH_moveit_config) by extensions ['colcon_meta']
[0.146s] Level 1:colcon.colcon_core.package_identification:_identify(src/SH_moveit_config) by extension 'colcon_meta'
[0.146s] Level 1:colcon.colcon_core.package_identification:_identify(src/SH_moveit_config) by extensions ['ros']
[0.146s] Level 1:colcon.colcon_core.package_identification:_identify(src/SH_moveit_config) by extension 'ros'
[0.146s] DEBUG:colcon.colcon_core.package_identification:Package 'src/SH_moveit_config' with type 'ros.ament_cmake' and name 'SH_moveit_config'
[0.146s] Level 1:colcon.colcon_core.package_identification:_identify(src/SH_moveit_demo_config) by extensions ['ignore', 'ignore_ament_install']
[0.146s] Level 1:colcon.colcon_core.package_identification:_identify(src/SH_moveit_demo_config) by extension 'ignore'
[0.146s] Level 1:colcon.colcon_core.package_identification:_identify(src/SH_moveit_demo_config) by extension 'ignore_ament_install'
[0.146s] Level 1:colcon.colcon_core.package_identification:_identify(src/SH_moveit_demo_config) by extensions ['colcon_pkg']
[0.147s] Level 1:colcon.colcon_core.package_identification:_identify(src/SH_moveit_demo_config) by extension 'colcon_pkg'
[0.147s] Level 1:colcon.colcon_core.package_identification:_identify(src/SH_moveit_demo_config) by extensions ['colcon_meta']
[0.147s] Level 1:colcon.colcon_core.package_identification:_identify(src/SH_moveit_demo_config) by extension 'colcon_meta'
[0.147s] Level 1:colcon.colcon_core.package_identification:_identify(src/SH_moveit_demo_config) by extensions ['ros']
[0.147s] Level 1:colcon.colcon_core.package_identification:_identify(src/SH_moveit_demo_config) by extension 'ros'
[0.147s] DEBUG:colcon.colcon_core.package_identification:Package 'src/SH_moveit_demo_config' with type 'ros.ament_cmake' and name 'SH_moveit_demo_config'
[0.147s] Level 1:colcon.colcon_core.package_identification:_identify(src/SH_moveit_head_config) by extensions ['ignore', 'ignore_ament_install']
[0.147s] Level 1:colcon.colcon_core.package_identification:_identify(src/SH_moveit_head_config) by extension 'ignore'
[0.147s] Level 1:colcon.colcon_core.package_identification:_identify(src/SH_moveit_head_config) by extension 'ignore_ament_install'
[0.147s] Level 1:colcon.colcon_core.package_identification:_identify(src/SH_moveit_head_config) by extensions ['colcon_pkg']
[0.147s] Level 1:colcon.colcon_core.package_identification:_identify(src/SH_moveit_head_config) by extension 'colcon_pkg'
[0.147s] Level 1:colcon.colcon_core.package_identification:_identify(src/SH_moveit_head_config) by extensions ['colcon_meta']
[0.148s] Level 1:colcon.colcon_core.package_identification:_identify(src/SH_moveit_head_config) by extension 'colcon_meta'
[0.148s] Level 1:colcon.colcon_core.package_identification:_identify(src/SH_moveit_head_config) by extensions ['ros']
[0.148s] Level 1:colcon.colcon_core.package_identification:_identify(src/SH_moveit_head_config) by extension 'ros'
[0.148s] DEBUG:colcon.colcon_core.package_identification:Package 'src/SH_moveit_head_config' with type 'ros.ament_cmake' and name 'SH_moveit_head_config'
[0.148s] Level 1:colcon.colcon_core.package_identification:_identify(src/__pycache__) by extensions ['ignore', 'ignore_ament_install']
[0.148s] Level 1:colcon.colcon_core.package_identification:_identify(src/__pycache__) by extension 'ignore'
[0.148s] Level 1:colcon.colcon_core.package_identification:_identify(src/__pycache__) by extension 'ignore_ament_install'
[0.148s] Level 1:colcon.colcon_core.package_identification:_identify(src/__pycache__) by extensions ['colcon_pkg']
[0.148s] Level 1:colcon.colcon_core.package_identification:_identify(src/__pycache__) by extension 'colcon_pkg'
[0.148s] Level 1:colcon.colcon_core.package_identification:_identify(src/__pycache__) by extensions ['colcon_meta']
[0.148s] Level 1:colcon.colcon_core.package_identification:_identify(src/__pycache__) by extension 'colcon_meta'
[0.148s] Level 1:colcon.colcon_core.package_identification:_identify(src/__pycache__) by extensions ['ros']
[0.148s] Level 1:colcon.colcon_core.package_identification:_identify(src/__pycache__) by extension 'ros'
[0.148s] Level 1:colcon.colcon_core.package_identification:_identify(src/__pycache__) by extensions ['cmake', 'python']
[0.148s] Level 1:colcon.colcon_core.package_identification:_identify(src/__pycache__) by extension 'cmake'
[0.148s] Level 1:colcon.colcon_core.package_identification:_identify(src/__pycache__) by extension 'python'
[0.148s] Level 1:colcon.colcon_core.package_identification:_identify(src/__pycache__) by extensions ['python_setup_py']
[0.148s] Level 1:colcon.colcon_core.package_identification:_identify(src/__pycache__) by extension 'python_setup_py'
[0.149s] Level 1:colcon.colcon_core.package_identification:_identify(src/sh_motion_cpp) by extensions ['ignore', 'ignore_ament_install']
[0.149s] Level 1:colcon.colcon_core.package_identification:_identify(src/sh_motion_cpp) by extension 'ignore'
[0.149s] Level 1:colcon.colcon_core.package_identification:_identify(src/sh_motion_cpp) by extension 'ignore_ament_install'
[0.149s] Level 1:colcon.colcon_core.package_identification:_identify(src/sh_motion_cpp) by extensions ['colcon_pkg']
[0.149s] Level 1:colcon.colcon_core.package_identification:_identify(src/sh_motion_cpp) by extension 'colcon_pkg'
[0.149s] Level 1:colcon.colcon_core.package_identification:_identify(src/sh_motion_cpp) by extensions ['colcon_meta']
[0.149s] Level 1:colcon.colcon_core.package_identification:_identify(src/sh_motion_cpp) by extension 'colcon_meta'
[0.149s] Level 1:colcon.colcon_core.package_identification:_identify(src/sh_motion_cpp) by extensions ['ros']
[0.149s] Level 1:colcon.colcon_core.package_identification:_identify(src/sh_motion_cpp) by extension 'ros'
[0.149s] DEBUG:colcon.colcon_core.package_identification:Package 'src/sh_motion_cpp' with type 'ros.ament_cmake' and name 'sh_motion_cpp'
[0.149s] Level 1:colcon.colcon_core.package_identification:_identify(src/sh_motion_demo) by extensions ['ignore', 'ignore_ament_install']
[0.149s] Level 1:colcon.colcon_core.package_identification:_identify(src/sh_motion_demo) by extension 'ignore'
[0.149s] Level 1:colcon.colcon_core.package_identification:_identify(src/sh_motion_demo) by extension 'ignore_ament_install'
[0.149s] Level 1:colcon.colcon_core.package_identification:_identify(src/sh_motion_demo) by extensions ['colcon_pkg']
[0.149s] Level 1:colcon.colcon_core.package_identification:_identify(src/sh_motion_demo) by extension 'colcon_pkg'
[0.149s] Level 1:colcon.colcon_core.package_identification:_identify(src/sh_motion_demo) by extensions ['colcon_meta']
[0.149s] Level 1:colcon.colcon_core.package_identification:_identify(src/sh_motion_demo) by extension 'colcon_meta'
[0.149s] Level 1:colcon.colcon_core.package_identification:_identify(src/sh_motion_demo) by extensions ['ros']
[0.149s] Level 1:colcon.colcon_core.package_identification:_identify(src/sh_motion_demo) by extension 'ros'
[0.150s] DEBUG:colcon.colcon_core.package_identification:Package 'src/sh_motion_demo' with type 'ros.ament_python' and name 'sh_motion_demo'
[0.150s] Level 1:colcon.colcon_core.package_discovery:discover_packages(recursive) using defaults
[0.150s] Level 1:colcon.colcon_core.package_discovery:discover_packages(ignore) discover
[0.150s] Level 1:colcon.colcon_core.package_discovery:discover_packages(ignore) using defaults
[0.150s] Level 1:colcon.colcon_core.package_discovery:discover_packages(path) discover
[0.150s] Level 1:colcon.colcon_core.package_discovery:discover_packages(path) using defaults
[0.166s] Level 1:colcon.colcon_core.package_discovery:discover_packages(prefix_path) check parameters
[0.166s] Level 1:colcon.colcon_core.package_discovery:discover_packages(prefix_path) discover
[0.167s] WARNING:colcon.colcon_ros.prefix_path.ament:The path '/home/sejong/Desktop/SH_ws/install/sh_motion_demo' in the environment variable AMENT_PREFIX_PATH doesn't exist
[0.167s] WARNING:colcon.colcon_ros.prefix_path.ament:The path '/home/sejong/Desktop/SH_ws/install/SH_Humanoid_description' in the environment variable AMENT_PREFIX_PATH doesn't exist
[0.167s] WARNING:colcon.colcon_ros.prefix_path.catkin:The path '/home/sejong/Desktop/SH_ws/install/sh_motion_cpp' in the environment variable CMAKE_PREFIX_PATH doesn't exist
[0.167s] WARNING:colcon.colcon_ros.prefix_path.catkin:The path '/home/sejong/Desktop/SH_ws/install/SH_moveit_head_config' in the environment variable CMAKE_PREFIX_PATH doesn't exist
[0.167s] WARNING:colcon.colcon_ros.prefix_path.catkin:The path '/home/sejong/Desktop/SH_ws/install/SH_moveit_demo_config' in the environment variable CMAKE_PREFIX_PATH doesn't exist
[0.167s] WARNING:colcon.colcon_ros.prefix_path.catkin:The path '/home/sejong/Desktop/SH_ws/install/SH_moveit_config' in the environment variable CMAKE_PREFIX_PATH doesn't exist
[0.168s] DEBUG:colcon.colcon_installed_package_information.package_discovery:Found 0 installed packages in /home/sejong/Desktop/SH_ws/install
[0.169s] DEBUG:colcon.colcon_installed_package_information.package_discovery:Found 380 installed packages in /opt/ros/jazzy
[0.171s] Level 1:colcon.colcon_core.package_discovery:discover_packages(prefix_path) using defaults
[0.207s] Level 5:colcon.colcon_core.verb:set package 'SH_Humanoid_description' build argument 'cmake_args' from command line to 'None'
[0.207s] Level 5:colcon.colcon_core.verb:set package 'SH_Humanoid_description' build argument 'cmake_target' from command line to 'None'
[0.207s] Level 5:colcon.colcon_core.verb:set package 'SH_Humanoid_description' build argument 'cmake_target_skip_unavailable' from command line to 'False'
[0.207s] Level 5:colcon.colcon_core.verb:set package 'SH_Humanoid_description' build argument 'cmake_clean_cache' from command line to 'False'
[0.207s] Level 5:colcon.colcon_core.verb:set package 'SH_Humanoid_description' build argument 'cmake_clean_first' from command line to 'False'
[0.207s] Level 5:colcon.colcon_core.verb:set package 'SH_Humanoid_description' build argument 'cmake_force_configure' from command line to 'False'
[0.207s] Level 5:colcon.colcon_core.verb:set package 'SH_Humanoid_description' build argument 'ament_cmake_args' from command line to 'None'
[0.207s] Level 5:colcon.colcon_core.verb:set package 'SH_Humanoid_description' build argument 'catkin_cmake_args' from command line to 'None'
[0.207s] Level 5:colcon.colcon_core.verb:set package 'SH_Humanoid_description' build argument 'catkin_skip_building_tests' from command line to 'False'
[0.207s] DEBUG:colcon.colcon_core.verb:Building package 'SH_Humanoid_description' with the following arguments: {'ament_cmake_args': None, 'build_base': '/home/sejong/Desktop/SH_ws/build/SH_Humanoid_description', 'catkin_cmake_args': None, 'catkin_skip_building_tests': False, 'cmake_args': None, 'cmake_clean_cache': False, 'cmake_clean_first': False, 'cmake_force_configure': False, 'cmake_target': None, 'cmake_target_skip_unavailable': False, 'install_base': '/home/sejong/Desktop/SH_ws/install/SH_Humanoid_description', 'merge_install': False, 'path': '/home/sejong/Desktop/SH_ws/src/SH_Humanoid_description', 'symlink_install': True, 'test_result_base': None}
[0.207s] Level 5:colcon.colcon_core.verb:set package 'sh_motion_cpp' build argument 'cmake_args' from command line to 'None'
[0.207s] Level 5:colcon.colcon_core.verb:set package 'sh_motion_cpp' build argument 'cmake_target' from command line to 'None'
[0.207s] Level 5:colcon.colcon_core.verb:set package 'sh_motion_cpp' build argument 'cmake_target_skip_unavailable' from command line to 'False'
[0.207s] Level 5:colcon.colcon_core.verb:set package 'sh_motion_cpp' build argument 'cmake_clean_cache' from command line to 'False'
[0.207s] Level 5:colcon.colcon_core.verb:set package 'sh_motion_cpp' build argument 'cmake_clean_first' from command line to 'False'
[0.207s] Level 5:colcon.colcon_core.verb:set package 'sh_motion_cpp' build argument 'cmake_force_configure' from command line to 'False'
[0.207s] Level 5:colcon.colcon_core.verb:set package 'sh_motion_cpp' build argument 'ament_cmake_args' from command line to 'None'
[0.207s] Level 5:colcon.colcon_core.verb:set package 'sh_motion_cpp' build argument 'catkin_cmake_args' from command line to 'None'
[0.207s] Level 5:colcon.colcon_core.verb:set package 'sh_motion_cpp' build argument 'catkin_skip_building_tests' from command line to 'False'
[0.207s] DEBUG:colcon.colcon_core.verb:Building package 'sh_motion_cpp' with the following arguments: {'ament_cmake_args': None, 'build_base': '/home/sejong/Desktop/SH_ws/build/sh_motion_cpp', 'catkin_cmake_args': None, 'catkin_skip_building_tests': False, 'cmake_args': None, 'cmake_clean_cache': False, 'cmake_clean_first': False, 'cmake_force_configure': False, 'cmake_target': None, 'cmake_target_skip_unavailable': False, 'install_base': '/home/sejong/Desktop/SH_ws/install/sh_motion_cpp', 'merge_install': False, 'path': '/home/sejong/Desktop/SH_ws/src/sh_motion_cpp', 'symlink_install': True, 'test_result_base': None}
[0.208s] Level 5:colcon.colcon_core.verb:set package 'sh_motion_demo' build argument 'cmake_args' from command line to 'None'
[0.208s] Level 5:colcon.colcon_core.verb:set package 'sh_motion_demo' build argument 'cmake_target' from command line to 'None'
[0.208s] Level 5:colcon.colcon_core.verb:set package 'sh_motion_demo' build argument 'cmake_target_skip_unavailable' from command line to 'False'
[0.208s] Level 5:colcon.colcon_core.verb:set package 'sh_motion_demo' build argument 'cmake_clean_cache' from command line to 'False'
[0.208s] Level 5:colcon.colcon_core.verb:set package 'sh_motion_demo' build argument 'cmake_clean_first' from command line to 'False'
[0.208s] Level 5:colcon.colcon_core.verb:set package 'sh_motion_demo' build argument 'cmake_force_configure' from command line to 'False'
[0.208s] Level 5:colcon.colcon_core.verb:set package 'sh_motion_demo' build argument 'ament_cmake_args' from command line to 'None'
[0.208s] Level 5:colcon.colcon_core.verb:set package 'sh_motion_demo' build argument 'catkin_cmake_args' from command line to 'None'
[0.208s] Level 5:colcon.colcon_core.verb:set package 'sh_motion_demo' build argument 'catkin_skip_building_tests' from command line to 'False'
[0.208s] DEBUG:colcon.colcon_core.verb:Building package 'sh_motion_demo' with the following arguments: {'ament_cmake_args': None, 'build_base': '/home/sejong/Desktop/SH_ws/build/sh_motion_demo', 'catkin_cmake_args': None, 'catkin_skip_building_tests': False, 'cmake_args': None, 'cmake_clean_cache': False, 'cmake_clean_first': False, 'cmake_force_configure': False, 'cmake_target': None, 'cmake_target_skip_unavailable': False, 'install_base': '/home/sejong/Desktop/SH_ws/install/sh_motion_demo', 'merge_install': False, 'path': '/home/sejong/Desktop/SH_ws/src/sh_motion_demo', 'symlink_install': True, 'test_result_base': None}
[0.208s] Level 5:colcon.colcon_core.verb:set package 'SH_moveit_config' build argument 'cmake_args' from command line to 'None'
[0.208s] Level 5:colcon.colcon_core.verb:set package 'SH_moveit_config' build argument 'cmake_target' from command line to 'None'
[0.208s] Level 5:colcon.colcon_core.verb:set package 'SH_moveit_config' build argument 'cmake_target_skip_unavailable' from command line to 'False'
[0.208s] Level 5:colcon.colcon_core.verb:set package 'SH_moveit_config' build argument 'cmake_clean_cache' from command line to 'False'
[0.208s] Level 5:colcon.colcon_core.verb:set package 'SH_moveit_config' build argument 'cmake_clean_first' from command line to 'False'
[0.208s] Level 5:colcon.colcon_core.verb:set package 'SH_moveit_config' build argument 'cmake_force_configure' from command line to 'False'
[0.208s] Level 5:colcon.colcon_core.verb:set package 'SH_moveit_config' build argument 'ament_cmake_args' from command line to 'None'
[0.208s] Level 5:colcon.colcon_core.verb:set package 'SH_moveit_config' build argument 'catkin_cmake_args' from command line to 'None'
[0.208s] Level 5:colcon.colcon_core.verb:set package 'SH_moveit_config' build argument 'catkin_skip_building_tests' from command line to 'False'
[0.208s] DEBUG:colcon.colcon_core.verb:Building package 'SH_moveit_config' with the following arguments: {'ament_cmake_args': None, 'build_base': '/home/sejong/Desktop/SH_ws/build/SH_moveit_config', 'catkin_cmake_args': None, 'catkin_skip_building_tests': False, 'cmake_args': None, 'cmake_clean_cache': False, 'cmake_clean_first': False, 'cmake_force_configure': False, 'cmake_target': None, 'cmake_target_skip_unavailable': False, 'install_base': '/home/sejong/Desktop/SH_ws/install/SH_moveit_config', 'merge_install': False, 'path': '/home/sejong/Desktop/SH_ws/src/SH_moveit_config', 'symlink_install': True, 'test_result_base': None}
[0.208s] Level 5:colcon.colcon_core.verb:set package 'SH_moveit_demo_config' build argument 'cmake_args' from command line to 'None'
[0.208s] Level 5:colcon.colcon_core.verb:set package 'SH_moveit_demo_config' build argument 'cmake_target' from command line to 'None'
[0.208s] Level 5:colcon.colcon_core.verb:set package 'SH_moveit_demo_config' build argument 'cmake_target_skip_unavailable' from command line to 'False'
[0.208s] Level 5:colcon.colcon_core.verb:set package 'SH_moveit_demo_config' build argument 'cmake_clean_cache' from command line to 'False'
[0.208s] Level 5:colcon.colcon_core.verb:set package 'SH_moveit_demo_config' build argument 'cmake_clean_first' from command line to 'False'
[0.208s] Level 5:colcon.colcon_core.verb:set package 'SH_moveit_demo_config' build argument 'cmake_force_configure' from command line to 'False'
[0.208s] Level 5:colcon.colcon_core.verb:set package 'SH_moveit_demo_config' build argument 'ament_cmake_args' from command line to 'None'
[0.208s] Level 5:colcon.colcon_core.verb:set package 'SH_moveit_demo_config' build argument 'catkin_cmake_args' from command line to 'None'
[0.208s] Level 5:colcon.colcon_core.verb:set package 'SH_moveit_demo_config' build argument 'catkin_skip_building_tests' from command line to 'False'
[0.208s] DEBUG:colcon.colcon_core.verb:Building package 'SH_moveit_demo_config' with the following arguments: {'ament_cmake_args': None, 'build_base': '/home/sejong/Desktop/SH_ws/build/SH_moveit_demo_config', 'catkin_cmake_args': None, 'catkin_skip_building_tests': False, 'cmake_args': None, 'cmake_clean_cache': False, 'cmake_clean_first': False, 'cmake_force_configure': False, 'cmake_target': None, 'cmake_target_skip_unavailable': False, 'install_base': '/home/sejong/Desktop/SH_ws/install/SH_moveit_demo_config', 'merge_install': False, 'path': '/home/sejong/Desktop/SH_ws/src/SH_moveit_demo_config', 'symlink_install': True, 'test_result_base': None}
[0.208s] Level 5:colcon.colcon_core.verb:set package 'SH_moveit_head_config' build argument 'cmake_args' from command line to 'None'
[0.208s] Level 5:colcon.colcon_core.verb:set package 'SH_moveit_head_config' build argument 'cmake_target' from command line to 'None'
[0.208s] Level 5:colcon.colcon_core.verb:set package 'SH_moveit_head_config' build argument 'cmake_target_skip_unavailable' from command line to 'False'
[0.208s] Level 5:colcon.colcon_core.verb:set package 'SH_moveit_head_config' build argument 'cmake_clean_cache' from command line to 'False'
[0.208s] Level 5:colcon.colcon_core.verb:set package 'SH_moveit_head_config' build argument 'cmake_clean_first' from command line to 'False'
[0.208s] Level 5:colcon.colcon_core.verb:set package 'SH_moveit_head_config' build argument 'cmake_force_configure' from command line to 'False'
[0.208s] Level 5:colcon.colcon_core.verb:set package 'SH_moveit_head_config' build argument 'ament_cmake_args' from command line to 'None'
[0.208s] Level 5:colcon.colcon_core.verb:set package 'SH_moveit_head_config' build argument 'catkin_cmake_args' from command line to 'None'
[0.208s] Level 5:colcon.colcon_core.verb:set package 'SH_moveit_head_config' build argument 'catkin_skip_building_tests' from command line to 'False'
[0.208s] DEBUG:colcon.colcon_core.verb:Building package 'SH_moveit_head_config' with the following arguments: {'ament_cmake_args': None, 'build_base': '/home/sejong/Desktop/SH_ws/build/SH_moveit_head_config', 'catkin_cmake_args': None, 'catkin_skip_building_tests': False, 'cmake_args': None, 'cmake_clean_cache': False, 'cmake_clean_first': False, 'cmake_force_configure': False, 'cmake_target': None, 'cmake_target_skip_unavailable': False, 'install_base': '/home/sejong/Desktop/SH_ws/install/SH_moveit_head_config', 'merge_install': False, 'path': '/home/sejong/Desktop/SH_ws/src/SH_moveit_head_config', 'symlink_install': True, 'test_result_base': None}
[0.209s] INFO:colcon.colcon_core.executor:Executing jobs using 'parallel' executor
[0.210s] DEBUG:colcon.colcon_parallel_executor.executor.parallel:run_until_complete
[0.210s] INFO:colcon.colcon_ros.task.ament_python.build:Building ROS package in '/home/sejong/Desktop/SH_ws/src/SH_Humanoid_description' with build type 'ament_python'
[0.210s] Level 1:colcon.colcon_core.shell:create_environment_hook('SH_Humanoid_description', 'ament_prefix_path')
[0.212s] INFO:colcon.colcon_core.plugin_system:Skipping extension 'colcon_core.shell.bat': Not used on non-Windows systems
[0.212s] INFO:colcon.colcon_core.shell:Creating environment hook '/home/sejong/Desktop/SH_ws/install/SH_Humanoid_description/share/SH_Humanoid_description/hook/ament_prefix_path.ps1'
[0.213s] INFO:colcon.colcon_core.shell:Creating environment descriptor '/home/sejong/Desktop/SH_ws/install/SH_Humanoid_description/share/SH_Humanoid_description/hook/ament_prefix_path.dsv'
[0.213s] INFO:colcon.colcon_core.shell:Creating environment hook '/home/sejong/Desktop/SH_ws/install/SH_Humanoid_description/share/SH_Humanoid_description/hook/ament_prefix_path.sh'
[0.214s] INFO:colcon.colcon_core.shell:Skip shell extension 'powershell' for command environment: Not usable outside of PowerShell
[0.214s] DEBUG:colcon.colcon_core.shell:Skip shell extension 'dsv' for command environment
[0.217s] INFO:colcon.colcon_ros.task.ament_cmake.build:Building ROS package in '/home/sejong/Desktop/SH_ws/src/sh_motion_cpp' with build type 'ament_cmake'
[0.217s] INFO:colcon.colcon_cmake.task.cmake.build:Building CMake package in '/home/sejong/Desktop/SH_ws/src/sh_motion_cpp'
[0.217s] INFO:colcon.colcon_core.shell:Skip shell extension 'powershell' for command environment: Not usable outside of PowerShell
[0.218s] DEBUG:colcon.colcon_core.shell:Skip shell extension 'dsv' for command environment
[0.220s] INFO:colcon.colcon_ros.task.ament_python.build:Building ROS package in '/home/sejong/Desktop/SH_ws/src/sh_motion_demo' with build type 'ament_python'
[0.221s] Level 1:colcon.colcon_core.shell:create_environment_hook('sh_motion_demo', 'ament_prefix_path')
[0.221s] INFO:colcon.colcon_core.shell:Creating environment hook '/home/sejong/Desktop/SH_ws/install/sh_motion_demo/share/sh_motion_demo/hook/ament_prefix_path.ps1'
[0.221s] INFO:colcon.colcon_core.shell:Creating environment descriptor '/home/sejong/Desktop/SH_ws/install/sh_motion_demo/share/sh_motion_demo/hook/ament_prefix_path.dsv'
[0.221s] INFO:colcon.colcon_core.shell:Creating environment hook '/home/sejong/Desktop/SH_ws/install/sh_motion_demo/share/sh_motion_demo/hook/ament_prefix_path.sh'
[0.222s] INFO:colcon.colcon_core.shell:Skip shell extension 'powershell' for command environment: Not usable outside of PowerShell
[0.222s] DEBUG:colcon.colcon_core.shell:Skip shell extension 'dsv' for command environment
[0.389s] INFO:colcon.colcon_core.task.python.build:Building Python package in '/home/sejong/Desktop/SH_ws/src/SH_Humanoid_description'
[0.389s] INFO:colcon.colcon_core.shell:Skip shell extension 'powershell' for command environment: Not usable outside of PowerShell
[0.389s] DEBUG:colcon.colcon_core.shell:Skip shell extension 'dsv' for command environment
[0.397s] DEBUG:colcon.colcon_core.event_handler.log_command:Invoking command in '/home/sejong/Desktop/SH_ws/build/sh_motion_cpp': CMAKE_PREFIX_PATH=${CMAKE_PREFIX_PATH}:/home/sejong/Desktop/SH_ws/install/sh_motion_demo:/home/sejong/Desktop/SH_ws/install/SH_Humanoid_description:/opt/ros/jazzy DEBUGINFOD_URLS=https://debuginfod.ubuntu.com /usr/bin/cmake /home/sejong/Desktop/SH_ws/src/sh_motion_cpp -DAMENT_CMAKE_SYMLINK_INSTALL=1 -DCMAKE_INSTALL_PREFIX=/home/sejong/Desktop/SH_ws/install/sh_motion_cpp
[0.593s] INFO:colcon.colcon_core.task.python.build:Building Python package in '/home/sejong/Desktop/SH_ws/src/sh_motion_demo'
[0.594s] INFO:colcon.colcon_core.shell:Skip shell extension 'powershell' for command environment: Not usable outside of PowerShell
[0.594s] DEBUG:colcon.colcon_core.shell:Skip shell extension 'dsv' for command environment
[1.027s] DEBUG:colcon.colcon_core.event_handler.log_command:Invoking command in '/home/sejong/Desktop/SH_ws/build/SH_Humanoid_description': DEBUGINFOD_URLS=https://debuginfod.ubuntu.com PYTHONPATH=/home/sejong/Desktop/SH_ws/build/SH_Humanoid_description/prefix_override:/usr/lib/python3/dist-packages/colcon_core/task/python/colcon_distutils_commands:/home/sejong/Desktop/SH_ws/install/SH_Humanoid_description/lib/python3.12/site-packages:${PYTHONPATH} /usr/bin/python3 -W ignore:setup.py install is deprecated -W ignore:easy_install command is deprecated setup.py develop --editable --build-directory /home/sejong/Desktop/SH_ws/build/SH_Humanoid_description/build --no-deps symlink_data
[1.054s] DEBUG:colcon.colcon_core.event_handler.log_command:Invoking command in '/home/sejong/Desktop/SH_ws/build/sh_motion_demo': DEBUGINFOD_URLS=https://debuginfod.ubuntu.com PYTHONPATH=/home/sejong/Desktop/SH_ws/build/sh_motion_demo/prefix_override:/usr/lib/python3/dist-packages/colcon_core/task/python/colcon_distutils_commands:/home/sejong/Desktop/SH_ws/install/sh_motion_demo/lib/python3.12/site-packages:${PYTHONPATH} /usr/bin/python3 -W ignore:setup.py install is deprecated -W ignore:easy_install command is deprecated setup.py develop --editable --build-directory /home/sejong/Desktop/SH_ws/build/sh_motion_demo/build --no-deps symlink_data
[1.463s] Level 1:colcon.colcon_core.shell:create_environment_hook('SH_Humanoid_description', 'pythonpath_develop')
[1.463s] INFO:colcon.colcon_core.shell:Creating environment hook '/home/sejong/Desktop/SH_ws/build/SH_Humanoid_description/share/SH_Humanoid_description/hook/pythonpath_develop.ps1'
[1.464s] INFO:colcon.colcon_core.shell:Creating environment descriptor '/home/sejong/Desktop/SH_ws/build/SH_Humanoid_description/share/SH_Humanoid_description/hook/pythonpath_develop.dsv'
[1.464s] DEBUG:colcon.colcon_core.event_handler.log_command:Invoked command in '/home/sejong/Desktop/SH_ws/build/SH_Humanoid_description' returned '0': DEBUGINFOD_URLS=https://debuginfod.ubuntu.com PYTHONPATH=/home/sejong/Desktop/SH_ws/build/SH_Humanoid_description/prefix_override:/usr/lib/python3/dist-packages/colcon_core/task/python/colcon_distutils_commands:/home/sejong/Desktop/SH_ws/install/SH_Humanoid_description/lib/python3.12/site-packages:${PYTHONPATH} /usr/bin/python3 -W ignore:setup.py install is deprecated -W ignore:easy_install command is deprecated setup.py develop --editable --build-directory /home/sejong/Desktop/SH_ws/build/SH_Humanoid_description/build --no-deps symlink_data
[1.465s] INFO:colcon.colcon_core.shell:Creating environment hook '/home/sejong/Desktop/SH_ws/build/SH_Humanoid_description/share/SH_Humanoid_description/hook/pythonpath_develop.sh'
[1.467s] Level 1:colcon.colcon_core.environment:checking '/home/sejong/Desktop/SH_ws/install/SH_Humanoid_description' for CMake module files
[1.467s] Level 1:colcon.colcon_core.environment:checking '/home/sejong/Desktop/SH_ws/install/SH_Humanoid_description' for CMake config files
[1.468s] Level 1:colcon.colcon_core.environment:checking '/home/sejong/Desktop/SH_ws/install/SH_Humanoid_description/lib'
[1.469s] Level 1:colcon.colcon_core.environment:checking '/home/sejong/Desktop/SH_ws/install/SH_Humanoid_description/bin'
[1.469s] Level 1:colcon.colcon_core.environment:checking '/home/sejong/Desktop/SH_ws/install/SH_Humanoid_description/lib/pkgconfig/SH_Humanoid_description.pc'
[1.469s] Level 1:colcon.colcon_core.environment:checking '/home/sejong/Desktop/SH_ws/install/SH_Humanoid_description/lib/python3.12/site-packages'
[1.469s] Level 1:colcon.colcon_core.shell:create_environment_hook('SH_Humanoid_description', 'pythonpath')
[1.471s] INFO:colcon.colcon_core.shell:Creating environment hook '/home/sejong/Desktop/SH_ws/install/SH_Humanoid_description/share/SH_Humanoid_description/hook/pythonpath.ps1'
[1.472s] INFO:colcon.colcon_core.shell:Creating environment descriptor '/home/sejong/Desktop/SH_ws/install/SH_Humanoid_description/share/SH_Humanoid_description/hook/pythonpath.dsv'
[1.472s] INFO:colcon.colcon_core.shell:Creating environment hook '/home/sejong/Desktop/SH_ws/install/SH_Humanoid_description/share/SH_Humanoid_description/hook/pythonpath.sh'
[1.473s] Level 1:colcon.colcon_core.environment:checking '/home/sejong/Desktop/SH_ws/install/SH_Humanoid_description/bin'
[1.473s] Level 1:colcon.colcon_core.environment:create_environment_scripts_only(SH_Humanoid_description)
[1.473s] INFO:colcon.colcon_core.shell:Creating package script '/home/sejong/Desktop/SH_ws/install/SH_Humanoid_description/share/SH_Humanoid_description/package.ps1'
[1.474s] INFO:colcon.colcon_core.shell:Creating package descriptor '/home/sejong/Desktop/SH_ws/install/SH_Humanoid_description/share/SH_Humanoid_description/package.dsv'
[1.474s] INFO:colcon.colcon_core.shell:Creating package script '/home/sejong/Desktop/SH_ws/install/SH_Humanoid_description/share/SH_Humanoid_description/package.sh'
[1.475s] INFO:colcon.colcon_core.shell:Creating package script '/home/sejong/Desktop/SH_ws/install/SH_Humanoid_description/share/SH_Humanoid_description/package.bash'
[1.475s] INFO:colcon.colcon_core.shell:Creating package script '/home/sejong/Desktop/SH_ws/install/SH_Humanoid_description/share/SH_Humanoid_description/package.zsh'
[1.475s] Level 1:colcon.colcon_core.environment:create_file_with_runtime_dependencies(/home/sejong/Desktop/SH_ws/install/SH_Humanoid_description/share/colcon-core/packages/SH_Humanoid_description)
[1.476s] INFO:colcon.colcon_ros.task.ament_cmake.build:Building ROS package in '/home/sejong/Desktop/SH_ws/src/SH_moveit_config' with build type 'ament_cmake'
[1.476s] INFO:colcon.colcon_cmake.task.cmake.build:Building CMake package in '/home/sejong/Desktop/SH_ws/src/SH_moveit_config'
[1.476s] INFO:colcon.colcon_core.shell:Skip shell extension 'powershell' for command environment: Not usable outside of PowerShell
[1.476s] DEBUG:colcon.colcon_core.shell:Skip shell extension 'dsv' for command environment
[1.479s] INFO:colcon.colcon_ros.task.ament_cmake.build:Building ROS package in '/home/sejong/Desktop/SH_ws/src/SH_moveit_demo_config' with build type 'ament_cmake'
[1.479s] INFO:colcon.colcon_cmake.task.cmake.build:Building CMake package in '/home/sejong/Desktop/SH_ws/src/SH_moveit_demo_config'
[1.480s] INFO:colcon.colcon_core.shell:Skip shell extension 'powershell' for command environment: Not usable outside of PowerShell
[1.480s] DEBUG:colcon.colcon_core.shell:Skip shell extension 'dsv' for command environment
[1.486s] INFO:colcon.colcon_ros.task.ament_cmake.build:Building ROS package in '/home/sejong/Desktop/SH_ws/src/SH_moveit_head_config' with build type 'ament_cmake'
[1.486s] INFO:colcon.colcon_cmake.task.cmake.build:Building CMake package in '/home/sejong/Desktop/SH_ws/src/SH_moveit_head_config'
[1.486s] INFO:colcon.colcon_core.shell:Skip shell extension 'powershell' for command environment: Not usable outside of PowerShell
[1.486s] DEBUG:colcon.colcon_core.shell:Skip shell extension 'dsv' for command environment
[1.490s] DEBUG:colcon.colcon_core.event_handler.log_command:Invoking command in '/home/sejong/Desktop/SH_ws/build/SH_moveit_config': AMENT_PREFIX_PATH=/home/sejong/Desktop/SH_ws/install/SH_Humanoid_description:/home/sejong/Desktop/SH_ws/install/sh_motion_demo:/opt/ros/jazzy CMAKE_PREFIX_PATH=${CMAKE_PREFIX_PATH}:/home/sejong/Desktop/SH_ws/install/sh_motion_demo:/home/sejong/Desktop/SH_ws/install/SH_Humanoid_description:/opt/ros/jazzy DEBUGINFOD_URLS=https://debuginfod.ubuntu.com PYTHONPATH=/home/sejong/Desktop/SH_ws/build/SH_Humanoid_description:/home/sejong/Desktop/SH_ws/install/SH_Humanoid_description/lib/python3.12/site-packages:/home/sejong/SH_ws/build/sh_motion_demo:/home/sejong/Desktop/SH_ws/install/sh_motion_demo/lib/python3.12/site-packages:/home/sejong/SH_ws/build/SH_Humanoid_description:/opt/ros/jazzy/lib/python3.12/site-packages /usr/bin/cmake /home/sejong/Desktop/SH_ws/src/SH_moveit_config -DAMENT_CMAKE_SYMLINK_INSTALL=1 -DCMAKE_INSTALL_PREFIX=/home/sejong/Desktop/SH_ws/install/SH_moveit_config
[1.493s] DEBUG:colcon.colcon_core.event_handler.log_command:Invoking command in '/home/sejong/Desktop/SH_ws/build/SH_moveit_demo_config': AMENT_PREFIX_PATH=/home/sejong/Desktop/SH_ws/install/SH_Humanoid_description:/home/sejong/Desktop/SH_ws/install/sh_motion_demo:/opt/ros/jazzy CMAKE_PREFIX_PATH=${CMAKE_PREFIX_PATH}:/home/sejong/Desktop/SH_ws/install/sh_motion_demo:/home/sejong/Desktop/SH_ws/install/SH_Humanoid_description:/opt/ros/jazzy DEBUGINFOD_URLS=https://debuginfod.ubuntu.com PYTHONPATH=/home/sejong/Desktop/SH_ws/build/SH_Humanoid_description:/home/sejong/Desktop/SH_ws/install/SH_Humanoid_description/lib/python3.12/site-packages:/home/sejong/SH_ws/build/sh_motion_demo:/home/sejong/Desktop/SH_ws/install/sh_motion_demo/lib/python3.12/site-packages:/home/sejong/SH_ws/build/SH_Humanoid_description:/opt/ros/jazzy/lib/python3.12/site-packages /usr/bin/cmake /home/sejong/Desktop/SH_ws/src/SH_moveit_demo_config -DAMENT_CMAKE_SYMLINK_INSTALL=1 -DCMAKE_INSTALL_PREFIX=/home/sejong/Desktop/SH_ws/install/SH_moveit_demo_config
[1.497s] DEBUG:colcon.colcon_core.event_handler.log_command:Invoking command in '/home/sejong/Desktop/SH_ws/build/SH_moveit_head_config': AMENT_PREFIX_PATH=/home/sejong/Desktop/SH_ws/install/SH_Humanoid_description:/home/sejong/Desktop/SH_ws/install/sh_motion_demo:/opt/ros/jazzy CMAKE_PREFIX_PATH=${CMAKE_PREFIX_PATH}:/home/sejong/Desktop/SH_ws/install/sh_motion_demo:/home/sejong/Desktop/SH_ws/install/SH_Humanoid_description:/opt/ros/jazzy DEBUGINFOD_URLS=https://debuginfod.ubuntu.com PYTHONPATH=/home/sejong/Desktop/SH_ws/build/SH_Humanoid_description:/home/sejong/Desktop/SH_ws/install/SH_Humanoid_description/lib/python3.12/site-packages:/home/sejong/SH_ws/build/sh_motion_demo:/home/sejong/Desktop/SH_ws/install/sh_motion_demo/lib/python3.12/site-packages:/home/sejong/SH_ws/build/SH_Humanoid_description:/opt/ros/jazzy/lib/python3.12/site-packages /usr/bin/cmake /home/sejong/Desktop/SH_ws/src/SH_moveit_head_config -DAMENT_CMAKE_SYMLINK_INSTALL=1 -DCMAKE_INSTALL_PREFIX=/home/sejong/Desktop/SH_ws/install/SH_moveit_head_config
[1.535s] Level 1:colcon.colcon_core.shell:create_environment_hook('sh_motion_demo', 'pythonpath_develop')
[1.536s] INFO:colcon.colcon_core.shell:Creating environment hook '/home/sejong/Desktop/SH_ws/build/sh_motion_demo/share/sh_motion_demo/hook/pythonpath_develop.ps1'
[1.536s] DEBUG:colcon.colcon_core.event_handler.log_command:Invoked command in '/home/sejong/Desktop/SH_ws/build/sh_motion_demo' returned '0': DEBUGINFOD_URLS=https://debuginfod.ubuntu.com PYTHONPATH=/home/sejong/Desktop/SH_ws/build/sh_motion_demo/prefix_override:/usr/lib/python3/dist-packages/colcon_core/task/python/colcon_distutils_commands:/home/sejong/Desktop/SH_ws/install/sh_motion_demo/lib/python3.12/site-packages:${PYTHONPATH} /usr/bin/python3 -W ignore:setup.py install is deprecated -W ignore:easy_install command is deprecated setup.py develop --editable --build-directory /home/sejong/Desktop/SH_ws/build/sh_motion_demo/build --no-deps symlink_data
[1.537s] INFO:colcon.colcon_core.shell:Creating environment descriptor '/home/sejong/Desktop/SH_ws/build/sh_motion_demo/share/sh_motion_demo/hook/pythonpath_develop.dsv'
[1.537s] INFO:colcon.colcon_core.shell:Creating environment hook '/home/sejong/Desktop/SH_ws/build/sh_motion_demo/share/sh_motion_demo/hook/pythonpath_develop.sh'
[1.538s] Level 1:colcon.colcon_core.environment:checking '/home/sejong/Desktop/SH_ws/install/sh_motion_demo' for CMake module files
[1.538s] Level 1:colcon.colcon_core.environment:checking '/home/sejong/Desktop/SH_ws/install/sh_motion_demo' for CMake config files
[1.539s] Level 1:colcon.colcon_core.environment:checking '/home/sejong/Desktop/SH_ws/install/sh_motion_demo/lib'
[1.539s] Level 1:colcon.colcon_core.environment:checking '/home/sejong/Desktop/SH_ws/install/sh_motion_demo/bin'
[1.539s] Level 1:colcon.colcon_core.environment:checking '/home/sejong/Desktop/SH_ws/install/sh_motion_demo/lib/pkgconfig/sh_motion_demo.pc'
[1.539s] Level 1:colcon.colcon_core.environment:checking '/home/sejong/Desktop/SH_ws/install/sh_motion_demo/lib/python3.12/site-packages'
[1.539s] Level 1:colcon.colcon_core.shell:create_environment_hook('sh_motion_demo', 'pythonpath')
[1.539s] INFO:colcon.colcon_core.shell:Creating environment hook '/home/sejong/Desktop/SH_ws/install/sh_motion_demo/share/sh_motion_demo/hook/pythonpath.ps1'
[1.539s] INFO:colcon.colcon_core.shell:Creating environment descriptor '/home/sejong/Desktop/SH_ws/install/sh_motion_demo/share/sh_motion_demo/hook/pythonpath.dsv'
[1.540s] INFO:colcon.colcon_core.shell:Creating environment hook '/home/sejong/Desktop/SH_ws/install/sh_motion_demo/share/sh_motion_demo/hook/pythonpath.sh'
[1.540s] Level 1:colcon.colcon_core.environment:checking '/home/sejong/Desktop/SH_ws/install/sh_motion_demo/bin'
[1.540s] Level 1:colcon.colcon_core.environment:create_environment_scripts_only(sh_motion_demo)
[1.540s] INFO:colcon.colcon_core.shell:Creating package script '/home/sejong/Desktop/SH_ws/install/sh_motion_demo/share/sh_motion_demo/package.ps1'
[1.541s] INFO:colcon.colcon_core.shell:Creating package descriptor '/home/sejong/Desktop/SH_ws/install/sh_motion_demo/share/sh_motion_demo/package.dsv'
[1.541s] INFO:colcon.colcon_core.shell:Creating package script '/home/sejong/Desktop/SH_ws/install/sh_motion_demo/share/sh_motion_demo/package.sh'
[1.541s] INFO:colcon.colcon_core.shell:Creating package script '/home/sejong/Desktop/SH_ws/install/sh_motion_demo/share/sh_motion_demo/package.bash'
[1.541s] INFO:colcon.colcon_core.shell:Creating package script '/home/sejong/Desktop/SH_ws/install/sh_motion_demo/share/sh_motion_demo/package.zsh'
[1.542s] Level 1:colcon.colcon_core.environment:create_file_with_runtime_dependencies(/home/sejong/Desktop/SH_ws/install/sh_motion_demo/share/colcon-core/packages/sh_motion_demo)
[2.258s] DEBUG:colcon.colcon_core.event_handler.log_command:Invoked command in '/home/sejong/Desktop/SH_ws/build/SH_moveit_head_config' returned '0': AMENT_PREFIX_PATH=/home/sejong/Desktop/SH_ws/install/SH_Humanoid_description:/home/sejong/Desktop/SH_ws/install/sh_motion_demo:/opt/ros/jazzy CMAKE_PREFIX_PATH=${CMAKE_PREFIX_PATH}:/home/sejong/Desktop/SH_ws/install/sh_motion_demo:/home/sejong/Desktop/SH_ws/install/SH_Humanoid_description:/opt/ros/jazzy DEBUGINFOD_URLS=https://debuginfod.ubuntu.com PYTHONPATH=/home/sejong/Desktop/SH_ws/build/SH_Humanoid_description:/home/sejong/Desktop/SH_ws/install/SH_Humanoid_description/lib/python3.12/site-packages:/home/sejong/SH_ws/build/sh_motion_demo:/home/sejong/Desktop/SH_ws/install/sh_motion_demo/lib/python3.12/site-packages:/home/sejong/SH_ws/build/SH_Humanoid_description:/opt/ros/jazzy/lib/python3.12/site-packages /usr/bin/cmake /home/sejong/Desktop/SH_ws/src/SH_moveit_head_config -DAMENT_CMAKE_SYMLINK_INSTALL=1 -DCMAKE_INSTALL_PREFIX=/home/sejong/Desktop/SH_ws/install/SH_moveit_head_config
[2.260s] DEBUG:colcon.colcon_core.event_handler.log_command:Invoking command in '/home/sejong/Desktop/SH_ws/build/SH_moveit_head_config': AMENT_PREFIX_PATH=/home/sejong/Desktop/SH_ws/install/SH_Humanoid_description:/home/sejong/Desktop/SH_ws/install/sh_motion_demo:/opt/ros/jazzy CMAKE_PREFIX_PATH=${CMAKE_PREFIX_PATH}:/home/sejong/Desktop/SH_ws/install/sh_motion_demo:/home/sejong/Desktop/SH_ws/install/SH_Humanoid_description:/opt/ros/jazzy DEBUGINFOD_URLS=https://debuginfod.ubuntu.com PYTHONPATH=/home/sejong/Desktop/SH_ws/build/SH_Humanoid_description:/home/sejong/Desktop/SH_ws/install/SH_Humanoid_description/lib/python3.12/site-packages:/home/sejong/SH_ws/build/sh_motion_demo:/home/sejong/Desktop/SH_ws/install/sh_motion_demo/lib/python3.12/site-packages:/home/sejong/SH_ws/build/SH_Humanoid_description:/opt/ros/jazzy/lib/python3.12/site-packages /usr/bin/cmake --build /home/sejong/Desktop/SH_ws/build/SH_moveit_head_config -- -j14 -l14
[2.297s] DEBUG:colcon.colcon_core.event_handler.log_command:Invoked command in '/home/sejong/Desktop/SH_ws/build/SH_moveit_demo_config' returned '0': AMENT_PREFIX_PATH=/home/sejong/Desktop/SH_ws/install/SH_Humanoid_description:/home/sejong/Desktop/SH_ws/install/sh_motion_demo:/opt/ros/jazzy CMAKE_PREFIX_PATH=${CMAKE_PREFIX_PATH}:/home/sejong/Desktop/SH_ws/install/sh_motion_demo:/home/sejong/Desktop/SH_ws/install/SH_Humanoid_description:/opt/ros/jazzy DEBUGINFOD_URLS=https://debuginfod.ubuntu.com PYTHONPATH=/home/sejong/Desktop/SH_ws/build/SH_Humanoid_description:/home/sejong/Desktop/SH_ws/install/SH_Humanoid_description/lib/python3.12/site-packages:/home/sejong/SH_ws/build/sh_motion_demo:/home/sejong/Desktop/SH_ws/install/sh_motion_demo/lib/python3.12/site-packages:/home/sejong/SH_ws/build/SH_Humanoid_description:/opt/ros/jazzy/lib/python3.12/site-packages /usr/bin/cmake /home/sejong/Desktop/SH_ws/src/SH_moveit_demo_config -DAMENT_CMAKE_SYMLINK_INSTALL=1 -DCMAKE_INSTALL_PREFIX=/home/sejong/Desktop/SH_ws/install/SH_moveit_demo_config
[2.298s] DEBUG:colcon.colcon_core.event_handler.log_command:Invoking command in '/home/sejong/Desktop/SH_ws/build/SH_moveit_demo_config': AMENT_PREFIX_PATH=/home/sejong/Desktop/SH_ws/install/SH_Humanoid_description:/home/sejong/Desktop/SH_ws/install/sh_motion_demo:/opt/ros/jazzy CMAKE_PREFIX_PATH=${CMAKE_PREFIX_PATH}:/home/sejong/Desktop/SH_ws/install/sh_motion_demo:/home/sejong/Desktop/SH_ws/install/SH_Humanoid_description:/opt/ros/jazzy DEBUGINFOD_URLS=https://debuginfod.ubuntu.com PYTHONPATH=/home/sejong/Desktop/SH_ws/build/SH_Humanoid_description:/home/sejong/Desktop/SH_ws/install/SH_Humanoid_description/lib/python3.12/site-packages:/home/sejong/SH_ws/build/sh_motion_demo:/home/sejong/Desktop/SH_ws/install/sh_motion_demo/lib/python3.12/site-packages:/home/sejong/SH_ws/build/SH_Humanoid_description:/opt/ros/jazzy/lib/python3.12/site-packages /usr/bin/cmake --build /home/sejong/Desktop/SH_ws/build/SH_moveit_demo_config -- -j14 -l14
[2.312s] DEBUG:colcon.colcon_core.event_handler.log_command:Invoked command in '/home/sejong/Desktop/SH_ws/build/SH_moveit_config' returned '0': AMENT_PREFIX_PATH=/home/sejong/Desktop/SH_ws/install/SH_Humanoid_description:/home/sejong/Desktop/SH_ws/install/sh_motion_demo:/opt/ros/jazzy CMAKE_PREFIX_PATH=${CMAKE_PREFIX_PATH}:/home/sejong/Desktop/SH_ws/install/sh_motion_demo:/home/sejong/Desktop/SH_ws/install/SH_Humanoid_description:/opt/ros/jazzy DEBUGINFOD_URLS=https://debuginfod.ubuntu.com PYTHONPATH=/home/sejong/Desktop/SH_ws/build/SH_Humanoid_description:/home/sejong/Desktop/SH_ws/install/SH_Humanoid_description/lib/python3.12/site-packages:/home/sejong/SH_ws/build/sh_motion_demo:/home/sejong/Desktop/SH_ws/install/sh_motion_demo/lib/python3.12/site-packages:/home/sejong/SH_ws/build/SH_Humanoid_description:/opt/ros/jazzy/lib/python3.12/site-packages /usr/bin/cmake /home/sejong/Desktop/SH_ws/src/SH_moveit_config -DAMENT_CMAKE_SYMLINK_INSTALL=1 -DCMAKE_INSTALL_PREFIX=/home/sejong/Desktop/SH_ws/install/SH_moveit_config
[2.313s] DEBUG:colcon.colcon_core.event_handler.log_command:Invoking command in '/home/sejong/Desktop/SH_ws/build/SH_moveit_config': AMENT_PREFIX_PATH=/home/sejong/Desktop/SH_ws/install/SH_Humanoid_description:/home/sejong/Desktop/SH_ws/install/sh_motion_demo:/opt/ros/jazzy CMAKE_PREFIX_PATH=${CMAKE_PREFIX_PATH}:/home/sejong/Desktop/SH_ws/install/sh_motion_demo:/home/sejong/Desktop/SH_ws/install/SH_Humanoid_description:/opt/ros/jazzy DEBUGINFOD_URLS=https://debuginfod.ubuntu.com PYTHONPATH=/home/sejong/Desktop/SH_ws/build/SH_Humanoid_description:/home/sejong/Desktop/SH_ws/install/SH_Humanoid_description/lib/python3.12/site-packages:/home/sejong/SH_ws/build/sh_motion_demo:/home/sejong/Desktop/SH_ws/install/sh_motion_demo/lib/python3.12/site-packages:/home/sejong/SH_ws/build/SH_Humanoid_description:/opt/ros/jazzy/lib/python3.12/site-packages /usr/bin/cmake --build /home/sejong/Desktop/SH_ws/build/SH_moveit_config -- -j14 -l14
[2.315s] DEBUG:colcon.colcon_core.event_handler.log_command:Invoked command in '/home/sejong/Desktop/SH_ws/build/SH_moveit_head_config' returned '0': AMENT_PREFIX_PATH=/home/sejong/Desktop/SH_ws/install/SH_Humanoid_description:/home/sejong/Desktop/SH_ws/install/sh_motion_demo:/opt/ros/jazzy CMAKE_PREFIX_PATH=${CMAKE_PREFIX_PATH}:/home/sejong/Desktop/SH_ws/install/sh_motion_demo:/home/sejong/Desktop/SH_ws/install/SH_Humanoid_description:/opt/ros/jazzy DEBUGINFOD_URLS=https://debuginfod.ubuntu.com PYTHONPATH=/home/sejong/Desktop/SH_ws/build/SH_Humanoid_description:/home/sejong/Desktop/SH_ws/install/SH_Humanoid_description/lib/python3.12/site-packages:/home/sejong/SH_ws/build/sh_motion_demo:/home/sejong/Desktop/SH_ws/install/sh_motion_demo/lib/python3.12/site-packages:/home/sejong/SH_ws/build/SH_Humanoid_description:/opt/ros/jazzy/lib/python3.12/site-packages /usr/bin/cmake --build /home/sejong/Desktop/SH_ws/build/SH_moveit_head_config -- -j14 -l14
[2.328s] DEBUG:colcon.colcon_core.event_handler.log_command:Invoking command in '/home/sejong/Desktop/SH_ws/build/SH_moveit_head_config': AMENT_PREFIX_PATH=/home/sejong/Desktop/SH_ws/install/SH_Humanoid_description:/home/sejong/Desktop/SH_ws/install/sh_motion_demo:/opt/ros/jazzy CMAKE_PREFIX_PATH=${CMAKE_PREFIX_PATH}:/home/sejong/Desktop/SH_ws/install/sh_motion_demo:/home/sejong/Desktop/SH_ws/install/SH_Humanoid_description:/opt/ros/jazzy DEBUGINFOD_URLS=https://debuginfod.ubuntu.com PYTHONPATH=/home/sejong/Desktop/SH_ws/build/SH_Humanoid_description:/home/sejong/Desktop/SH_ws/install/SH_Humanoid_description/lib/python3.12/site-packages:/home/sejong/SH_ws/build/sh_motion_demo:/home/sejong/Desktop/SH_ws/install/sh_motion_demo/lib/python3.12/site-packages:/home/sejong/SH_ws/build/SH_Humanoid_description:/opt/ros/jazzy/lib/python3.12/site-packages /usr/bin/cmake --install /home/sejong/Desktop/SH_ws/build/SH_moveit_head_config
[2.338s] DEBUG:colcon.colcon_core.event_handler.log_command:Invoked command in '/home/sejong/Desktop/SH_ws/build/SH_moveit_demo_config' returned '0': AMENT_PREFIX_PATH=/home/sejong/Desktop/SH_ws/install/SH_Humanoid_description:/home/sejong/Desktop/SH_ws/install/sh_motion_demo:/opt/ros/jazzy CMAKE_PREFIX_PATH=${CMAKE_PREFIX_PATH}:/home/sejong/Desktop/SH_ws/install/sh_motion_demo:/home/sejong/Desktop/SH_ws/install/SH_Humanoid_description:/opt/ros/jazzy DEBUGINFOD_URLS=https://debuginfod.ubuntu.com PYTHONPATH=/home/sejong/Desktop/SH_ws/build/SH_Humanoid_description:/home/sejong/Desktop/SH_ws/install/SH_Humanoid_description/lib/python3.12/site-packages:/home/sejong/SH_ws/build/sh_motion_demo:/home/sejong/Desktop/SH_ws/install/sh_motion_demo/lib/python3.12/site-packages:/home/sejong/SH_ws/build/SH_Humanoid_description:/opt/ros/jazzy/lib/python3.12/site-packages /usr/bin/cmake --build /home/sejong/Desktop/SH_ws/build/SH_moveit_demo_config -- -j14 -l14
[2.339s] DEBUG:colcon.colcon_core.event_handler.log_command:Invoking command in '/home/sejong/Desktop/SH_ws/build/SH_moveit_demo_config': AMENT_PREFIX_PATH=/home/sejong/Desktop/SH_ws/install/SH_Humanoid_description:/home/sejong/Desktop/SH_ws/install/sh_motion_demo:/opt/ros/jazzy CMAKE_PREFIX_PATH=${CMAKE_PREFIX_PATH}:/home/sejong/Desktop/SH_ws/install/sh_motion_demo:/home/sejong/Desktop/SH_ws/install/SH_Humanoid_description:/opt/ros/jazzy DEBUGINFOD_URLS=https://debuginfod.ubuntu.com PYTHONPATH=/home/sejong/Desktop/SH_ws/build/SH_Humanoid_description:/home/sejong/Desktop/SH_ws/install/SH_Humanoid_description/lib/python3.12/site-packages:/home/sejong/SH_ws/build/sh_motion_demo:/home/sejong/Desktop/SH_ws/install/sh_motion_demo/lib/python3.12/site-packages:/home/sejong/SH_ws/build/SH_Humanoid_description:/opt/ros/jazzy/lib/python3.12/site-packages /usr/bin/cmake --install /home/sejong/Desktop/SH_ws/build/SH_moveit_demo_config
[2.356s] DEBUG:colcon.colcon_core.event_handler.log_command:Invoked command in '/home/sejong/Desktop/SH_ws/build/SH_moveit_config' returned '0': AMENT_PREFIX_PATH=/home/sejong/Desktop/SH_ws/install/SH_Humanoid_description:/home/sejong/Desktop/SH_ws/install/sh_motion_demo:/opt/ros/jazzy CMAKE_PREFIX_PATH=${CMAKE_PREFIX_PATH}:/home/sejong/Desktop/SH_ws/install/sh_motion_demo:/home/sejong/Desktop/SH_ws/install/SH_Humanoid_description:/opt/ros/jazzy DEBUGINFOD_URLS=https://debuginfod.ubuntu.com PYTHONPATH=/home/sejong/Desktop/SH_ws/build/SH_Humanoid_description:/home/sejong/Desktop/SH_ws/install/SH_Humanoid_description/lib/python3.12/site-packages:/home/sejong/SH_ws/build/sh_motion_demo:/home/sejong/Desktop/SH_ws/install/sh_motion_demo/lib/python3.12/site-packages:/home/sejong/SH_ws/build/SH_Humanoid_description:/opt/ros/jazzy/lib/python3.12/site-packages /usr/bin/cmake --build /home/sejong/Desktop/SH_ws/build/SH_moveit_config -- -j14 -l14
[2.357s] DEBUG:colcon.colcon_core.event_handler.log_command:Invoking command in '/home/sejong/Desktop/SH_ws/build/SH_moveit_config': AMENT_PREFIX_PATH=/home/sejong/Desktop/SH_ws/install/SH_Humanoid_description:/home/sejong/Desktop/SH_ws/install/sh_motion_demo:/opt/ros/jazzy CMAKE_PREFIX_PATH=${CMAKE_PREFIX_PATH}:/home/sejong/Desktop/SH_ws/install/sh_motion_demo:/home/sejong/Desktop/SH_ws/install/SH_Humanoid_description:/opt/ros/jazzy DEBUGINFOD_URLS=https://debuginfod.ubuntu.com PYTHONPATH=/home/sejong/Desktop/SH_ws/build/SH_Humanoid_description:/home/sejong/Desktop/SH_ws/install/SH_Humanoid_description/lib/python3.12/site-packages:/home/sejong/SH_ws/build/sh_motion_demo:/home/sejong/Desktop/SH_ws/install/sh_motion_demo/lib/python3.12/site-packages:/home/sejong/SH_ws/build/SH_Humanoid_description:/opt/ros/jazzy/lib/python3.12/site-packages /usr/bin/cmake --install /home/sejong/Desktop/SH_ws/build/SH_moveit_config
[2.516s] DEBUG:colcon.colcon_core.event_handler.log_command:Invoked command in '/home/sejong/Desktop/SH_ws/build/sh_motion_cpp' returned '0': CMAKE_PREFIX_PATH=${CMAKE_PREFIX_PATH}:/home/sejong/Desktop/SH_ws/install/sh_motion_demo:/home/sejong/Desktop/SH_ws/install/SH_Humanoid_description:/opt/ros/jazzy DEBUGINFOD_URLS=https://debuginfod.ubuntu.com /usr/bin/cmake /home/sejong/Desktop/SH_ws/src/sh_motion_cpp -DAMENT_CMAKE_SYMLINK_INSTALL=1 -DCMAKE_INSTALL_PREFIX=/home/sejong/Desktop/SH_ws/install/sh_motion_cpp
[2.517s] DEBUG:colcon.colcon_core.event_handler.log_command:Invoking command in '/home/sejong/Desktop/SH_ws/build/sh_motion_cpp': CMAKE_PREFIX_PATH=${CMAKE_PREFIX_PATH}:/home/sejong/Desktop/SH_ws/install/sh_motion_demo:/home/sejong/Desktop/SH_ws/install/SH_Humanoid_description:/opt/ros/jazzy DEBUGINFOD_URLS=https://debuginfod.ubuntu.com /usr/bin/cmake --build /home/sejong/Desktop/SH_ws/build/sh_motion_cpp -- -j14 -l14
[2.684s] Level 1:colcon.colcon_core.environment:create_environment_scripts_only(SH_moveit_head_config)
[2.684s] Level 1:colcon.colcon_core.environment:checking '/home/sejong/Desktop/SH_ws/install/SH_moveit_head_config' for CMake module files
[2.685s] DEBUG:colcon.colcon_core.event_handler.log_command:Invoked command in '/home/sejong/Desktop/SH_ws/build/SH_moveit_head_config' returned '0': AMENT_PREFIX_PATH=/home/sejong/Desktop/SH_ws/install/SH_Humanoid_description:/home/sejong/Desktop/SH_ws/install/sh_motion_demo:/opt/ros/jazzy CMAKE_PREFIX_PATH=${CMAKE_PREFIX_PATH}:/home/sejong/Desktop/SH_ws/install/sh_motion_demo:/home/sejong/Desktop/SH_ws/install/SH_Humanoid_description:/opt/ros/jazzy DEBUGINFOD_URLS=https://debuginfod.ubuntu.com PYTHONPATH=/home/sejong/Desktop/SH_ws/build/SH_Humanoid_description:/home/sejong/Desktop/SH_ws/install/SH_Humanoid_description/lib/python3.12/site-packages:/home/sejong/SH_ws/build/sh_motion_demo:/home/sejong/Desktop/SH_ws/install/sh_motion_demo/lib/python3.12/site-packages:/home/sejong/SH_ws/build/SH_Humanoid_description:/opt/ros/jazzy/lib/python3.12/site-packages /usr/bin/cmake --install /home/sejong/Desktop/SH_ws/build/SH_moveit_head_config
[2.685s] Level 1:colcon.colcon_core.environment:checking '/home/sejong/Desktop/SH_ws/install/SH_moveit_head_config' for CMake config files
[2.685s] Level 1:colcon.colcon_core.shell:create_environment_hook('SH_moveit_head_config', 'cmake_prefix_path')
[2.686s] INFO:colcon.colcon_core.shell:Creating environment hook '/home/sejong/Desktop/SH_ws/install/SH_moveit_head_config/share/SH_moveit_head_config/hook/cmake_prefix_path.ps1'
[2.686s] INFO:colcon.colcon_core.shell:Creating environment descriptor '/home/sejong/Desktop/SH_ws/install/SH_moveit_head_config/share/SH_moveit_head_config/hook/cmake_prefix_path.dsv'
[2.687s] INFO:colcon.colcon_core.shell:Creating environment hook '/home/sejong/Desktop/SH_ws/install/SH_moveit_head_config/share/SH_moveit_head_config/hook/cmake_prefix_path.sh'
[2.687s] Level 1:colcon.colcon_core.environment:checking '/home/sejong/Desktop/SH_ws/install/SH_moveit_head_config/bin'
[2.687s] Level 1:colcon.colcon_core.environment:checking '/home/sejong/Desktop/SH_ws/install/SH_moveit_head_config/lib/pkgconfig/SH_moveit_head_config.pc'
[2.688s] Level 1:colcon.colcon_core.environment:checking '/home/sejong/Desktop/SH_ws/install/SH_moveit_head_config/lib/python3.12/site-packages'
[2.688s] Level 1:colcon.colcon_core.environment:checking '/home/sejong/Desktop/SH_ws/install/SH_moveit_head_config/bin'
[2.688s] INFO:colcon.colcon_core.shell:Creating package script '/home/sejong/Desktop/SH_ws/install/SH_moveit_head_config/share/SH_moveit_head_config/package.ps1'
[2.689s] INFO:colcon.colcon_core.shell:Creating package descriptor '/home/sejong/Desktop/SH_ws/install/SH_moveit_head_config/share/SH_moveit_head_config/package.dsv'
[2.689s] INFO:colcon.colcon_core.shell:Creating package script '/home/sejong/Desktop/SH_ws/install/SH_moveit_head_config/share/SH_moveit_head_config/package.sh'
[2.689s] INFO:colcon.colcon_core.shell:Creating package script '/home/sejong/Desktop/SH_ws/install/SH_moveit_head_config/share/SH_moveit_head_config/package.bash'
[2.690s] INFO:colcon.colcon_core.shell:Creating package script '/home/sejong/Desktop/SH_ws/install/SH_moveit_head_config/share/SH_moveit_head_config/package.zsh'
[2.690s] Level 1:colcon.colcon_core.environment:create_file_with_runtime_dependencies(/home/sejong/Desktop/SH_ws/install/SH_moveit_head_config/share/colcon-core/packages/SH_moveit_head_config)
[2.690s] Level 1:colcon.colcon_core.environment:create_environment_scripts_only(SH_moveit_head_config)
[2.691s] Level 1:colcon.colcon_core.environment:checking '/home/sejong/Desktop/SH_ws/install/SH_moveit_head_config' for CMake module files
[2.691s] Level 1:colcon.colcon_core.environment:checking '/home/sejong/Desktop/SH_ws/install/SH_moveit_head_config' for CMake config files
[2.691s] Level 1:colcon.colcon_core.shell:create_environment_hook('SH_moveit_head_config', 'cmake_prefix_path')
[2.692s] INFO:colcon.colcon_core.shell:Creating environment hook '/home/sejong/Desktop/SH_ws/install/SH_moveit_head_config/share/SH_moveit_head_config/hook/cmake_prefix_path.ps1'
[2.692s] INFO:colcon.colcon_core.shell:Creating environment descriptor '/home/sejong/Desktop/SH_ws/install/SH_moveit_head_config/share/SH_moveit_head_config/hook/cmake_prefix_path.dsv'
[2.693s] INFO:colcon.colcon_core.shell:Creating environment hook '/home/sejong/Desktop/SH_ws/install/SH_moveit_head_config/share/SH_moveit_head_config/hook/cmake_prefix_path.sh'
[2.694s] Level 1:colcon.colcon_core.environment:checking '/home/sejong/Desktop/SH_ws/install/SH_moveit_head_config/bin'
[2.694s] Level 1:colcon.colcon_core.environment:checking '/home/sejong/Desktop/SH_ws/install/SH_moveit_head_config/lib/pkgconfig/SH_moveit_head_config.pc'
[2.694s] Level 1:colcon.colcon_core.environment:checking '/home/sejong/Desktop/SH_ws/install/SH_moveit_head_config/lib/python3.12/site-packages'
[2.694s] Level 1:colcon.colcon_core.environment:checking '/home/sejong/Desktop/SH_ws/install/SH_moveit_head_config/bin'
[2.694s] INFO:colcon.colcon_core.shell:Creating package script '/home/sejong/Desktop/SH_ws/install/SH_moveit_head_config/share/SH_moveit_head_config/package.ps1'
[2.695s] INFO:colcon.colcon_core.shell:Creating package descriptor '/home/sejong/Desktop/SH_ws/install/SH_moveit_head_config/share/SH_moveit_head_config/package.dsv'
[2.696s] INFO:colcon.colcon_core.shell:Creating package script '/home/sejong/Desktop/SH_ws/install/SH_moveit_head_config/share/SH_moveit_head_config/package.sh'
[2.696s] INFO:colcon.colcon_core.shell:Creating package script '/home/sejong/Desktop/SH_ws/install/SH_moveit_head_config/share/SH_moveit_head_config/package.bash'
[2.696s] INFO:colcon.colcon_core.shell:Creating package script '/home/sejong/Desktop/SH_ws/install/SH_moveit_head_config/share/SH_moveit_head_config/package.zsh'
[2.696s] Level 1:colcon.colcon_core.environment:create_file_with_runtime_dependencies(/home/sejong/Desktop/SH_ws/install/SH_moveit_head_config/share/colcon-core/packages/SH_moveit_head_config)
[2.719s] Level 1:colcon.colcon_core.environment:create_environment_scripts_only(SH_moveit_demo_config)
[2.720s] Level 1:colcon.colcon_core.environment:checking '/home/sejong/Desktop/SH_ws/install/SH_moveit_demo_config' for CMake module files
[2.721s] Level 1:colcon.colcon_core.environment:checking '/home/sejong/Desktop/SH_ws/install/SH_moveit_demo_config' for CMake config files
[2.721s] DEBUG:colcon.colcon_core.event_handler.log_command:Invoked command in '/home/sejong/Desktop/SH_ws/build/SH_moveit_demo_config' returned '0': AMENT_PREFIX_PATH=/home/sejong/Desktop/SH_ws/install/SH_Humanoid_description:/home/sejong/Desktop/SH_ws/install/sh_motion_demo:/opt/ros/jazzy CMAKE_PREFIX_PATH=${CMAKE_PREFIX_PATH}:/home/sejong/Desktop/SH_ws/install/sh_motion_demo:/home/sejong/Desktop/SH_ws/install/SH_Humanoid_description:/opt/ros/jazzy DEBUGINFOD_URLS=https://debuginfod.ubuntu.com PYTHONPATH=/home/sejong/Desktop/SH_ws/build/SH_Humanoid_description:/home/sejong/Desktop/SH_ws/install/SH_Humanoid_description/lib/python3.12/site-packages:/home/sejong/SH_ws/build/sh_motion_demo:/home/sejong/Desktop/SH_ws/install/sh_motion_demo/lib/python3.12/site-packages:/home/sejong/SH_ws/build/SH_Humanoid_description:/opt/ros/jazzy/lib/python3.12/site-packages /usr/bin/cmake --install /home/sejong/Desktop/SH_ws/build/SH_moveit_demo_config
[2.721s] Level 1:colcon.colcon_core.shell:create_environment_hook('SH_moveit_demo_config', 'cmake_prefix_path')
[2.722s] INFO:colcon.colcon_core.shell:Creating environment hook '/home/sejong/Desktop/SH_ws/install/SH_moveit_demo_config/share/SH_moveit_demo_config/hook/cmake_prefix_path.ps1'
[2.722s] INFO:colcon.colcon_core.shell:Creating environment descriptor '/home/sejong/Desktop/SH_ws/install/SH_moveit_demo_config/share/SH_moveit_demo_config/hook/cmake_prefix_path.dsv'
[2.722s] INFO:colcon.colcon_core.shell:Creating environment hook '/home/sejong/Desktop/SH_ws/install/SH_moveit_demo_config/share/SH_moveit_demo_config/hook/cmake_prefix_path.sh'
[2.723s] Level 1:colcon.colcon_core.environment:checking '/home/sejong/Desktop/SH_ws/install/SH_moveit_demo_config/bin'
[2.723s] Level 1:colcon.colcon_core.environment:checking '/home/sejong/Desktop/SH_ws/install/SH_moveit_demo_config/lib/pkgconfig/SH_moveit_demo_config.pc'
[2.723s] Level 1:colcon.colcon_core.environment:checking '/home/sejong/Desktop/SH_ws/install/SH_moveit_demo_config/lib/python3.12/site-packages'
[2.723s] Level 1:colcon.colcon_core.environment:checking '/home/sejong/Desktop/SH_ws/install/SH_moveit_demo_config/bin'
[2.723s] INFO:colcon.colcon_core.shell:Creating package script '/home/sejong/Desktop/SH_ws/install/SH_moveit_demo_config/share/SH_moveit_demo_config/package.ps1'
[2.724s] INFO:colcon.colcon_core.shell:Creating package descriptor '/home/sejong/Desktop/SH_ws/install/SH_moveit_demo_config/share/SH_moveit_demo_config/package.dsv'
[2.724s] INFO:colcon.colcon_core.shell:Creating package script '/home/sejong/Desktop/SH_ws/install/SH_moveit_demo_config/share/SH_moveit_demo_config/package.sh'
[2.724s] INFO:colcon.colcon_core.shell:Creating package script '/home/sejong/Desktop/SH_ws/install/SH_moveit_demo_config/share/SH_moveit_demo_config/package.bash'
[2.725s] INFO:colcon.colcon_core.shell:Creating package script '/home/sejong/Desktop/SH_ws/install/SH_moveit_demo_config/share/SH_moveit_demo_config/package.zsh'
[2.725s] Level 1:colcon.colcon_core.environment:create_file_with_runtime_dependencies(/home/sejong/Desktop/SH_ws/install/SH_moveit_demo_config/share/colcon-core/packages/SH_moveit_demo_config)
[2.725s] Level 1:colcon.colcon_core.environment:create_environment_scripts_only(SH_moveit_demo_config)
[2.725s] Level 1:colcon.colcon_core.environment:checking '/home/sejong/Desktop/SH_ws/install/SH_moveit_demo_config' for CMake module files
[2.726s] Level 1:colcon.colcon_core.environment:checking '/home/sejong/Desktop/SH_ws/install/SH_moveit_demo_config' for CMake config files
[2.726s] Level 1:colcon.colcon_core.shell:create_environment_hook('SH_moveit_demo_config', 'cmake_prefix_path')
[2.726s] INFO:colcon.colcon_core.shell:Creating environment hook '/home/sejong/Desktop/SH_ws/install/SH_moveit_demo_config/share/SH_moveit_demo_config/hook/cmake_prefix_path.ps1'
[2.727s] INFO:colcon.colcon_core.shell:Creating environment descriptor '/home/sejong/Desktop/SH_ws/install/SH_moveit_demo_config/share/SH_moveit_demo_config/hook/cmake_prefix_path.dsv'
[2.727s] INFO:colcon.colcon_core.shell:Creating environment hook '/home/sejong/Desktop/SH_ws/install/SH_moveit_demo_config/share/SH_moveit_demo_config/hook/cmake_prefix_path.sh'
[2.728s] Level 1:colcon.colcon_core.environment:checking '/home/sejong/Desktop/SH_ws/install/SH_moveit_demo_config/bin'
[2.728s] Level 1:colcon.colcon_core.environment:checking '/home/sejong/Desktop/SH_ws/install/SH_moveit_demo_config/lib/pkgconfig/SH_moveit_demo_config.pc'
[2.728s] Level 1:colcon.colcon_core.environment:checking '/home/sejong/Desktop/SH_ws/install/SH_moveit_demo_config/lib/python3.12/site-packages'
[2.728s] Level 1:colcon.colcon_core.environment:checking '/home/sejong/Desktop/SH_ws/install/SH_moveit_demo_config/bin'
[2.728s] INFO:colcon.colcon_core.shell:Creating package script '/home/sejong/Desktop/SH_ws/install/SH_moveit_demo_config/share/SH_moveit_demo_config/package.ps1'
[2.729s] INFO:colcon.colcon_core.shell:Creating package descriptor '/home/sejong/Desktop/SH_ws/install/SH_moveit_demo_config/share/SH_moveit_demo_config/package.dsv'
[2.729s] INFO:colcon.colcon_core.shell:Creating package script '/home/sejong/Desktop/SH_ws/install/SH_moveit_demo_config/share/SH_moveit_demo_config/package.sh'
[2.729s] INFO:colcon.colcon_core.shell:Creating package script '/home/sejong/Desktop/SH_ws/install/SH_moveit_demo_config/share/SH_moveit_demo_config/package.bash'
[2.730s] INFO:colcon.colcon_core.shell:Creating package script '/home/sejong/Desktop/SH_ws/install/SH_moveit_demo_config/share/SH_moveit_demo_config/package.zsh'
[2.730s] Level 1:colcon.colcon_core.environment:create_file_with_runtime_dependencies(/home/sejong/Desktop/SH_ws/install/SH_moveit_demo_config/share/colcon-core/packages/SH_moveit_demo_config)
[2.788s] Level 1:colcon.colcon_core.environment:create_environment_scripts_only(SH_moveit_config)
[2.789s] Level 1:colcon.colcon_core.environment:checking '/home/sejong/Desktop/SH_ws/install/SH_moveit_config' for CMake module files
[2.790s] DEBUG:colcon.colcon_core.event_handler.log_command:Invoked command in '/home/sejong/Desktop/SH_ws/build/SH_moveit_config' returned '0': AMENT_PREFIX_PATH=/home/sejong/Desktop/SH_ws/install/SH_Humanoid_description:/home/sejong/Desktop/SH_ws/install/sh_motion_demo:/opt/ros/jazzy CMAKE_PREFIX_PATH=${CMAKE_PREFIX_PATH}:/home/sejong/Desktop/SH_ws/install/sh_motion_demo:/home/sejong/Desktop/SH_ws/install/SH_Humanoid_description:/opt/ros/jazzy DEBUGINFOD_URLS=https://debuginfod.ubuntu.com PYTHONPATH=/home/sejong/Desktop/SH_ws/build/SH_Humanoid_description:/home/sejong/Desktop/SH_ws/install/SH_Humanoid_description/lib/python3.12/site-packages:/home/sejong/SH_ws/build/sh_motion_demo:/home/sejong/Desktop/SH_ws/install/sh_motion_demo/lib/python3.12/site-packages:/home/sejong/SH_ws/build/SH_Humanoid_description:/opt/ros/jazzy/lib/python3.12/site-packages /usr/bin/cmake --install /home/sejong/Desktop/SH_ws/build/SH_moveit_config
[2.790s] Level 1:colcon.colcon_core.environment:checking '/home/sejong/Desktop/SH_ws/install/SH_moveit_config' for CMake config files
[2.790s] Level 1:colcon.colcon_core.shell:create_environment_hook('SH_moveit_config', 'cmake_prefix_path')
[2.791s] INFO:colcon.colcon_core.shell:Creating environment hook '/home/sejong/Desktop/SH_ws/install/SH_moveit_config/share/SH_moveit_config/hook/cmake_prefix_path.ps1'
[2.791s] INFO:colcon.colcon_core.shell:Creating environment descriptor '/home/sejong/Desktop/SH_ws/install/SH_moveit_config/share/SH_moveit_config/hook/cmake_prefix_path.dsv'
[2.791s] INFO:colcon.colcon_core.shell:Creating environment hook '/home/sejong/Desktop/SH_ws/install/SH_moveit_config/share/SH_moveit_config/hook/cmake_prefix_path.sh'
[2.792s] Level 1:colcon.colcon_core.environment:checking '/home/sejong/Desktop/SH_ws/install/SH_moveit_config/bin'
[2.792s] Level 1:colcon.colcon_core.environment:checking '/home/sejong/Desktop/SH_ws/install/SH_moveit_config/lib/pkgconfig/SH_moveit_config.pc'
[2.792s] Level 1:colcon.colcon_core.environment:checking '/home/sejong/Desktop/SH_ws/install/SH_moveit_config/lib/python3.12/site-packages'
[2.792s] Level 1:colcon.colcon_core.environment:checking '/home/sejong/Desktop/SH_ws/install/SH_moveit_config/bin'
[2.792s] INFO:colcon.colcon_core.shell:Creating package script '/home/sejong/Desktop/SH_ws/install/SH_moveit_config/share/SH_moveit_config/package.ps1'
[2.793s] INFO:colcon.colcon_core.shell:Creating package descriptor '/home/sejong/Desktop/SH_ws/install/SH_moveit_config/share/SH_moveit_config/package.dsv'
[2.793s] INFO:colcon.colcon_core.shell:Creating package script '/home/sejong/Desktop/SH_ws/install/SH_moveit_config/share/SH_moveit_config/package.sh'
[2.793s] INFO:colcon.colcon_core.shell:Creating package script '/home/sejong/Desktop/SH_ws/install/SH_moveit_config/share/SH_moveit_config/package.bash'
[2.794s] INFO:colcon.colcon_core.shell:Creating package script '/home/sejong/Desktop/SH_ws/install/SH_moveit_config/share/SH_moveit_config/package.zsh'
[2.794s] Level 1:colcon.colcon_core.environment:create_file_with_runtime_dependencies(/home/sejong/Desktop/SH_ws/install/SH_moveit_config/share/colcon-core/packages/SH_moveit_config)
[2.794s] Level 1:colcon.colcon_core.environment:create_environment_scripts_only(SH_moveit_config)
[2.794s] Level 1:colcon.colcon_core.environment:checking '/home/sejong/Desktop/SH_ws/install/SH_moveit_config' for CMake module files
[2.795s] Level 1:colcon.colcon_core.environment:checking '/home/sejong/Desktop/SH_ws/install/SH_moveit_config' for CMake config files
[2.795s] Level 1:colcon.colcon_core.shell:create_environment_hook('SH_moveit_config', 'cmake_prefix_path')
[2.795s] INFO:colcon.colcon_core.shell:Creating environment hook '/home/sejong/Desktop/SH_ws/install/SH_moveit_config/share/SH_moveit_config/hook/cmake_prefix_path.ps1'
[2.795s] INFO:colcon.colcon_core.shell:Creating environment descriptor '/home/sejong/Desktop/SH_ws/install/SH_moveit_config/share/SH_moveit_config/hook/cmake_prefix_path.dsv'
[2.796s] INFO:colcon.colcon_core.shell:Creating environment hook '/home/sejong/Desktop/SH_ws/install/SH_moveit_config/share/SH_moveit_config/hook/cmake_prefix_path.sh'
[2.796s] Level 1:colcon.colcon_core.environment:checking '/home/sejong/Desktop/SH_ws/install/SH_moveit_config/bin'
[2.796s] Level 1:colcon.colcon_core.environment:checking '/home/sejong/Desktop/SH_ws/install/SH_moveit_config/lib/pkgconfig/SH_moveit_config.pc'
[2.796s] Level 1:colcon.colcon_core.environment:checking '/home/sejong/Desktop/SH_ws/install/SH_moveit_config/lib/python3.12/site-packages'
[2.796s] Level 1:colcon.colcon_core.environment:checking '/home/sejong/Desktop/SH_ws/install/SH_moveit_config/bin'
[2.797s] INFO:colcon.colcon_core.shell:Creating package script '/home/sejong/Desktop/SH_ws/install/SH_moveit_config/share/SH_moveit_config/package.ps1'
[2.797s] INFO:colcon.colcon_core.shell:Creating package descriptor '/home/sejong/Desktop/SH_ws/install/SH_moveit_config/share/SH_moveit_config/package.dsv'
[2.797s] INFO:colcon.colcon_core.shell:Creating package script '/home/sejong/Desktop/SH_ws/install/SH_moveit_config/share/SH_moveit_config/package.sh'
[2.798s] INFO:colcon.colcon_core.shell:Creating package script '/home/sejong/Desktop/SH_ws/install/SH_moveit_config/share/SH_moveit_config/package.bash'
[2.798s] INFO:colcon.colcon_core.shell:Creating package script '/home/sejong/Desktop/SH_ws/install/SH_moveit_config/share/SH_moveit_config/package.zsh'
[2.798s] Level 1:colcon.colcon_core.environment:create_file_with_runtime_dependencies(/home/sejong/Desktop/SH_ws/install/SH_moveit_config/share/colcon-core/packages/SH_moveit_config)
[9.568s] DEBUG:colcon.colcon_core.event_handler.log_command:Invoked command in '/home/sejong/Desktop/SH_ws/build/sh_motion_cpp' returned '0': CMAKE_PREFIX_PATH=${CMAKE_PREFIX_PATH}:/home/sejong/Desktop/SH_ws/install/sh_motion_demo:/home/sejong/Desktop/SH_ws/install/SH_Humanoid_description:/opt/ros/jazzy DEBUGINFOD_URLS=https://debuginfod.ubuntu.com /usr/bin/cmake --build /home/sejong/Desktop/SH_ws/build/sh_motion_cpp -- -j14 -l14
[9.570s] DEBUG:colcon.colcon_core.event_handler.log_command:Invoking command in '/home/sejong/Desktop/SH_ws/build/sh_motion_cpp': CMAKE_PREFIX_PATH=${CMAKE_PREFIX_PATH}:/home/sejong/Desktop/SH_ws/install/sh_motion_demo:/home/sejong/Desktop/SH_ws/install/SH_Humanoid_description:/opt/ros/jazzy DEBUGINFOD_URLS=https://debuginfod.ubuntu.com /usr/bin/cmake --install /home/sejong/Desktop/SH_ws/build/sh_motion_cpp
[9.761s] Level 1:colcon.colcon_core.environment:create_environment_scripts_only(sh_motion_cpp)
[9.761s] Level 1:colcon.colcon_core.environment:checking '/home/sejong/Desktop/SH_ws/install/sh_motion_cpp' for CMake module files
[9.762s] DEBUG:colcon.colcon_core.event_handler.log_command:Invoked command in '/home/sejong/Desktop/SH_ws/build/sh_motion_cpp' returned '0': CMAKE_PREFIX_PATH=${CMAKE_PREFIX_PATH}:/home/sejong/Desktop/SH_ws/install/sh_motion_demo:/home/sejong/Desktop/SH_ws/install/SH_Humanoid_description:/opt/ros/jazzy DEBUGINFOD_URLS=https://debuginfod.ubuntu.com /usr/bin/cmake --install /home/sejong/Desktop/SH_ws/build/sh_motion_cpp
[9.763s] Level 1:colcon.colcon_core.environment:checking '/home/sejong/Desktop/SH_ws/install/sh_motion_cpp' for CMake config files
[9.764s] Level 1:colcon.colcon_core.shell:create_environment_hook('sh_motion_cpp', 'cmake_prefix_path')
[9.764s] INFO:colcon.colcon_core.shell:Creating environment hook '/home/sejong/Desktop/SH_ws/install/sh_motion_cpp/share/sh_motion_cpp/hook/cmake_prefix_path.ps1'
[9.765s] INFO:colcon.colcon_core.shell:Creating environment descriptor '/home/sejong/Desktop/SH_ws/install/sh_motion_cpp/share/sh_motion_cpp/hook/cmake_prefix_path.dsv'
[9.766s] INFO:colcon.colcon_core.shell:Creating environment hook '/home/sejong/Desktop/SH_ws/install/sh_motion_cpp/share/sh_motion_cpp/hook/cmake_prefix_path.sh'
[9.767s] Level 1:colcon.colcon_core.environment:checking '/home/sejong/Desktop/SH_ws/install/sh_motion_cpp/lib'
[9.767s] Level 1:colcon.colcon_core.environment:checking '/home/sejong/Desktop/SH_ws/install/sh_motion_cpp/bin'
[9.767s] Level 1:colcon.colcon_core.environment:checking '/home/sejong/Desktop/SH_ws/install/sh_motion_cpp/lib/pkgconfig/sh_motion_cpp.pc'
[9.767s] Level 1:colcon.colcon_core.environment:checking '/home/sejong/Desktop/SH_ws/install/sh_motion_cpp/lib/python3.12/site-packages'
[9.768s] Level 1:colcon.colcon_core.environment:checking '/home/sejong/Desktop/SH_ws/install/sh_motion_cpp/bin'
[9.768s] INFO:colcon.colcon_core.shell:Creating package script '/home/sejong/Desktop/SH_ws/install/sh_motion_cpp/share/sh_motion_cpp/package.ps1'
[9.769s] INFO:colcon.colcon_core.shell:Creating package descriptor '/home/sejong/Desktop/SH_ws/install/sh_motion_cpp/share/sh_motion_cpp/package.dsv'
[9.770s] INFO:colcon.colcon_core.shell:Creating package script '/home/sejong/Desktop/SH_ws/install/sh_motion_cpp/share/sh_motion_cpp/package.sh'
[9.770s] INFO:colcon.colcon_core.shell:Creating package script '/home/sejong/Desktop/SH_ws/install/sh_motion_cpp/share/sh_motion_cpp/package.bash'
[9.771s] INFO:colcon.colcon_core.shell:Creating package script '/home/sejong/Desktop/SH_ws/install/sh_motion_cpp/share/sh_motion_cpp/package.zsh'
[9.771s] Level 1:colcon.colcon_core.environment:create_file_with_runtime_dependencies(/home/sejong/Desktop/SH_ws/install/sh_motion_cpp/share/colcon-core/packages/sh_motion_cpp)
[9.772s] Level 1:colcon.colcon_core.environment:create_environment_scripts_only(sh_motion_cpp)
[9.772s] Level 1:colcon.colcon_core.environment:checking '/home/sejong/Desktop/SH_ws/install/sh_motion_cpp' for CMake module files
[9.773s] Level 1:colcon.colcon_core.environment:checking '/home/sejong/Desktop/SH_ws/install/sh_motion_cpp' for CMake config files
[9.774s] Level 1:colcon.colcon_core.shell:create_environment_hook('sh_motion_cpp', 'cmake_prefix_path')
[9.774s] INFO:colcon.colcon_core.shell:Creating environment hook '/home/sejong/Desktop/SH_ws/install/sh_motion_cpp/share/sh_motion_cpp/hook/cmake_prefix_path.ps1'
[9.775s] INFO:colcon.colcon_core.shell:Creating environment descriptor '/home/sejong/Desktop/SH_ws/install/sh_motion_cpp/share/sh_motion_cpp/hook/cmake_prefix_path.dsv'
[9.775s] INFO:colcon.colcon_core.shell:Creating environment hook '/home/sejong/Desktop/SH_ws/install/sh_motion_cpp/share/sh_motion_cpp/hook/cmake_prefix_path.sh'
[9.776s] Level 1:colcon.colcon_core.environment:checking '/home/sejong/Desktop/SH_ws/install/sh_motion_cpp/lib'
[9.776s] Level 1:colcon.colcon_core.environment:checking '/home/sejong/Desktop/SH_ws/install/sh_motion_cpp/bin'
[9.776s] Level 1:colcon.colcon_core.environment:checking '/home/sejong/Desktop/SH_ws/install/sh_motion_cpp/lib/pkgconfig/sh_motion_cpp.pc'
[9.777s] Level 1:colcon.colcon_core.environment:checking '/home/sejong/Desktop/SH_ws/install/sh_motion_cpp/lib/python3.12/site-packages'
[9.777s] Level 1:colcon.colcon_core.environment:checking '/home/sejong/Desktop/SH_ws/install/sh_motion_cpp/bin'
[9.778s] INFO:colcon.colcon_core.shell:Creating package script '/home/sejong/Desktop/SH_ws/install/sh_motion_cpp/share/sh_motion_cpp/package.ps1'
[9.779s] INFO:colcon.colcon_core.shell:Creating package descriptor '/home/sejong/Desktop/SH_ws/install/sh_motion_cpp/share/sh_motion_cpp/package.dsv'
[9.779s] INFO:colcon.colcon_core.shell:Creating package script '/home/sejong/Desktop/SH_ws/install/sh_motion_cpp/share/sh_motion_cpp/package.sh'
[9.780s] INFO:colcon.colcon_core.shell:Creating package script '/home/sejong/Desktop/SH_ws/install/sh_motion_cpp/share/sh_motion_cpp/package.bash'
[9.781s] INFO:colcon.colcon_core.shell:Creating package script '/home/sejong/Desktop/SH_ws/install/sh_motion_cpp/share/sh_motion_cpp/package.zsh'
[9.781s] Level 1:colcon.colcon_core.environment:create_file_with_runtime_dependencies(/home/sejong/Desktop/SH_ws/install/sh_motion_cpp/share/colcon-core/packages/sh_motion_cpp)
[9.781s] DEBUG:colcon.colcon_parallel_executor.executor.parallel:closing loop
[9.782s] DEBUG:colcon.colcon_parallel_executor.executor.parallel:loop closed
[9.782s] DEBUG:colcon.colcon_parallel_executor.executor.parallel:run_until_complete finished with '0'
[9.782s] DEBUG:colcon.colcon_core.event_reactor:joining thread
[9.793s] INFO:colcon.colcon_core.plugin_system:Skipping extension 'colcon_notification.desktop_notification.terminal_notifier': Not used on non-Darwin systems
[9.793s] INFO:colcon.colcon_core.plugin_system:Skipping extension 'colcon_notification.desktop_notification.win32': Not used on non-Windows systems
[9.793s] INFO:colcon.colcon_notification.desktop_notification:Sending desktop notification using 'notify2'
[9.818s] DEBUG:colcon.colcon_core.event_reactor:joined thread
[9.819s] INFO:colcon.colcon_core.shell:Creating prefix script '/home/sejong/Desktop/SH_ws/install/local_setup.ps1'
[9.820s] INFO:colcon.colcon_core.shell:Creating prefix util module '/home/sejong/Desktop/SH_ws/install/_local_setup_util_ps1.py'
[9.822s] INFO:colcon.colcon_core.shell:Creating prefix chain script '/home/sejong/Desktop/SH_ws/install/setup.ps1'
[9.824s] INFO:colcon.colcon_core.shell:Creating prefix script '/home/sejong/Desktop/SH_ws/install/local_setup.sh'
[9.824s] INFO:colcon.colcon_core.shell:Creating prefix util module '/home/sejong/Desktop/SH_ws/install/_local_setup_util_sh.py'
[9.825s] INFO:colcon.colcon_core.shell:Creating prefix chain script '/home/sejong/Desktop/SH_ws/install/setup.sh'
[9.827s] INFO:colcon.colcon_core.shell:Creating prefix script '/home/sejong/Desktop/SH_ws/install/local_setup.bash'
[9.827s] INFO:colcon.colcon_core.shell:Creating prefix chain script '/home/sejong/Desktop/SH_ws/install/setup.bash'
[9.828s] INFO:colcon.colcon_core.shell:Creating prefix script '/home/sejong/Desktop/SH_ws/install/local_setup.zsh'
[9.829s] INFO:colcon.colcon_core.shell:Creating prefix chain script '/home/sejong/Desktop/SH_ws/install/setup.zsh'
