[0.010s] Invoking command in '/home/sejong/Desktop/SH_ws/build/sh_motion_cpp': CMAKE_PREFIX_PATH=/home/sejong/Desktop/SH_ws/install/sh_motion_demo:/home/sejong/Desktop/SH_ws/install/SH_Humanoid_description:/opt/ros/jazzy:/home/sejong/Desktop/SH_ws/install/ros2_interfaces:/home/sejong/Desktop/SH_ws/install/sh_motion_cpp:/home/sejong/Desktop/SH_ws/install/SH_moveit_head_config:/home/sejong/Desktop/SH_ws/install/SH_moveit_demo_config:/home/sejong/Desktop/SH_ws/install/SH_moveit_config:/opt/ros/jazzy/opt/sdformat_vendor:/opt/ros/jazzy/opt/gz_math_vendor:/opt/ros/jazzy/opt/gz_utils_vendor:/opt/ros/jazzy/opt/gz_tools_vendor:/opt/ros/jazzy/opt/gz_cmake_vendor DEBUGINFOD_URLS=https://debuginfod.ubuntu.com LD_LIBRARY_PATH=/home/sejong/Desktop/SH_ws/install/ros2_interfaces/lib:/opt/ros/jazzy/opt/sdformat_vendor/lib:/opt/ros/jazzy/opt/rviz_ogre_vendor/lib:/opt/ros/jazzy/lib/aarch64-linux-gnu:/opt/ros/jazzy/opt/gz_math_vendor/lib:/opt/ros/jazzy/opt/gz_utils_vendor/lib:/opt/ros/jazzy/opt/gz_tools_vendor/lib:/opt/ros/jazzy/opt/gz_cmake_vendor/lib:/opt/ros/jazzy/lib:/usr/local/cuda-13.2/lib64 PYTHONPATH=/home/sejong/Desktop/SH_ws/install/ros2_interfaces/lib/python3.12/site-packages:/home/sejong/Desktop/SH_ws/install/sh_motion_demo/lib/python3.12/site-packages:/home/sejong/Desktop/SH_ws/install/SH_Humanoid_description/lib/python3.12/site-packages:/opt/ros/jazzy/lib/python3.12/site-packages /usr/bin/cmake --build /home/sejong/Desktop/SH_ws/build/sh_motion_cpp -- -j14 -l14
[0.082s] [ 33%] Built target joint_state_bridge
[0.084s] [ 50%] [32mBuilding CXX object CMakeFiles/trajectory_bridge_node.dir/src/trajectory_bridge_node.cpp.o[0m
[0.086s] [ 83%] Built target wave
[1.824s] [01m[K/home/sejong/Desktop/SH_ws/src/sh_motion_cpp/src/trajectory_bridge_node.cpp:63:5:[m[K [01;31m[Kerror: [m[Kinvalid use of template-name ‘[01m[Krclcpp::Publisher[m[K’ without an argument list
[1.825s]    63 |     [01;31m[Krclcpp[m[K::Publisher
[1.825s]       |     [01;31m[K^~~~~~[m[K
[1.825s] [01m[K/home/sejong/Desktop/SH_ws/src/sh_motion_cpp/src/trajectory_bridge_node.cpp:64:31:[m[K [01;31m[Kerror: [m[Kexpected ‘[01m[K;[m[K’ at end of member declaration
[1.825s]    64 |         ros2_interfaces::msg::[01;31m[KUpperBodyCommand[m[K>::SharedPtr command_pub_;
[1.825s]       |                               [01;31m[K^~~~~~~~~~~~~~~~[m[K
[1.825s]       |                                               [32m[K;[m[K
[1.825s] [01m[K/home/sejong/Desktop/SH_ws/src/sh_motion_cpp/src/trajectory_bridge_node.cpp:64:47:[m[K [01;31m[Kerror: [m[Kexpected unqualified-id before ‘[01m[K>[m[K’ token
[1.825s]    64 |         ros2_interfaces::msg::UpperBodyCommand[01;31m[K>[m[K::SharedPtr command_pub_;
[1.825s]       |                                               [01;31m[K^[m[K
[1.853s] [01m[K/home/sejong/Desktop/SH_ws/src/sh_motion_cpp/src/trajectory_bridge_node.cpp:[m[K In constructor ‘[01m[KTrajectoryBridge::[01;32m[KTrajectoryBridge[m[K()[m[K’:
[1.853s] [01m[K/home/sejong/Desktop/SH_ws/src/sh_motion_cpp/src/trajectory_bridge_node.cpp:48:9:[m[K [01;31m[Kerror: [m[K‘[01m[Kcommand_pub_[m[K’ was not declared in this scope
[1.853s]    48 |         [01;31m[Kcommand_pub_[m[K =
[1.853s]       |         [01;31m[K^~~~~~~~~~~~[m[K
[1.874s] [01m[K/home/sejong/Desktop/SH_ws/src/sh_motion_cpp/src/trajectory_bridge_node.cpp:[m[K In member function ‘[01m[Kvoid TrajectoryBridge::[01;32m[KpublishCommand[m[K(double)[m[K’:
[1.874s] [01m[K/home/sejong/Desktop/SH_ws/src/sh_motion_cpp/src/trajectory_bridge_node.cpp:263:9:[m[K [01;31m[Kerror: [m[K‘[01m[Kcommand_pub_[m[K’ was not declared in this scope
[1.874s]   263 |         [01;31m[Kcommand_pub_[m[K->publish(cmd);
[1.874s]       |         [01;31m[K^~~~~~~~~~~~[m[K
[3.070s] gmake[2]: *** [CMakeFiles/trajectory_bridge_node.dir/build.make:76: CMakeFiles/trajectory_bridge_node.dir/src/trajectory_bridge_node.cpp.o] Error 1
[3.070s] gmake[1]: *** [CMakeFiles/Makefile2:167: CMakeFiles/trajectory_bridge_node.dir/all] Error 2
[3.070s] gmake: *** [Makefile:146: all] Error 2
[3.075s] Invoked command in '/home/sejong/Desktop/SH_ws/build/sh_motion_cpp' returned '2': CMAKE_PREFIX_PATH=/home/sejong/Desktop/SH_ws/install/sh_motion_demo:/home/sejong/Desktop/SH_ws/install/SH_Humanoid_description:/opt/ros/jazzy:/home/sejong/Desktop/SH_ws/install/ros2_interfaces:/home/sejong/Desktop/SH_ws/install/sh_motion_cpp:/home/sejong/Desktop/SH_ws/install/SH_moveit_head_config:/home/sejong/Desktop/SH_ws/install/SH_moveit_demo_config:/home/sejong/Desktop/SH_ws/install/SH_moveit_config:/opt/ros/jazzy/opt/sdformat_vendor:/opt/ros/jazzy/opt/gz_math_vendor:/opt/ros/jazzy/opt/gz_utils_vendor:/opt/ros/jazzy/opt/gz_tools_vendor:/opt/ros/jazzy/opt/gz_cmake_vendor DEBUGINFOD_URLS=https://debuginfod.ubuntu.com LD_LIBRARY_PATH=/home/sejong/Desktop/SH_ws/install/ros2_interfaces/lib:/opt/ros/jazzy/opt/sdformat_vendor/lib:/opt/ros/jazzy/opt/rviz_ogre_vendor/lib:/opt/ros/jazzy/lib/aarch64-linux-gnu:/opt/ros/jazzy/opt/gz_math_vendor/lib:/opt/ros/jazzy/opt/gz_utils_vendor/lib:/opt/ros/jazzy/opt/gz_tools_vendor/lib:/opt/ros/jazzy/opt/gz_cmake_vendor/lib:/opt/ros/jazzy/lib:/usr/local/cuda-13.2/lib64 PYTHONPATH=/home/sejong/Desktop/SH_ws/install/ros2_interfaces/lib/python3.12/site-packages:/home/sejong/Desktop/SH_ws/install/sh_motion_demo/lib/python3.12/site-packages:/home/sejong/Desktop/SH_ws/install/SH_Humanoid_description/lib/python3.12/site-packages:/opt/ros/jazzy/lib/python3.12/site-packages /usr/bin/cmake --build /home/sejong/Desktop/SH_ws/build/sh_motion_cpp -- -j14 -l14
