[0.850s] Invoking command in '/home/sejong/Desktop/SH_ws/build/SH_Humanoid_description': DEBUGINFOD_URLS=https://debuginfod.ubuntu.com PYTHONPATH=/home/sejong/Desktop/SH_ws/build/SH_Humanoid_description/prefix_override:/usr/lib/python3/dist-packages/colcon_core/task/python/colcon_distutils_commands:/home/sejong/Desktop/SH_ws/install/SH_Humanoid_description/lib/python3.12/site-packages:${PYTHONPATH} /usr/bin/python3 -W ignore:setup.py install is deprecated -W ignore:easy_install command is deprecated setup.py develop --uninstall --editable --build-directory /home/sejong/Desktop/SH_ws/build/SH_Humanoid_description/build
[0.999s] /usr/lib/python3/dist-packages/setuptools/dist.py:744: SetuptoolsDeprecationWarning: Invalid dash-separated options
[0.999s] !!
[0.999s] 
[0.999s]         ********************************************************************************
[0.999s]         Usage of dash-separated 'script-dir' will not be supported in future
[1.000s]         versions. Please use the underscore name 'script_dir' instead.
[1.000s] 
[1.000s]         This deprecation is overdue, please update your project and remove deprecated
[1.000s]         calls to avoid build errors in the future.
[1.000s] 
[1.000s]         See https://setuptools.pypa.io/en/latest/userguide/declarative_config.html for details.
[1.000s]         ********************************************************************************
[1.000s] 
[1.001s] !!
[1.001s]   opt = self.warn_dash_deprecation(opt, section)
[1.165s] running develop
[1.336s] Removing /home/sejong/Desktop/SH_ws/install/SH_Humanoid_description/lib/python3.12/site-packages/SH-Humanoid-description.egg-link (link to .)
[1.372s] Invoked command in '/home/sejong/Desktop/SH_ws/build/SH_Humanoid_description' returned '0': DEBUGINFOD_URLS=https://debuginfod.ubuntu.com PYTHONPATH=/home/sejong/Desktop/SH_ws/build/SH_Humanoid_description/prefix_override:/usr/lib/python3/dist-packages/colcon_core/task/python/colcon_distutils_commands:/home/sejong/Desktop/SH_ws/install/SH_Humanoid_description/lib/python3.12/site-packages:${PYTHONPATH} /usr/bin/python3 -W ignore:setup.py install is deprecated -W ignore:easy_install command is deprecated setup.py develop --uninstall --editable --build-directory /home/sejong/Desktop/SH_ws/build/SH_Humanoid_description/build
[1.374s] Invoking command in '/home/sejong/Desktop/SH_ws/src/SH_Humanoid_description': DEBUGINFOD_URLS=https://debuginfod.ubuntu.com PYTHONPATH=/home/sejong/Desktop/SH_ws/build/SH_Humanoid_description/prefix_override:/usr/lib/python3/dist-packages/colcon_core/task/python/colcon_distutils_commands:/home/sejong/Desktop/SH_ws/install/SH_Humanoid_description/lib/python3.12/site-packages:${PYTHONPATH} /usr/bin/python3 -W ignore:setup.py install is deprecated -W ignore:easy_install command is deprecated setup.py egg_info --egg-base ../../build/SH_Humanoid_description build --build-base /home/sejong/Desktop/SH_ws/build/SH_Humanoid_description/build install --record /home/sejong/Desktop/SH_ws/build/SH_Humanoid_description/install.log --install-scripts $base/lib/SH_Humanoid_description --single-version-externally-managed install_data --force
[1.522s] /usr/lib/python3/dist-packages/setuptools/dist.py:744: SetuptoolsDeprecationWarning: Invalid dash-separated options
[1.522s] !!
[1.522s] 
[1.523s]         ********************************************************************************
[1.523s]         Usage of dash-separated 'script-dir' will not be supported in future
[1.523s]         versions. Please use the underscore name 'script_dir' instead.
[1.523s] 
[1.523s]         This deprecation is overdue, please update your project and remove deprecated
[1.523s]         calls to avoid build errors in the future.
[1.523s] 
[1.523s]         See https://setuptools.pypa.io/en/latest/userguide/declarative_config.html for details.
[1.523s]         ********************************************************************************
[1.524s] 
[1.524s] !!
[1.524s]   opt = self.warn_dash_deprecation(opt, section)
[1.642s] running egg_info
[1.657s] writing ../../build/SH_Humanoid_description/SH_Humanoid_description.egg-info/PKG-INFO
[1.659s] writing dependency_links to ../../build/SH_Humanoid_description/SH_Humanoid_description.egg-info/dependency_links.txt
[1.659s] writing requirements to ../../build/SH_Humanoid_description/SH_Humanoid_description.egg-info/requires.txt
[1.659s] writing top-level names to ../../build/SH_Humanoid_description/SH_Humanoid_description.egg-info/top_level.txt
[1.694s] reading manifest file '../../build/SH_Humanoid_description/SH_Humanoid_description.egg-info/SOURCES.txt'
[1.698s] writing manifest file '../../build/SH_Humanoid_description/SH_Humanoid_description.egg-info/SOURCES.txt'
[1.698s] running build
[1.698s] running build_py
[1.699s] running install
[1.706s] running install_lib
[1.724s] creating /home/sejong/Desktop/SH_ws/install/SH_Humanoid_description/lib/python3.12/site-packages/SH_Humanoid_description
[1.724s] copying /home/sejong/Desktop/SH_ws/build/SH_Humanoid_description/build/lib/SH_Humanoid_description/__init__.py -> /home/sejong/Desktop/SH_ws/install/SH_Humanoid_description/lib/python3.12/site-packages/SH_Humanoid_description
[1.724s] byte-compiling /home/sejong/Desktop/SH_ws/install/SH_Humanoid_description/lib/python3.12/site-packages/SH_Humanoid_description/__init__.py to __init__.cpython-312.pyc
[1.724s] running install_data
[1.724s] copying resource/SH_Humanoid_description -> /home/sejong/Desktop/SH_ws/install/SH_Humanoid_description/share/ament_index/resource_index/packages
[1.725s] copying package.xml -> /home/sejong/Desktop/SH_ws/install/SH_Humanoid_description/share/SH_Humanoid_description
[1.725s] copying launch/display.launch.py -> /home/sejong/Desktop/SH_ws/install/SH_Humanoid_description/share/SH_Humanoid_description/launch
[1.725s] copying launch/gazebo.launch.py -> /home/sejong/Desktop/SH_ws/install/SH_Humanoid_description/share/SH_Humanoid_description/launch
[1.725s] copying urdf/SH_Humanoid.xacro -> /home/sejong/Desktop/SH_ws/install/SH_Humanoid_description/share/SH_Humanoid_description/urdf
[1.725s] copying urdf/SH_Humanoid.trans -> /home/sejong/Desktop/SH_ws/install/SH_Humanoid_description/share/SH_Humanoid_description/urdf
[1.725s] copying urdf/materials.xacro -> /home/sejong/Desktop/SH_ws/install/SH_Humanoid_description/share/SH_Humanoid_description/urdf
[1.725s] copying urdf/SH_Humanoid(with hand, fingers).urdf -> /home/sejong/Desktop/SH_ws/install/SH_Humanoid_description/share/SH_Humanoid_description/urdf
[1.725s] copying urdf/SH_Humanoid_head.urdf -> /home/sejong/Desktop/SH_ws/install/SH_Humanoid_description/share/SH_Humanoid_description/urdf
[1.726s] copying urdf/SH_Humanoid.gazebo -> /home/sejong/Desktop/SH_ws/install/SH_Humanoid_description/share/SH_Humanoid_description/urdf
[1.726s] copying urdf/SH_Humanoid.urdf -> /home/sejong/Desktop/SH_ws/install/SH_Humanoid_description/share/SH_Humanoid_description/urdf
[1.726s] copying meshes/left_ring_force_sensor_2.STL -> /home/sejong/Desktop/SH_ws/install/SH_Humanoid_description/share/SH_Humanoid_description/meshes
[1.726s] copying meshes/right_little_force_sensor_3.STL -> /home/sejong/Desktop/SH_ws/install/SH_Humanoid_description/share/SH_Humanoid_description/meshes
[1.726s] copying meshes/right_little_force_sensor_1.STL -> /home/sejong/Desktop/SH_ws/install/SH_Humanoid_description/share/SH_Humanoid_description/meshes
[1.727s] copying meshes/right_index_2.STL -> /home/sejong/Desktop/SH_ws/install/SH_Humanoid_description/share/SH_Humanoid_description/meshes
[1.728s] copying meshes/right_hip_yaw_link.STL -> /home/sejong/Desktop/SH_ws/install/SH_Humanoid_description/share/SH_Humanoid_description/meshes
[1.728s] copying meshes/right_hand_index_1_link.STL -> /home/sejong/Desktop/SH_ws/install/SH_Humanoid_description/share/SH_Humanoid_description/meshes
[1.732s] copying meshes/right_hip_pitch_link.STL -> /home/sejong/Desktop/SH_ws/install/SH_Humanoid_description/share/SH_Humanoid_description/meshes
[1.732s] copying meshes/left_hand_index_0_link.STL -> /home/sejong/Desktop/SH_ws/install/SH_Humanoid_description/share/SH_Humanoid_description/meshes
[1.732s] copying meshes/left_shoulder_pitch_link.STL -> /home/sejong/Desktop/SH_ws/install/SH_Humanoid_description/share/SH_Humanoid_description/meshes
[1.732s] copying meshes/left_wrist_yaw_link_5010.STL -> /home/sejong/Desktop/SH_ws/install/SH_Humanoid_description/share/SH_Humanoid_description/meshes
[1.732s] copying meshes/left_wrist_pitch_link_5010.STL -> /home/sejong/Desktop/SH_ws/install/SH_Humanoid_description/share/SH_Humanoid_description/meshes
[1.732s] copying meshes/left_index_force_sensor_3.STL -> /home/sejong/Desktop/SH_ws/install/SH_Humanoid_description/share/SH_Humanoid_description/meshes
[1.732s] copying meshes/Head__1__1.stl -> /home/sejong/Desktop/SH_ws/install/SH_Humanoid_description/share/SH_Humanoid_description/meshes
[1.733s] copying meshes/arm7_l_1.stl -> /home/sejong/Desktop/SH_ws/install/SH_Humanoid_description/share/SH_Humanoid_description/meshes
[1.733s] copying meshes/left_middle_force_sensor_3.STL -> /home/sejong/Desktop/SH_ws/install/SH_Humanoid_description/share/SH_Humanoid_description/meshes
[1.733s] copying meshes/left_little_force_sensor_3.STL -> /home/sejong/Desktop/SH_ws/install/SH_Humanoid_description/share/SH_Humanoid_description/meshes
[1.733s] copying meshes/left_ankle_roll_link.STL -> /home/sejong/Desktop/SH_ws/install/SH_Humanoid_description/share/SH_Humanoid_description/meshes
[1.734s] copying meshes/right_base_link.STL -> /home/sejong/Desktop/SH_ws/install/SH_Humanoid_description/share/SH_Humanoid_description/meshes
[1.738s] copying meshes/left_shoulder_roll_link.STL -> /home/sejong/Desktop/SH_ws/install/SH_Humanoid_description/share/SH_Humanoid_description/meshes
[1.739s] copying meshes/right_little_1.STL -> /home/sejong/Desktop/SH_ws/install/SH_Humanoid_description/share/SH_Humanoid_description/meshes
[1.740s] copying meshes/right_wrist_pitch_link.STL -> /home/sejong/Desktop/SH_ws/install/SH_Humanoid_description/share/SH_Humanoid_description/meshes
[1.740s] copying meshes/right_hand_palm_link.STL -> /home/sejong/Desktop/SH_ws/install/SH_Humanoid_description/share/SH_Humanoid_description/meshes
[1.742s] copying meshes/right_hand_middle_0_link.STL -> /home/sejong/Desktop/SH_ws/install/SH_Humanoid_description/share/SH_Humanoid_description/meshes
[1.742s] copying meshes/right_ring_force_sensor_3.STL -> /home/sejong/Desktop/SH_ws/install/SH_Humanoid_description/share/SH_Humanoid_description/meshes
[1.743s] copying meshes/right_thumb_force_sensor_1.STL -> /home/sejong/Desktop/SH_ws/install/SH_Humanoid_description/share/SH_Humanoid_description/meshes
[1.743s] copying meshes/left_thumb_force_sensor_4.STL -> /home/sejong/Desktop/SH_ws/install/SH_Humanoid_description/share/SH_Humanoid_description/meshes
[1.743s] copying meshes/left_ring_force_sensor_1.STL -> /home/sejong/Desktop/SH_ws/install/SH_Humanoid_description/share/SH_Humanoid_description/meshes
[1.744s] copying meshes/left_knee_link.STL -> /home/sejong/Desktop/SH_ws/install/SH_Humanoid_description/share/SH_Humanoid_description/meshes
[1.745s] copying meshes/right_wrist_roll_link_5010.STL -> /home/sejong/Desktop/SH_ws/install/SH_Humanoid_description/share/SH_Humanoid_description/meshes
[1.748s] copying meshes/left_base_link.STL -> /home/sejong/Desktop/SH_ws/install/SH_Humanoid_description/share/SH_Humanoid_description/meshes
[1.749s] copying meshes/right_thumb_1.STL -> /home/sejong/Desktop/SH_ws/install/SH_Humanoid_description/share/SH_Humanoid_description/meshes
[1.749s] copying meshes/left_index_force_sensor_1.STL -> /home/sejong/Desktop/SH_ws/install/SH_Humanoid_description/share/SH_Humanoid_description/meshes
[1.750s] copying meshes/left_little_1.STL -> /home/sejong/Desktop/SH_ws/install/SH_Humanoid_description/share/SH_Humanoid_description/meshes
[1.750s] copying meshes/left_index_1.STL -> /home/sejong/Desktop/SH_ws/install/SH_Humanoid_description/share/SH_Humanoid_description/meshes
[1.751s] copying meshes/arm5_l_1.stl -> /home/sejong/Desktop/SH_ws/install/SH_Humanoid_description/share/SH_Humanoid_description/meshes
[1.752s] copying meshes/right_rubber_hand.STL -> /home/sejong/Desktop/SH_ws/install/SH_Humanoid_description/share/SH_Humanoid_description/meshes
[1.755s] copying meshes/arm7_r_1.stl -> /home/sejong/Desktop/SH_ws/install/SH_Humanoid_description/share/SH_Humanoid_description/meshes
[1.755s] copying meshes/right_ring_1.STL -> /home/sejong/Desktop/SH_ws/install/SH_Humanoid_description/share/SH_Humanoid_description/meshes
[1.756s] copying meshes/arm3_l_1.stl -> /home/sejong/Desktop/SH_ws/install/SH_Humanoid_description/share/SH_Humanoid_description/meshes
[1.758s] copying meshes/right_ring_2.STL -> /home/sejong/Desktop/SH_ws/install/SH_Humanoid_description/share/SH_Humanoid_description/meshes
[1.759s] copying meshes/left_palm_force_sensor.STL -> /home/sejong/Desktop/SH_ws/install/SH_Humanoid_description/share/SH_Humanoid_description/meshes
[1.760s] copying meshes/right_thumb_force_sensor_3.STL -> /home/sejong/Desktop/SH_ws/install/SH_Humanoid_description/share/SH_Humanoid_description/meshes
[1.761s] copying meshes/arm6_r_1.stl -> /home/sejong/Desktop/SH_ws/install/SH_Humanoid_description/share/SH_Humanoid_description/meshes
[1.762s] copying meshes/right_thumb_force_sensor_4.STL -> /home/sejong/Desktop/SH_ws/install/SH_Humanoid_description/share/SH_Humanoid_description/meshes
[1.762s] copying meshes/left_hand_middle_0_link.STL -> /home/sejong/Desktop/SH_ws/install/SH_Humanoid_description/share/SH_Humanoid_description/meshes
[1.763s] copying meshes/left_hand_palm_link.STL -> /home/sejong/Desktop/SH_ws/install/SH_Humanoid_description/share/SH_Humanoid_description/meshes
[1.765s] copying meshes/left_elbow_link.STL -> /home/sejong/Desktop/SH_ws/install/SH_Humanoid_description/share/SH_Humanoid_description/meshes
[1.765s] copying meshes/right_ring_force_sensor_2.STL -> /home/sejong/Desktop/SH_ws/install/SH_Humanoid_description/share/SH_Humanoid_description/meshes
[1.766s] copying meshes/right_index_force_sensor_2.STL -> /home/sejong/Desktop/SH_ws/install/SH_Humanoid_description/share/SH_Humanoid_description/meshes
[1.766s] copying meshes/left_middle_force_sensor_1.STL -> /home/sejong/Desktop/SH_ws/install/SH_Humanoid_description/share/SH_Humanoid_description/meshes
[1.767s] copying meshes/left_thumb_4.STL -> /home/sejong/Desktop/SH_ws/install/SH_Humanoid_description/share/SH_Humanoid_description/meshes
[1.767s] copying meshes/right_shoulder_roll_link.STL -> /home/sejong/Desktop/SH_ws/install/SH_Humanoid_description/share/SH_Humanoid_description/meshes
[1.768s] copying meshes/left_middle_force_sensor_2.STL -> /home/sejong/Desktop/SH_ws/install/SH_Humanoid_description/share/SH_Humanoid_description/meshes
[1.768s] copying meshes/right_wrist_roll_link.STL -> /home/sejong/Desktop/SH_ws/install/SH_Humanoid_description/share/SH_Humanoid_description/meshes
[1.769s] copying meshes/left_ring_1.STL -> /home/sejong/Desktop/SH_ws/install/SH_Humanoid_description/share/SH_Humanoid_description/meshes
[1.770s] copying meshes/left_thumb_swing.STL -> /home/sejong/Desktop/SH_ws/install/SH_Humanoid_description/share/SH_Humanoid_description/meshes
[1.770s] copying meshes/left_thumb_force_sensor_1.STL -> /home/sejong/Desktop/SH_ws/install/SH_Humanoid_description/share/SH_Humanoid_description/meshes
[1.770s] copying meshes/left_wrist_pitch_link.STL -> /home/sejong/Desktop/SH_ws/install/SH_Humanoid_description/share/SH_Humanoid_description/meshes
[1.771s] copying meshes/right_knee_link.STL -> /home/sejong/Desktop/SH_ws/install/SH_Humanoid_description/share/SH_Humanoid_description/meshes
[1.771s] copying meshes/arm1_l_1.stl -> /home/sejong/Desktop/SH_ws/install/SH_Humanoid_description/share/SH_Humanoid_description/meshes
[1.776s] copying meshes/right_ring_force_sensor_1.STL -> /home/sejong/Desktop/SH_ws/install/SH_Humanoid_description/share/SH_Humanoid_description/meshes
[1.777s] copying meshes/base_link.stl -> /home/sejong/Desktop/SH_ws/install/SH_Humanoid_description/share/SH_Humanoid_description/meshes
[1.786s] copying meshes/right_wrist_pitch_link_5010.STL -> /home/sejong/Desktop/SH_ws/install/SH_Humanoid_description/share/SH_Humanoid_description/meshes
[1.786s] copying meshes/left_ring_force_sensor_3.STL -> /home/sejong/Desktop/SH_ws/install/SH_Humanoid_description/share/SH_Humanoid_description/meshes
[1.786s] copying meshes/left_middle_2.STL -> /home/sejong/Desktop/SH_ws/install/SH_Humanoid_description/share/SH_Humanoid_description/meshes
[1.787s] copying meshes/right_index_force_sensor_1.STL -> /home/sejong/Desktop/SH_ws/install/SH_Humanoid_description/share/SH_Humanoid_description/meshes
[1.787s] copying meshes/left_wrist_roll_link.STL -> /home/sejong/Desktop/SH_ws/install/SH_Humanoid_description/share/SH_Humanoid_description/meshes
[1.788s] copying meshes/right_thumb_3.STL -> /home/sejong/Desktop/SH_ws/install/SH_Humanoid_description/share/SH_Humanoid_description/meshes
[1.788s] copying meshes/right_palm_force_sensor.STL -> /home/sejong/Desktop/SH_ws/install/SH_Humanoid_description/share/SH_Humanoid_description/meshes
[1.790s] copying meshes/arm6_l_1.stl -> /home/sejong/Desktop/SH_ws/install/SH_Humanoid_description/share/SH_Humanoid_description/meshes
[1.800s] copying meshes/left_shoulder_yaw_link.STL -> /home/sejong/Desktop/SH_ws/install/SH_Humanoid_description/share/SH_Humanoid_description/meshes
[1.800s] copying meshes/left_little_force_sensor_2.STL -> /home/sejong/Desktop/SH_ws/install/SH_Humanoid_description/share/SH_Humanoid_description/meshes
[1.800s] copying meshes/left_little_2.STL -> /home/sejong/Desktop/SH_ws/install/SH_Humanoid_description/share/SH_Humanoid_description/meshes
[1.800s] copying meshes/left_thumb_3.STL -> /home/sejong/Desktop/SH_ws/install/SH_Humanoid_description/share/SH_Humanoid_description/meshes
[1.800s] copying meshes/right_middle_force_sensor_3.STL -> /home/sejong/Desktop/SH_ws/install/SH_Humanoid_description/share/SH_Humanoid_description/meshes
[1.800s] copying meshes/arm2_r_1.stl -> /home/sejong/Desktop/SH_ws/install/SH_Humanoid_description/share/SH_Humanoid_description/meshes
[1.801s] copying meshes/right_hand_thumb_2_link.STL -> /home/sejong/Desktop/SH_ws/install/SH_Humanoid_description/share/SH_Humanoid_description/meshes
[1.803s] copying meshes/right_ankle_pitch_link.STL -> /home/sejong/Desktop/SH_ws/install/SH_Humanoid_description/share/SH_Humanoid_description/meshes
[1.803s] copying meshes/arm4_l_1.stl -> /home/sejong/Desktop/SH_ws/install/SH_Humanoid_description/share/SH_Humanoid_description/meshes
[1.812s] copying meshes/right_middle_force_sensor_1.STL -> /home/sejong/Desktop/SH_ws/install/SH_Humanoid_description/share/SH_Humanoid_description/meshes
[1.812s] copying meshes/right_hand_thumb_0_link.STL -> /home/sejong/Desktop/SH_ws/install/SH_Humanoid_description/share/SH_Humanoid_description/meshes
[1.812s] copying meshes/left_rubber_hand.STL -> /home/sejong/Desktop/SH_ws/install/SH_Humanoid_description/share/SH_Humanoid_description/meshes
[1.814s] copying meshes/left_hip_yaw_link.STL -> /home/sejong/Desktop/SH_ws/install/SH_Humanoid_description/share/SH_Humanoid_description/meshes
[1.815s] copying meshes/right_shoulder_pitch_link.STL -> /home/sejong/Desktop/SH_ws/install/SH_Humanoid_description/share/SH_Humanoid_description/meshes
[1.816s] copying meshes/right_wrist_yaw_link_5010.STL -> /home/sejong/Desktop/SH_ws/install/SH_Humanoid_description/share/SH_Humanoid_description/meshes
[1.816s] copying meshes/right_elbow_link.STL -> /home/sejong/Desktop/SH_ws/install/SH_Humanoid_description/share/SH_Humanoid_description/meshes
[1.816s] copying meshes/left_hand_thumb_0_link.STL -> /home/sejong/Desktop/SH_ws/install/SH_Humanoid_description/share/SH_Humanoid_description/meshes
[1.816s] copying meshes/left_thumb_force_sensor_3.STL -> /home/sejong/Desktop/SH_ws/install/SH_Humanoid_description/share/SH_Humanoid_description/meshes
[1.817s] copying meshes/left_index_force_sensor_2.STL -> /home/sejong/Desktop/SH_ws/install/SH_Humanoid_description/share/SH_Humanoid_description/meshes
[1.817s] copying meshes/arm4_r_1.stl -> /home/sejong/Desktop/SH_ws/install/SH_Humanoid_description/share/SH_Humanoid_description/meshes
[1.819s] copying meshes/right_hand_thumb_1_link.STL -> /home/sejong/Desktop/SH_ws/install/SH_Humanoid_description/share/SH_Humanoid_description/meshes
[1.819s] copying meshes/right_hand_middle_1_link.STL -> /home/sejong/Desktop/SH_ws/install/SH_Humanoid_description/share/SH_Humanoid_description/meshes
[1.821s] copying meshes/right_thumb_4.STL -> /home/sejong/Desktop/SH_ws/install/SH_Humanoid_description/share/SH_Humanoid_description/meshes
[1.821s] copying meshes/right_thumb_force_sensor_2.STL -> /home/sejong/Desktop/SH_ws/install/SH_Humanoid_description/share/SH_Humanoid_description/meshes
[1.822s] copying meshes/right_shoulder_yaw_link.STL -> /home/sejong/Desktop/SH_ws/install/SH_Humanoid_description/share/SH_Humanoid_description/meshes
[1.822s] copying meshes/arm2_l_1.stl -> /home/sejong/Desktop/SH_ws/install/SH_Humanoid_description/share/SH_Humanoid_description/meshes
[1.830s] copying meshes/arm5_r_1.stl -> /home/sejong/Desktop/SH_ws/install/SH_Humanoid_description/share/SH_Humanoid_description/meshes
[1.830s] copying meshes/left_hand_index_1_link.STL -> /home/sejong/Desktop/SH_ws/install/SH_Humanoid_description/share/SH_Humanoid_description/meshes
[1.831s] copying meshes/right_middle_force_sensor_2.STL -> /home/sejong/Desktop/SH_ws/install/SH_Humanoid_description/share/SH_Humanoid_description/meshes
[1.831s] copying meshes/right_wrist_roll_rubber_hand.STL -> /home/sejong/Desktop/SH_ws/install/SH_Humanoid_description/share/SH_Humanoid_description/meshes
[1.834s] copying meshes/left_thumb_force_sensor_2.STL -> /home/sejong/Desktop/SH_ws/install/SH_Humanoid_description/share/SH_Humanoid_description/meshes
[1.835s] copying meshes/left_ankle_pitch_link.STL -> /home/sejong/Desktop/SH_ws/install/SH_Humanoid_description/share/SH_Humanoid_description/meshes
[1.835s] copying meshes/left_ring_2.STL -> /home/sejong/Desktop/SH_ws/install/SH_Humanoid_description/share/SH_Humanoid_description/meshes
[1.835s] copying meshes/left_middle_1.STL -> /home/sejong/Desktop/SH_ws/install/SH_Humanoid_description/share/SH_Humanoid_description/meshes
[1.836s] copying meshes/left_little_force_sensor_1.STL -> /home/sejong/Desktop/SH_ws/install/SH_Humanoid_description/share/SH_Humanoid_description/meshes
[1.836s] copying meshes/right_index_1.STL -> /home/sejong/Desktop/SH_ws/install/SH_Humanoid_description/share/SH_Humanoid_description/meshes
[1.837s] copying meshes/right_little_2.STL -> /home/sejong/Desktop/SH_ws/install/SH_Humanoid_description/share/SH_Humanoid_description/meshes
[1.837s] copying meshes/right_middle_2.STL -> /home/sejong/Desktop/SH_ws/install/SH_Humanoid_description/share/SH_Humanoid_description/meshes
[1.838s] copying meshes/left_hip_pitch_link.STL -> /home/sejong/Desktop/SH_ws/install/SH_Humanoid_description/share/SH_Humanoid_description/meshes
[1.838s] copying meshes/arm1_r_1.stl -> /home/sejong/Desktop/SH_ws/install/SH_Humanoid_description/share/SH_Humanoid_description/meshes
[1.840s] copying meshes/right_middle_1.STL -> /home/sejong/Desktop/SH_ws/install/SH_Humanoid_description/share/SH_Humanoid_description/meshes
[1.841s] copying meshes/left_thumb_2.STL -> /home/sejong/Desktop/SH_ws/install/SH_Humanoid_description/share/SH_Humanoid_description/meshes
[1.841s] copying meshes/left_hand_thumb_1_link.STL -> /home/sejong/Desktop/SH_ws/install/SH_Humanoid_description/share/SH_Humanoid_description/meshes
[1.842s] copying meshes/left_wrist_roll_rubber_hand.STL -> /home/sejong/Desktop/SH_ws/install/SH_Humanoid_description/share/SH_Humanoid_description/meshes
[1.845s] copying meshes/left_index_2.STL -> /home/sejong/Desktop/SH_ws/install/SH_Humanoid_description/share/SH_Humanoid_description/meshes
[1.845s] copying meshes/right_index_force_sensor_3.STL -> /home/sejong/Desktop/SH_ws/install/SH_Humanoid_description/share/SH_Humanoid_description/meshes
[1.845s] copying meshes/right_hip_roll_link.STL -> /home/sejong/Desktop/SH_ws/install/SH_Humanoid_description/share/SH_Humanoid_description/meshes
[1.846s] copying meshes/left_wrist_yaw_link.STL -> /home/sejong/Desktop/SH_ws/install/SH_Humanoid_description/share/SH_Humanoid_description/meshes
[1.846s] copying meshes/right_wrist_yaw_link.STL -> /home/sejong/Desktop/SH_ws/install/SH_Humanoid_description/share/SH_Humanoid_description/meshes
[1.846s] copying meshes/right_ankle_roll_link.STL -> /home/sejong/Desktop/SH_ws/install/SH_Humanoid_description/share/SH_Humanoid_description/meshes
[1.847s] copying meshes/left_hand_thumb_2_link.STL -> /home/sejong/Desktop/SH_ws/install/SH_Humanoid_description/share/SH_Humanoid_description/meshes
[1.848s] copying meshes/right_little_force_sensor_2.STL -> /home/sejong/Desktop/SH_ws/install/SH_Humanoid_description/share/SH_Humanoid_description/meshes
[1.849s] copying meshes/left_hand_middle_1_link.STL -> /home/sejong/Desktop/SH_ws/install/SH_Humanoid_description/share/SH_Humanoid_description/meshes
[1.852s] copying meshes/arm3_r_1.stl -> /home/sejong/Desktop/SH_ws/install/SH_Humanoid_description/share/SH_Humanoid_description/meshes
[1.852s] copying meshes/right_hand_index_0_link.STL -> /home/sejong/Desktop/SH_ws/install/SH_Humanoid_description/share/SH_Humanoid_description/meshes
[1.853s] copying meshes/left_hip_roll_link.STL -> /home/sejong/Desktop/SH_ws/install/SH_Humanoid_description/share/SH_Humanoid_description/meshes
[1.853s] copying meshes/left_thumb_1.STL -> /home/sejong/Desktop/SH_ws/install/SH_Humanoid_description/share/SH_Humanoid_description/meshes
[1.853s] copying meshes/right_thumb_2.STL -> /home/sejong/Desktop/SH_ws/install/SH_Humanoid_description/share/SH_Humanoid_description/meshes
[1.853s] copying meshes/left_wrist_roll_link_5010.STL -> /home/sejong/Desktop/SH_ws/install/SH_Humanoid_description/share/SH_Humanoid_description/meshes
[1.855s] copying config/display.rviz -> /home/sejong/Desktop/SH_ws/install/SH_Humanoid_description/share/SH_Humanoid_description/config
[1.855s] running install_egg_info
[1.873s] Copying ../../build/SH_Humanoid_description/SH_Humanoid_description.egg-info to /home/sejong/Desktop/SH_ws/install/SH_Humanoid_description/lib/python3.12/site-packages/SH_Humanoid_description-0.0.0-py3.12.egg-info
[1.873s] running install_scripts
[1.966s] writing list of installed files to '/home/sejong/Desktop/SH_ws/build/SH_Humanoid_description/install.log'
[2.006s] Invoked command in '/home/sejong/Desktop/SH_ws/src/SH_Humanoid_description' returned '0': DEBUGINFOD_URLS=https://debuginfod.ubuntu.com PYTHONPATH=/home/sejong/Desktop/SH_ws/build/SH_Humanoid_description/prefix_override:/usr/lib/python3/dist-packages/colcon_core/task/python/colcon_distutils_commands:/home/sejong/Desktop/SH_ws/install/SH_Humanoid_description/lib/python3.12/site-packages:${PYTHONPATH} /usr/bin/python3 -W ignore:setup.py install is deprecated -W ignore:easy_install command is deprecated setup.py egg_info --egg-base ../../build/SH_Humanoid_description build --build-base /home/sejong/Desktop/SH_ws/build/SH_Humanoid_description/build install --record /home/sejong/Desktop/SH_ws/build/SH_Humanoid_description/install.log --install-scripts $base/lib/SH_Humanoid_description --single-version-externally-managed install_data --force
