[1.174s] Invoking command in '/home/sejong/Desktop/SH_ws/build/sh_motion_demo': DEBUGINFOD_URLS=https://debuginfod.ubuntu.com PYTHONPATH=/home/sejong/Desktop/SH_ws/build/sh_motion_demo/prefix_override:/usr/lib/python3/dist-packages/colcon_core/task/python/colcon_distutils_commands:/home/sejong/Desktop/SH_ws/install/sh_motion_demo/lib/python3.12/site-packages:${PYTHONPATH} /usr/bin/python3 -W ignore:setup.py install is deprecated -W ignore:easy_install command is deprecated setup.py develop --editable --build-directory /home/sejong/Desktop/SH_ws/build/sh_motion_demo/build --no-deps symlink_data
[1.446s] running develop
[1.573s] running egg_info
[1.573s] creating sh_motion_demo.egg-info
[1.584s] writing sh_motion_demo.egg-info/PKG-INFO
[1.585s] writing dependency_links to sh_motion_demo.egg-info/dependency_links.txt
[1.585s] writing entry points to sh_motion_demo.egg-info/entry_points.txt
[1.585s] writing requirements to sh_motion_demo.egg-info/requires.txt
[1.585s] writing top-level names to sh_motion_demo.egg-info/top_level.txt
[1.585s] writing manifest file 'sh_motion_demo.egg-info/SOURCES.txt'
[1.612s] reading manifest file 'sh_motion_demo.egg-info/SOURCES.txt'
[1.613s] writing manifest file 'sh_motion_demo.egg-info/SOURCES.txt'
[1.628s] running build_ext
[1.628s] Creating /home/sejong/Desktop/SH_ws/install/sh_motion_demo/lib/python3.12/site-packages/sh-motion-demo.egg-link (link to .)
[1.628s] Installing wave script to /home/sejong/Desktop/SH_ws/install/sh_motion_demo/lib/sh_motion_demo
[1.628s] 
[1.628s] Installed /home/sejong/Desktop/SH_ws/build/sh_motion_demo
[1.628s] running symlink_data
[1.628s] creating /home/sejong/Desktop/SH_ws/install/sh_motion_demo/share/ament_index
[1.628s] creating /home/sejong/Desktop/SH_ws/install/sh_motion_demo/share/ament_index/resource_index
[1.628s] creating /home/sejong/Desktop/SH_ws/install/sh_motion_demo/share/ament_index/resource_index/packages
[1.628s] symbolically linking /home/sejong/Desktop/SH_ws/build/sh_motion_demo/resource/sh_motion_demo -> /home/sejong/Desktop/SH_ws/install/sh_motion_demo/share/ament_index/resource_index/packages
[1.628s] symbolically linking /home/sejong/Desktop/SH_ws/build/sh_motion_demo/package.xml -> /home/sejong/Desktop/SH_ws/install/sh_motion_demo/share/sh_motion_demo
[1.701s] Invoked command in '/home/sejong/Desktop/SH_ws/build/sh_motion_demo' returned '0': DEBUGINFOD_URLS=https://debuginfod.ubuntu.com PYTHONPATH=/home/sejong/Desktop/SH_ws/build/sh_motion_demo/prefix_override:/usr/lib/python3/dist-packages/colcon_core/task/python/colcon_distutils_commands:/home/sejong/Desktop/SH_ws/install/sh_motion_demo/lib/python3.12/site-packages:${PYTHONPATH} /usr/bin/python3 -W ignore:setup.py install is deprecated -W ignore:easy_install command is deprecated setup.py develop --editable --build-directory /home/sejong/Desktop/SH_ws/build/sh_motion_demo/build --no-deps symlink_data
