[0.179s] Invoking command in '/home/sejong/Desktop/SH_ws/build/sh_motion_cpp': CMAKE_PREFIX_PATH=${CMAKE_PREFIX_PATH}:/home/sejong/Desktop/SH_ws/install/sh_motion_demo:/home/sejong/Desktop/SH_ws/install/SH_Humanoid_description:/opt/ros/jazzy DEBUGINFOD_URLS=https://debuginfod.ubuntu.com /usr/bin/cmake /home/sejong/Desktop/SH_ws/src/sh_motion_cpp -DAMENT_CMAKE_SYMLINK_INSTALL=1 -DCMAKE_INSTALL_PREFIX=/home/sejong/Desktop/SH_ws/install/sh_motion_cpp
[0.272s] -- The C compiler identification is GNU 13.3.0
[0.364s] -- The CXX compiler identification is GNU 13.3.0
[0.392s] -- Detecting C compiler ABI info
[0.508s] -- Detecting C compiler ABI info - done
[0.524s] -- Check for working C compiler: /usr/bin/cc - skipped
[0.525s] -- Detecting C compile features
[0.526s] -- Detecting C compile features - done
[0.539s] -- Detecting CXX compiler ABI info
[0.672s] -- Detecting CXX compiler ABI info - done
[0.682s] -- Check for working CXX compiler: /usr/bin/c++ - skipped
[0.682s] -- Detecting CXX compile features
[0.683s] -- Detecting CXX compile features - done
[0.688s] -- Found ament_cmake: 2.5.6 (/opt/ros/jazzy/share/ament_cmake/cmake)
[0.871s] -- Found Python3: /usr/bin/python3 (found version "3.12.3") found components: Interpreter 
[0.960s] -- Override CMake install command with custom implementation using symlinks instead of copying resources
[0.999s] -- Found ament_lint_auto: 0.17.5 (/opt/ros/jazzy/share/ament_lint_auto/cmake)
[1.120s] -- Found rclcpp: 28.1.21 (/opt/ros/jazzy/share/rclcpp/cmake)
[1.167s] -- Found rosidl_generator_c: 4.6.9 (/opt/ros/jazzy/share/rosidl_generator_c/cmake)
[1.179s] -- Found rosidl_generator_cpp: 4.6.9 (/opt/ros/jazzy/share/rosidl_generator_cpp/cmake)
[1.195s] -- Using all available rosidl_typesupport_c: rosidl_typesupport_fastrtps_c;rosidl_typesupport_introspection_c
[1.215s] -- Using all available rosidl_typesupport_cpp: rosidl_typesupport_fastrtps_cpp;rosidl_typesupport_introspection_cpp
[1.280s] -- Found rmw_implementation_cmake: 7.3.3 (/opt/ros/jazzy/share/rmw_implementation_cmake/cmake)
[1.284s] -- Found rmw_fastrtps_cpp: 8.4.4 (/opt/ros/jazzy/share/rmw_fastrtps_cpp/cmake)
[1.370s] -- Found OpenSSL: /usr/lib/aarch64-linux-gnu/libcrypto.so (found version "3.0.13")  
[1.389s] -- Found FastRTPS: /opt/ros/jazzy/include (Required is at least version "2.13") 
[1.412s] -- Using RMW implementation 'rmw_fastrtps_cpp' as default
[1.481s] -- Found moveit_ros_planning_interface: 2.12.4 (/opt/ros/jazzy/share/moveit_ros_planning_interface/cmake)
[1.616s] -- Found Boost: /usr/lib/aarch64-linux-gnu/cmake/Boost-1.83.0/BoostConfig.cmake (found version "1.83.0") found components: date_time filesystem program_options system thread 
[1.847s] -- Found Boost: /usr/lib/aarch64-linux-gnu/cmake/Boost-1.83.0/BoostConfig.cmake (found version "1.83.0") found components: chrono date_time filesystem iostreams program_options regex serialization system thread 
[1.900s] -- Found parameter_traits: 0.7.3 (/opt/ros/jazzy/share/parameter_traits/cmake)
[1.912s] [0mCMake Deprecation Warning at /opt/ros/jazzy/share/tl_expected/cmake/tl_expectedConfig.cmake:37 (message):
[1.912s]   Package 'tl_expected' is deprecated (This package will be removed in ROS 2
[1.912s]   Lyrical Luth.
[1.912s] 
[1.912s]         Use tl/expected.hpp from libexpected-dev,
[1.912s]         or rcpputils/tl_expected/expected.hpp if the system header is not available)
[1.913s] Call Stack (most recent call first):
[1.913s]   /opt/ros/jazzy/share/parameter_traits/cmake/ament_cmake_export_dependencies-extras.cmake:21 (find_package)
[1.913s]   /opt/ros/jazzy/share/parameter_traits/cmake/parameter_traitsConfig.cmake:41 (include)
[1.913s]   /opt/ros/jazzy/share/generate_parameter_library/cmake/generate_parameter_library-extras.cmake:30 (find_package)
[1.913s]   /opt/ros/jazzy/share/generate_parameter_library/cmake/generate_parameter_libraryConfig.cmake:41 (include)
[1.913s]   /opt/ros/jazzy/share/moveit_core/cmake/ament_cmake_export_dependencies-extras.cmake:21 (find_package)
[1.913s]   /opt/ros/jazzy/share/moveit_core/cmake/moveit_coreConfig.cmake:41 (include)
[1.913s]   /opt/ros/jazzy/share/moveit_ros_planning_interface/cmake/ament_cmake_export_dependencies-extras.cmake:21 (find_package)
[1.913s]   /opt/ros/jazzy/share/moveit_ros_planning_interface/cmake/moveit_ros_planning_interfaceConfig.cmake:41 (include)
[1.913s]   CMakeLists.txt:27 (find_package)
[1.914s] 
[1.914s] [0m
[1.915s] -- Found rclcpp_lifecycle: 28.1.21 (/opt/ros/jazzy/share/rclcpp_lifecycle/cmake)
[1.996s] -- Found Eigen3: TRUE (found version "3.4.0") 
[1.996s] -- Ensuring Eigen3 include directory is part of orocos-kdl CMake target
[2.133s] -- Found Boost: /usr/lib/aarch64-linux-gnu/cmake/Boost-1.83.0/BoostConfig.cmake (found version "1.83.0") found components: system filesystem date_time program_options thread chrono 
[2.169s] -- Found Boost: /usr/lib/aarch64-linux-gnu/cmake/Boost-1.83.0/BoostConfig.cmake (found version "1.83.0") found components: thread system filesystem regex date_time program_options 
[2.191s] -- Found Boost: /usr/lib/aarch64-linux-gnu/cmake/Boost-1.83.0/BoostConfig.cmake (found version "1.83.0") found components: system filesystem date_time program_options thread 
[2.226s] -- Added test 'cppcheck' to perform static code analysis on C / C++ code
[2.226s] -- Configured cppcheck include dirs: 
[2.226s] -- Configured cppcheck exclude dirs and/or files: 
[2.226s] -- Added test 'lint_cmake' to check CMake code style
[2.226s] -- Added test 'uncrustify' to check C / C++ code style
[2.226s] -- Configured uncrustify additional arguments: 
[2.227s] -- Added test 'xmllint' to check XML markup files
[2.229s] -- Configuring done (2.0s)
[2.264s] -- Generating done (0.0s)
[2.271s] -- Build files have been written to: /home/sejong/Desktop/SH_ws/build/sh_motion_cpp
[2.298s] Invoked command in '/home/sejong/Desktop/SH_ws/build/sh_motion_cpp' returned '0': CMAKE_PREFIX_PATH=${CMAKE_PREFIX_PATH}:/home/sejong/Desktop/SH_ws/install/sh_motion_demo:/home/sejong/Desktop/SH_ws/install/SH_Humanoid_description:/opt/ros/jazzy DEBUGINFOD_URLS=https://debuginfod.ubuntu.com /usr/bin/cmake /home/sejong/Desktop/SH_ws/src/sh_motion_cpp -DAMENT_CMAKE_SYMLINK_INSTALL=1 -DCMAKE_INSTALL_PREFIX=/home/sejong/Desktop/SH_ws/install/sh_motion_cpp
[2.299s] Invoking command in '/home/sejong/Desktop/SH_ws/build/sh_motion_cpp': CMAKE_PREFIX_PATH=${CMAKE_PREFIX_PATH}:/home/sejong/Desktop/SH_ws/install/sh_motion_demo:/home/sejong/Desktop/SH_ws/install/SH_Humanoid_description:/opt/ros/jazzy DEBUGINFOD_URLS=https://debuginfod.ubuntu.com /usr/bin/cmake --build /home/sejong/Desktop/SH_ws/build/sh_motion_cpp -- -j14 -l14
[2.354s] [ 50%] [32mBuilding CXX object CMakeFiles/wave.dir/src/wave.cpp.o[0m
[8.965s] [100%] [32m[1mLinking CXX executable wave[0m
[9.333s] [100%] Built target wave
[9.350s] Invoked command in '/home/sejong/Desktop/SH_ws/build/sh_motion_cpp' returned '0': CMAKE_PREFIX_PATH=${CMAKE_PREFIX_PATH}:/home/sejong/Desktop/SH_ws/install/sh_motion_demo:/home/sejong/Desktop/SH_ws/install/SH_Humanoid_description:/opt/ros/jazzy DEBUGINFOD_URLS=https://debuginfod.ubuntu.com /usr/bin/cmake --build /home/sejong/Desktop/SH_ws/build/sh_motion_cpp -- -j14 -l14
[9.353s] Invoking command in '/home/sejong/Desktop/SH_ws/build/sh_motion_cpp': CMAKE_PREFIX_PATH=${CMAKE_PREFIX_PATH}:/home/sejong/Desktop/SH_ws/install/sh_motion_demo:/home/sejong/Desktop/SH_ws/install/SH_Humanoid_description:/opt/ros/jazzy DEBUGINFOD_URLS=https://debuginfod.ubuntu.com /usr/bin/cmake --install /home/sejong/Desktop/SH_ws/build/sh_motion_cpp
[9.362s] -- Install configuration: ""
[9.362s] -- Execute custom install script
[9.362s] -- Symlinking: /home/sejong/Desktop/SH_ws/install/sh_motion_cpp/lib/sh_motion_cpp/wave
[9.373s] -- Symlinking: /home/sejong/Desktop/SH_ws/install/sh_motion_cpp/share/ament_index/resource_index/package_run_dependencies/sh_motion_cpp
[9.385s] -- Symlinking: /home/sejong/Desktop/SH_ws/install/sh_motion_cpp/share/ament_index/resource_index/parent_prefix_path/sh_motion_cpp
[9.396s] -- Symlinking: /home/sejong/Desktop/SH_ws/install/sh_motion_cpp/share/sh_motion_cpp/environment/ament_prefix_path.sh
[9.407s] -- Symlinking: /home/sejong/Desktop/SH_ws/install/sh_motion_cpp/share/sh_motion_cpp/environment/ament_prefix_path.dsv
[9.418s] -- Symlinking: /home/sejong/Desktop/SH_ws/install/sh_motion_cpp/share/sh_motion_cpp/environment/path.sh
[9.429s] -- Symlinking: /home/sejong/Desktop/SH_ws/install/sh_motion_cpp/share/sh_motion_cpp/environment/path.dsv
[9.442s] -- Symlinking: /home/sejong/Desktop/SH_ws/install/sh_motion_cpp/share/sh_motion_cpp/local_setup.bash
[9.453s] -- Symlinking: /home/sejong/Desktop/SH_ws/install/sh_motion_cpp/share/sh_motion_cpp/local_setup.sh
[9.463s] -- Symlinking: /home/sejong/Desktop/SH_ws/install/sh_motion_cpp/share/sh_motion_cpp/local_setup.zsh
[9.474s] -- Symlinking: /home/sejong/Desktop/SH_ws/install/sh_motion_cpp/share/sh_motion_cpp/local_setup.dsv
[9.485s] -- Symlinking: /home/sejong/Desktop/SH_ws/install/sh_motion_cpp/share/sh_motion_cpp/package.dsv
[9.496s] -- Symlinking: /home/sejong/Desktop/SH_ws/install/sh_motion_cpp/share/ament_index/resource_index/packages/sh_motion_cpp
[9.508s] -- Symlinking: /home/sejong/Desktop/SH_ws/install/sh_motion_cpp/share/sh_motion_cpp/cmake/sh_motion_cppConfig.cmake
[9.517s] -- Symlinking: /home/sejong/Desktop/SH_ws/install/sh_motion_cpp/share/sh_motion_cpp/cmake/sh_motion_cppConfig-version.cmake
[9.528s] -- Symlinking: /home/sejong/Desktop/SH_ws/install/sh_motion_cpp/share/sh_motion_cpp/package.xml
[9.545s] Invoked command in '/home/sejong/Desktop/SH_ws/build/sh_motion_cpp' returned '0': CMAKE_PREFIX_PATH=${CMAKE_PREFIX_PATH}:/home/sejong/Desktop/SH_ws/install/sh_motion_demo:/home/sejong/Desktop/SH_ws/install/SH_Humanoid_description:/opt/ros/jazzy DEBUGINFOD_URLS=https://debuginfod.ubuntu.com /usr/bin/cmake --install /home/sejong/Desktop/SH_ws/build/sh_motion_cpp
