running develop
Removing /home/sejong/Desktop/SH_ws/install/SH_Humanoid_description/lib/python3.12/site-packages/SH-Humanoid-description.egg-link (link to .)
running egg_info
writing ../../build/SH_Humanoid_description/SH_Humanoid_description.egg-info/PKG-INFO
writing dependency_links to ../../build/SH_Humanoid_description/SH_Humanoid_description.egg-info/dependency_links.txt
writing requirements to ../../build/SH_Humanoid_description/SH_Humanoid_description.egg-info/requires.txt
writing top-level names to ../../build/SH_Humanoid_description/SH_Humanoid_description.egg-info/top_level.txt
reading manifest file '../../build/SH_Humanoid_description/SH_Humanoid_description.egg-info/SOURCES.txt'
writing manifest file '../../build/SH_Humanoid_description/SH_Humanoid_description.egg-info/SOURCES.txt'
running build
running build_py
creating /home/sejong/Desktop/SH_ws/build/SH_Humanoid_description/build
creating /home/sejong/Desktop/SH_ws/build/SH_Humanoid_description/build/lib
creating /home/sejong/Desktop/SH_ws/build/SH_Humanoid_description/build/lib/SH_Humanoid_description
copying SH_Humanoid_description/__init__.py -> /home/sejong/Desktop/SH_ws/build/SH_Humanoid_description/build/lib/SH_Humanoid_description
running install
running install_lib
creating /home/sejong/Desktop/SH_ws/install/SH_Humanoid_description/lib/python3.12/site-packages/SH_Humanoid_description
copying /home/sejong/Desktop/SH_ws/build/SH_Humanoid_description/build/lib/SH_Humanoid_description/__init__.py -> /home/sejong/Desktop/SH_ws/install/SH_Humanoid_description/lib/python3.12/site-packages/SH_Humanoid_description
byte-compiling /home/sejong/Desktop/SH_ws/install/SH_Humanoid_description/lib/python3.12/site-packages/SH_Humanoid_description/__init__.py to __init__.cpython-312.pyc
running install_data
copying resource/SH_Humanoid_description -> /home/sejong/Desktop/SH_ws/install/SH_Humanoid_description/share/ament_index/resource_index/packages
copying package.xml -> /home/sejong/Desktop/SH_ws/install/SH_Humanoid_description/share/SH_Humanoid_description
copying launch/display.launch.py -> /home/sejong/Desktop/SH_ws/install/SH_Humanoid_description/share/SH_Humanoid_description/launch
copying launch/gazebo.launch.py -> /home/sejong/Desktop/SH_ws/install/SH_Humanoid_description/share/SH_Humanoid_description/launch
copying urdf/SH_Humanoid.xacro -> /home/sejong/Desktop/SH_ws/install/SH_Humanoid_description/share/SH_Humanoid_description/urdf
copying urdf/SH_Humanoid.trans -> /home/sejong/Desktop/SH_ws/install/SH_Humanoid_description/share/SH_Humanoid_description/urdf
copying urdf/materials.xacro -> /home/sejong/Desktop/SH_ws/install/SH_Humanoid_description/share/SH_Humanoid_description/urdf
copying urdf/SH_Humanoid(with hand, fingers).urdf -> /home/sejong/Desktop/SH_ws/install/SH_Humanoid_description/share/SH_Humanoid_description/urdf
copying urdf/SH_Humanoid_head.urdf -> /home/sejong/Desktop/SH_ws/install/SH_Humanoid_description/share/SH_Humanoid_description/urdf
copying urdf/SH_Humanoid.gazebo -> /home/sejong/Desktop/SH_ws/install/SH_Humanoid_description/share/SH_Humanoid_description/urdf
copying urdf/SH_Humanoid.urdf -> /home/sejong/Desktop/SH_ws/install/SH_Humanoid_description/share/SH_Humanoid_description/urdf
copying meshes/left_ring_force_sensor_2.STL -> /home/sejong/Desktop/SH_ws/install/SH_Humanoid_description/share/SH_Humanoid_description/meshes
copying meshes/right_little_force_sensor_3.STL -> /home/sejong/Desktop/SH_ws/install/SH_Humanoid_description/share/SH_Humanoid_description/meshes
copying meshes/right_little_force_sensor_1.STL -> /home/sejong/Desktop/SH_ws/install/SH_Humanoid_description/share/SH_Humanoid_description/meshes
copying meshes/right_index_2.STL -> /home/sejong/Desktop/SH_ws/install/SH_Humanoid_description/share/SH_Humanoid_description/meshes
copying meshes/right_hip_yaw_link.STL -> /home/sejong/Desktop/SH_ws/install/SH_Humanoid_description/share/SH_Humanoid_description/meshes
copying meshes/right_hand_index_1_link.STL -> /home/sejong/Desktop/SH_ws/install/SH_Humanoid_description/share/SH_Humanoid_description/meshes
copying meshes/right_hip_pitch_link.STL -> /home/sejong/Desktop/SH_ws/install/SH_Humanoid_description/share/SH_Humanoid_description/meshes
copying meshes/left_hand_index_0_link.STL -> /home/sejong/Desktop/SH_ws/install/SH_Humanoid_description/share/SH_Humanoid_description/meshes
copying meshes/left_shoulder_pitch_link.STL -> /home/sejong/Desktop/SH_ws/install/SH_Humanoid_description/share/SH_Humanoid_description/meshes
copying meshes/left_wrist_yaw_link_5010.STL -> /home/sejong/Desktop/SH_ws/install/SH_Humanoid_description/share/SH_Humanoid_description/meshes
copying meshes/left_wrist_pitch_link_5010.STL -> /home/sejong/Desktop/SH_ws/install/SH_Humanoid_description/share/SH_Humanoid_description/meshes
copying meshes/left_index_force_sensor_3.STL -> /home/sejong/Desktop/SH_ws/install/SH_Humanoid_description/share/SH_Humanoid_description/meshes
copying meshes/Head__1__1.stl -> /home/sejong/Desktop/SH_ws/install/SH_Humanoid_description/share/SH_Humanoid_description/meshes
copying meshes/arm7_l_1.stl -> /home/sejong/Desktop/SH_ws/install/SH_Humanoid_description/share/SH_Humanoid_description/meshes
copying meshes/left_middle_force_sensor_3.STL -> /home/sejong/Desktop/SH_ws/install/SH_Humanoid_description/share/SH_Humanoid_description/meshes
copying meshes/left_little_force_sensor_3.STL -> /home/sejong/Desktop/SH_ws/install/SH_Humanoid_description/share/SH_Humanoid_description/meshes
copying meshes/left_ankle_roll_link.STL -> /home/sejong/Desktop/SH_ws/install/SH_Humanoid_description/share/SH_Humanoid_description/meshes
copying meshes/right_base_link.STL -> /home/sejong/Desktop/SH_ws/install/SH_Humanoid_description/share/SH_Humanoid_description/meshes
copying meshes/left_shoulder_roll_link.STL -> /home/sejong/Desktop/SH_ws/install/SH_Humanoid_description/share/SH_Humanoid_description/meshes
copying meshes/right_little_1.STL -> /home/sejong/Desktop/SH_ws/install/SH_Humanoid_description/share/SH_Humanoid_description/meshes
copying meshes/right_wrist_pitch_link.STL -> /home/sejong/Desktop/SH_ws/install/SH_Humanoid_description/share/SH_Humanoid_description/meshes
copying meshes/right_hand_palm_link.STL -> /home/sejong/Desktop/SH_ws/install/SH_Humanoid_description/share/SH_Humanoid_description/meshes
copying meshes/right_hand_middle_0_link.STL -> /home/sejong/Desktop/SH_ws/install/SH_Humanoid_description/share/SH_Humanoid_description/meshes
copying meshes/right_ring_force_sensor_3.STL -> /home/sejong/Desktop/SH_ws/install/SH_Humanoid_description/share/SH_Humanoid_description/meshes
copying meshes/right_thumb_force_sensor_1.STL -> /home/sejong/Desktop/SH_ws/install/SH_Humanoid_description/share/SH_Humanoid_description/meshes
copying meshes/left_thumb_force_sensor_4.STL -> /home/sejong/Desktop/SH_ws/install/SH_Humanoid_description/share/SH_Humanoid_description/meshes
copying meshes/left_ring_force_sensor_1.STL -> /home/sejong/Desktop/SH_ws/install/SH_Humanoid_description/share/SH_Humanoid_description/meshes
copying meshes/left_knee_link.STL -> /home/sejong/Desktop/SH_ws/install/SH_Humanoid_description/share/SH_Humanoid_description/meshes
copying meshes/right_wrist_roll_link_5010.STL -> /home/sejong/Desktop/SH_ws/install/SH_Humanoid_description/share/SH_Humanoid_description/meshes
copying meshes/left_base_link.STL -> /home/sejong/Desktop/SH_ws/install/SH_Humanoid_description/share/SH_Humanoid_description/meshes
copying meshes/right_thumb_1.STL -> /home/sejong/Desktop/SH_ws/install/SH_Humanoid_description/share/SH_Humanoid_description/meshes
copying meshes/left_index_force_sensor_1.STL -> /home/sejong/Desktop/SH_ws/install/SH_Humanoid_description/share/SH_Humanoid_description/meshes
copying meshes/left_little_1.STL -> /home/sejong/Desktop/SH_ws/install/SH_Humanoid_description/share/SH_Humanoid_description/meshes
copying meshes/left_index_1.STL -> /home/sejong/Desktop/SH_ws/install/SH_Humanoid_description/share/SH_Humanoid_description/meshes
copying meshes/arm5_l_1.stl -> /home/sejong/Desktop/SH_ws/install/SH_Humanoid_description/share/SH_Humanoid_description/meshes
copying meshes/right_rubber_hand.STL -> /home/sejong/Desktop/SH_ws/install/SH_Humanoid_description/share/SH_Humanoid_description/meshes
copying meshes/arm7_r_1.stl -> /home/sejong/Desktop/SH_ws/install/SH_Humanoid_description/share/SH_Humanoid_description/meshes
copying meshes/right_ring_1.STL -> /home/sejong/Desktop/SH_ws/install/SH_Humanoid_description/share/SH_Humanoid_description/meshes
copying meshes/arm3_l_1.stl -> /home/sejong/Desktop/SH_ws/install/SH_Humanoid_description/share/SH_Humanoid_description/meshes
copying meshes/right_ring_2.STL -> /home/sejong/Desktop/SH_ws/install/SH_Humanoid_description/share/SH_Humanoid_description/meshes
copying meshes/left_palm_force_sensor.STL -> /home/sejong/Desktop/SH_ws/install/SH_Humanoid_description/share/SH_Humanoid_description/meshes
copying meshes/right_thumb_force_sensor_3.STL -> /home/sejong/Desktop/SH_ws/install/SH_Humanoid_description/share/SH_Humanoid_description/meshes
copying meshes/arm6_r_1.stl -> /home/sejong/Desktop/SH_ws/install/SH_Humanoid_description/share/SH_Humanoid_description/meshes
copying meshes/right_thumb_force_sensor_4.STL -> /home/sejong/Desktop/SH_ws/install/SH_Humanoid_description/share/SH_Humanoid_description/meshes
copying meshes/left_hand_middle_0_link.STL -> /home/sejong/Desktop/SH_ws/install/SH_Humanoid_description/share/SH_Humanoid_description/meshes
copying meshes/left_hand_palm_link.STL -> /home/sejong/Desktop/SH_ws/install/SH_Humanoid_description/share/SH_Humanoid_description/meshes
copying meshes/left_elbow_link.STL -> /home/sejong/Desktop/SH_ws/install/SH_Humanoid_description/share/SH_Humanoid_description/meshes
copying meshes/right_ring_force_sensor_2.STL -> /home/sejong/Desktop/SH_ws/install/SH_Humanoid_description/share/SH_Humanoid_description/meshes
copying meshes/right_index_force_sensor_2.STL -> /home/sejong/Desktop/SH_ws/install/SH_Humanoid_description/share/SH_Humanoid_description/meshes
copying meshes/left_middle_force_sensor_1.STL -> /home/sejong/Desktop/SH_ws/install/SH_Humanoid_description/share/SH_Humanoid_description/meshes
copying meshes/left_thumb_4.STL -> /home/sejong/Desktop/SH_ws/install/SH_Humanoid_description/share/SH_Humanoid_description/meshes
copying meshes/right_shoulder_roll_link.STL -> /home/sejong/Desktop/SH_ws/install/SH_Humanoid_description/share/SH_Humanoid_description/meshes
copying meshes/left_middle_force_sensor_2.STL -> /home/sejong/Desktop/SH_ws/install/SH_Humanoid_description/share/SH_Humanoid_description/meshes
copying meshes/right_wrist_roll_link.STL -> /home/sejong/Desktop/SH_ws/install/SH_Humanoid_description/share/SH_Humanoid_description/meshes
copying meshes/left_ring_1.STL -> /home/sejong/Desktop/SH_ws/install/SH_Humanoid_description/share/SH_Humanoid_description/meshes
copying meshes/left_thumb_swing.STL -> /home/sejong/Desktop/SH_ws/install/SH_Humanoid_description/share/SH_Humanoid_description/meshes
copying meshes/left_thumb_force_sensor_1.STL -> /home/sejong/Desktop/SH_ws/install/SH_Humanoid_description/share/SH_Humanoid_description/meshes
copying meshes/left_wrist_pitch_link.STL -> /home/sejong/Desktop/SH_ws/install/SH_Humanoid_description/share/SH_Humanoid_description/meshes
copying meshes/right_knee_link.STL -> /home/sejong/Desktop/SH_ws/install/SH_Humanoid_description/share/SH_Humanoid_description/meshes
copying meshes/arm1_l_1.stl -> /home/sejong/Desktop/SH_ws/install/SH_Humanoid_description/share/SH_Humanoid_description/meshes
copying meshes/right_ring_force_sensor_1.STL -> /home/sejong/Desktop/SH_ws/install/SH_Humanoid_description/share/SH_Humanoid_description/meshes
copying meshes/base_link.stl -> /home/sejong/Desktop/SH_ws/install/SH_Humanoid_description/share/SH_Humanoid_description/meshes
copying meshes/right_wrist_pitch_link_5010.STL -> /home/sejong/Desktop/SH_ws/install/SH_Humanoid_description/share/SH_Humanoid_description/meshes
copying meshes/left_ring_force_sensor_3.STL -> /home/sejong/Desktop/SH_ws/install/SH_Humanoid_description/share/SH_Humanoid_description/meshes
copying meshes/left_middle_2.STL -> /home/sejong/Desktop/SH_ws/install/SH_Humanoid_description/share/SH_Humanoid_description/meshes
copying meshes/right_index_force_sensor_1.STL -> /home/sejong/Desktop/SH_ws/install/SH_Humanoid_description/share/SH_Humanoid_description/meshes
copying meshes/left_wrist_roll_link.STL -> /home/sejong/Desktop/SH_ws/install/SH_Humanoid_description/share/SH_Humanoid_description/meshes
copying meshes/right_thumb_3.STL -> /home/sejong/Desktop/SH_ws/install/SH_Humanoid_description/share/SH_Humanoid_description/meshes
copying meshes/right_palm_force_sensor.STL -> /home/sejong/Desktop/SH_ws/install/SH_Humanoid_description/share/SH_Humanoid_description/meshes
copying meshes/arm6_l_1.stl -> /home/sejong/Desktop/SH_ws/install/SH_Humanoid_description/share/SH_Humanoid_description/meshes
copying meshes/left_shoulder_yaw_link.STL -> /home/sejong/Desktop/SH_ws/install/SH_Humanoid_description/share/SH_Humanoid_description/meshes
copying meshes/left_little_force_sensor_2.STL -> /home/sejong/Desktop/SH_ws/install/SH_Humanoid_description/share/SH_Humanoid_description/meshes
copying meshes/left_little_2.STL -> /home/sejong/Desktop/SH_ws/install/SH_Humanoid_description/share/SH_Humanoid_description/meshes
copying meshes/left_thumb_3.STL -> /home/sejong/Desktop/SH_ws/install/SH_Humanoid_description/share/SH_Humanoid_description/meshes
copying meshes/right_middle_force_sensor_3.STL -> /home/sejong/Desktop/SH_ws/install/SH_Humanoid_description/share/SH_Humanoid_description/meshes
copying meshes/arm2_r_1.stl -> /home/sejong/Desktop/SH_ws/install/SH_Humanoid_description/share/SH_Humanoid_description/meshes
copying meshes/right_hand_thumb_2_link.STL -> /home/sejong/Desktop/SH_ws/install/SH_Humanoid_description/share/SH_Humanoid_description/meshes
copying meshes/right_ankle_pitch_link.STL -> /home/sejong/Desktop/SH_ws/install/SH_Humanoid_description/share/SH_Humanoid_description/meshes
copying meshes/arm4_l_1.stl -> /home/sejong/Desktop/SH_ws/install/SH_Humanoid_description/share/SH_Humanoid_description/meshes
copying meshes/right_middle_force_sensor_1.STL -> /home/sejong/Desktop/SH_ws/install/SH_Humanoid_description/share/SH_Humanoid_description/meshes
copying meshes/right_hand_thumb_0_link.STL -> /home/sejong/Desktop/SH_ws/install/SH_Humanoid_description/share/SH_Humanoid_description/meshes
copying meshes/left_rubber_hand.STL -> /home/sejong/Desktop/SH_ws/install/SH_Humanoid_description/share/SH_Humanoid_description/meshes
copying meshes/left_hip_yaw_link.STL -> /home/sejong/Desktop/SH_ws/install/SH_Humanoid_description/share/SH_Humanoid_description/meshes
copying meshes/right_shoulder_pitch_link.STL -> /home/sejong/Desktop/SH_ws/install/SH_Humanoid_description/share/SH_Humanoid_description/meshes
copying meshes/right_wrist_yaw_link_5010.STL -> /home/sejong/Desktop/SH_ws/install/SH_Humanoid_description/share/SH_Humanoid_description/meshes
copying meshes/right_elbow_link.STL -> /home/sejong/Desktop/SH_ws/install/SH_Humanoid_description/share/SH_Humanoid_description/meshes
copying meshes/left_hand_thumb_0_link.STL -> /home/sejong/Desktop/SH_ws/install/SH_Humanoid_description/share/SH_Humanoid_description/meshes
copying meshes/left_thumb_force_sensor_3.STL -> /home/sejong/Desktop/SH_ws/install/SH_Humanoid_description/share/SH_Humanoid_description/meshes
copying meshes/left_index_force_sensor_2.STL -> /home/sejong/Desktop/SH_ws/install/SH_Humanoid_description/share/SH_Humanoid_description/meshes
copying meshes/arm4_r_1.stl -> /home/sejong/Desktop/SH_ws/install/SH_Humanoid_description/share/SH_Humanoid_description/meshes
copying meshes/right_hand_thumb_1_link.STL -> /home/sejong/Desktop/SH_ws/install/SH_Humanoid_description/share/SH_Humanoid_description/meshes
copying meshes/right_hand_middle_1_link.STL -> /home/sejong/Desktop/SH_ws/install/SH_Humanoid_description/share/SH_Humanoid_description/meshes
copying meshes/right_thumb_4.STL -> /home/sejong/Desktop/SH_ws/install/SH_Humanoid_description/share/SH_Humanoid_description/meshes
copying meshes/right_thumb_force_sensor_2.STL -> /home/sejong/Desktop/SH_ws/install/SH_Humanoid_description/share/SH_Humanoid_description/meshes
copying meshes/right_shoulder_yaw_link.STL -> /home/sejong/Desktop/SH_ws/install/SH_Humanoid_description/share/SH_Humanoid_description/meshes
copying meshes/arm2_l_1.stl -> /home/sejong/Desktop/SH_ws/install/SH_Humanoid_description/share/SH_Humanoid_description/meshes
copying meshes/arm5_r_1.stl -> /home/sejong/Desktop/SH_ws/install/SH_Humanoid_description/share/SH_Humanoid_description/meshes
copying meshes/left_hand_index_1_link.STL -> /home/sejong/Desktop/SH_ws/install/SH_Humanoid_description/share/SH_Humanoid_description/meshes
copying meshes/right_middle_force_sensor_2.STL -> /home/sejong/Desktop/SH_ws/install/SH_Humanoid_description/share/SH_Humanoid_description/meshes
copying meshes/right_wrist_roll_rubber_hand.STL -> /home/sejong/Desktop/SH_ws/install/SH_Humanoid_description/share/SH_Humanoid_description/meshes
copying meshes/left_thumb_force_sensor_2.STL -> /home/sejong/Desktop/SH_ws/install/SH_Humanoid_description/share/SH_Humanoid_description/meshes
copying meshes/left_ankle_pitch_link.STL -> /home/sejong/Desktop/SH_ws/install/SH_Humanoid_description/share/SH_Humanoid_description/meshes
copying meshes/left_ring_2.STL -> /home/sejong/Desktop/SH_ws/install/SH_Humanoid_description/share/SH_Humanoid_description/meshes
copying meshes/left_middle_1.STL -> /home/sejong/Desktop/SH_ws/install/SH_Humanoid_description/share/SH_Humanoid_description/meshes
copying meshes/left_little_force_sensor_1.STL -> /home/sejong/Desktop/SH_ws/install/SH_Humanoid_description/share/SH_Humanoid_description/meshes
copying meshes/right_index_1.STL -> /home/sejong/Desktop/SH_ws/install/SH_Humanoid_description/share/SH_Humanoid_description/meshes
copying meshes/right_little_2.STL -> /home/sejong/Desktop/SH_ws/install/SH_Humanoid_description/share/SH_Humanoid_description/meshes
copying meshes/right_middle_2.STL -> /home/sejong/Desktop/SH_ws/install/SH_Humanoid_description/share/SH_Humanoid_description/meshes
copying meshes/left_hip_pitch_link.STL -> /home/sejong/Desktop/SH_ws/install/SH_Humanoid_description/share/SH_Humanoid_description/meshes
copying meshes/arm1_r_1.stl -> /home/sejong/Desktop/SH_ws/install/SH_Humanoid_description/share/SH_Humanoid_description/meshes
copying meshes/right_middle_1.STL -> /home/sejong/Desktop/SH_ws/install/SH_Humanoid_description/share/SH_Humanoid_description/meshes
copying meshes/left_thumb_2.STL -> /home/sejong/Desktop/SH_ws/install/SH_Humanoid_description/share/SH_Humanoid_description/meshes
copying meshes/left_hand_thumb_1_link.STL -> /home/sejong/Desktop/SH_ws/install/SH_Humanoid_description/share/SH_Humanoid_description/meshes
copying meshes/left_wrist_roll_rubber_hand.STL -> /home/sejong/Desktop/SH_ws/install/SH_Humanoid_description/share/SH_Humanoid_description/meshes
copying meshes/left_index_2.STL -> /home/sejong/Desktop/SH_ws/install/SH_Humanoid_description/share/SH_Humanoid_description/meshes
copying meshes/right_index_force_sensor_3.STL -> /home/sejong/Desktop/SH_ws/install/SH_Humanoid_description/share/SH_Humanoid_description/meshes
copying meshes/right_hip_roll_link.STL -> /home/sejong/Desktop/SH_ws/install/SH_Humanoid_description/share/SH_Humanoid_description/meshes
copying meshes/left_wrist_yaw_link.STL -> /home/sejong/Desktop/SH_ws/install/SH_Humanoid_description/share/SH_Humanoid_description/meshes
copying meshes/right_wrist_yaw_link.STL -> /home/sejong/Desktop/SH_ws/install/SH_Humanoid_description/share/SH_Humanoid_description/meshes
copying meshes/right_ankle_roll_link.STL -> /home/sejong/Desktop/SH_ws/install/SH_Humanoid_description/share/SH_Humanoid_description/meshes
copying meshes/left_hand_thumb_2_link.STL -> /home/sejong/Desktop/SH_ws/install/SH_Humanoid_description/share/SH_Humanoid_description/meshes
copying meshes/right_little_force_sensor_2.STL -> /home/sejong/Desktop/SH_ws/install/SH_Humanoid_description/share/SH_Humanoid_description/meshes
copying meshes/left_hand_middle_1_link.STL -> /home/sejong/Desktop/SH_ws/install/SH_Humanoid_description/share/SH_Humanoid_description/meshes
copying meshes/arm3_r_1.stl -> /home/sejong/Desktop/SH_ws/install/SH_Humanoid_description/share/SH_Humanoid_description/meshes
copying meshes/right_hand_index_0_link.STL -> /home/sejong/Desktop/SH_ws/install/SH_Humanoid_description/share/SH_Humanoid_description/meshes
copying meshes/left_hip_roll_link.STL -> /home/sejong/Desktop/SH_ws/install/SH_Humanoid_description/share/SH_Humanoid_description/meshes
copying meshes/left_thumb_1.STL -> /home/sejong/Desktop/SH_ws/install/SH_Humanoid_description/share/SH_Humanoid_description/meshes
copying meshes/right_thumb_2.STL -> /home/sejong/Desktop/SH_ws/install/SH_Humanoid_description/share/SH_Humanoid_description/meshes
copying meshes/left_wrist_roll_link_5010.STL -> /home/sejong/Desktop/SH_ws/install/SH_Humanoid_description/share/SH_Humanoid_description/meshes
copying config/display.rviz -> /home/sejong/Desktop/SH_ws/install/SH_Humanoid_description/share/SH_Humanoid_description/config
running install_egg_info
Copying ../../build/SH_Humanoid_description/SH_Humanoid_description.egg-info to /home/sejong/Desktop/SH_ws/install/SH_Humanoid_description/lib/python3.12/site-packages/SH_Humanoid_description-0.0.0-py3.12.egg-info
running install_scripts
writing list of installed files to '/home/sejong/Desktop/SH_ws/build/SH_Humanoid_description/install.log'
