[0.530s] Invoking command in '/home/sejong/SH_ws/build/sh_motion_demo': DEBUGINFOD_URLS=https://debuginfod.ubuntu.com PYTHONPATH=/home/sejong/SH_ws/build/sh_motion_demo/prefix_override:/usr/lib/python3/dist-packages/colcon_core/task/python/colcon_distutils_commands:/home/sejong/SH_ws/install/sh_motion_demo/lib/python3.12/site-packages:${PYTHONPATH} /usr/bin/python3 -W ignore:setup.py install is deprecated -W ignore:easy_install command is deprecated setup.py develop --editable --build-directory /home/sejong/SH_ws/build/sh_motion_demo/build --no-deps symlink_data
[0.691s] running develop
[0.786s] running egg_info
[0.786s] creating sh_motion_demo.egg-info
[0.796s] writing sh_motion_demo.egg-info/PKG-INFO
[0.796s] writing dependency_links to sh_motion_demo.egg-info/dependency_links.txt
[0.796s] writing entry points to sh_motion_demo.egg-info/entry_points.txt
[0.796s] writing requirements to sh_motion_demo.egg-info/requires.txt
[0.796s] writing top-level names to sh_motion_demo.egg-info/top_level.txt
[0.796s] writing manifest file 'sh_motion_demo.egg-info/SOURCES.txt'
[0.815s] reading manifest file 'sh_motion_demo.egg-info/SOURCES.txt'
[0.815s] writing manifest file 'sh_motion_demo.egg-info/SOURCES.txt'
[0.847s] running build_ext
[0.848s] Creating /home/sejong/SH_ws/install/sh_motion_demo/lib/python3.12/site-packages/sh-motion-demo.egg-link (link to .)
[0.848s] Installing wave script to /home/sejong/SH_ws/install/sh_motion_demo/lib/sh_motion_demo
[0.848s] 
[0.848s] Installed /home/sejong/SH_ws/build/sh_motion_demo
[0.848s] running symlink_data
[0.848s] creating /home/sejong/SH_ws/install/sh_motion_demo/share/ament_index
[0.848s] creating /home/sejong/SH_ws/install/sh_motion_demo/share/ament_index/resource_index
[0.848s] creating /home/sejong/SH_ws/install/sh_motion_demo/share/ament_index/resource_index/packages
[0.848s] symbolically linking /home/sejong/SH_ws/build/sh_motion_demo/resource/sh_motion_demo -> /home/sejong/SH_ws/install/sh_motion_demo/share/ament_index/resource_index/packages
[0.848s] symbolically linking /home/sejong/SH_ws/build/sh_motion_demo/package.xml -> /home/sejong/SH_ws/install/sh_motion_demo/share/sh_motion_demo
[0.864s] Invoked command in '/home/sejong/SH_ws/build/sh_motion_demo' returned '0': DEBUGINFOD_URLS=https://debuginfod.ubuntu.com PYTHONPATH=/home/sejong/SH_ws/build/sh_motion_demo/prefix_override:/usr/lib/python3/dist-packages/colcon_core/task/python/colcon_distutils_commands:/home/sejong/SH_ws/install/sh_motion_demo/lib/python3.12/site-packages:${PYTHONPATH} /usr/bin/python3 -W ignore:setup.py install is deprecated -W ignore:easy_install command is deprecated setup.py develop --editable --build-directory /home/sejong/SH_ws/build/sh_motion_demo/build --no-deps symlink_data
