[0.539s] Invoking command in '/home/sejong/SH_ws/build/sh_motion_demo': DEBUGINFOD_URLS=https://debuginfod.ubuntu.com PYTHONPATH=/home/sejong/SH_ws/build/sh_motion_demo/prefix_override:/usr/lib/python3/dist-packages/colcon_core/task/python/colcon_distutils_commands:/home/sejong/SH_ws/install/sh_motion_demo/lib/python3.12/site-packages:${PYTHONPATH} /usr/bin/python3 -W ignore:setup.py install is deprecated -W ignore:easy_install command is deprecated setup.py develop --editable --build-directory /home/sejong/SH_ws/build/sh_motion_demo/build --no-deps symlink_data
[0.700s] running develop
[0.795s] running egg_info
[0.795s] creating sh_motion_demo.egg-info
[0.805s] writing sh_motion_demo.egg-info/PKG-INFO
[0.805s] writing dependency_links to sh_motion_demo.egg-info/dependency_links.txt
[0.805s] writing entry points to sh_motion_demo.egg-info/entry_points.txt
[0.805s] writing requirements to sh_motion_demo.egg-info/requires.txt
[0.805s] writing top-level names to sh_motion_demo.egg-info/top_level.txt
[0.805s] writing manifest file 'sh_motion_demo.egg-info/SOURCES.txt'
[0.824s] reading manifest file 'sh_motion_demo.egg-info/SOURCES.txt'
[0.825s] writing manifest file 'sh_motion_demo.egg-info/SOURCES.txt'
[0.857s] running build_ext
[0.858s] Creating /home/sejong/SH_ws/install/sh_motion_demo/lib/python3.12/site-packages/sh-motion-demo.egg-link (link to .)
[0.859s] Installing wave script to /home/sejong/SH_ws/install/sh_motion_demo/lib/sh_motion_demo
[0.859s] 
[0.860s] Installed /home/sejong/SH_ws/build/sh_motion_demo
[0.860s] running symlink_data
[0.860s] creating /home/sejong/SH_ws/install/sh_motion_demo/share/ament_index
[0.860s] creating /home/sejong/SH_ws/install/sh_motion_demo/share/ament_index/resource_index
[0.860s] creating /home/sejong/SH_ws/install/sh_motion_demo/share/ament_index/resource_index/packages
[0.860s] symbolically linking /home/sejong/SH_ws/build/sh_motion_demo/resource/sh_motion_demo -> /home/sejong/SH_ws/install/sh_motion_demo/share/ament_index/resource_index/packages
[0.860s] symbolically linking /home/sejong/SH_ws/build/sh_motion_demo/package.xml -> /home/sejong/SH_ws/install/sh_motion_demo/share/sh_motion_demo
[0.874s] Invoked command in '/home/sejong/SH_ws/build/sh_motion_demo' returned '0': DEBUGINFOD_URLS=https://debuginfod.ubuntu.com PYTHONPATH=/home/sejong/SH_ws/build/sh_motion_demo/prefix_override:/usr/lib/python3/dist-packages/colcon_core/task/python/colcon_distutils_commands:/home/sejong/SH_ws/install/sh_motion_demo/lib/python3.12/site-packages:${PYTHONPATH} /usr/bin/python3 -W ignore:setup.py install is deprecated -W ignore:easy_install command is deprecated setup.py develop --editable --build-directory /home/sejong/SH_ws/build/sh_motion_demo/build --no-deps symlink_data
