[0.114s] Invoking command in '/home/sejong/SH_ws/build/sh_motion_cpp': CMAKE_PREFIX_PATH=${CMAKE_PREFIX_PATH}:/home/sejong/SH_ws/install/sh_motion_demo:/home/sejong/SH_ws/install/SH_Humanoid_description:/opt/ros/jazzy DEBUGINFOD_URLS=https://debuginfod.ubuntu.com /usr/bin/cmake /home/sejong/SH_ws/src/sh_motion_cpp -DAMENT_CMAKE_SYMLINK_INSTALL=1 -DCMAKE_INSTALL_PREFIX=/home/sejong/SH_ws/install/sh_motion_cpp
[0.145s] -- The C compiler identification is GNU 11.5.0
[0.176s] -- The CXX compiler identification is GNU 11.5.0
[0.185s] -- Detecting C compiler ABI info
[0.232s] -- Detecting C compiler ABI info - done
[0.237s] -- Check for working C compiler: /usr/bin/cc - skipped
[0.237s] -- Detecting C compile features
[0.238s] -- Detecting C compile features - done
[0.243s] -- Detecting CXX compiler ABI info
[0.295s] -- Detecting CXX compiler ABI info - done
[0.301s] -- Check for working CXX compiler: /usr/bin/c++ - skipped
[0.301s] -- Detecting CXX compile features
[0.301s] -- Detecting CXX compile features - done
[0.303s] -- Found ament_cmake: 2.5.6 (/opt/ros/jazzy/share/ament_cmake/cmake)
[0.392s] -- Found Python3: /usr/bin/python3 (found version "3.12.3") found components: Interpreter 
[0.434s] -- Override CMake install command with custom implementation using symlinks instead of copying resources
[0.463s] -- Found ament_lint_auto: 0.17.5 (/opt/ros/jazzy/share/ament_lint_auto/cmake)
[0.526s] -- Found rclcpp: 28.1.18 (/opt/ros/jazzy/share/rclcpp/cmake)
[0.557s] -- Found rosidl_generator_c: 4.6.7 (/opt/ros/jazzy/share/rosidl_generator_c/cmake)
[0.566s] -- Found rosidl_generator_cpp: 4.6.7 (/opt/ros/jazzy/share/rosidl_generator_cpp/cmake)
[0.574s] -- Using all available rosidl_typesupport_c: rosidl_typesupport_fastrtps_c;rosidl_typesupport_introspection_c
[0.584s] -- Using all available rosidl_typesupport_cpp: rosidl_typesupport_fastrtps_cpp;rosidl_typesupport_introspection_cpp
[0.624s] -- Found rmw_implementation_cmake: 7.3.3 (/opt/ros/jazzy/share/rmw_implementation_cmake/cmake)
[0.626s] -- Found rmw_fastrtps_cpp: 8.4.3 (/opt/ros/jazzy/share/rmw_fastrtps_cpp/cmake)
[0.672s] -- Found OpenSSL: /usr/lib/x86_64-linux-gnu/libcrypto.so (found version "3.0.13")  
[0.681s] -- Found FastRTPS: /opt/ros/jazzy/include (Required is at least version "2.13") 
[0.693s] -- Using RMW implementation 'rmw_fastrtps_cpp' as default
[0.732s] -- Found moveit_ros_planning_interface: 2.12.4 (/opt/ros/jazzy/share/moveit_ros_planning_interface/cmake)
[0.801s] -- Found Boost: /usr/lib/x86_64-linux-gnu/cmake/Boost-1.83.0/BoostConfig.cmake (found version "1.83.0") found components: date_time filesystem program_options system thread 
[0.948s] -- Found Boost: /usr/lib/x86_64-linux-gnu/cmake/Boost-1.83.0/BoostConfig.cmake (found version "1.83.0") found components: chrono date_time filesystem iostreams program_options regex serialization system thread 
[0.981s] -- Found parameter_traits: 0.7.1 (/opt/ros/jazzy/share/parameter_traits/cmake)
[0.991s] -- Found rclcpp_lifecycle: 28.1.18 (/opt/ros/jazzy/share/rclcpp_lifecycle/cmake)
[1.010s] -- Found Boost: /usr/lib/x86_64-linux-gnu/cmake/Boost-1.83.0/BoostConfig.cmake (found version "1.83.0") found components: filesystem 
[1.044s] -- Found Eigen3: TRUE (found version "3.4.0") 
[1.044s] -- Ensuring Eigen3 include directory is part of orocos-kdl CMake target
[1.129s] -- Found Boost: /usr/lib/x86_64-linux-gnu/cmake/Boost-1.83.0/BoostConfig.cmake (found version "1.83.0") found components: system filesystem date_time program_options thread chrono 
[1.156s] -- Found Boost: /usr/lib/x86_64-linux-gnu/cmake/Boost-1.83.0/BoostConfig.cmake (found version "1.83.0") found components: thread system filesystem regex date_time program_options 
[1.170s] -- Found Boost: /usr/lib/x86_64-linux-gnu/cmake/Boost-1.83.0/BoostConfig.cmake (found version "1.83.0") found components: system filesystem date_time program_options thread 
[1.191s] -- Added test 'cppcheck' to perform static code analysis on C / C++ code
[1.191s] -- Configured cppcheck include dirs: 
[1.191s] -- Configured cppcheck exclude dirs and/or files: 
[1.192s] -- Added test 'lint_cmake' to check CMake code style
[1.192s] -- Added test 'uncrustify' to check C / C++ code style
[1.192s] -- Configured uncrustify additional arguments: 
[1.192s] -- Added test 'xmllint' to check XML markup files
[1.193s] -- Configuring done (1.1s)
[1.205s] -- Generating done (0.0s)
[1.207s] -- Build files have been written to: /home/sejong/SH_ws/build/sh_motion_cpp
[1.215s] Invoked command in '/home/sejong/SH_ws/build/sh_motion_cpp' returned '0': CMAKE_PREFIX_PATH=${CMAKE_PREFIX_PATH}:/home/sejong/SH_ws/install/sh_motion_demo:/home/sejong/SH_ws/install/SH_Humanoid_description:/opt/ros/jazzy DEBUGINFOD_URLS=https://debuginfod.ubuntu.com /usr/bin/cmake /home/sejong/SH_ws/src/sh_motion_cpp -DAMENT_CMAKE_SYMLINK_INSTALL=1 -DCMAKE_INSTALL_PREFIX=/home/sejong/SH_ws/install/sh_motion_cpp
[1.215s] Invoking command in '/home/sejong/SH_ws/build/sh_motion_cpp': CMAKE_PREFIX_PATH=${CMAKE_PREFIX_PATH}:/home/sejong/SH_ws/install/sh_motion_demo:/home/sejong/SH_ws/install/SH_Humanoid_description:/opt/ros/jazzy DEBUGINFOD_URLS=https://debuginfod.ubuntu.com /usr/bin/cmake --build /home/sejong/SH_ws/build/sh_motion_cpp -- -j24 -l24
[1.247s] [ 50%] [32mBuilding CXX object CMakeFiles/wave.dir/src/wave.cpp.o[0m
[4.559s] [100%] [32m[1mLinking CXX executable wave[0m
[4.705s] [100%] Built target wave
[4.715s] Invoked command in '/home/sejong/SH_ws/build/sh_motion_cpp' returned '0': CMAKE_PREFIX_PATH=${CMAKE_PREFIX_PATH}:/home/sejong/SH_ws/install/sh_motion_demo:/home/sejong/SH_ws/install/SH_Humanoid_description:/opt/ros/jazzy DEBUGINFOD_URLS=https://debuginfod.ubuntu.com /usr/bin/cmake --build /home/sejong/SH_ws/build/sh_motion_cpp -- -j24 -l24
[4.715s] Invoking command in '/home/sejong/SH_ws/build/sh_motion_cpp': CMAKE_PREFIX_PATH=${CMAKE_PREFIX_PATH}:/home/sejong/SH_ws/install/sh_motion_demo:/home/sejong/SH_ws/install/SH_Humanoid_description:/opt/ros/jazzy DEBUGINFOD_URLS=https://debuginfod.ubuntu.com /usr/bin/cmake --install /home/sejong/SH_ws/build/sh_motion_cpp
[4.720s] -- Install configuration: ""
[4.720s] -- Execute custom install script
[4.720s] -- Symlinking: /home/sejong/SH_ws/install/sh_motion_cpp/lib/sh_motion_cpp/wave
[4.725s] -- Symlinking: /home/sejong/SH_ws/install/sh_motion_cpp/share/ament_index/resource_index/package_run_dependencies/sh_motion_cpp
[4.730s] -- Symlinking: /home/sejong/SH_ws/install/sh_motion_cpp/share/ament_index/resource_index/parent_prefix_path/sh_motion_cpp
[4.734s] -- Symlinking: /home/sejong/SH_ws/install/sh_motion_cpp/share/sh_motion_cpp/environment/ament_prefix_path.sh
[4.739s] -- Symlinking: /home/sejong/SH_ws/install/sh_motion_cpp/share/sh_motion_cpp/environment/ament_prefix_path.dsv
[4.743s] -- Symlinking: /home/sejong/SH_ws/install/sh_motion_cpp/share/sh_motion_cpp/environment/path.sh
[4.747s] -- Symlinking: /home/sejong/SH_ws/install/sh_motion_cpp/share/sh_motion_cpp/environment/path.dsv
[4.751s] -- Symlinking: /home/sejong/SH_ws/install/sh_motion_cpp/share/sh_motion_cpp/local_setup.bash
[4.755s] -- Symlinking: /home/sejong/SH_ws/install/sh_motion_cpp/share/sh_motion_cpp/local_setup.sh
[4.760s] -- Symlinking: /home/sejong/SH_ws/install/sh_motion_cpp/share/sh_motion_cpp/local_setup.zsh
[4.764s] -- Symlinking: /home/sejong/SH_ws/install/sh_motion_cpp/share/sh_motion_cpp/local_setup.dsv
[4.769s] -- Symlinking: /home/sejong/SH_ws/install/sh_motion_cpp/share/sh_motion_cpp/package.dsv
[4.773s] -- Symlinking: /home/sejong/SH_ws/install/sh_motion_cpp/share/ament_index/resource_index/packages/sh_motion_cpp
[4.777s] -- Symlinking: /home/sejong/SH_ws/install/sh_motion_cpp/share/sh_motion_cpp/cmake/sh_motion_cppConfig.cmake
[4.782s] -- Symlinking: /home/sejong/SH_ws/install/sh_motion_cpp/share/sh_motion_cpp/cmake/sh_motion_cppConfig-version.cmake
[4.786s] -- Symlinking: /home/sejong/SH_ws/install/sh_motion_cpp/share/sh_motion_cpp/package.xml
[4.791s] Invoked command in '/home/sejong/SH_ws/build/sh_motion_cpp' returned '0': CMAKE_PREFIX_PATH=${CMAKE_PREFIX_PATH}:/home/sejong/SH_ws/install/sh_motion_demo:/home/sejong/SH_ws/install/SH_Humanoid_description:/opt/ros/jazzy DEBUGINFOD_URLS=https://debuginfod.ubuntu.com /usr/bin/cmake --install /home/sejong/SH_ws/build/sh_motion_cpp
