-- The C compiler identification is GNU 11.5.0
-- The CXX compiler identification is GNU 11.5.0
-- Detecting C compiler ABI info
-- Detecting C compiler ABI info - done
-- Check for working C compiler: /usr/bin/cc - skipped
-- Detecting C compile features
-- Detecting C compile features - done
-- Detecting CXX compiler ABI info
-- Detecting CXX compiler ABI info - done
-- Check for working CXX compiler: /usr/bin/c++ - skipped
-- Detecting CXX compile features
-- Detecting CXX compile features - done
-- Found ament_cmake: 2.5.6 (/opt/ros/jazzy/share/ament_cmake/cmake)
-- Found Python3: /usr/bin/python3 (found version "3.12.3") found components: Interpreter 
-- Override CMake install command with custom implementation using symlinks instead of copying resources
WARNING: Package name "SH_moveit_head_config" does not follow the naming conventions. It should start with a lower case letter and only contain lower case letters, digits, underscores, and dashes.
-- Configuring done (0.4s)
-- Generating done (0.0s)
-- Build files have been written to: /home/sejong/SH_ws/build/SH_moveit_head_config
-- Install configuration: ""
-- Execute custom install script
-- Symlinking: /home/sejong/SH_ws/install/SH_moveit_head_config/share/ament_index/resource_index/package_run_dependencies/SH_moveit_head_config
-- Symlinking: /home/sejong/SH_ws/install/SH_moveit_head_config/share/ament_index/resource_index/parent_prefix_path/SH_moveit_head_config
-- Symlinking: /home/sejong/SH_ws/install/SH_moveit_head_config/share/SH_moveit_head_config/environment/ament_prefix_path.sh
-- Symlinking: /home/sejong/SH_ws/install/SH_moveit_head_config/share/SH_moveit_head_config/environment/ament_prefix_path.dsv
-- Symlinking: /home/sejong/SH_ws/install/SH_moveit_head_config/share/SH_moveit_head_config/environment/path.sh
-- Symlinking: /home/sejong/SH_ws/install/SH_moveit_head_config/share/SH_moveit_head_config/environment/path.dsv
-- Symlinking: /home/sejong/SH_ws/install/SH_moveit_head_config/share/SH_moveit_head_config/local_setup.bash
-- Symlinking: /home/sejong/SH_ws/install/SH_moveit_head_config/share/SH_moveit_head_config/local_setup.sh
-- Symlinking: /home/sejong/SH_ws/install/SH_moveit_head_config/share/SH_moveit_head_config/local_setup.zsh
-- Symlinking: /home/sejong/SH_ws/install/SH_moveit_head_config/share/SH_moveit_head_config/local_setup.dsv
-- Symlinking: /home/sejong/SH_ws/install/SH_moveit_head_config/share/SH_moveit_head_config/package.dsv
-- Symlinking: /home/sejong/SH_ws/install/SH_moveit_head_config/share/ament_index/resource_index/packages/SH_moveit_head_config
-- Symlinking: /home/sejong/SH_ws/install/SH_moveit_head_config/share/SH_moveit_head_config/cmake/SH_moveit_head_configConfig.cmake
-- Symlinking: /home/sejong/SH_ws/install/SH_moveit_head_config/share/SH_moveit_head_config/cmake/SH_moveit_head_configConfig-version.cmake
-- Symlinking: /home/sejong/SH_ws/install/SH_moveit_head_config/share/SH_moveit_head_config/package.xml
-- Symlinking: /home/sejong/SH_ws/install/SH_moveit_head_config/share/SH_moveit_head_config/launch/demo.launch.py
-- Symlinking: /home/sejong/SH_ws/install/SH_moveit_head_config/share/SH_moveit_head_config/launch/move_group.launch.py
-- Symlinking: /home/sejong/SH_ws/install/SH_moveit_head_config/share/SH_moveit_head_config/launch/moveit_rviz.launch.py
-- Symlinking: /home/sejong/SH_ws/install/SH_moveit_head_config/share/SH_moveit_head_config/launch/rsp.launch.py
-- Symlinking: /home/sejong/SH_ws/install/SH_moveit_head_config/share/SH_moveit_head_config/launch/servo.launch.py
-- Symlinking: /home/sejong/SH_ws/install/SH_moveit_head_config/share/SH_moveit_head_config/launch/setup_assistant.launch.py
-- Symlinking: /home/sejong/SH_ws/install/SH_moveit_head_config/share/SH_moveit_head_config/launch/spawn_controllers.launch.py
-- Symlinking: /home/sejong/SH_ws/install/SH_moveit_head_config/share/SH_moveit_head_config/launch/static_virtual_joint_tfs.launch.py
-- Symlinking: /home/sejong/SH_ws/install/SH_moveit_head_config/share/SH_moveit_head_config/launch/warehouse_db.launch.py
-- Symlinking: /home/sejong/SH_ws/install/SH_moveit_head_config/share/SH_moveit_head_config/config/SH_Humanoid.ros2_control.xacro
-- Symlinking: /home/sejong/SH_ws/install/SH_moveit_head_config/share/SH_moveit_head_config/config/SH_Humanoid.srdf
-- Symlinking: /home/sejong/SH_ws/install/SH_moveit_head_config/share/SH_moveit_head_config/config/SH_Humanoid.urdf.xacro
-- Symlinking: /home/sejong/SH_ws/install/SH_moveit_head_config/share/SH_moveit_head_config/config/initial_positions.yaml
-- Symlinking: /home/sejong/SH_ws/install/SH_moveit_head_config/share/SH_moveit_head_config/config/joint_limits.yaml
-- Symlinking: /home/sejong/SH_ws/install/SH_moveit_head_config/share/SH_moveit_head_config/config/kinematics.yaml
-- Symlinking: /home/sejong/SH_ws/install/SH_moveit_head_config/share/SH_moveit_head_config/config/moveit.rviz
-- Symlinking: /home/sejong/SH_ws/install/SH_moveit_head_config/share/SH_moveit_head_config/config/moveit_controllers.yaml
-- Symlinking: /home/sejong/SH_ws/install/SH_moveit_head_config/share/SH_moveit_head_config/config/pilz_cartesian_limits.yaml
-- Symlinking: /home/sejong/SH_ws/install/SH_moveit_head_config/share/SH_moveit_head_config/config/ros2_controllers.yaml
-- Symlinking: /home/sejong/SH_ws/install/SH_moveit_head_config/share/SH_moveit_head_config/config/servo.yaml
-- Symlinking: /home/sejong/SH_ws/install/SH_moveit_head_config/share/SH_moveit_head_config/.setup_assistant
