[0.807s] Invoking command in '/home/sejong/Desktop/SH_ws/src/SH_Humanoid_description': DEBUGINFOD_URLS=https://debuginfod.ubuntu.com PYTHONPATH=/home/sejong/Desktop/SH_ws/build/SH_Humanoid_description/prefix_override:/usr/lib/python3/dist-packages/colcon_core/task/python/colcon_distutils_commands:/home/sejong/Desktop/SH_ws/install/SH_Humanoid_description/lib/python3.12/site-packages:${PYTHONPATH} /usr/bin/python3 -W ignore:setup.py install is deprecated -W ignore:easy_install command is deprecated setup.py egg_info --egg-base ../../build/SH_Humanoid_description build --build-base /home/sejong/Desktop/SH_ws/build/SH_Humanoid_description/build install --record /home/sejong/Desktop/SH_ws/build/SH_Humanoid_description/install.log --install-scripts $base/lib/SH_Humanoid_description --single-version-externally-managed install_data
[0.912s] /usr/lib/python3/dist-packages/setuptools/dist.py:744: SetuptoolsDeprecationWarning: Invalid dash-separated options
[0.912s] !!
[0.913s] 
[0.913s]         ********************************************************************************
[0.913s]         Usage of dash-separated 'script-dir' will not be supported in future
[0.913s]         versions. Please use the underscore name 'script_dir' instead.
[0.914s] 
[0.914s]         This deprecation is overdue, please update your project and remove deprecated
[0.914s]         calls to avoid build errors in the future.
[0.914s] 
[0.914s]         See https://setuptools.pypa.io/en/latest/userguide/declarative_config.html for details.
[0.915s]         ********************************************************************************
[0.915s] 
[0.915s] !!
[0.915s]   opt = self.warn_dash_deprecation(opt, section)
[0.995s] running egg_info
[1.006s] writing ../../build/SH_Humanoid_description/SH_Humanoid_description.egg-info/PKG-INFO
[1.007s] writing dependency_links to ../../build/SH_Humanoid_description/SH_Humanoid_description.egg-info/dependency_links.txt
[1.007s] writing requirements to ../../build/SH_Humanoid_description/SH_Humanoid_description.egg-info/requires.txt
[1.007s] writing top-level names to ../../build/SH_Humanoid_description/SH_Humanoid_description.egg-info/top_level.txt
[1.033s] reading manifest file '../../build/SH_Humanoid_description/SH_Humanoid_description.egg-info/SOURCES.txt'
[1.034s] writing manifest file '../../build/SH_Humanoid_description/SH_Humanoid_description.egg-info/SOURCES.txt'
[1.034s] running build
[1.034s] running build_py
[1.034s] running install
[1.039s] running install_lib
[1.055s] running install_data
[1.056s] running install_egg_info
[1.066s] removing '/home/sejong/Desktop/SH_ws/install/SH_Humanoid_description/lib/python3.12/site-packages/SH_Humanoid_description-0.0.0-py3.12.egg-info' (and everything under it)
[1.067s] Copying ../../build/SH_Humanoid_description/SH_Humanoid_description.egg-info to /home/sejong/Desktop/SH_ws/install/SH_Humanoid_description/lib/python3.12/site-packages/SH_Humanoid_description-0.0.0-py3.12.egg-info
[1.067s] running install_scripts
[1.160s] writing list of installed files to '/home/sejong/Desktop/SH_ws/build/SH_Humanoid_description/install.log'
[1.195s] Invoked command in '/home/sejong/Desktop/SH_ws/src/SH_Humanoid_description' returned '0': DEBUGINFOD_URLS=https://debuginfod.ubuntu.com PYTHONPATH=/home/sejong/Desktop/SH_ws/build/SH_Humanoid_description/prefix_override:/usr/lib/python3/dist-packages/colcon_core/task/python/colcon_distutils_commands:/home/sejong/Desktop/SH_ws/install/SH_Humanoid_description/lib/python3.12/site-packages:${PYTHONPATH} /usr/bin/python3 -W ignore:setup.py install is deprecated -W ignore:easy_install command is deprecated setup.py egg_info --egg-base ../../build/SH_Humanoid_description build --build-base /home/sejong/Desktop/SH_ws/build/SH_Humanoid_description/build install --record /home/sejong/Desktop/SH_ws/build/SH_Humanoid_description/install.log --install-scripts $base/lib/SH_Humanoid_description --single-version-externally-managed install_data
