[0.830s] Invoking command in '/home/sejong/Desktop/SH_ws/build/SH_Humanoid_description': DEBUGINFOD_URLS=https://debuginfod.ubuntu.com PYTHONPATH=/home/sejong/Desktop/SH_ws/build/SH_Humanoid_description/prefix_override:/usr/lib/python3/dist-packages/colcon_core/task/python/colcon_distutils_commands:/home/sejong/Desktop/SH_ws/install/SH_Humanoid_description/lib/python3.12/site-packages:${PYTHONPATH} /usr/bin/python3 -W ignore:setup.py install is deprecated -W ignore:easy_install command is deprecated setup.py develop --editable --build-directory /home/sejong/Desktop/SH_ws/build/SH_Humanoid_description/build --no-deps symlink_data --force
[0.914s] /usr/lib/python3/dist-packages/setuptools/dist.py:744: SetuptoolsDeprecationWarning: Invalid dash-separated options
[0.916s] !!
[0.917s] 
[0.917s]         ********************************************************************************
[0.917s]         Usage of dash-separated 'script-dir' will not be supported in future
[0.917s]         versions. Please use the underscore name 'script_dir' instead.
[0.917s] 
[0.917s]         This deprecation is overdue, please update your project and remove deprecated
[0.917s]         calls to avoid build errors in the future.
[0.917s] 
[0.917s]         See https://setuptools.pypa.io/en/latest/userguide/declarative_config.html for details.
[0.917s]         ********************************************************************************
[0.917s] 
[0.917s] !!
[0.917s]   opt = self.warn_dash_deprecation(opt, section)
[1.041s] running develop
[1.157s] running egg_info
[1.168s] writing SH_Humanoid_description.egg-info/PKG-INFO
[1.168s] writing dependency_links to SH_Humanoid_description.egg-info/dependency_links.txt
[1.172s] writing requirements to SH_Humanoid_description.egg-info/requires.txt
[1.172s] writing top-level names to SH_Humanoid_description.egg-info/top_level.txt
[1.194s] reading manifest file 'SH_Humanoid_description.egg-info/SOURCES.txt'
[1.195s] writing manifest file 'SH_Humanoid_description.egg-info/SOURCES.txt'
[1.207s] running build_ext
[1.208s] Creating /home/sejong/Desktop/SH_ws/install/SH_Humanoid_description/lib/python3.12/site-packages/SH-Humanoid-description.egg-link (link to .)
[1.208s] 
[1.209s] Installed /home/sejong/Desktop/SH_ws/build/SH_Humanoid_description
[1.209s] running symlink_data
[1.209s] symbolically linking /home/sejong/Desktop/SH_ws/build/SH_Humanoid_description/resource/SH_Humanoid_description -> /home/sejong/Desktop/SH_ws/install/SH_Humanoid_description/share/ament_index/resource_index/packages
[1.209s] symbolically linking /home/sejong/Desktop/SH_ws/build/SH_Humanoid_description/package.xml -> /home/sejong/Desktop/SH_ws/install/SH_Humanoid_description/share/SH_Humanoid_description
[1.213s] symbolically linking /home/sejong/Desktop/SH_ws/build/SH_Humanoid_description/launch/display.launch.py -> /home/sejong/Desktop/SH_ws/install/SH_Humanoid_description/share/SH_Humanoid_description/launch
[1.213s] symbolically linking /home/sejong/Desktop/SH_ws/build/SH_Humanoid_description/launch/gazebo.launch.py -> /home/sejong/Desktop/SH_ws/install/SH_Humanoid_description/share/SH_Humanoid_description/launch
[1.213s] symbolically linking /home/sejong/Desktop/SH_ws/build/SH_Humanoid_description/urdf/SH_Humanoid.xacro -> /home/sejong/Desktop/SH_ws/install/SH_Humanoid_description/share/SH_Humanoid_description/urdf
[1.213s] symbolically linking /home/sejong/Desktop/SH_ws/build/SH_Humanoid_description/urdf/SH_Humanoid.trans -> /home/sejong/Desktop/SH_ws/install/SH_Humanoid_description/share/SH_Humanoid_description/urdf
[1.213s] symbolically linking /home/sejong/Desktop/SH_ws/build/SH_Humanoid_description/urdf/materials.xacro -> /home/sejong/Desktop/SH_ws/install/SH_Humanoid_description/share/SH_Humanoid_description/urdf
[1.213s] symbolically linking /home/sejong/Desktop/SH_ws/build/SH_Humanoid_description/urdf/SH_Humanoid(with hand, fingers).urdf -> /home/sejong/Desktop/SH_ws/install/SH_Humanoid_description/share/SH_Humanoid_description/urdf
[1.213s] symbolically linking /home/sejong/Desktop/SH_ws/build/SH_Humanoid_description/urdf/SH_Humanoid_head.urdf -> /home/sejong/Desktop/SH_ws/install/SH_Humanoid_description/share/SH_Humanoid_description/urdf
[1.213s] symbolically linking /home/sejong/Desktop/SH_ws/build/SH_Humanoid_description/urdf/SH_Humanoid.gazebo -> /home/sejong/Desktop/SH_ws/install/SH_Humanoid_description/share/SH_Humanoid_description/urdf
[1.213s] symbolically linking /home/sejong/Desktop/SH_ws/build/SH_Humanoid_description/urdf/SH_Humanoid.urdf -> /home/sejong/Desktop/SH_ws/install/SH_Humanoid_description/share/SH_Humanoid_description/urdf
[1.213s] symbolically linking /home/sejong/Desktop/SH_ws/build/SH_Humanoid_description/meshes/left_ring_force_sensor_2.STL -> /home/sejong/Desktop/SH_ws/install/SH_Humanoid_description/share/SH_Humanoid_description/meshes
[1.213s] symbolically linking /home/sejong/Desktop/SH_ws/build/SH_Humanoid_description/meshes/right_little_force_sensor_3.STL -> /home/sejong/Desktop/SH_ws/install/SH_Humanoid_description/share/SH_Humanoid_description/meshes
[1.213s] symbolically linking /home/sejong/Desktop/SH_ws/build/SH_Humanoid_description/meshes/right_little_force_sensor_1.STL -> /home/sejong/Desktop/SH_ws/install/SH_Humanoid_description/share/SH_Humanoid_description/meshes
[1.213s] symbolically linking /home/sejong/Desktop/SH_ws/build/SH_Humanoid_description/meshes/right_index_2.STL -> /home/sejong/Desktop/SH_ws/install/SH_Humanoid_description/share/SH_Humanoid_description/meshes
[1.213s] symbolically linking /home/sejong/Desktop/SH_ws/build/SH_Humanoid_description/meshes/right_hip_yaw_link.STL -> /home/sejong/Desktop/SH_ws/install/SH_Humanoid_description/share/SH_Humanoid_description/meshes
[1.213s] symbolically linking /home/sejong/Desktop/SH_ws/build/SH_Humanoid_description/meshes/right_hand_index_1_link.STL -> /home/sejong/Desktop/SH_ws/install/SH_Humanoid_description/share/SH_Humanoid_description/meshes
[1.213s] symbolically linking /home/sejong/Desktop/SH_ws/build/SH_Humanoid_description/meshes/right_hip_pitch_link.STL -> /home/sejong/Desktop/SH_ws/install/SH_Humanoid_description/share/SH_Humanoid_description/meshes
[1.213s] symbolically linking /home/sejong/Desktop/SH_ws/build/SH_Humanoid_description/meshes/left_hand_index_0_link.STL -> /home/sejong/Desktop/SH_ws/install/SH_Humanoid_description/share/SH_Humanoid_description/meshes
[1.213s] symbolically linking /home/sejong/Desktop/SH_ws/build/SH_Humanoid_description/meshes/left_shoulder_pitch_link.STL -> /home/sejong/Desktop/SH_ws/install/SH_Humanoid_description/share/SH_Humanoid_description/meshes
[1.214s] symbolically linking /home/sejong/Desktop/SH_ws/build/SH_Humanoid_description/meshes/left_wrist_yaw_link_5010.STL -> /home/sejong/Desktop/SH_ws/install/SH_Humanoid_description/share/SH_Humanoid_description/meshes
[1.214s] symbolically linking /home/sejong/Desktop/SH_ws/build/SH_Humanoid_description/meshes/left_wrist_pitch_link_5010.STL -> /home/sejong/Desktop/SH_ws/install/SH_Humanoid_description/share/SH_Humanoid_description/meshes
[1.214s] symbolically linking /home/sejong/Desktop/SH_ws/build/SH_Humanoid_description/meshes/left_index_force_sensor_3.STL -> /home/sejong/Desktop/SH_ws/install/SH_Humanoid_description/share/SH_Humanoid_description/meshes
[1.214s] symbolically linking /home/sejong/Desktop/SH_ws/build/SH_Humanoid_description/meshes/Head__1__1.stl -> /home/sejong/Desktop/SH_ws/install/SH_Humanoid_description/share/SH_Humanoid_description/meshes
[1.214s] symbolically linking /home/sejong/Desktop/SH_ws/build/SH_Humanoid_description/meshes/arm7_l_1.stl -> /home/sejong/Desktop/SH_ws/install/SH_Humanoid_description/share/SH_Humanoid_description/meshes
[1.214s] symbolically linking /home/sejong/Desktop/SH_ws/build/SH_Humanoid_description/meshes/left_middle_force_sensor_3.STL -> /home/sejong/Desktop/SH_ws/install/SH_Humanoid_description/share/SH_Humanoid_description/meshes
[1.214s] symbolically linking /home/sejong/Desktop/SH_ws/build/SH_Humanoid_description/meshes/left_little_force_sensor_3.STL -> /home/sejong/Desktop/SH_ws/install/SH_Humanoid_description/share/SH_Humanoid_description/meshes
[1.214s] symbolically linking /home/sejong/Desktop/SH_ws/build/SH_Humanoid_description/meshes/left_ankle_roll_link.STL -> /home/sejong/Desktop/SH_ws/install/SH_Humanoid_description/share/SH_Humanoid_description/meshes
[1.214s] symbolically linking /home/sejong/Desktop/SH_ws/build/SH_Humanoid_description/meshes/right_base_link.STL -> /home/sejong/Desktop/SH_ws/install/SH_Humanoid_description/share/SH_Humanoid_description/meshes
[1.214s] symbolically linking /home/sejong/Desktop/SH_ws/build/SH_Humanoid_description/meshes/left_shoulder_roll_link.STL -> /home/sejong/Desktop/SH_ws/install/SH_Humanoid_description/share/SH_Humanoid_description/meshes
[1.214s] symbolically linking /home/sejong/Desktop/SH_ws/build/SH_Humanoid_description/meshes/right_little_1.STL -> /home/sejong/Desktop/SH_ws/install/SH_Humanoid_description/share/SH_Humanoid_description/meshes
[1.214s] symbolically linking /home/sejong/Desktop/SH_ws/build/SH_Humanoid_description/meshes/right_wrist_pitch_link.STL -> /home/sejong/Desktop/SH_ws/install/SH_Humanoid_description/share/SH_Humanoid_description/meshes
[1.214s] symbolically linking /home/sejong/Desktop/SH_ws/build/SH_Humanoid_description/meshes/right_hand_palm_link.STL -> /home/sejong/Desktop/SH_ws/install/SH_Humanoid_description/share/SH_Humanoid_description/meshes
[1.214s] symbolically linking /home/sejong/Desktop/SH_ws/build/SH_Humanoid_description/meshes/right_hand_middle_0_link.STL -> /home/sejong/Desktop/SH_ws/install/SH_Humanoid_description/share/SH_Humanoid_description/meshes
[1.214s] symbolically linking /home/sejong/Desktop/SH_ws/build/SH_Humanoid_description/meshes/right_ring_force_sensor_3.STL -> /home/sejong/Desktop/SH_ws/install/SH_Humanoid_description/share/SH_Humanoid_description/meshes
[1.214s] symbolically linking /home/sejong/Desktop/SH_ws/build/SH_Humanoid_description/meshes/right_thumb_force_sensor_1.STL -> /home/sejong/Desktop/SH_ws/install/SH_Humanoid_description/share/SH_Humanoid_description/meshes
[1.214s] symbolically linking /home/sejong/Desktop/SH_ws/build/SH_Humanoid_description/meshes/left_thumb_force_sensor_4.STL -> /home/sejong/Desktop/SH_ws/install/SH_Humanoid_description/share/SH_Humanoid_description/meshes
[1.214s] symbolically linking /home/sejong/Desktop/SH_ws/build/SH_Humanoid_description/meshes/left_ring_force_sensor_1.STL -> /home/sejong/Desktop/SH_ws/install/SH_Humanoid_description/share/SH_Humanoid_description/meshes
[1.214s] symbolically linking /home/sejong/Desktop/SH_ws/build/SH_Humanoid_description/meshes/left_knee_link.STL -> /home/sejong/Desktop/SH_ws/install/SH_Humanoid_description/share/SH_Humanoid_description/meshes
[1.214s] symbolically linking /home/sejong/Desktop/SH_ws/build/SH_Humanoid_description/meshes/right_wrist_roll_link_5010.STL -> /home/sejong/Desktop/SH_ws/install/SH_Humanoid_description/share/SH_Humanoid_description/meshes
[1.215s] symbolically linking /home/sejong/Desktop/SH_ws/build/SH_Humanoid_description/meshes/left_base_link.STL -> /home/sejong/Desktop/SH_ws/install/SH_Humanoid_description/share/SH_Humanoid_description/meshes
[1.215s] symbolically linking /home/sejong/Desktop/SH_ws/build/SH_Humanoid_description/meshes/right_thumb_1.STL -> /home/sejong/Desktop/SH_ws/install/SH_Humanoid_description/share/SH_Humanoid_description/meshes
[1.215s] symbolically linking /home/sejong/Desktop/SH_ws/build/SH_Humanoid_description/meshes/left_index_force_sensor_1.STL -> /home/sejong/Desktop/SH_ws/install/SH_Humanoid_description/share/SH_Humanoid_description/meshes
[1.215s] symbolically linking /home/sejong/Desktop/SH_ws/build/SH_Humanoid_description/meshes/left_little_1.STL -> /home/sejong/Desktop/SH_ws/install/SH_Humanoid_description/share/SH_Humanoid_description/meshes
[1.215s] symbolically linking /home/sejong/Desktop/SH_ws/build/SH_Humanoid_description/meshes/left_index_1.STL -> /home/sejong/Desktop/SH_ws/install/SH_Humanoid_description/share/SH_Humanoid_description/meshes
[1.215s] symbolically linking /home/sejong/Desktop/SH_ws/build/SH_Humanoid_description/meshes/arm5_l_1.stl -> /home/sejong/Desktop/SH_ws/install/SH_Humanoid_description/share/SH_Humanoid_description/meshes
[1.215s] symbolically linking /home/sejong/Desktop/SH_ws/build/SH_Humanoid_description/meshes/right_rubber_hand.STL -> /home/sejong/Desktop/SH_ws/install/SH_Humanoid_description/share/SH_Humanoid_description/meshes
[1.215s] symbolically linking /home/sejong/Desktop/SH_ws/build/SH_Humanoid_description/meshes/arm7_r_1.stl -> /home/sejong/Desktop/SH_ws/install/SH_Humanoid_description/share/SH_Humanoid_description/meshes
[1.215s] symbolically linking /home/sejong/Desktop/SH_ws/build/SH_Humanoid_description/meshes/right_ring_1.STL -> /home/sejong/Desktop/SH_ws/install/SH_Humanoid_description/share/SH_Humanoid_description/meshes
[1.215s] symbolically linking /home/sejong/Desktop/SH_ws/build/SH_Humanoid_description/meshes/arm3_l_1.stl -> /home/sejong/Desktop/SH_ws/install/SH_Humanoid_description/share/SH_Humanoid_description/meshes
[1.215s] symbolically linking /home/sejong/Desktop/SH_ws/build/SH_Humanoid_description/meshes/right_ring_2.STL -> /home/sejong/Desktop/SH_ws/install/SH_Humanoid_description/share/SH_Humanoid_description/meshes
[1.216s] symbolically linking /home/sejong/Desktop/SH_ws/build/SH_Humanoid_description/meshes/left_palm_force_sensor.STL -> /home/sejong/Desktop/SH_ws/install/SH_Humanoid_description/share/SH_Humanoid_description/meshes
[1.216s] symbolically linking /home/sejong/Desktop/SH_ws/build/SH_Humanoid_description/meshes/right_thumb_force_sensor_3.STL -> /home/sejong/Desktop/SH_ws/install/SH_Humanoid_description/share/SH_Humanoid_description/meshes
[1.216s] symbolically linking /home/sejong/Desktop/SH_ws/build/SH_Humanoid_description/meshes/arm6_r_1.stl -> /home/sejong/Desktop/SH_ws/install/SH_Humanoid_description/share/SH_Humanoid_description/meshes
[1.216s] symbolically linking /home/sejong/Desktop/SH_ws/build/SH_Humanoid_description/meshes/right_thumb_force_sensor_4.STL -> /home/sejong/Desktop/SH_ws/install/SH_Humanoid_description/share/SH_Humanoid_description/meshes
[1.216s] symbolically linking /home/sejong/Desktop/SH_ws/build/SH_Humanoid_description/meshes/left_hand_middle_0_link.STL -> /home/sejong/Desktop/SH_ws/install/SH_Humanoid_description/share/SH_Humanoid_description/meshes
[1.216s] symbolically linking /home/sejong/Desktop/SH_ws/build/SH_Humanoid_description/meshes/left_hand_palm_link.STL -> /home/sejong/Desktop/SH_ws/install/SH_Humanoid_description/share/SH_Humanoid_description/meshes
[1.216s] symbolically linking /home/sejong/Desktop/SH_ws/build/SH_Humanoid_description/meshes/left_elbow_link.STL -> /home/sejong/Desktop/SH_ws/install/SH_Humanoid_description/share/SH_Humanoid_description/meshes
[1.216s] symbolically linking /home/sejong/Desktop/SH_ws/build/SH_Humanoid_description/meshes/right_ring_force_sensor_2.STL -> /home/sejong/Desktop/SH_ws/install/SH_Humanoid_description/share/SH_Humanoid_description/meshes
[1.216s] symbolically linking /home/sejong/Desktop/SH_ws/build/SH_Humanoid_description/meshes/right_index_force_sensor_2.STL -> /home/sejong/Desktop/SH_ws/install/SH_Humanoid_description/share/SH_Humanoid_description/meshes
[1.216s] symbolically linking /home/sejong/Desktop/SH_ws/build/SH_Humanoid_description/meshes/left_middle_force_sensor_1.STL -> /home/sejong/Desktop/SH_ws/install/SH_Humanoid_description/share/SH_Humanoid_description/meshes
[1.216s] symbolically linking /home/sejong/Desktop/SH_ws/build/SH_Humanoid_description/meshes/left_thumb_4.STL -> /home/sejong/Desktop/SH_ws/install/SH_Humanoid_description/share/SH_Humanoid_description/meshes
[1.216s] symbolically linking /home/sejong/Desktop/SH_ws/build/SH_Humanoid_description/meshes/right_shoulder_roll_link.STL -> /home/sejong/Desktop/SH_ws/install/SH_Humanoid_description/share/SH_Humanoid_description/meshes
[1.216s] symbolically linking /home/sejong/Desktop/SH_ws/build/SH_Humanoid_description/meshes/left_middle_force_sensor_2.STL -> /home/sejong/Desktop/SH_ws/install/SH_Humanoid_description/share/SH_Humanoid_description/meshes
[1.216s] symbolically linking /home/sejong/Desktop/SH_ws/build/SH_Humanoid_description/meshes/right_wrist_roll_link.STL -> /home/sejong/Desktop/SH_ws/install/SH_Humanoid_description/share/SH_Humanoid_description/meshes
[1.216s] symbolically linking /home/sejong/Desktop/SH_ws/build/SH_Humanoid_description/meshes/left_ring_1.STL -> /home/sejong/Desktop/SH_ws/install/SH_Humanoid_description/share/SH_Humanoid_description/meshes
[1.216s] symbolically linking /home/sejong/Desktop/SH_ws/build/SH_Humanoid_description/meshes/left_thumb_swing.STL -> /home/sejong/Desktop/SH_ws/install/SH_Humanoid_description/share/SH_Humanoid_description/meshes
[1.216s] symbolically linking /home/sejong/Desktop/SH_ws/build/SH_Humanoid_description/meshes/left_thumb_force_sensor_1.STL -> /home/sejong/Desktop/SH_ws/install/SH_Humanoid_description/share/SH_Humanoid_description/meshes
[1.216s] symbolically linking /home/sejong/Desktop/SH_ws/build/SH_Humanoid_description/meshes/left_wrist_pitch_link.STL -> /home/sejong/Desktop/SH_ws/install/SH_Humanoid_description/share/SH_Humanoid_description/meshes
[1.217s] symbolically linking /home/sejong/Desktop/SH_ws/build/SH_Humanoid_description/meshes/right_knee_link.STL -> /home/sejong/Desktop/SH_ws/install/SH_Humanoid_description/share/SH_Humanoid_description/meshes
[1.217s] symbolically linking /home/sejong/Desktop/SH_ws/build/SH_Humanoid_description/meshes/arm1_l_1.stl -> /home/sejong/Desktop/SH_ws/install/SH_Humanoid_description/share/SH_Humanoid_description/meshes
[1.217s] symbolically linking /home/sejong/Desktop/SH_ws/build/SH_Humanoid_description/meshes/right_ring_force_sensor_1.STL -> /home/sejong/Desktop/SH_ws/install/SH_Humanoid_description/share/SH_Humanoid_description/meshes
[1.217s] symbolically linking /home/sejong/Desktop/SH_ws/build/SH_Humanoid_description/meshes/base_link.stl -> /home/sejong/Desktop/SH_ws/install/SH_Humanoid_description/share/SH_Humanoid_description/meshes
[1.217s] symbolically linking /home/sejong/Desktop/SH_ws/build/SH_Humanoid_description/meshes/right_wrist_pitch_link_5010.STL -> /home/sejong/Desktop/SH_ws/install/SH_Humanoid_description/share/SH_Humanoid_description/meshes
[1.217s] symbolically linking /home/sejong/Desktop/SH_ws/build/SH_Humanoid_description/meshes/left_ring_force_sensor_3.STL -> /home/sejong/Desktop/SH_ws/install/SH_Humanoid_description/share/SH_Humanoid_description/meshes
[1.217s] symbolically linking /home/sejong/Desktop/SH_ws/build/SH_Humanoid_description/meshes/left_middle_2.STL -> /home/sejong/Desktop/SH_ws/install/SH_Humanoid_description/share/SH_Humanoid_description/meshes
[1.217s] symbolically linking /home/sejong/Desktop/SH_ws/build/SH_Humanoid_description/meshes/right_index_force_sensor_1.STL -> /home/sejong/Desktop/SH_ws/install/SH_Humanoid_description/share/SH_Humanoid_description/meshes
[1.217s] symbolically linking /home/sejong/Desktop/SH_ws/build/SH_Humanoid_description/meshes/left_wrist_roll_link.STL -> /home/sejong/Desktop/SH_ws/install/SH_Humanoid_description/share/SH_Humanoid_description/meshes
[1.217s] symbolically linking /home/sejong/Desktop/SH_ws/build/SH_Humanoid_description/meshes/right_thumb_3.STL -> /home/sejong/Desktop/SH_ws/install/SH_Humanoid_description/share/SH_Humanoid_description/meshes
[1.217s] symbolically linking /home/sejong/Desktop/SH_ws/build/SH_Humanoid_description/meshes/right_palm_force_sensor.STL -> /home/sejong/Desktop/SH_ws/install/SH_Humanoid_description/share/SH_Humanoid_description/meshes
[1.217s] symbolically linking /home/sejong/Desktop/SH_ws/build/SH_Humanoid_description/meshes/arm6_l_1.stl -> /home/sejong/Desktop/SH_ws/install/SH_Humanoid_description/share/SH_Humanoid_description/meshes
[1.217s] symbolically linking /home/sejong/Desktop/SH_ws/build/SH_Humanoid_description/meshes/left_shoulder_yaw_link.STL -> /home/sejong/Desktop/SH_ws/install/SH_Humanoid_description/share/SH_Humanoid_description/meshes
[1.217s] symbolically linking /home/sejong/Desktop/SH_ws/build/SH_Humanoid_description/meshes/left_little_force_sensor_2.STL -> /home/sejong/Desktop/SH_ws/install/SH_Humanoid_description/share/SH_Humanoid_description/meshes
[1.217s] symbolically linking /home/sejong/Desktop/SH_ws/build/SH_Humanoid_description/meshes/left_little_2.STL -> /home/sejong/Desktop/SH_ws/install/SH_Humanoid_description/share/SH_Humanoid_description/meshes
[1.217s] symbolically linking /home/sejong/Desktop/SH_ws/build/SH_Humanoid_description/meshes/left_thumb_3.STL -> /home/sejong/Desktop/SH_ws/install/SH_Humanoid_description/share/SH_Humanoid_description/meshes
[1.217s] symbolically linking /home/sejong/Desktop/SH_ws/build/SH_Humanoid_description/meshes/right_middle_force_sensor_3.STL -> /home/sejong/Desktop/SH_ws/install/SH_Humanoid_description/share/SH_Humanoid_description/meshes
[1.217s] symbolically linking /home/sejong/Desktop/SH_ws/build/SH_Humanoid_description/meshes/arm2_r_1.stl -> /home/sejong/Desktop/SH_ws/install/SH_Humanoid_description/share/SH_Humanoid_description/meshes
[1.218s] symbolically linking /home/sejong/Desktop/SH_ws/build/SH_Humanoid_description/meshes/right_hand_thumb_2_link.STL -> /home/sejong/Desktop/SH_ws/install/SH_Humanoid_description/share/SH_Humanoid_description/meshes
[1.218s] symbolically linking /home/sejong/Desktop/SH_ws/build/SH_Humanoid_description/meshes/right_ankle_pitch_link.STL -> /home/sejong/Desktop/SH_ws/install/SH_Humanoid_description/share/SH_Humanoid_description/meshes
[1.218s] symbolically linking /home/sejong/Desktop/SH_ws/build/SH_Humanoid_description/meshes/arm4_l_1.stl -> /home/sejong/Desktop/SH_ws/install/SH_Humanoid_description/share/SH_Humanoid_description/meshes
[1.219s] symbolically linking /home/sejong/Desktop/SH_ws/build/SH_Humanoid_description/meshes/right_middle_force_sensor_1.STL -> /home/sejong/Desktop/SH_ws/install/SH_Humanoid_description/share/SH_Humanoid_description/meshes
[1.219s] symbolically linking /home/sejong/Desktop/SH_ws/build/SH_Humanoid_description/meshes/right_hand_thumb_0_link.STL -> /home/sejong/Desktop/SH_ws/install/SH_Humanoid_description/share/SH_Humanoid_description/meshes
[1.219s] symbolically linking /home/sejong/Desktop/SH_ws/build/SH_Humanoid_description/meshes/left_rubber_hand.STL -> /home/sejong/Desktop/SH_ws/install/SH_Humanoid_description/share/SH_Humanoid_description/meshes
[1.219s] symbolically linking /home/sejong/Desktop/SH_ws/build/SH_Humanoid_description/meshes/left_hip_yaw_link.STL -> /home/sejong/Desktop/SH_ws/install/SH_Humanoid_description/share/SH_Humanoid_description/meshes
[1.219s] symbolically linking /home/sejong/Desktop/SH_ws/build/SH_Humanoid_description/meshes/right_shoulder_pitch_link.STL -> /home/sejong/Desktop/SH_ws/install/SH_Humanoid_description/share/SH_Humanoid_description/meshes
[1.219s] symbolically linking /home/sejong/Desktop/SH_ws/build/SH_Humanoid_description/meshes/right_wrist_yaw_link_5010.STL -> /home/sejong/Desktop/SH_ws/install/SH_Humanoid_description/share/SH_Humanoid_description/meshes
[1.219s] symbolically linking /home/sejong/Desktop/SH_ws/build/SH_Humanoid_description/meshes/right_elbow_link.STL -> /home/sejong/Desktop/SH_ws/install/SH_Humanoid_description/share/SH_Humanoid_description/meshes
[1.219s] symbolically linking /home/sejong/Desktop/SH_ws/build/SH_Humanoid_description/meshes/left_hand_thumb_0_link.STL -> /home/sejong/Desktop/SH_ws/install/SH_Humanoid_description/share/SH_Humanoid_description/meshes
[1.219s] symbolically linking /home/sejong/Desktop/SH_ws/build/SH_Humanoid_description/meshes/left_thumb_force_sensor_3.STL -> /home/sejong/Desktop/SH_ws/install/SH_Humanoid_description/share/SH_Humanoid_description/meshes
[1.219s] symbolically linking /home/sejong/Desktop/SH_ws/build/SH_Humanoid_description/meshes/left_index_force_sensor_2.STL -> /home/sejong/Desktop/SH_ws/install/SH_Humanoid_description/share/SH_Humanoid_description/meshes
[1.220s] symbolically linking /home/sejong/Desktop/SH_ws/build/SH_Humanoid_description/meshes/arm4_r_1.stl -> /home/sejong/Desktop/SH_ws/install/SH_Humanoid_description/share/SH_Humanoid_description/meshes
[1.220s] symbolically linking /home/sejong/Desktop/SH_ws/build/SH_Humanoid_description/meshes/right_hand_thumb_1_link.STL -> /home/sejong/Desktop/SH_ws/install/SH_Humanoid_description/share/SH_Humanoid_description/meshes
[1.220s] symbolically linking /home/sejong/Desktop/SH_ws/build/SH_Humanoid_description/meshes/right_hand_middle_1_link.STL -> /home/sejong/Desktop/SH_ws/install/SH_Humanoid_description/share/SH_Humanoid_description/meshes
[1.220s] symbolically linking /home/sejong/Desktop/SH_ws/build/SH_Humanoid_description/meshes/right_thumb_4.STL -> /home/sejong/Desktop/SH_ws/install/SH_Humanoid_description/share/SH_Humanoid_description/meshes
[1.220s] symbolically linking /home/sejong/Desktop/SH_ws/build/SH_Humanoid_description/meshes/right_thumb_force_sensor_2.STL -> /home/sejong/Desktop/SH_ws/install/SH_Humanoid_description/share/SH_Humanoid_description/meshes
[1.220s] symbolically linking /home/sejong/Desktop/SH_ws/build/SH_Humanoid_description/meshes/right_shoulder_yaw_link.STL -> /home/sejong/Desktop/SH_ws/install/SH_Humanoid_description/share/SH_Humanoid_description/meshes
[1.220s] symbolically linking /home/sejong/Desktop/SH_ws/build/SH_Humanoid_description/meshes/arm2_l_1.stl -> /home/sejong/Desktop/SH_ws/install/SH_Humanoid_description/share/SH_Humanoid_description/meshes
[1.220s] symbolically linking /home/sejong/Desktop/SH_ws/build/SH_Humanoid_description/meshes/arm5_r_1.stl -> /home/sejong/Desktop/SH_ws/install/SH_Humanoid_description/share/SH_Humanoid_description/meshes
[1.220s] symbolically linking /home/sejong/Desktop/SH_ws/build/SH_Humanoid_description/meshes/left_hand_index_1_link.STL -> /home/sejong/Desktop/SH_ws/install/SH_Humanoid_description/share/SH_Humanoid_description/meshes
[1.220s] symbolically linking /home/sejong/Desktop/SH_ws/build/SH_Humanoid_description/meshes/right_middle_force_sensor_2.STL -> /home/sejong/Desktop/SH_ws/install/SH_Humanoid_description/share/SH_Humanoid_description/meshes
[1.220s] symbolically linking /home/sejong/Desktop/SH_ws/build/SH_Humanoid_description/meshes/right_wrist_roll_rubber_hand.STL -> /home/sejong/Desktop/SH_ws/install/SH_Humanoid_description/share/SH_Humanoid_description/meshes
[1.220s] symbolically linking /home/sejong/Desktop/SH_ws/build/SH_Humanoid_description/meshes/left_thumb_force_sensor_2.STL -> /home/sejong/Desktop/SH_ws/install/SH_Humanoid_description/share/SH_Humanoid_description/meshes
[1.220s] symbolically linking /home/sejong/Desktop/SH_ws/build/SH_Humanoid_description/meshes/left_ankle_pitch_link.STL -> /home/sejong/Desktop/SH_ws/install/SH_Humanoid_description/share/SH_Humanoid_description/meshes
[1.221s] symbolically linking /home/sejong/Desktop/SH_ws/build/SH_Humanoid_description/meshes/left_ring_2.STL -> /home/sejong/Desktop/SH_ws/install/SH_Humanoid_description/share/SH_Humanoid_description/meshes
[1.221s] symbolically linking /home/sejong/Desktop/SH_ws/build/SH_Humanoid_description/meshes/left_middle_1.STL -> /home/sejong/Desktop/SH_ws/install/SH_Humanoid_description/share/SH_Humanoid_description/meshes
[1.221s] symbolically linking /home/sejong/Desktop/SH_ws/build/SH_Humanoid_description/meshes/left_little_force_sensor_1.STL -> /home/sejong/Desktop/SH_ws/install/SH_Humanoid_description/share/SH_Humanoid_description/meshes
[1.221s] symbolically linking /home/sejong/Desktop/SH_ws/build/SH_Humanoid_description/meshes/right_index_1.STL -> /home/sejong/Desktop/SH_ws/install/SH_Humanoid_description/share/SH_Humanoid_description/meshes
[1.221s] symbolically linking /home/sejong/Desktop/SH_ws/build/SH_Humanoid_description/meshes/right_little_2.STL -> /home/sejong/Desktop/SH_ws/install/SH_Humanoid_description/share/SH_Humanoid_description/meshes
[1.221s] symbolically linking /home/sejong/Desktop/SH_ws/build/SH_Humanoid_description/meshes/right_middle_2.STL -> /home/sejong/Desktop/SH_ws/install/SH_Humanoid_description/share/SH_Humanoid_description/meshes
[1.221s] symbolically linking /home/sejong/Desktop/SH_ws/build/SH_Humanoid_description/meshes/left_hip_pitch_link.STL -> /home/sejong/Desktop/SH_ws/install/SH_Humanoid_description/share/SH_Humanoid_description/meshes
[1.221s] symbolically linking /home/sejong/Desktop/SH_ws/build/SH_Humanoid_description/meshes/arm1_r_1.stl -> /home/sejong/Desktop/SH_ws/install/SH_Humanoid_description/share/SH_Humanoid_description/meshes
[1.221s] symbolically linking /home/sejong/Desktop/SH_ws/build/SH_Humanoid_description/meshes/right_middle_1.STL -> /home/sejong/Desktop/SH_ws/install/SH_Humanoid_description/share/SH_Humanoid_description/meshes
[1.221s] symbolically linking /home/sejong/Desktop/SH_ws/build/SH_Humanoid_description/meshes/left_thumb_2.STL -> /home/sejong/Desktop/SH_ws/install/SH_Humanoid_description/share/SH_Humanoid_description/meshes
[1.221s] symbolically linking /home/sejong/Desktop/SH_ws/build/SH_Humanoid_description/meshes/left_hand_thumb_1_link.STL -> /home/sejong/Desktop/SH_ws/install/SH_Humanoid_description/share/SH_Humanoid_description/meshes
[1.221s] symbolically linking /home/sejong/Desktop/SH_ws/build/SH_Humanoid_description/meshes/left_wrist_roll_rubber_hand.STL -> /home/sejong/Desktop/SH_ws/install/SH_Humanoid_description/share/SH_Humanoid_description/meshes
[1.221s] symbolically linking /home/sejong/Desktop/SH_ws/build/SH_Humanoid_description/meshes/left_index_2.STL -> /home/sejong/Desktop/SH_ws/install/SH_Humanoid_description/share/SH_Humanoid_description/meshes
[1.224s] symbolically linking /home/sejong/Desktop/SH_ws/build/SH_Humanoid_description/meshes/right_index_force_sensor_3.STL -> /home/sejong/Desktop/SH_ws/install/SH_Humanoid_description/share/SH_Humanoid_description/meshes
[1.224s] symbolically linking /home/sejong/Desktop/SH_ws/build/SH_Humanoid_description/meshes/right_hip_roll_link.STL -> /home/sejong/Desktop/SH_ws/install/SH_Humanoid_description/share/SH_Humanoid_description/meshes
[1.224s] symbolically linking /home/sejong/Desktop/SH_ws/build/SH_Humanoid_description/meshes/left_wrist_yaw_link.STL -> /home/sejong/Desktop/SH_ws/install/SH_Humanoid_description/share/SH_Humanoid_description/meshes
[1.224s] symbolically linking /home/sejong/Desktop/SH_ws/build/SH_Humanoid_description/meshes/right_wrist_yaw_link.STL -> /home/sejong/Desktop/SH_ws/install/SH_Humanoid_description/share/SH_Humanoid_description/meshes
[1.224s] symbolically linking /home/sejong/Desktop/SH_ws/build/SH_Humanoid_description/meshes/right_ankle_roll_link.STL -> /home/sejong/Desktop/SH_ws/install/SH_Humanoid_description/share/SH_Humanoid_description/meshes
[1.224s] symbolically linking /home/sejong/Desktop/SH_ws/build/SH_Humanoid_description/meshes/left_hand_thumb_2_link.STL -> /home/sejong/Desktop/SH_ws/install/SH_Humanoid_description/share/SH_Humanoid_description/meshes
[1.225s] symbolically linking /home/sejong/Desktop/SH_ws/build/SH_Humanoid_description/meshes/right_little_force_sensor_2.STL -> /home/sejong/Desktop/SH_ws/install/SH_Humanoid_description/share/SH_Humanoid_description/meshes
[1.225s] symbolically linking /home/sejong/Desktop/SH_ws/build/SH_Humanoid_description/meshes/left_hand_middle_1_link.STL -> /home/sejong/Desktop/SH_ws/install/SH_Humanoid_description/share/SH_Humanoid_description/meshes
[1.225s] symbolically linking /home/sejong/Desktop/SH_ws/build/SH_Humanoid_description/meshes/arm3_r_1.stl -> /home/sejong/Desktop/SH_ws/install/SH_Humanoid_description/share/SH_Humanoid_description/meshes
[1.225s] symbolically linking /home/sejong/Desktop/SH_ws/build/SH_Humanoid_description/meshes/right_hand_index_0_link.STL -> /home/sejong/Desktop/SH_ws/install/SH_Humanoid_description/share/SH_Humanoid_description/meshes
[1.225s] symbolically linking /home/sejong/Desktop/SH_ws/build/SH_Humanoid_description/meshes/left_hip_roll_link.STL -> /home/sejong/Desktop/SH_ws/install/SH_Humanoid_description/share/SH_Humanoid_description/meshes
[1.225s] symbolically linking /home/sejong/Desktop/SH_ws/build/SH_Humanoid_description/meshes/left_thumb_1.STL -> /home/sejong/Desktop/SH_ws/install/SH_Humanoid_description/share/SH_Humanoid_description/meshes
[1.225s] symbolically linking /home/sejong/Desktop/SH_ws/build/SH_Humanoid_description/meshes/right_thumb_2.STL -> /home/sejong/Desktop/SH_ws/install/SH_Humanoid_description/share/SH_Humanoid_description/meshes
[1.225s] symbolically linking /home/sejong/Desktop/SH_ws/build/SH_Humanoid_description/meshes/left_wrist_roll_link_5010.STL -> /home/sejong/Desktop/SH_ws/install/SH_Humanoid_description/share/SH_Humanoid_description/meshes
[1.225s] symbolically linking /home/sejong/Desktop/SH_ws/build/SH_Humanoid_description/config/display.rviz -> /home/sejong/Desktop/SH_ws/install/SH_Humanoid_description/share/SH_Humanoid_description/config
[1.267s] Invoked command in '/home/sejong/Desktop/SH_ws/build/SH_Humanoid_description' returned '0': DEBUGINFOD_URLS=https://debuginfod.ubuntu.com PYTHONPATH=/home/sejong/Desktop/SH_ws/build/SH_Humanoid_description/prefix_override:/usr/lib/python3/dist-packages/colcon_core/task/python/colcon_distutils_commands:/home/sejong/Desktop/SH_ws/install/SH_Humanoid_description/lib/python3.12/site-packages:${PYTHONPATH} /usr/bin/python3 -W ignore:setup.py install is deprecated -W ignore:easy_install command is deprecated setup.py develop --editable --build-directory /home/sejong/Desktop/SH_ws/build/SH_Humanoid_description/build --no-deps symlink_data --force
