[0.448s] Invoking command in '/home/sejong/WS/SH_Humanoid/SH_ws/build/sh_motion_demo': CONDA_PROMPT_MODIFIER=(env_isaaclab_moveit) DEBUGINFOD_URLS=https://debuginfod.ubuntu.com PYTHONPATH=/home/sejong/WS/SH_Humanoid/SH_ws/build/sh_motion_demo/prefix_override:/usr/lib/python3/dist-packages/colcon_core/task/python/colcon_distutils_commands:/home/sejong/WS/SH_Humanoid/SH_ws/install/sh_motion_demo/lib/python3.12/site-packages:${PYTHONPATH} /usr/bin/python3 -W ignore:setup.py install is deprecated -W ignore:easy_install command is deprecated setup.py develop --editable --build-directory /home/sejong/WS/SH_Humanoid/SH_ws/build/sh_motion_demo/build --no-deps symlink_data
[0.591s] running develop
[0.677s] running egg_info
[0.677s] creating sh_motion_demo.egg-info
[0.686s] writing sh_motion_demo.egg-info/PKG-INFO
[0.686s] writing dependency_links to sh_motion_demo.egg-info/dependency_links.txt
[0.686s] writing entry points to sh_motion_demo.egg-info/entry_points.txt
[0.686s] writing requirements to sh_motion_demo.egg-info/requires.txt
[0.686s] writing top-level names to sh_motion_demo.egg-info/top_level.txt
[0.686s] writing manifest file 'sh_motion_demo.egg-info/SOURCES.txt'
[0.703s] reading manifest file 'sh_motion_demo.egg-info/SOURCES.txt'
[0.703s] writing manifest file 'sh_motion_demo.egg-info/SOURCES.txt'
[0.713s] running build_ext
[0.713s] Creating /home/sejong/WS/SH_Humanoid/SH_ws/install/sh_motion_demo/lib/python3.12/site-packages/sh-motion-demo.egg-link (link to .)
[0.713s] Installing wave script to /home/sejong/WS/SH_Humanoid/SH_ws/install/sh_motion_demo/lib/sh_motion_demo
[0.713s] 
[0.713s] Installed /home/sejong/WS/SH_Humanoid/SH_ws/build/sh_motion_demo
[0.713s] running symlink_data
[0.713s] creating /home/sejong/WS/SH_Humanoid/SH_ws/install/sh_motion_demo/share/ament_index
[0.713s] creating /home/sejong/WS/SH_Humanoid/SH_ws/install/sh_motion_demo/share/ament_index/resource_index
[0.713s] creating /home/sejong/WS/SH_Humanoid/SH_ws/install/sh_motion_demo/share/ament_index/resource_index/packages
[0.713s] symbolically linking /home/sejong/WS/SH_Humanoid/SH_ws/build/sh_motion_demo/resource/sh_motion_demo -> /home/sejong/WS/SH_Humanoid/SH_ws/install/sh_motion_demo/share/ament_index/resource_index/packages
[0.713s] symbolically linking /home/sejong/WS/SH_Humanoid/SH_ws/build/sh_motion_demo/package.xml -> /home/sejong/WS/SH_Humanoid/SH_ws/install/sh_motion_demo/share/sh_motion_demo
[0.728s] Invoked command in '/home/sejong/WS/SH_Humanoid/SH_ws/build/sh_motion_demo' returned '0': CONDA_PROMPT_MODIFIER=(env_isaaclab_moveit) DEBUGINFOD_URLS=https://debuginfod.ubuntu.com PYTHONPATH=/home/sejong/WS/SH_Humanoid/SH_ws/build/sh_motion_demo/prefix_override:/usr/lib/python3/dist-packages/colcon_core/task/python/colcon_distutils_commands:/home/sejong/WS/SH_Humanoid/SH_ws/install/sh_motion_demo/lib/python3.12/site-packages:${PYTHONPATH} /usr/bin/python3 -W ignore:setup.py install is deprecated -W ignore:easy_install command is deprecated setup.py develop --editable --build-directory /home/sejong/WS/SH_Humanoid/SH_ws/build/sh_motion_demo/build --no-deps symlink_data
