[0.858s] Invoking command in '/home/sejong/Desktop/SH_ws/src/sh_motion_demo': DEBUGINFOD_URLS=https://debuginfod.ubuntu.com PYTHONPATH=/home/sejong/Desktop/SH_ws/build/sh_motion_demo/prefix_override:/usr/lib/python3/dist-packages/colcon_core/task/python/colcon_distutils_commands:/home/sejong/Desktop/SH_ws/install/sh_motion_demo/lib/python3.12/site-packages:${PYTHONPATH} /usr/bin/python3 -W ignore:setup.py install is deprecated -W ignore:easy_install command is deprecated setup.py egg_info --egg-base ../../build/sh_motion_demo build --build-base /home/sejong/Desktop/SH_ws/build/sh_motion_demo/build install --record /home/sejong/Desktop/SH_ws/build/sh_motion_demo/install.log --single-version-externally-managed install_data
[1.054s] running egg_info
[1.066s] writing ../../build/sh_motion_demo/sh_motion_demo.egg-info/PKG-INFO
[1.068s] writing dependency_links to ../../build/sh_motion_demo/sh_motion_demo.egg-info/dependency_links.txt
[1.068s] writing entry points to ../../build/sh_motion_demo/sh_motion_demo.egg-info/entry_points.txt
[1.068s] writing requirements to ../../build/sh_motion_demo/sh_motion_demo.egg-info/requires.txt
[1.068s] writing top-level names to ../../build/sh_motion_demo/sh_motion_demo.egg-info/top_level.txt
[1.090s] reading manifest file '../../build/sh_motion_demo/sh_motion_demo.egg-info/SOURCES.txt'
[1.091s] writing manifest file '../../build/sh_motion_demo/sh_motion_demo.egg-info/SOURCES.txt'
[1.091s] running build
[1.092s] running build_py
[1.092s] running install
[1.097s] running install_lib
[1.109s] running install_data
[1.110s] running install_egg_info
[1.122s] removing '/home/sejong/Desktop/SH_ws/install/sh_motion_demo/lib/python3.12/site-packages/sh_motion_demo-0.0.0-py3.12.egg-info' (and everything under it)
[1.123s] Copying ../../build/sh_motion_demo/sh_motion_demo.egg-info to /home/sejong/Desktop/SH_ws/install/sh_motion_demo/lib/python3.12/site-packages/sh_motion_demo-0.0.0-py3.12.egg-info
[1.128s] running install_scripts
[1.216s] Installing wave script to /home/sejong/Desktop/SH_ws/install/sh_motion_demo/lib/sh_motion_demo
[1.216s] writing list of installed files to '/home/sejong/Desktop/SH_ws/build/sh_motion_demo/install.log'
[1.273s] Invoked command in '/home/sejong/Desktop/SH_ws/src/sh_motion_demo' returned '0': DEBUGINFOD_URLS=https://debuginfod.ubuntu.com PYTHONPATH=/home/sejong/Desktop/SH_ws/build/sh_motion_demo/prefix_override:/usr/lib/python3/dist-packages/colcon_core/task/python/colcon_distutils_commands:/home/sejong/Desktop/SH_ws/install/sh_motion_demo/lib/python3.12/site-packages:${PYTHONPATH} /usr/bin/python3 -W ignore:setup.py install is deprecated -W ignore:easy_install command is deprecated setup.py egg_info --egg-base ../../build/sh_motion_demo build --build-base /home/sejong/Desktop/SH_ws/build/sh_motion_demo/build install --record /home/sejong/Desktop/SH_ws/build/sh_motion_demo/install.log --single-version-externally-managed install_data
