[0.022s] Invoking command in '/home/sejong/Desktop/SH_ws/build/SH_moveit_limit2_config': AMENT_PREFIX_PATH=/home/sejong/Desktop/SH_ws/install/SH_Humanoid_description:/home/sejong/Desktop/SH_ws/install/sh_motion_demo:/home/sejong/Desktop/SH_ws/install/sh_motion_cpp:/home/sejong/Desktop/SH_ws/install/SH_moveit_limit_config:/home/sejong/Desktop/SH_ws/install/SH_moveit_head_config:/home/sejong/Desktop/SH_ws/install/SH_moveit_demo_config:/home/sejong/Desktop/SH_ws/install/SH_moveit_config:/opt/ros/jazzy CMAKE_PREFIX_PATH=/home/sejong/Desktop/SH_ws/install/sh_motion_cpp:/home/sejong/Desktop/SH_ws/install/sh_motion_demo:/home/sejong/Desktop/SH_ws/install/SH_Humanoid_description:/opt/ros/jazzy:/home/sejong/Desktop/SH_ws/install/ros2_interfaces:/home/sejong/Desktop/SH_ws/install/SH_moveit_limit_config:/home/sejong/Desktop/SH_ws/install/SH_moveit_head_config:/home/sejong/Desktop/SH_ws/install/SH_moveit_demo_config:/home/sejong/Desktop/SH_ws/install/SH_moveit_config:/opt/ros/jazzy/opt/sdformat_vendor:/opt/ros/jazzy/opt/gz_math_vendor:/opt/ros/jazzy/opt/gz_utils_vendor:/opt/ros/jazzy/opt/gz_tools_vendor:/opt/ros/jazzy/opt/gz_cmake_vendor DEBUGINFOD_URLS=https://debuginfod.ubuntu.com PYTHONPATH=/home/sejong/Desktop/SH_ws/install/SH_Humanoid_description/lib/python3.12/site-packages:/home/sejong/Desktop/SH_ws/install/sh_motion_demo/lib/python3.12/site-packages:/home/sejong/Desktop/SH_ws/install/ros2_interfaces/lib/python3.12/site-packages:/opt/ros/jazzy/lib/python3.12/site-packages /usr/bin/cmake /home/sejong/Desktop/SH_ws/src/SH_moveit_limit2_config -DCMAKE_INSTALL_PREFIX=/home/sejong/Desktop/SH_ws/install/SH_moveit_limit2_config
[0.101s] -- The C compiler identification is GNU 13.3.0
[0.173s] -- The CXX compiler identification is GNU 13.3.0
[0.199s] -- Detecting C compiler ABI info
[0.308s] -- Detecting C compiler ABI info - done
[0.326s] -- Check for working C compiler: /usr/bin/cc - skipped
[0.327s] -- Detecting C compile features
[0.329s] -- Detecting C compile features - done
[0.345s] -- Detecting CXX compiler ABI info
[0.472s] -- Detecting CXX compiler ABI info - done
[0.492s] -- Check for working CXX compiler: /usr/bin/c++ - skipped
[0.493s] -- Detecting CXX compile features
[0.494s] -- Detecting CXX compile features - done
[0.500s] -- Found ament_cmake: 2.5.6 (/opt/ros/jazzy/share/ament_cmake/cmake)
[0.700s] -- Found Python3: /usr/bin/python3 (found version "3.12.3") found components: Interpreter 
[0.906s] WARNING: Package name "SH_moveit_limit2_config" does not follow the naming conventions. It should start with a lower case letter and only contain lower case letters, digits, underscores, and dashes.
[0.933s] -- Configuring done (0.9s)
[0.937s] -- Generating done (0.0s)
[0.940s] -- Build files have been written to: /home/sejong/Desktop/SH_ws/build/SH_moveit_limit2_config
[0.951s] Invoked command in '/home/sejong/Desktop/SH_ws/build/SH_moveit_limit2_config' returned '0': AMENT_PREFIX_PATH=/home/sejong/Desktop/SH_ws/install/SH_Humanoid_description:/home/sejong/Desktop/SH_ws/install/sh_motion_demo:/home/sejong/Desktop/SH_ws/install/sh_motion_cpp:/home/sejong/Desktop/SH_ws/install/SH_moveit_limit_config:/home/sejong/Desktop/SH_ws/install/SH_moveit_head_config:/home/sejong/Desktop/SH_ws/install/SH_moveit_demo_config:/home/sejong/Desktop/SH_ws/install/SH_moveit_config:/opt/ros/jazzy CMAKE_PREFIX_PATH=/home/sejong/Desktop/SH_ws/install/sh_motion_cpp:/home/sejong/Desktop/SH_ws/install/sh_motion_demo:/home/sejong/Desktop/SH_ws/install/SH_Humanoid_description:/opt/ros/jazzy:/home/sejong/Desktop/SH_ws/install/ros2_interfaces:/home/sejong/Desktop/SH_ws/install/SH_moveit_limit_config:/home/sejong/Desktop/SH_ws/install/SH_moveit_head_config:/home/sejong/Desktop/SH_ws/install/SH_moveit_demo_config:/home/sejong/Desktop/SH_ws/install/SH_moveit_config:/opt/ros/jazzy/opt/sdformat_vendor:/opt/ros/jazzy/opt/gz_math_vendor:/opt/ros/jazzy/opt/gz_utils_vendor:/opt/ros/jazzy/opt/gz_tools_vendor:/opt/ros/jazzy/opt/gz_cmake_vendor DEBUGINFOD_URLS=https://debuginfod.ubuntu.com PYTHONPATH=/home/sejong/Desktop/SH_ws/install/SH_Humanoid_description/lib/python3.12/site-packages:/home/sejong/Desktop/SH_ws/install/sh_motion_demo/lib/python3.12/site-packages:/home/sejong/Desktop/SH_ws/install/ros2_interfaces/lib/python3.12/site-packages:/opt/ros/jazzy/lib/python3.12/site-packages /usr/bin/cmake /home/sejong/Desktop/SH_ws/src/SH_moveit_limit2_config -DCMAKE_INSTALL_PREFIX=/home/sejong/Desktop/SH_ws/install/SH_moveit_limit2_config
[0.952s] Invoking command in '/home/sejong/Desktop/SH_ws/build/SH_moveit_limit2_config': AMENT_PREFIX_PATH=/home/sejong/Desktop/SH_ws/install/SH_Humanoid_description:/home/sejong/Desktop/SH_ws/install/sh_motion_demo:/home/sejong/Desktop/SH_ws/install/sh_motion_cpp:/home/sejong/Desktop/SH_ws/install/SH_moveit_limit_config:/home/sejong/Desktop/SH_ws/install/SH_moveit_head_config:/home/sejong/Desktop/SH_ws/install/SH_moveit_demo_config:/home/sejong/Desktop/SH_ws/install/SH_moveit_config:/opt/ros/jazzy CMAKE_PREFIX_PATH=/home/sejong/Desktop/SH_ws/install/sh_motion_cpp:/home/sejong/Desktop/SH_ws/install/sh_motion_demo:/home/sejong/Desktop/SH_ws/install/SH_Humanoid_description:/opt/ros/jazzy:/home/sejong/Desktop/SH_ws/install/ros2_interfaces:/home/sejong/Desktop/SH_ws/install/SH_moveit_limit_config:/home/sejong/Desktop/SH_ws/install/SH_moveit_head_config:/home/sejong/Desktop/SH_ws/install/SH_moveit_demo_config:/home/sejong/Desktop/SH_ws/install/SH_moveit_config:/opt/ros/jazzy/opt/sdformat_vendor:/opt/ros/jazzy/opt/gz_math_vendor:/opt/ros/jazzy/opt/gz_utils_vendor:/opt/ros/jazzy/opt/gz_tools_vendor:/opt/ros/jazzy/opt/gz_cmake_vendor DEBUGINFOD_URLS=https://debuginfod.ubuntu.com PYTHONPATH=/home/sejong/Desktop/SH_ws/install/SH_Humanoid_description/lib/python3.12/site-packages:/home/sejong/Desktop/SH_ws/install/sh_motion_demo/lib/python3.12/site-packages:/home/sejong/Desktop/SH_ws/install/ros2_interfaces/lib/python3.12/site-packages:/opt/ros/jazzy/lib/python3.12/site-packages /usr/bin/cmake --build /home/sejong/Desktop/SH_ws/build/SH_moveit_limit2_config -- -j14 -l14
[1.002s] Invoked command in '/home/sejong/Desktop/SH_ws/build/SH_moveit_limit2_config' returned '0': AMENT_PREFIX_PATH=/home/sejong/Desktop/SH_ws/install/SH_Humanoid_description:/home/sejong/Desktop/SH_ws/install/sh_motion_demo:/home/sejong/Desktop/SH_ws/install/sh_motion_cpp:/home/sejong/Desktop/SH_ws/install/SH_moveit_limit_config:/home/sejong/Desktop/SH_ws/install/SH_moveit_head_config:/home/sejong/Desktop/SH_ws/install/SH_moveit_demo_config:/home/sejong/Desktop/SH_ws/install/SH_moveit_config:/opt/ros/jazzy CMAKE_PREFIX_PATH=/home/sejong/Desktop/SH_ws/install/sh_motion_cpp:/home/sejong/Desktop/SH_ws/install/sh_motion_demo:/home/sejong/Desktop/SH_ws/install/SH_Humanoid_description:/opt/ros/jazzy:/home/sejong/Desktop/SH_ws/install/ros2_interfaces:/home/sejong/Desktop/SH_ws/install/SH_moveit_limit_config:/home/sejong/Desktop/SH_ws/install/SH_moveit_head_config:/home/sejong/Desktop/SH_ws/install/SH_moveit_demo_config:/home/sejong/Desktop/SH_ws/install/SH_moveit_config:/opt/ros/jazzy/opt/sdformat_vendor:/opt/ros/jazzy/opt/gz_math_vendor:/opt/ros/jazzy/opt/gz_utils_vendor:/opt/ros/jazzy/opt/gz_tools_vendor:/opt/ros/jazzy/opt/gz_cmake_vendor DEBUGINFOD_URLS=https://debuginfod.ubuntu.com PYTHONPATH=/home/sejong/Desktop/SH_ws/install/SH_Humanoid_description/lib/python3.12/site-packages:/home/sejong/Desktop/SH_ws/install/sh_motion_demo/lib/python3.12/site-packages:/home/sejong/Desktop/SH_ws/install/ros2_interfaces/lib/python3.12/site-packages:/opt/ros/jazzy/lib/python3.12/site-packages /usr/bin/cmake --build /home/sejong/Desktop/SH_ws/build/SH_moveit_limit2_config -- -j14 -l14
[1.004s] Invoking command in '/home/sejong/Desktop/SH_ws/build/SH_moveit_limit2_config': AMENT_PREFIX_PATH=/home/sejong/Desktop/SH_ws/install/SH_Humanoid_description:/home/sejong/Desktop/SH_ws/install/sh_motion_demo:/home/sejong/Desktop/SH_ws/install/sh_motion_cpp:/home/sejong/Desktop/SH_ws/install/SH_moveit_limit_config:/home/sejong/Desktop/SH_ws/install/SH_moveit_head_config:/home/sejong/Desktop/SH_ws/install/SH_moveit_demo_config:/home/sejong/Desktop/SH_ws/install/SH_moveit_config:/opt/ros/jazzy CMAKE_PREFIX_PATH=/home/sejong/Desktop/SH_ws/install/sh_motion_cpp:/home/sejong/Desktop/SH_ws/install/sh_motion_demo:/home/sejong/Desktop/SH_ws/install/SH_Humanoid_description:/opt/ros/jazzy:/home/sejong/Desktop/SH_ws/install/ros2_interfaces:/home/sejong/Desktop/SH_ws/install/SH_moveit_limit_config:/home/sejong/Desktop/SH_ws/install/SH_moveit_head_config:/home/sejong/Desktop/SH_ws/install/SH_moveit_demo_config:/home/sejong/Desktop/SH_ws/install/SH_moveit_config:/opt/ros/jazzy/opt/sdformat_vendor:/opt/ros/jazzy/opt/gz_math_vendor:/opt/ros/jazzy/opt/gz_utils_vendor:/opt/ros/jazzy/opt/gz_tools_vendor:/opt/ros/jazzy/opt/gz_cmake_vendor DEBUGINFOD_URLS=https://debuginfod.ubuntu.com PYTHONPATH=/home/sejong/Desktop/SH_ws/install/SH_Humanoid_description/lib/python3.12/site-packages:/home/sejong/Desktop/SH_ws/install/sh_motion_demo/lib/python3.12/site-packages:/home/sejong/Desktop/SH_ws/install/ros2_interfaces/lib/python3.12/site-packages:/opt/ros/jazzy/lib/python3.12/site-packages /usr/bin/cmake --install /home/sejong/Desktop/SH_ws/build/SH_moveit_limit2_config
[1.013s] -- Install configuration: ""
[1.013s] -- Installing: /home/sejong/Desktop/SH_ws/install/SH_moveit_limit2_config/share/ament_index/resource_index/package_run_dependencies/SH_moveit_limit2_config
[1.014s] -- Installing: /home/sejong/Desktop/SH_ws/install/SH_moveit_limit2_config/share/ament_index/resource_index/parent_prefix_path/SH_moveit_limit2_config
[1.014s] -- Installing: /home/sejong/Desktop/SH_ws/install/SH_moveit_limit2_config/share/SH_moveit_limit2_config/environment/ament_prefix_path.sh
[1.014s] -- Installing: /home/sejong/Desktop/SH_ws/install/SH_moveit_limit2_config/share/SH_moveit_limit2_config/environment/ament_prefix_path.dsv
[1.014s] -- Installing: /home/sejong/Desktop/SH_ws/install/SH_moveit_limit2_config/share/SH_moveit_limit2_config/environment/path.sh
[1.015s] -- Installing: /home/sejong/Desktop/SH_ws/install/SH_moveit_limit2_config/share/SH_moveit_limit2_config/environment/path.dsv
[1.015s] -- Installing: /home/sejong/Desktop/SH_ws/install/SH_moveit_limit2_config/share/SH_moveit_limit2_config/local_setup.bash
[1.015s] -- Installing: /home/sejong/Desktop/SH_ws/install/SH_moveit_limit2_config/share/SH_moveit_limit2_config/local_setup.sh
[1.015s] -- Installing: /home/sejong/Desktop/SH_ws/install/SH_moveit_limit2_config/share/SH_moveit_limit2_config/local_setup.zsh
[1.015s] -- Installing: /home/sejong/Desktop/SH_ws/install/SH_moveit_limit2_config/share/SH_moveit_limit2_config/local_setup.dsv
[1.015s] -- Installing: /home/sejong/Desktop/SH_ws/install/SH_moveit_limit2_config/share/SH_moveit_limit2_config/package.dsv
[1.016s] -- Installing: /home/sejong/Desktop/SH_ws/install/SH_moveit_limit2_config/share/ament_index/resource_index/packages/SH_moveit_limit2_config
[1.016s] -- Installing: /home/sejong/Desktop/SH_ws/install/SH_moveit_limit2_config/share/SH_moveit_limit2_config/cmake/SH_moveit_limit2_configConfig.cmake
[1.016s] -- Installing: /home/sejong/Desktop/SH_ws/install/SH_moveit_limit2_config/share/SH_moveit_limit2_config/cmake/SH_moveit_limit2_configConfig-version.cmake
[1.016s] -- Installing: /home/sejong/Desktop/SH_ws/install/SH_moveit_limit2_config/share/SH_moveit_limit2_config/package.xml
[1.016s] -- Installing: /home/sejong/Desktop/SH_ws/install/SH_moveit_limit2_config/share/SH_moveit_limit2_config/launch
[1.016s] -- Installing: /home/sejong/Desktop/SH_ws/install/SH_moveit_limit2_config/share/SH_moveit_limit2_config/launch/static_virtual_joint_tfs.launch.py
[1.016s] -- Installing: /home/sejong/Desktop/SH_ws/install/SH_moveit_limit2_config/share/SH_moveit_limit2_config/launch/spawn_controllers.launch.py
[1.016s] -- Installing: /home/sejong/Desktop/SH_ws/install/SH_moveit_limit2_config/share/SH_moveit_limit2_config/launch/warehouse_db.launch.py
[1.017s] -- Installing: /home/sejong/Desktop/SH_ws/install/SH_moveit_limit2_config/share/SH_moveit_limit2_config/launch/rsp.launch.py
[1.017s] -- Installing: /home/sejong/Desktop/SH_ws/install/SH_moveit_limit2_config/share/SH_moveit_limit2_config/launch/demo.launch.py
[1.017s] -- Installing: /home/sejong/Desktop/SH_ws/install/SH_moveit_limit2_config/share/SH_moveit_limit2_config/launch/demo_bridge.launch.py
[1.017s] -- Installing: /home/sejong/Desktop/SH_ws/install/SH_moveit_limit2_config/share/SH_moveit_limit2_config/launch/setup_assistant.launch.py
[1.017s] -- Installing: /home/sejong/Desktop/SH_ws/install/SH_moveit_limit2_config/share/SH_moveit_limit2_config/launch/move_group.launch.py
[1.017s] -- Installing: /home/sejong/Desktop/SH_ws/install/SH_moveit_limit2_config/share/SH_moveit_limit2_config/launch/moveit_rviz.launch.py
[1.018s] -- Installing: /home/sejong/Desktop/SH_ws/install/SH_moveit_limit2_config/share/SH_moveit_limit2_config/config
[1.018s] -- Installing: /home/sejong/Desktop/SH_ws/install/SH_moveit_limit2_config/share/SH_moveit_limit2_config/config/pilz_cartesian_limits.yaml
[1.018s] -- Installing: /home/sejong/Desktop/SH_ws/install/SH_moveit_limit2_config/share/SH_moveit_limit2_config/config/SH_Humanoid.ros2_control.xacro
[1.018s] -- Installing: /home/sejong/Desktop/SH_ws/install/SH_moveit_limit2_config/share/SH_moveit_limit2_config/config/initial_positions.yaml
[1.018s] -- Installing: /home/sejong/Desktop/SH_ws/install/SH_moveit_limit2_config/share/SH_moveit_limit2_config/config/SH_Humanoid.srdf
[1.019s] -- Installing: /home/sejong/Desktop/SH_ws/install/SH_moveit_limit2_config/share/SH_moveit_limit2_config/config/moveit_controllers.yaml
[1.020s] -- Installing: /home/sejong/Desktop/SH_ws/install/SH_moveit_limit2_config/share/SH_moveit_limit2_config/config/joint_limits.yaml
[1.020s] -- Installing: /home/sejong/Desktop/SH_ws/install/SH_moveit_limit2_config/share/SH_moveit_limit2_config/config/moveit.rviz
[1.020s] -- Installing: /home/sejong/Desktop/SH_ws/install/SH_moveit_limit2_config/share/SH_moveit_limit2_config/config/SH_Humanoid.urdf.xacro
[1.021s] -- Installing: /home/sejong/Desktop/SH_ws/install/SH_moveit_limit2_config/share/SH_moveit_limit2_config/config/kinematics.yaml
[1.021s] -- Installing: /home/sejong/Desktop/SH_ws/install/SH_moveit_limit2_config/share/SH_moveit_limit2_config/config/ros2_controllers.yaml
[1.021s] -- Installing: /home/sejong/Desktop/SH_ws/install/SH_moveit_limit2_config/share/SH_moveit_limit2_config/.setup_assistant
[1.021s] Invoked command in '/home/sejong/Desktop/SH_ws/build/SH_moveit_limit2_config' returned '0': AMENT_PREFIX_PATH=/home/sejong/Desktop/SH_ws/install/SH_Humanoid_description:/home/sejong/Desktop/SH_ws/install/sh_motion_demo:/home/sejong/Desktop/SH_ws/install/sh_motion_cpp:/home/sejong/Desktop/SH_ws/install/SH_moveit_limit_config:/home/sejong/Desktop/SH_ws/install/SH_moveit_head_config:/home/sejong/Desktop/SH_ws/install/SH_moveit_demo_config:/home/sejong/Desktop/SH_ws/install/SH_moveit_config:/opt/ros/jazzy CMAKE_PREFIX_PATH=/home/sejong/Desktop/SH_ws/install/sh_motion_cpp:/home/sejong/Desktop/SH_ws/install/sh_motion_demo:/home/sejong/Desktop/SH_ws/install/SH_Humanoid_description:/opt/ros/jazzy:/home/sejong/Desktop/SH_ws/install/ros2_interfaces:/home/sejong/Desktop/SH_ws/install/SH_moveit_limit_config:/home/sejong/Desktop/SH_ws/install/SH_moveit_head_config:/home/sejong/Desktop/SH_ws/install/SH_moveit_demo_config:/home/sejong/Desktop/SH_ws/install/SH_moveit_config:/opt/ros/jazzy/opt/sdformat_vendor:/opt/ros/jazzy/opt/gz_math_vendor:/opt/ros/jazzy/opt/gz_utils_vendor:/opt/ros/jazzy/opt/gz_tools_vendor:/opt/ros/jazzy/opt/gz_cmake_vendor DEBUGINFOD_URLS=https://debuginfod.ubuntu.com PYTHONPATH=/home/sejong/Desktop/SH_ws/install/SH_Humanoid_description/lib/python3.12/site-packages:/home/sejong/Desktop/SH_ws/install/sh_motion_demo/lib/python3.12/site-packages:/home/sejong/Desktop/SH_ws/install/ros2_interfaces/lib/python3.12/site-packages:/opt/ros/jazzy/lib/python3.12/site-packages /usr/bin/cmake --install /home/sejong/Desktop/SH_ws/build/SH_moveit_limit2_config
