/usr/lib/python3/dist-packages/setuptools/dist.py:744: SetuptoolsDeprecationWarning: Invalid dash-separated options
!!

        ********************************************************************************
        Usage of dash-separated 'script-dir' will not be supported in future
        versions. Please use the underscore name 'script_dir' instead.

        This deprecation is overdue, please update your project and remove deprecated
        calls to avoid build errors in the future.

        See https://setuptools.pypa.io/en/latest/userguide/declarative_config.html for details.
        ********************************************************************************

!!
  opt = self.warn_dash_deprecation(opt, section)
running develop
running egg_info
writing SH_Humanoid_description.egg-info/PKG-INFO
writing dependency_links to SH_Humanoid_description.egg-info/dependency_links.txt
writing requirements to SH_Humanoid_description.egg-info/requires.txt
writing top-level names to SH_Humanoid_description.egg-info/top_level.txt
reading manifest file 'SH_Humanoid_description.egg-info/SOURCES.txt'
writing manifest file 'SH_Humanoid_description.egg-info/SOURCES.txt'
running build_ext
Creating /home/sejong/SH_ws/install/SH_Humanoid_description/lib/python3.12/site-packages/SH-Humanoid-description.egg-link (link to .)

Installed /home/sejong/SH_ws/build/SH_Humanoid_description
running symlink_data
