[0.540s] Invoking command in '/home/sejong/SH_ws/build/SH_Humanoid_description': DEBUGINFOD_URLS=https://debuginfod.ubuntu.com PYTHONPATH=/home/sejong/SH_ws/build/SH_Humanoid_description/prefix_override:/usr/lib/python3/dist-packages/colcon_core/task/python/colcon_distutils_commands:/home/sejong/SH_ws/install/SH_Humanoid_description/lib/python3.12/site-packages:${PYTHONPATH} /usr/bin/python3 -W ignore:setup.py install is deprecated -W ignore:easy_install command is deprecated setup.py develop --editable --build-directory /home/sejong/SH_ws/build/SH_Humanoid_description/build --no-deps symlink_data
[0.606s] /usr/lib/python3/dist-packages/setuptools/dist.py:744: SetuptoolsDeprecationWarning: Invalid dash-separated options
[0.606s] !!
[0.606s] 
[0.606s]         ********************************************************************************
[0.606s]         Usage of dash-separated 'script-dir' will not be supported in future
[0.606s]         versions. Please use the underscore name 'script_dir' instead.
[0.606s] 
[0.606s]         This deprecation is overdue, please update your project and remove deprecated
[0.606s]         calls to avoid build errors in the future.
[0.606s] 
[0.606s]         See https://setuptools.pypa.io/en/latest/userguide/declarative_config.html for details.
[0.606s]         ********************************************************************************
[0.606s] 
[0.606s] !!
[0.606s]   opt = self.warn_dash_deprecation(opt, section)
[0.696s] running develop
[0.788s] running egg_info
[0.797s] writing SH_Humanoid_description.egg-info/PKG-INFO
[0.797s] writing dependency_links to SH_Humanoid_description.egg-info/dependency_links.txt
[0.797s] writing requirements to SH_Humanoid_description.egg-info/requires.txt
[0.797s] writing top-level names to SH_Humanoid_description.egg-info/top_level.txt
[0.816s] reading manifest file 'SH_Humanoid_description.egg-info/SOURCES.txt'
[0.817s] writing manifest file 'SH_Humanoid_description.egg-info/SOURCES.txt'
[0.848s] running build_ext
[0.848s] Creating /home/sejong/SH_ws/install/SH_Humanoid_description/lib/python3.12/site-packages/SH-Humanoid-description.egg-link (link to .)
[0.849s] 
[0.849s] Installed /home/sejong/SH_ws/build/SH_Humanoid_description
[0.849s] running symlink_data
[0.870s] Invoked command in '/home/sejong/SH_ws/build/SH_Humanoid_description' returned '0': DEBUGINFOD_URLS=https://debuginfod.ubuntu.com PYTHONPATH=/home/sejong/SH_ws/build/SH_Humanoid_description/prefix_override:/usr/lib/python3/dist-packages/colcon_core/task/python/colcon_distutils_commands:/home/sejong/SH_ws/install/SH_Humanoid_description/lib/python3.12/site-packages:${PYTHONPATH} /usr/bin/python3 -W ignore:setup.py install is deprecated -W ignore:easy_install command is deprecated setup.py develop --editable --build-directory /home/sejong/SH_ws/build/SH_Humanoid_description/build --no-deps symlink_data
