[0.892s] Invoking command in '/home/sejong/Desktop/SH_ws/src/SH_Humanoid_description': DEBUGINFOD_URLS=https://debuginfod.ubuntu.com PYTHONPATH=/home/sejong/Desktop/SH_ws/build/SH_Humanoid_description/prefix_override:/usr/lib/python3/dist-packages/colcon_core/task/python/colcon_distutils_commands:/home/sejong/Desktop/SH_ws/install/SH_Humanoid_description/lib/python3.12/site-packages:${PYTHONPATH} /usr/bin/python3 -W ignore:setup.py install is deprecated -W ignore:easy_install command is deprecated setup.py egg_info --egg-base ../../build/SH_Humanoid_description build --build-base /home/sejong/Desktop/SH_ws/build/SH_Humanoid_description/build install --record /home/sejong/Desktop/SH_ws/build/SH_Humanoid_description/install.log --install-scripts $base/lib/SH_Humanoid_description --single-version-externally-managed install_data
[1.006s] /usr/lib/python3/dist-packages/setuptools/dist.py:744: SetuptoolsDeprecationWarning: Invalid dash-separated options
[1.006s] !!
[1.006s] 
[1.006s]         ********************************************************************************
[1.007s]         Usage of dash-separated 'script-dir' will not be supported in future
[1.007s]         versions. Please use the underscore name 'script_dir' instead.
[1.008s] 
[1.008s]         This deprecation is overdue, please update your project and remove deprecated
[1.008s]         calls to avoid build errors in the future.
[1.009s] 
[1.009s]         See https://setuptools.pypa.io/en/latest/userguide/declarative_config.html for details.
[1.010s]         ********************************************************************************
[1.010s] 
[1.010s] !!
[1.011s]   opt = self.warn_dash_deprecation(opt, section)
[1.096s] running egg_info
[1.109s] writing ../../build/SH_Humanoid_description/SH_Humanoid_description.egg-info/PKG-INFO
[1.110s] writing dependency_links to ../../build/SH_Humanoid_description/SH_Humanoid_description.egg-info/dependency_links.txt
[1.110s] writing requirements to ../../build/SH_Humanoid_description/SH_Humanoid_description.egg-info/requires.txt
[1.110s] writing top-level names to ../../build/SH_Humanoid_description/SH_Humanoid_description.egg-info/top_level.txt
[1.135s] reading manifest file '../../build/SH_Humanoid_description/SH_Humanoid_description.egg-info/SOURCES.txt'
[1.136s] writing manifest file '../../build/SH_Humanoid_description/SH_Humanoid_description.egg-info/SOURCES.txt'
[1.136s] running build
[1.136s] running build_py
[1.137s] running install
[1.141s] running install_lib
[1.154s] running install_data
[1.156s] running install_egg_info
[1.169s] removing '/home/sejong/Desktop/SH_ws/install/SH_Humanoid_description/lib/python3.12/site-packages/SH_Humanoid_description-0.0.0-py3.12.egg-info' (and everything under it)
[1.175s] Copying ../../build/SH_Humanoid_description/SH_Humanoid_description.egg-info to /home/sejong/Desktop/SH_ws/install/SH_Humanoid_description/lib/python3.12/site-packages/SH_Humanoid_description-0.0.0-py3.12.egg-info
[1.175s] running install_scripts
[1.264s] writing list of installed files to '/home/sejong/Desktop/SH_ws/build/SH_Humanoid_description/install.log'
[1.298s] Invoked command in '/home/sejong/Desktop/SH_ws/src/SH_Humanoid_description' returned '0': DEBUGINFOD_URLS=https://debuginfod.ubuntu.com PYTHONPATH=/home/sejong/Desktop/SH_ws/build/SH_Humanoid_description/prefix_override:/usr/lib/python3/dist-packages/colcon_core/task/python/colcon_distutils_commands:/home/sejong/Desktop/SH_ws/install/SH_Humanoid_description/lib/python3.12/site-packages:${PYTHONPATH} /usr/bin/python3 -W ignore:setup.py install is deprecated -W ignore:easy_install command is deprecated setup.py egg_info --egg-base ../../build/SH_Humanoid_description build --build-base /home/sejong/Desktop/SH_ws/build/SH_Humanoid_description/build install --record /home/sejong/Desktop/SH_ws/build/SH_Humanoid_description/install.log --install-scripts $base/lib/SH_Humanoid_description --single-version-externally-managed install_data
