[0.841s] Invoking command in '/home/sejong/Desktop/SH_ws/build/SH_Humanoid_description': DEBUGINFOD_URLS=https://debuginfod.ubuntu.com PYTHONPATH=/home/sejong/Desktop/SH_ws/build/SH_Humanoid_description/prefix_override:/usr/lib/python3/dist-packages/colcon_core/task/python/colcon_distutils_commands:/home/sejong/Desktop/SH_ws/install/SH_Humanoid_description/lib/python3.12/site-packages:${PYTHONPATH} /usr/bin/python3 -W ignore:setup.py install is deprecated -W ignore:easy_install command is deprecated setup.py develop --editable --build-directory /home/sejong/Desktop/SH_ws/build/SH_Humanoid_description/build --no-deps symlink_data
[0.959s] /usr/lib/python3/dist-packages/setuptools/dist.py:744: SetuptoolsDeprecationWarning: Invalid dash-separated options
[0.959s] !!
[0.959s] 
[0.959s]         ********************************************************************************
[0.959s]         Usage of dash-separated 'script-dir' will not be supported in future
[0.959s]         versions. Please use the underscore name 'script_dir' instead.
[0.959s] 
[0.960s]         This deprecation is overdue, please update your project and remove deprecated
[0.960s]         calls to avoid build errors in the future.
[0.960s] 
[0.960s]         See https://setuptools.pypa.io/en/latest/userguide/declarative_config.html for details.
[0.960s]         ********************************************************************************
[0.960s] 
[0.960s] !!
[0.960s]   opt = self.warn_dash_deprecation(opt, section)
[1.104s] running develop
[1.231s] running egg_info
[1.243s] writing SH_Humanoid_description.egg-info/PKG-INFO
[1.244s] writing dependency_links to SH_Humanoid_description.egg-info/dependency_links.txt
[1.244s] writing requirements to SH_Humanoid_description.egg-info/requires.txt
[1.244s] writing top-level names to SH_Humanoid_description.egg-info/top_level.txt
[1.269s] reading manifest file 'SH_Humanoid_description.egg-info/SOURCES.txt'
[1.271s] writing manifest file 'SH_Humanoid_description.egg-info/SOURCES.txt'
[1.285s] running build_ext
[1.285s] Creating /home/sejong/Desktop/SH_ws/install/SH_Humanoid_description/lib/python3.12/site-packages/SH-Humanoid-description.egg-link (link to .)
[1.285s] 
[1.285s] Installed /home/sejong/Desktop/SH_ws/build/SH_Humanoid_description
[1.286s] running symlink_data
[1.328s] Invoked command in '/home/sejong/Desktop/SH_ws/build/SH_Humanoid_description' returned '0': DEBUGINFOD_URLS=https://debuginfod.ubuntu.com PYTHONPATH=/home/sejong/Desktop/SH_ws/build/SH_Humanoid_description/prefix_override:/usr/lib/python3/dist-packages/colcon_core/task/python/colcon_distutils_commands:/home/sejong/Desktop/SH_ws/install/SH_Humanoid_description/lib/python3.12/site-packages:${PYTHONPATH} /usr/bin/python3 -W ignore:setup.py install is deprecated -W ignore:easy_install command is deprecated setup.py develop --editable --build-directory /home/sejong/Desktop/SH_ws/build/SH_Humanoid_description/build --no-deps symlink_data
