[0.026s] Invoking command in '/home/sejong/Desktop/SH_ws/build/SH_moveit_limit_config': AMENT_PREFIX_PATH=/home/sejong/Desktop/SH_ws/install/SH_Humanoid_description:${AMENT_PREFIX_PATH} CMAKE_PREFIX_PATH=${CMAKE_PREFIX_PATH}:/opt/ros/jazzy DEBUGINFOD_URLS=https://debuginfod.ubuntu.com PYTHONPATH=/home/sejong/Desktop/SH_ws/install/SH_Humanoid_description/lib/python3.12/site-packages:${PYTHONPATH} /usr/bin/cmake /home/sejong/Desktop/SH_ws/src/SH_moveit_limit_config -DCMAKE_INSTALL_PREFIX=/home/sejong/Desktop/SH_ws/install/SH_moveit_limit_config
[0.108s] -- The C compiler identification is GNU 13.3.0
[0.193s] -- The CXX compiler identification is GNU 13.3.0
[0.219s] -- Detecting C compiler ABI info
[0.331s] -- Detecting C compiler ABI info - done
[0.350s] -- Check for working C compiler: /usr/bin/cc - skipped
[0.351s] -- Detecting C compile features
[0.353s] -- Detecting C compile features - done
[0.366s] -- Detecting CXX compiler ABI info
[0.484s] -- Detecting CXX compiler ABI info - done
[0.502s] -- Check for working CXX compiler: /usr/bin/c++ - skipped
[0.503s] -- Detecting CXX compile features
[0.503s] -- Detecting CXX compile features - done
[0.509s] -- Found ament_cmake: 2.5.6 (/opt/ros/jazzy/share/ament_cmake/cmake)
[0.674s] -- Found Python3: /usr/bin/python3 (found version "3.12.3") found components: Interpreter 
[0.854s] WARNING: Package name "SH_moveit_limit_config" does not follow the naming conventions. It should start with a lower case letter and only contain lower case letters, digits, underscores, and dashes.
[0.878s] -- Configuring done (0.8s)
[0.881s] -- Generating done (0.0s)
[0.884s] -- Build files have been written to: /home/sejong/Desktop/SH_ws/build/SH_moveit_limit_config
[0.896s] Invoked command in '/home/sejong/Desktop/SH_ws/build/SH_moveit_limit_config' returned '0': AMENT_PREFIX_PATH=/home/sejong/Desktop/SH_ws/install/SH_Humanoid_description:${AMENT_PREFIX_PATH} CMAKE_PREFIX_PATH=${CMAKE_PREFIX_PATH}:/opt/ros/jazzy DEBUGINFOD_URLS=https://debuginfod.ubuntu.com PYTHONPATH=/home/sejong/Desktop/SH_ws/install/SH_Humanoid_description/lib/python3.12/site-packages:${PYTHONPATH} /usr/bin/cmake /home/sejong/Desktop/SH_ws/src/SH_moveit_limit_config -DCMAKE_INSTALL_PREFIX=/home/sejong/Desktop/SH_ws/install/SH_moveit_limit_config
[0.897s] Invoking command in '/home/sejong/Desktop/SH_ws/build/SH_moveit_limit_config': AMENT_PREFIX_PATH=/home/sejong/Desktop/SH_ws/install/SH_Humanoid_description:${AMENT_PREFIX_PATH} CMAKE_PREFIX_PATH=${CMAKE_PREFIX_PATH}:/opt/ros/jazzy DEBUGINFOD_URLS=https://debuginfod.ubuntu.com PYTHONPATH=/home/sejong/Desktop/SH_ws/install/SH_Humanoid_description/lib/python3.12/site-packages:${PYTHONPATH} /usr/bin/cmake --build /home/sejong/Desktop/SH_ws/build/SH_moveit_limit_config -- -j14 -l14
[0.948s] Invoked command in '/home/sejong/Desktop/SH_ws/build/SH_moveit_limit_config' returned '0': AMENT_PREFIX_PATH=/home/sejong/Desktop/SH_ws/install/SH_Humanoid_description:${AMENT_PREFIX_PATH} CMAKE_PREFIX_PATH=${CMAKE_PREFIX_PATH}:/opt/ros/jazzy DEBUGINFOD_URLS=https://debuginfod.ubuntu.com PYTHONPATH=/home/sejong/Desktop/SH_ws/install/SH_Humanoid_description/lib/python3.12/site-packages:${PYTHONPATH} /usr/bin/cmake --build /home/sejong/Desktop/SH_ws/build/SH_moveit_limit_config -- -j14 -l14
[0.950s] Invoking command in '/home/sejong/Desktop/SH_ws/build/SH_moveit_limit_config': AMENT_PREFIX_PATH=/home/sejong/Desktop/SH_ws/install/SH_Humanoid_description:${AMENT_PREFIX_PATH} CMAKE_PREFIX_PATH=${CMAKE_PREFIX_PATH}:/opt/ros/jazzy DEBUGINFOD_URLS=https://debuginfod.ubuntu.com PYTHONPATH=/home/sejong/Desktop/SH_ws/install/SH_Humanoid_description/lib/python3.12/site-packages:${PYTHONPATH} /usr/bin/cmake --install /home/sejong/Desktop/SH_ws/build/SH_moveit_limit_config
[0.959s] -- Install configuration: ""
[0.959s] -- Installing: /home/sejong/Desktop/SH_ws/install/SH_moveit_limit_config/share/ament_index/resource_index/package_run_dependencies/SH_moveit_limit_config
[0.959s] -- Installing: /home/sejong/Desktop/SH_ws/install/SH_moveit_limit_config/share/ament_index/resource_index/parent_prefix_path/SH_moveit_limit_config
[0.959s] -- Installing: /home/sejong/Desktop/SH_ws/install/SH_moveit_limit_config/share/SH_moveit_limit_config/environment/ament_prefix_path.sh
[0.959s] -- Installing: /home/sejong/Desktop/SH_ws/install/SH_moveit_limit_config/share/SH_moveit_limit_config/environment/ament_prefix_path.dsv
[0.959s] -- Installing: /home/sejong/Desktop/SH_ws/install/SH_moveit_limit_config/share/SH_moveit_limit_config/environment/path.sh
[0.960s] -- Installing: /home/sejong/Desktop/SH_ws/install/SH_moveit_limit_config/share/SH_moveit_limit_config/environment/path.dsv
[0.960s] -- Installing: /home/sejong/Desktop/SH_ws/install/SH_moveit_limit_config/share/SH_moveit_limit_config/local_setup.bash
[0.960s] -- Installing: /home/sejong/Desktop/SH_ws/install/SH_moveit_limit_config/share/SH_moveit_limit_config/local_setup.sh
[0.960s] -- Installing: /home/sejong/Desktop/SH_ws/install/SH_moveit_limit_config/share/SH_moveit_limit_config/local_setup.zsh
[0.960s] -- Installing: /home/sejong/Desktop/SH_ws/install/SH_moveit_limit_config/share/SH_moveit_limit_config/local_setup.dsv
[0.960s] -- Installing: /home/sejong/Desktop/SH_ws/install/SH_moveit_limit_config/share/SH_moveit_limit_config/package.dsv
[0.960s] -- Installing: /home/sejong/Desktop/SH_ws/install/SH_moveit_limit_config/share/ament_index/resource_index/packages/SH_moveit_limit_config
[0.960s] -- Installing: /home/sejong/Desktop/SH_ws/install/SH_moveit_limit_config/share/SH_moveit_limit_config/cmake/SH_moveit_limit_configConfig.cmake
[0.961s] -- Installing: /home/sejong/Desktop/SH_ws/install/SH_moveit_limit_config/share/SH_moveit_limit_config/cmake/SH_moveit_limit_configConfig-version.cmake
[0.961s] -- Installing: /home/sejong/Desktop/SH_ws/install/SH_moveit_limit_config/share/SH_moveit_limit_config/package.xml
[0.961s] -- Installing: /home/sejong/Desktop/SH_ws/install/SH_moveit_limit_config/share/SH_moveit_limit_config/launch
[0.961s] -- Installing: /home/sejong/Desktop/SH_ws/install/SH_moveit_limit_config/share/SH_moveit_limit_config/launch/static_virtual_joint_tfs.launch.py
[0.961s] -- Installing: /home/sejong/Desktop/SH_ws/install/SH_moveit_limit_config/share/SH_moveit_limit_config/launch/spawn_controllers.launch.py
[0.961s] -- Installing: /home/sejong/Desktop/SH_ws/install/SH_moveit_limit_config/share/SH_moveit_limit_config/launch/warehouse_db.launch.py
[0.961s] -- Installing: /home/sejong/Desktop/SH_ws/install/SH_moveit_limit_config/share/SH_moveit_limit_config/launch/rsp.launch.py
[0.961s] -- Installing: /home/sejong/Desktop/SH_ws/install/SH_moveit_limit_config/share/SH_moveit_limit_config/launch/demo.launch.py
[0.962s] -- Installing: /home/sejong/Desktop/SH_ws/install/SH_moveit_limit_config/share/SH_moveit_limit_config/launch/demo_bridge.launch.py
[0.962s] -- Installing: /home/sejong/Desktop/SH_ws/install/SH_moveit_limit_config/share/SH_moveit_limit_config/launch/setup_assistant.launch.py
[0.962s] -- Installing: /home/sejong/Desktop/SH_ws/install/SH_moveit_limit_config/share/SH_moveit_limit_config/launch/move_group.launch.py
[0.962s] -- Installing: /home/sejong/Desktop/SH_ws/install/SH_moveit_limit_config/share/SH_moveit_limit_config/launch/moveit_rviz.launch.py
[0.962s] -- Installing: /home/sejong/Desktop/SH_ws/install/SH_moveit_limit_config/share/SH_moveit_limit_config/config
[0.962s] -- Installing: /home/sejong/Desktop/SH_ws/install/SH_moveit_limit_config/share/SH_moveit_limit_config/config/pilz_cartesian_limits.yaml
[0.962s] -- Installing: /home/sejong/Desktop/SH_ws/install/SH_moveit_limit_config/share/SH_moveit_limit_config/config/SH_Humanoid.ros2_control.xacro
[0.963s] -- Installing: /home/sejong/Desktop/SH_ws/install/SH_moveit_limit_config/share/SH_moveit_limit_config/config/initial_positions.yaml
[0.963s] -- Installing: /home/sejong/Desktop/SH_ws/install/SH_moveit_limit_config/share/SH_moveit_limit_config/config/SH_Humanoid.srdf
[0.963s] -- Installing: /home/sejong/Desktop/SH_ws/install/SH_moveit_limit_config/share/SH_moveit_limit_config/config/moveit_controllers.yaml
[0.963s] -- Installing: /home/sejong/Desktop/SH_ws/install/SH_moveit_limit_config/share/SH_moveit_limit_config/config/joint_limits.yaml
[0.963s] -- Installing: /home/sejong/Desktop/SH_ws/install/SH_moveit_limit_config/share/SH_moveit_limit_config/config/moveit.rviz
[0.963s] -- Installing: /home/sejong/Desktop/SH_ws/install/SH_moveit_limit_config/share/SH_moveit_limit_config/config/SH_Humanoid.urdf.xacro
[0.963s] -- Installing: /home/sejong/Desktop/SH_ws/install/SH_moveit_limit_config/share/SH_moveit_limit_config/config/kinematics.yaml
[0.963s] -- Installing: /home/sejong/Desktop/SH_ws/install/SH_moveit_limit_config/share/SH_moveit_limit_config/config/ros2_controllers.yaml
[0.964s] -- Installing: /home/sejong/Desktop/SH_ws/install/SH_moveit_limit_config/share/SH_moveit_limit_config/.setup_assistant
[0.966s] Invoked command in '/home/sejong/Desktop/SH_ws/build/SH_moveit_limit_config' returned '0': AMENT_PREFIX_PATH=/home/sejong/Desktop/SH_ws/install/SH_Humanoid_description:${AMENT_PREFIX_PATH} CMAKE_PREFIX_PATH=${CMAKE_PREFIX_PATH}:/opt/ros/jazzy DEBUGINFOD_URLS=https://debuginfod.ubuntu.com PYTHONPATH=/home/sejong/Desktop/SH_ws/install/SH_Humanoid_description/lib/python3.12/site-packages:${PYTHONPATH} /usr/bin/cmake --install /home/sejong/Desktop/SH_ws/build/SH_moveit_limit_config
