[0.219s] Invoking command in '/home/sejong/Desktop/SH_ws/build/ros2_interfaces': DEBUGINFOD_URLS=https://debuginfod.ubuntu.com /usr/bin/cmake /home/sejong/Desktop/SH_ws/src/ros2_interfaces -DCATKIN_INSTALL_INTO_PREFIX_ROOT=0 -DCATKIN_SYMLINK_INSTALL=ON -DCMAKE_INSTALL_PREFIX=/home/sejong/Desktop/SH_ws/install/ros2_interfaces
[0.334s] -- The C compiler identification is GNU 13.3.0
[0.431s] -- The CXX compiler identification is GNU 13.3.0
[0.461s] -- Detecting C compiler ABI info
[0.628s] -- Detecting C compiler ABI info - done
[0.632s] -- Check for working C compiler: /usr/bin/cc - skipped
[0.632s] -- Detecting C compile features
[0.633s] -- Detecting C compile features - done
[0.647s] -- Detecting CXX compiler ABI info
[0.812s] -- Detecting CXX compiler ABI info - done
[0.820s] -- Check for working CXX compiler: /usr/bin/c++ - skipped
[0.820s] -- Detecting CXX compile features
[0.821s] -- Detecting CXX compile features - done
[0.825s] -- Found ament_cmake: 2.5.6 (/opt/ros/jazzy/share/ament_cmake/cmake)
[1.044s] -- Found Python3: /usr/bin/python3 (found version "3.12.3") found components: Interpreter 
[1.178s] -- Found rosidl_default_generators: 1.6.1 (/opt/ros/jazzy/share/rosidl_default_generators/cmake)
[1.184s] -- Using all available rosidl_typesupport_c: rosidl_typesupport_fastrtps_c;rosidl_typesupport_introspection_c
[1.242s] -- Using all available rosidl_typesupport_cpp: rosidl_typesupport_fastrtps_cpp;rosidl_typesupport_introspection_cpp
[1.286s] -- Found rosidl_adapter: 4.6.9 (/opt/ros/jazzy/share/rosidl_adapter/cmake)
[1.290s] -- Found std_msgs: 5.3.8 (/opt/ros/jazzy/share/std_msgs/cmake)
[2.381s] -- Found ament_cmake_ros: 0.12.1 (/opt/ros/jazzy/share/ament_cmake_ros/cmake)
[3.140s] -- Using all available rosidl_typesupport_c: rosidl_typesupport_fastrtps_c;rosidl_typesupport_introspection_c
[4.131s] -- Using all available rosidl_typesupport_cpp: rosidl_typesupport_fastrtps_cpp;rosidl_typesupport_introspection_cpp
[4.140s] -- Found python_cmake_module: 0.11.1 (/opt/ros/jazzy/share/python_cmake_module/cmake)
[4.343s] -- Found PythonExtra: /usr/bin/python3  
[5.050s] -- Found Python3: /usr/bin/python3 (found version "3.12.3") found components: Interpreter Development NumPy Development.Module Development.Embed 
[5.211s] -- Found Python3: /usr/bin/python3 (found version "3.12.3") found components: Interpreter 
[5.227s] -- Configuring done (5.0s)
[5.299s] -- Generating done (0.1s)
[5.304s] [33mCMake Warning:
[5.304s]   Manually-specified variables were not used by the project:
[5.304s] 
[5.304s]     CATKIN_INSTALL_INTO_PREFIX_ROOT
[5.304s]     CATKIN_SYMLINK_INSTALL
[5.304s] 
[5.304s] [0m
[5.317s] -- Build files have been written to: /home/sejong/Desktop/SH_ws/build/ros2_interfaces
[5.342s] Invoked command in '/home/sejong/Desktop/SH_ws/build/ros2_interfaces' returned '0': DEBUGINFOD_URLS=https://debuginfod.ubuntu.com /usr/bin/cmake /home/sejong/Desktop/SH_ws/src/ros2_interfaces -DCATKIN_INSTALL_INTO_PREFIX_ROOT=0 -DCATKIN_SYMLINK_INSTALL=ON -DCMAKE_INSTALL_PREFIX=/home/sejong/Desktop/SH_ws/install/ros2_interfaces
[5.344s] Invoking command in '/home/sejong/Desktop/SH_ws/build/ros2_interfaces': DEBUGINFOD_URLS=https://debuginfod.ubuntu.com /usr/bin/cmake --build /home/sejong/Desktop/SH_ws/build/ros2_interfaces -- -j14 -l14
[5.425s] [  1%] [34m[1mGenerating type hashes for ROS interfaces[0m
[5.426s] [  2%] [34m[1mGenerating Rust code for ROS interfaces[0m
[5.440s] [  2%] Built target ament_cmake_python_copy_ros2_interfaces
[5.650s] running egg_info
[5.650s] creating ros2_interfaces.egg-info
[5.663s] writing ros2_interfaces.egg-info/PKG-INFO
[5.663s] writing dependency_links to ros2_interfaces.egg-info/dependency_links.txt
[5.663s] writing top-level names to ros2_interfaces.egg-info/top_level.txt
[5.663s] writing manifest file 'ros2_interfaces.egg-info/SOURCES.txt'
[5.698s] reading manifest file 'ros2_interfaces.egg-info/SOURCES.txt'
[5.698s] writing manifest file 'ros2_interfaces.egg-info/SOURCES.txt'
[5.752s] [  2%] Built target ament_cmake_python_build_ros2_interfaces_egg
[5.849s] [  2%] Built target ros2_interfaces__rosidl_generator_type_description
[5.867s] [  3%] [34m[1mGenerating C code for ROS interfaces[0m
[5.884s] [  4%] [34m[1mGenerating C++ code for ROS interfaces[0m
[5.895s] [  4%] Built target ros2_interfaces__rs
[6.619s] [  5%] [32mBuilding C object CMakeFiles/ros2_interfaces__rosidl_generator_c.dir/rosidl_generator_c/ros2_interfaces/msg/detail/upper_body_command__description.c.o[0m
[6.632s] [  7%] [32mBuilding C object CMakeFiles/ros2_interfaces__rosidl_generator_c.dir/rosidl_generator_c/ros2_interfaces/msg/detail/upper_body_command__type_support.c.o[0m
[6.632s] [  8%] [32mBuilding C object CMakeFiles/ros2_interfaces__rosidl_generator_c.dir/rosidl_generator_c/ros2_interfaces/msg/detail/upper_body_system_state__description.c.o[0m
[6.632s] [  9%] [32mBuilding C object CMakeFiles/ros2_interfaces__rosidl_generator_c.dir/rosidl_generator_c/ros2_interfaces/msg/detail/upper_body_command__functions.c.o[0m
[6.632s] [ 10%] [32mBuilding C object CMakeFiles/ros2_interfaces__rosidl_generator_c.dir/rosidl_generator_c/ros2_interfaces/msg/detail/upper_body_system_state__functions.c.o[0m
[6.632s] [ 11%] [32mBuilding C object CMakeFiles/ros2_interfaces__rosidl_generator_c.dir/rosidl_generator_c/ros2_interfaces/msg/detail/upper_body_system_state__type_support.c.o[0m
[6.633s] [ 12%] [32mBuilding C object CMakeFiles/ros2_interfaces__rosidl_generator_c.dir/rosidl_generator_c/ros2_interfaces/msg/detail/upper_motor_state__functions.c.o[0m
[6.633s] [ 14%] [32mBuilding C object CMakeFiles/ros2_interfaces__rosidl_generator_c.dir/rosidl_generator_c/ros2_interfaces/msg/detail/upper_motor_state__description.c.o[0m
[6.638s] [ 16%] [32mBuilding C object CMakeFiles/ros2_interfaces__rosidl_generator_c.dir/rosidl_generator_c/ros2_interfaces/srv/detail/enable_motors__functions.c.o[0m
[6.640s] [ 16%] [32mBuilding C object CMakeFiles/ros2_interfaces__rosidl_generator_c.dir/rosidl_generator_c/ros2_interfaces/srv/detail/enable_motors__description.c.o[0m
[6.640s] [ 17%] [32mBuilding C object CMakeFiles/ros2_interfaces__rosidl_generator_c.dir/rosidl_generator_c/ros2_interfaces/msg/detail/upper_motor_state__type_support.c.o[0m
[6.641s] [ 18%] [32mBuilding C object CMakeFiles/ros2_interfaces__rosidl_generator_c.dir/rosidl_generator_c/ros2_interfaces/srv/detail/enable_motors__type_support.c.o[0m
[6.652s] [ 20%] [32mBuilding C object CMakeFiles/ros2_interfaces__rosidl_generator_c.dir/rosidl_generator_c/ros2_interfaces/srv/detail/set_run_mode__description.c.o[0m
[6.652s] [ 20%] Built target ros2_interfaces__cpp
[6.670s] [ 21%] [32mBuilding C object CMakeFiles/ros2_interfaces__rosidl_generator_c.dir/rosidl_generator_c/ros2_interfaces/srv/detail/set_run_mode__functions.c.o[0m
[6.686s] [ 22%] [32mBuilding C object CMakeFiles/ros2_interfaces__rosidl_generator_c.dir/rosidl_generator_c/ros2_interfaces/srv/detail/set_run_mode__type_support.c.o[0m
[6.691s] [ 23%] [32mBuilding C object CMakeFiles/ros2_interfaces__rosidl_generator_c.dir/rosidl_generator_c/ros2_interfaces/srv/detail/simple_motor_result__description.c.o[0m
[6.695s] [ 25%] [32mBuilding C object CMakeFiles/ros2_interfaces__rosidl_generator_c.dir/rosidl_generator_c/ros2_interfaces/srv/detail/simple_motor_result__type_support.c.o[0m
[6.695s] [ 25%] [32mBuilding C object CMakeFiles/ros2_interfaces__rosidl_generator_c.dir/rosidl_generator_c/ros2_interfaces/srv/detail/simple_motor_result__functions.c.o[0m
[6.785s] [ 27%] [32m[1mLinking C shared library libros2_interfaces__rosidl_generator_c.so[0m
[6.851s] [ 27%] Built target ros2_interfaces__rosidl_generator_c
[6.865s] [ 28%] [34m[1mGenerating C type support dispatch for ROS interfaces[0m
[6.865s] [ 30%] [34m[1mGenerating C type support for eProsima Fast-RTPS[0m
[6.865s] [ 30%] [34m[1mGenerating C++ type support for eProsima Fast-RTPS[0m
[6.865s] [ 32%] [34m[1mGenerating C++ type support dispatch for ROS interfaces[0m
[6.865s] [ 32%] [34m[1mGenerating C++ introspection for ROS interfaces[0m
[6.865s] [ 34%] [34m[1mGenerating C introspection for ROS interfaces[0m
[7.381s] [ 36%] [32mBuilding CXX object CMakeFiles/ros2_interfaces__rosidl_typesupport_c.dir/rosidl_typesupport_c/ros2_interfaces/srv/simple_motor_result__type_support.cpp.o[0m
[7.381s] [ 38%] [32mBuilding CXX object CMakeFiles/ros2_interfaces__rosidl_typesupport_c.dir/rosidl_typesupport_c/ros2_interfaces/srv/set_run_mode__type_support.cpp.o[0m
[7.381s] [ 38%] [32mBuilding CXX object CMakeFiles/ros2_interfaces__rosidl_typesupport_c.dir/rosidl_typesupport_c/ros2_interfaces/msg/upper_body_command__type_support.cpp.o[0m
[7.381s] [ 40%] [32mBuilding CXX object CMakeFiles/ros2_interfaces__rosidl_typesupport_c.dir/rosidl_typesupport_c/ros2_interfaces/srv/enable_motors__type_support.cpp.o[0m
[7.381s] [ 40%] [32mBuilding CXX object CMakeFiles/ros2_interfaces__rosidl_typesupport_c.dir/rosidl_typesupport_c/ros2_interfaces/msg/upper_body_system_state__type_support.cpp.o[0m
[7.381s] [ 41%] [32mBuilding CXX object CMakeFiles/ros2_interfaces__rosidl_typesupport_c.dir/rosidl_typesupport_c/ros2_interfaces/msg/upper_motor_state__type_support.cpp.o[0m
[7.455s] [ 42%] [32m[1mLinking CXX shared library libros2_interfaces__rosidl_typesupport_c.so[0m
[7.505s] [ 48%] [32mBuilding CXX object CMakeFiles/ros2_interfaces__rosidl_typesupport_introspection_cpp.dir/rosidl_typesupport_introspection_cpp/ros2_interfaces/msg/detail/upper_body_system_state__type_support.cpp.o[0m
[7.505s] [ 48%] [32mBuilding CXX object CMakeFiles/ros2_interfaces__rosidl_typesupport_cpp.dir/rosidl_typesupport_cpp/ros2_interfaces/msg/upper_motor_state__type_support.cpp.o[0m
[7.506s] [ 49%] [32mBuilding CXX object CMakeFiles/ros2_interfaces__rosidl_typesupport_introspection_cpp.dir/rosidl_typesupport_introspection_cpp/ros2_interfaces/msg/detail/upper_body_command__type_support.cpp.o[0m
[7.506s] [ 48%] [32mBuilding CXX object CMakeFiles/ros2_interfaces__rosidl_typesupport_cpp.dir/rosidl_typesupport_cpp/ros2_interfaces/msg/upper_body_system_state__type_support.cpp.o[0m
[7.506s] [ 48%] [32mBuilding CXX object CMakeFiles/ros2_interfaces__rosidl_typesupport_introspection_cpp.dir/rosidl_typesupport_introspection_cpp/ros2_interfaces/msg/detail/upper_motor_state__type_support.cpp.o[0m
[7.506s] [ 50%] [32mBuilding CXX object CMakeFiles/ros2_interfaces__rosidl_typesupport_cpp.dir/rosidl_typesupport_cpp/ros2_interfaces/srv/set_run_mode__type_support.cpp.o[0m
[7.506s] [ 51%] [32mBuilding CXX object CMakeFiles/ros2_interfaces__rosidl_typesupport_introspection_cpp.dir/rosidl_typesupport_introspection_cpp/ros2_interfaces/srv/detail/enable_motors__type_support.cpp.o[0m
[7.506s] [ 49%] [32mBuilding CXX object CMakeFiles/ros2_interfaces__rosidl_typesupport_cpp.dir/rosidl_typesupport_cpp/ros2_interfaces/srv/enable_motors__type_support.cpp.o[0m
[7.506s] [ 52%] [32mBuilding CXX object CMakeFiles/ros2_interfaces__rosidl_typesupport_cpp.dir/rosidl_typesupport_cpp/ros2_interfaces/msg/upper_body_command__type_support.cpp.o[0m
[7.508s] [ 54%] [32mBuilding CXX object CMakeFiles/ros2_interfaces__rosidl_typesupport_introspection_cpp.dir/rosidl_typesupport_introspection_cpp/ros2_interfaces/srv/detail/set_run_mode__type_support.cpp.o[0m
[7.524s] [ 55%] [32mBuilding C object CMakeFiles/ros2_interfaces__rosidl_typesupport_introspection_c.dir/rosidl_typesupport_introspection_c/ros2_interfaces/msg/detail/upper_body_command__type_support.c.o[0m
[7.544s] [ 55%] Built target ros2_interfaces__rosidl_typesupport_c
[7.567s] [ 56%] [32mBuilding C object CMakeFiles/ros2_interfaces__rosidl_typesupport_introspection_c.dir/rosidl_typesupport_introspection_c/ros2_interfaces/msg/detail/upper_body_system_state__type_support.c.o[0m
[7.600s] [ 57%] [32mBuilding C object CMakeFiles/ros2_interfaces__rosidl_typesupport_introspection_c.dir/rosidl_typesupport_introspection_c/ros2_interfaces/msg/detail/upper_motor_state__type_support.c.o[0m
[7.627s] [ 58%] [32mBuilding C object CMakeFiles/ros2_interfaces__rosidl_typesupport_introspection_c.dir/rosidl_typesupport_introspection_c/ros2_interfaces/srv/detail/enable_motors__type_support.c.o[0m
[7.699s] [ 60%] [32mBuilding C object CMakeFiles/ros2_interfaces__rosidl_typesupport_introspection_c.dir/rosidl_typesupport_introspection_c/ros2_interfaces/srv/detail/set_run_mode__type_support.c.o[0m
[7.714s] [ 61%] [32mBuilding C object CMakeFiles/ros2_interfaces__rosidl_typesupport_introspection_c.dir/rosidl_typesupport_introspection_c/ros2_interfaces/srv/detail/simple_motor_result__type_support.c.o[0m
[7.757s] [ 62%] [32mBuilding CXX object CMakeFiles/ros2_interfaces__rosidl_typesupport_fastrtps_cpp.dir/rosidl_typesupport_fastrtps_cpp/ros2_interfaces/msg/detail/dds_fastrtps/upper_body_command__type_support.cpp.o[0m
[7.765s] [ 63%] [32mBuilding CXX object CMakeFiles/ros2_interfaces__rosidl_typesupport_cpp.dir/rosidl_typesupport_cpp/ros2_interfaces/srv/simple_motor_result__type_support.cpp.o[0m
[7.779s] [ 64%] [32m[1mLinking C shared library libros2_interfaces__rosidl_typesupport_introspection_c.so[0m
[7.838s] [ 64%] Built target ros2_interfaces__rosidl_typesupport_introspection_c
[7.838s] [ 65%] [32mBuilding CXX object CMakeFiles/ros2_interfaces__rosidl_typesupport_fastrtps_cpp.dir/rosidl_typesupport_fastrtps_cpp/ros2_interfaces/msg/detail/dds_fastrtps/upper_body_system_state__type_support.cpp.o[0m
[7.846s] [ 67%] [32mBuilding CXX object CMakeFiles/ros2_interfaces__rosidl_typesupport_fastrtps_cpp.dir/rosidl_typesupport_fastrtps_cpp/ros2_interfaces/msg/detail/dds_fastrtps/upper_motor_state__type_support.cpp.o[0m
[7.847s] [ 68%] [32mBuilding CXX object CMakeFiles/ros2_interfaces__rosidl_typesupport_fastrtps_cpp.dir/rosidl_typesupport_fastrtps_cpp/ros2_interfaces/srv/detail/dds_fastrtps/enable_motors__type_support.cpp.o[0m
[7.871s] [ 69%] [32mBuilding CXX object CMakeFiles/ros2_interfaces__rosidl_typesupport_introspection_cpp.dir/rosidl_typesupport_introspection_cpp/ros2_interfaces/srv/detail/simple_motor_result__type_support.cpp.o[0m
[7.884s] [ 70%] [32mBuilding CXX object CMakeFiles/ros2_interfaces__rosidl_typesupport_fastrtps_cpp.dir/rosidl_typesupport_fastrtps_cpp/ros2_interfaces/srv/detail/dds_fastrtps/set_run_mode__type_support.cpp.o[0m
[7.888s] [ 71%] [32mBuilding CXX object CMakeFiles/ros2_interfaces__rosidl_typesupport_fastrtps_cpp.dir/rosidl_typesupport_fastrtps_cpp/ros2_interfaces/srv/detail/dds_fastrtps/simple_motor_result__type_support.cpp.o[0m
[7.889s] [ 72%] [32mBuilding CXX object CMakeFiles/ros2_interfaces__rosidl_typesupport_fastrtps_c.dir/rosidl_typesupport_fastrtps_c/ros2_interfaces/msg/detail/upper_body_command__type_support_c.cpp.o[0m
[7.899s] [ 74%] [32mBuilding CXX object CMakeFiles/ros2_interfaces__rosidl_typesupport_fastrtps_c.dir/rosidl_typesupport_fastrtps_c/ros2_interfaces/msg/detail/upper_body_system_state__type_support_c.cpp.o[0m
[7.928s] [ 76%] [32mBuilding CXX object CMakeFiles/ros2_interfaces__rosidl_typesupport_fastrtps_c.dir/rosidl_typesupport_fastrtps_c/ros2_interfaces/msg/detail/upper_motor_state__type_support_c.cpp.o[0m
[7.928s] [ 76%] [32mBuilding CXX object CMakeFiles/ros2_interfaces__rosidl_typesupport_fastrtps_c.dir/rosidl_typesupport_fastrtps_c/ros2_interfaces/srv/detail/enable_motors__type_support_c.cpp.o[0m
[7.990s] [ 77%] [32mBuilding CXX object CMakeFiles/ros2_interfaces__rosidl_typesupport_fastrtps_c.dir/rosidl_typesupport_fastrtps_c/ros2_interfaces/srv/detail/set_run_mode__type_support_c.cpp.o[0m
[7.991s] [ 78%] [32mBuilding CXX object CMakeFiles/ros2_interfaces__rosidl_typesupport_fastrtps_c.dir/rosidl_typesupport_fastrtps_c/ros2_interfaces/srv/detail/simple_motor_result__type_support_c.cpp.o[0m
[8.125s] [ 80%] [32m[1mLinking CXX shared library libros2_interfaces__rosidl_typesupport_cpp.so[0m
[8.210s] [ 80%] Built target ros2_interfaces__rosidl_typesupport_cpp
[8.252s] [ 81%] [32m[1mLinking CXX shared library libros2_interfaces__rosidl_typesupport_introspection_cpp.so[0m
[8.343s] [ 81%] Built target ros2_interfaces__rosidl_typesupport_introspection_cpp
[8.410s] [ 82%] [32m[1mLinking CXX shared library libros2_interfaces__rosidl_typesupport_fastrtps_c.so[0m
[8.412s] [ 83%] [32m[1mLinking CXX shared library libros2_interfaces__rosidl_typesupport_fastrtps_cpp.so[0m
[8.516s] [ 83%] Built target ros2_interfaces__rosidl_typesupport_fastrtps_c
[8.521s] [ 83%] Built target ros2_interfaces__rosidl_typesupport_fastrtps_cpp
[8.549s] [ 83%] Built target ros2_interfaces
[8.579s] [ 84%] [34m[1mGenerating Python code for ROS interfaces[0m
[9.604s] [ 84%] Built target ros2_interfaces__py
[9.636s] [ 88%] [32mBuilding C object CMakeFiles/ros2_interfaces__rosidl_generator_py.dir/rosidl_generator_py/ros2_interfaces/srv/_enable_motors_s.c.o[0m
[9.636s] [ 88%] [32mBuilding C object CMakeFiles/ros2_interfaces__rosidl_generator_py.dir/rosidl_generator_py/ros2_interfaces/msg/_upper_body_command_s.c.o[0m
[9.636s] [ 88%] [32mBuilding C object CMakeFiles/ros2_interfaces__rosidl_generator_py.dir/rosidl_generator_py/ros2_interfaces/msg/_upper_body_system_state_s.c.o[0m
[9.636s] [ 89%] [32mBuilding C object CMakeFiles/ros2_interfaces__rosidl_generator_py.dir/rosidl_generator_py/ros2_interfaces/msg/_upper_motor_state_s.c.o[0m
[9.637s] [ 90%] [32mBuilding C object CMakeFiles/ros2_interfaces__rosidl_generator_py.dir/rosidl_generator_py/ros2_interfaces/srv/_set_run_mode_s.c.o[0m
[9.638s] [ 91%] [32mBuilding C object CMakeFiles/ros2_interfaces__rosidl_generator_py.dir/rosidl_generator_py/ros2_interfaces/srv/_simple_motor_result_s.c.o[0m
[9.862s] [ 92%] [32m[1mLinking C shared library libros2_interfaces__rosidl_generator_py.so[0m
[9.930s] [ 92%] Built target ros2_interfaces__rosidl_generator_py
[9.962s] [ 96%] [32mBuilding C object CMakeFiles/ros2_interfaces_s__rosidl_typesupport_fastrtps_c.dir/rosidl_generator_py/ros2_interfaces/_ros2_interfaces_s.ep.rosidl_typesupport_fastrtps_c.c.o[0m
[9.962s] [ 96%] [32mBuilding C object CMakeFiles/ros2_interfaces_s__rosidl_typesupport_introspection_c.dir/rosidl_generator_py/ros2_interfaces/_ros2_interfaces_s.ep.rosidl_typesupport_introspection_c.c.o[0m
[9.963s] [ 96%] [32mBuilding C object CMakeFiles/ros2_interfaces_s__rosidl_typesupport_c.dir/rosidl_generator_py/ros2_interfaces/_ros2_interfaces_s.ep.rosidl_typesupport_c.c.o[0m
[10.105s] [ 97%] [32m[1mLinking C shared module rosidl_generator_py/ros2_interfaces/ros2_interfaces_s__rosidl_typesupport_introspection_c.so[0m
[10.113s] [ 98%] [32m[1mLinking C shared module rosidl_generator_py/ros2_interfaces/ros2_interfaces_s__rosidl_typesupport_c.so[0m
[10.113s] [100%] [32m[1mLinking C shared module rosidl_generator_py/ros2_interfaces/ros2_interfaces_s__rosidl_typesupport_fastrtps_c.so[0m
[10.155s] [100%] Built target ros2_interfaces_s__rosidl_typesupport_introspection_c
[10.159s] [100%] Built target ros2_interfaces_s__rosidl_typesupport_c
[10.161s] [100%] Built target ros2_interfaces_s__rosidl_typesupport_fastrtps_c
[10.185s] Invoked command in '/home/sejong/Desktop/SH_ws/build/ros2_interfaces' returned '0': DEBUGINFOD_URLS=https://debuginfod.ubuntu.com /usr/bin/cmake --build /home/sejong/Desktop/SH_ws/build/ros2_interfaces -- -j14 -l14
[10.186s] Invoking command in '/home/sejong/Desktop/SH_ws/build/ros2_interfaces': DEBUGINFOD_URLS=https://debuginfod.ubuntu.com /usr/bin/cmake --install /home/sejong/Desktop/SH_ws/build/ros2_interfaces
[10.196s] -- Install configuration: ""
[10.197s] -- Installing: /home/sejong/Desktop/SH_ws/install/ros2_interfaces/share/ament_index/resource_index/rosidl_interfaces/ros2_interfaces
[10.197s] -- Installing: /home/sejong/Desktop/SH_ws/install/ros2_interfaces/share/ros2_interfaces/msg/UpperBodyCommand.json
[10.197s] -- Installing: /home/sejong/Desktop/SH_ws/install/ros2_interfaces/share/ros2_interfaces/msg/UpperBodySystemState.json
[10.197s] -- Installing: /home/sejong/Desktop/SH_ws/install/ros2_interfaces/share/ros2_interfaces/msg/UpperMotorState.json
[10.197s] -- Installing: /home/sejong/Desktop/SH_ws/install/ros2_interfaces/share/ros2_interfaces/srv/EnableMotors.json
[10.197s] -- Installing: /home/sejong/Desktop/SH_ws/install/ros2_interfaces/share/ros2_interfaces/srv/SetRunMode.json
[10.198s] -- Installing: /home/sejong/Desktop/SH_ws/install/ros2_interfaces/share/ros2_interfaces/srv/SimpleMotorResult.json
[10.198s] -- Installing: /home/sejong/Desktop/SH_ws/install/ros2_interfaces/include/ros2_interfaces/ros2_interfaces
[10.199s] -- Installing: /home/sejong/Desktop/SH_ws/install/ros2_interfaces/include/ros2_interfaces/ros2_interfaces/srv
[10.199s] -- Installing: /home/sejong/Desktop/SH_ws/install/ros2_interfaces/include/ros2_interfaces/ros2_interfaces/srv/set_run_mode.h
[10.199s] -- Installing: /home/sejong/Desktop/SH_ws/install/ros2_interfaces/include/ros2_interfaces/ros2_interfaces/srv/simple_motor_result.h
[10.199s] -- Installing: /home/sejong/Desktop/SH_ws/install/ros2_interfaces/include/ros2_interfaces/ros2_interfaces/srv/detail
[10.200s] -- Installing: /home/sejong/Desktop/SH_ws/install/ros2_interfaces/include/ros2_interfaces/ros2_interfaces/srv/detail/set_run_mode__struct.h
[10.200s] -- Installing: /home/sejong/Desktop/SH_ws/install/ros2_interfaces/include/ros2_interfaces/ros2_interfaces/srv/detail/simple_motor_result__description.c
[10.200s] -- Installing: /home/sejong/Desktop/SH_ws/install/ros2_interfaces/include/ros2_interfaces/ros2_interfaces/srv/detail/simple_motor_result__functions.c
[10.200s] -- Installing: /home/sejong/Desktop/SH_ws/install/ros2_interfaces/include/ros2_interfaces/ros2_interfaces/srv/detail/set_run_mode__type_support.c
[10.200s] -- Installing: /home/sejong/Desktop/SH_ws/install/ros2_interfaces/include/ros2_interfaces/ros2_interfaces/srv/detail/enable_motors__description.c
[10.200s] -- Installing: /home/sejong/Desktop/SH_ws/install/ros2_interfaces/include/ros2_interfaces/ros2_interfaces/srv/detail/simple_motor_result__functions.h
[10.200s] -- Installing: /home/sejong/Desktop/SH_ws/install/ros2_interfaces/include/ros2_interfaces/ros2_interfaces/srv/detail/enable_motors__type_support.h
[10.200s] -- Installing: /home/sejong/Desktop/SH_ws/install/ros2_interfaces/include/ros2_interfaces/ros2_interfaces/srv/detail/enable_motors__functions.c
[10.200s] -- Installing: /home/sejong/Desktop/SH_ws/install/ros2_interfaces/include/ros2_interfaces/ros2_interfaces/srv/detail/set_run_mode__type_support.h
[10.200s] -- Installing: /home/sejong/Desktop/SH_ws/install/ros2_interfaces/include/ros2_interfaces/ros2_interfaces/srv/detail/set_run_mode__functions.c
[10.200s] -- Installing: /home/sejong/Desktop/SH_ws/install/ros2_interfaces/include/ros2_interfaces/ros2_interfaces/srv/detail/enable_motors__type_support.c
[10.201s] -- Installing: /home/sejong/Desktop/SH_ws/install/ros2_interfaces/include/ros2_interfaces/ros2_interfaces/srv/detail/set_run_mode__functions.h
[10.203s] -- Installing: /home/sejong/Desktop/SH_ws/install/ros2_interfaces/include/ros2_interfaces/ros2_interfaces/srv/detail/simple_motor_result__type_support.c
[10.203s] -- Installing: /home/sejong/Desktop/SH_ws/install/ros2_interfaces/include/ros2_interfaces/ros2_interfaces/srv/detail/simple_motor_result__type_support.h
[10.203s] -- Installing: /home/sejong/Desktop/SH_ws/install/ros2_interfaces/include/ros2_interfaces/ros2_interfaces/srv/detail/simple_motor_result__struct.h
[10.203s] -- Installing: /home/sejong/Desktop/SH_ws/install/ros2_interfaces/include/ros2_interfaces/ros2_interfaces/srv/detail/set_run_mode__description.c
[10.203s] -- Installing: /home/sejong/Desktop/SH_ws/install/ros2_interfaces/include/ros2_interfaces/ros2_interfaces/srv/detail/enable_motors__struct.h
[10.203s] -- Installing: /home/sejong/Desktop/SH_ws/install/ros2_interfaces/include/ros2_interfaces/ros2_interfaces/srv/detail/enable_motors__functions.h
[10.203s] -- Installing: /home/sejong/Desktop/SH_ws/install/ros2_interfaces/include/ros2_interfaces/ros2_interfaces/srv/enable_motors.h
[10.203s] -- Installing: /home/sejong/Desktop/SH_ws/install/ros2_interfaces/include/ros2_interfaces/ros2_interfaces/msg
[10.203s] -- Installing: /home/sejong/Desktop/SH_ws/install/ros2_interfaces/include/ros2_interfaces/ros2_interfaces/msg/upper_motor_state.h
[10.204s] -- Installing: /home/sejong/Desktop/SH_ws/install/ros2_interfaces/include/ros2_interfaces/ros2_interfaces/msg/rosidl_generator_c__visibility_control.h
[10.204s] -- Installing: /home/sejong/Desktop/SH_ws/install/ros2_interfaces/include/ros2_interfaces/ros2_interfaces/msg/upper_body_system_state.h
[10.204s] -- Installing: /home/sejong/Desktop/SH_ws/install/ros2_interfaces/include/ros2_interfaces/ros2_interfaces/msg/detail
[10.204s] -- Installing: /home/sejong/Desktop/SH_ws/install/ros2_interfaces/include/ros2_interfaces/ros2_interfaces/msg/detail/upper_body_command__type_support.h
[10.204s] -- Installing: /home/sejong/Desktop/SH_ws/install/ros2_interfaces/include/ros2_interfaces/ros2_interfaces/msg/detail/upper_body_command__description.c
[10.204s] -- Installing: /home/sejong/Desktop/SH_ws/install/ros2_interfaces/include/ros2_interfaces/ros2_interfaces/msg/detail/upper_motor_state__functions.c
[10.204s] -- Installing: /home/sejong/Desktop/SH_ws/install/ros2_interfaces/include/ros2_interfaces/ros2_interfaces/msg/detail/upper_body_system_state__description.c
[10.204s] -- Installing: /home/sejong/Desktop/SH_ws/install/ros2_interfaces/include/ros2_interfaces/ros2_interfaces/msg/detail/upper_motor_state__type_support.c
[10.204s] -- Installing: /home/sejong/Desktop/SH_ws/install/ros2_interfaces/include/ros2_interfaces/ros2_interfaces/msg/detail/upper_motor_state__type_support.h
[10.204s] -- Installing: /home/sejong/Desktop/SH_ws/install/ros2_interfaces/include/ros2_interfaces/ros2_interfaces/msg/detail/upper_body_command__functions.c
[10.205s] -- Installing: /home/sejong/Desktop/SH_ws/install/ros2_interfaces/include/ros2_interfaces/ros2_interfaces/msg/detail/upper_motor_state__functions.h
[10.205s] -- Installing: /home/sejong/Desktop/SH_ws/install/ros2_interfaces/include/ros2_interfaces/ros2_interfaces/msg/detail/upper_body_system_state__functions.h
[10.205s] -- Installing: /home/sejong/Desktop/SH_ws/install/ros2_interfaces/include/ros2_interfaces/ros2_interfaces/msg/detail/upper_body_system_state__type_support.c
[10.205s] -- Installing: /home/sejong/Desktop/SH_ws/install/ros2_interfaces/include/ros2_interfaces/ros2_interfaces/msg/detail/upper_body_system_state__functions.c
[10.205s] -- Installing: /home/sejong/Desktop/SH_ws/install/ros2_interfaces/include/ros2_interfaces/ros2_interfaces/msg/detail/upper_body_system_state__struct.h
[10.205s] -- Installing: /home/sejong/Desktop/SH_ws/install/ros2_interfaces/include/ros2_interfaces/ros2_interfaces/msg/detail/upper_motor_state__description.c
[10.205s] -- Installing: /home/sejong/Desktop/SH_ws/install/ros2_interfaces/include/ros2_interfaces/ros2_interfaces/msg/detail/upper_body_command__functions.h
[10.205s] -- Installing: /home/sejong/Desktop/SH_ws/install/ros2_interfaces/include/ros2_interfaces/ros2_interfaces/msg/detail/upper_motor_state__struct.h
[10.205s] -- Installing: /home/sejong/Desktop/SH_ws/install/ros2_interfaces/include/ros2_interfaces/ros2_interfaces/msg/detail/upper_body_system_state__type_support.h
[10.206s] -- Installing: /home/sejong/Desktop/SH_ws/install/ros2_interfaces/include/ros2_interfaces/ros2_interfaces/msg/detail/upper_body_command__struct.h
[10.206s] -- Installing: /home/sejong/Desktop/SH_ws/install/ros2_interfaces/include/ros2_interfaces/ros2_interfaces/msg/detail/upper_body_command__type_support.c
[10.206s] -- Installing: /home/sejong/Desktop/SH_ws/install/ros2_interfaces/include/ros2_interfaces/ros2_interfaces/msg/upper_body_command.h
[10.206s] -- Installing: /home/sejong/Desktop/SH_ws/install/ros2_interfaces/share/ros2_interfaces/environment/library_path.sh
[10.206s] -- Installing: /home/sejong/Desktop/SH_ws/install/ros2_interfaces/share/ros2_interfaces/environment/library_path.dsv
[10.206s] -- Installing: /home/sejong/Desktop/SH_ws/install/ros2_interfaces/lib/libros2_interfaces__rosidl_generator_c.so
[10.206s] -- Set non-toolchain portion of runtime path of "/home/sejong/Desktop/SH_ws/install/ros2_interfaces/lib/libros2_interfaces__rosidl_generator_c.so" to ""
[10.206s] -- Up-to-date: /home/sejong/Desktop/SH_ws/install/ros2_interfaces/include/ros2_interfaces/ros2_interfaces
[10.206s] -- Up-to-date: /home/sejong/Desktop/SH_ws/install/ros2_interfaces/include/ros2_interfaces/ros2_interfaces/srv
[10.207s] -- Up-to-date: /home/sejong/Desktop/SH_ws/install/ros2_interfaces/include/ros2_interfaces/ros2_interfaces/srv/detail
[10.207s] -- Installing: /home/sejong/Desktop/SH_ws/install/ros2_interfaces/include/ros2_interfaces/ros2_interfaces/srv/detail/simple_motor_result__rosidl_typesupport_fastrtps_c.h
[10.207s] -- Installing: /home/sejong/Desktop/SH_ws/install/ros2_interfaces/include/ros2_interfaces/ros2_interfaces/srv/detail/enable_motors__rosidl_typesupport_fastrtps_c.h
[10.207s] -- Installing: /home/sejong/Desktop/SH_ws/install/ros2_interfaces/include/ros2_interfaces/ros2_interfaces/srv/detail/set_run_mode__rosidl_typesupport_fastrtps_c.h
[10.207s] -- Up-to-date: /home/sejong/Desktop/SH_ws/install/ros2_interfaces/include/ros2_interfaces/ros2_interfaces/msg
[10.207s] -- Installing: /home/sejong/Desktop/SH_ws/install/ros2_interfaces/include/ros2_interfaces/ros2_interfaces/msg/rosidl_typesupport_fastrtps_c__visibility_control.h
[10.207s] -- Up-to-date: /home/sejong/Desktop/SH_ws/install/ros2_interfaces/include/ros2_interfaces/ros2_interfaces/msg/detail
[10.207s] -- Installing: /home/sejong/Desktop/SH_ws/install/ros2_interfaces/include/ros2_interfaces/ros2_interfaces/msg/detail/upper_body_command__rosidl_typesupport_fastrtps_c.h
[10.208s] -- Installing: /home/sejong/Desktop/SH_ws/install/ros2_interfaces/include/ros2_interfaces/ros2_interfaces/msg/detail/upper_body_system_state__rosidl_typesupport_fastrtps_c.h
[10.208s] -- Installing: /home/sejong/Desktop/SH_ws/install/ros2_interfaces/include/ros2_interfaces/ros2_interfaces/msg/detail/upper_motor_state__rosidl_typesupport_fastrtps_c.h
[10.208s] -- Installing: /home/sejong/Desktop/SH_ws/install/ros2_interfaces/lib/libros2_interfaces__rosidl_typesupport_fastrtps_c.so
[10.208s] -- Set non-toolchain portion of runtime path of "/home/sejong/Desktop/SH_ws/install/ros2_interfaces/lib/libros2_interfaces__rosidl_typesupport_fastrtps_c.so" to ""
[10.208s] -- Up-to-date: /home/sejong/Desktop/SH_ws/install/ros2_interfaces/include/ros2_interfaces/ros2_interfaces
[10.208s] -- Up-to-date: /home/sejong/Desktop/SH_ws/install/ros2_interfaces/include/ros2_interfaces/ros2_interfaces/srv
[10.208s] -- Up-to-date: /home/sejong/Desktop/SH_ws/install/ros2_interfaces/include/ros2_interfaces/ros2_interfaces/srv/detail
[10.208s] -- Installing: /home/sejong/Desktop/SH_ws/install/ros2_interfaces/include/ros2_interfaces/ros2_interfaces/srv/detail/set_run_mode__rosidl_typesupport_introspection_c.h
[10.208s] -- Up-to-date: /home/sejong/Desktop/SH_ws/install/ros2_interfaces/include/ros2_interfaces/ros2_interfaces/srv/detail/set_run_mode__type_support.c
[10.209s] -- Installing: /home/sejong/Desktop/SH_ws/install/ros2_interfaces/include/ros2_interfaces/ros2_interfaces/srv/detail/enable_motors__rosidl_typesupport_introspection_c.h
[10.209s] -- Installing: /home/sejong/Desktop/SH_ws/install/ros2_interfaces/include/ros2_interfaces/ros2_interfaces/srv/detail/simple_motor_result__rosidl_typesupport_introspection_c.h
[10.209s] -- Up-to-date: /home/sejong/Desktop/SH_ws/install/ros2_interfaces/include/ros2_interfaces/ros2_interfaces/srv/detail/enable_motors__type_support.c
[10.209s] -- Up-to-date: /home/sejong/Desktop/SH_ws/install/ros2_interfaces/include/ros2_interfaces/ros2_interfaces/srv/detail/simple_motor_result__type_support.c
[10.209s] -- Up-to-date: /home/sejong/Desktop/SH_ws/install/ros2_interfaces/include/ros2_interfaces/ros2_interfaces/msg
[10.209s] -- Installing: /home/sejong/Desktop/SH_ws/install/ros2_interfaces/include/ros2_interfaces/ros2_interfaces/msg/rosidl_typesupport_introspection_c__visibility_control.h
[10.209s] -- Up-to-date: /home/sejong/Desktop/SH_ws/install/ros2_interfaces/include/ros2_interfaces/ros2_interfaces/msg/detail
[10.209s] -- Installing: /home/sejong/Desktop/SH_ws/install/ros2_interfaces/include/ros2_interfaces/ros2_interfaces/msg/detail/upper_body_command__rosidl_typesupport_introspection_c.h
[10.209s] -- Up-to-date: /home/sejong/Desktop/SH_ws/install/ros2_interfaces/include/ros2_interfaces/ros2_interfaces/msg/detail/upper_motor_state__type_support.c
[10.209s] -- Installing: /home/sejong/Desktop/SH_ws/install/ros2_interfaces/include/ros2_interfaces/ros2_interfaces/msg/detail/upper_body_system_state__rosidl_typesupport_introspection_c.h
[10.210s] -- Up-to-date: /home/sejong/Desktop/SH_ws/install/ros2_interfaces/include/ros2_interfaces/ros2_interfaces/msg/detail/upper_body_system_state__type_support.c
[10.210s] -- Installing: /home/sejong/Desktop/SH_ws/install/ros2_interfaces/include/ros2_interfaces/ros2_interfaces/msg/detail/upper_motor_state__rosidl_typesupport_introspection_c.h
[10.210s] -- Up-to-date: /home/sejong/Desktop/SH_ws/install/ros2_interfaces/include/ros2_interfaces/ros2_interfaces/msg/detail/upper_body_command__type_support.c
[10.210s] -- Installing: /home/sejong/Desktop/SH_ws/install/ros2_interfaces/lib/libros2_interfaces__rosidl_typesupport_introspection_c.so
[10.210s] -- Set non-toolchain portion of runtime path of "/home/sejong/Desktop/SH_ws/install/ros2_interfaces/lib/libros2_interfaces__rosidl_typesupport_introspection_c.so" to ""
[10.210s] -- Installing: /home/sejong/Desktop/SH_ws/install/ros2_interfaces/lib/libros2_interfaces__rosidl_typesupport_c.so
[10.210s] -- Set non-toolchain portion of runtime path of "/home/sejong/Desktop/SH_ws/install/ros2_interfaces/lib/libros2_interfaces__rosidl_typesupport_c.so" to ""
[10.211s] -- Up-to-date: /home/sejong/Desktop/SH_ws/install/ros2_interfaces/include/ros2_interfaces/ros2_interfaces
[10.211s] -- Up-to-date: /home/sejong/Desktop/SH_ws/install/ros2_interfaces/include/ros2_interfaces/ros2_interfaces/srv
[10.211s] -- Installing: /home/sejong/Desktop/SH_ws/install/ros2_interfaces/include/ros2_interfaces/ros2_interfaces/srv/set_run_mode.hpp
[10.212s] -- Up-to-date: /home/sejong/Desktop/SH_ws/install/ros2_interfaces/include/ros2_interfaces/ros2_interfaces/srv/detail
[10.212s] -- Installing: /home/sejong/Desktop/SH_ws/install/ros2_interfaces/include/ros2_interfaces/ros2_interfaces/srv/detail/enable_motors__traits.hpp
[10.212s] -- Installing: /home/sejong/Desktop/SH_ws/install/ros2_interfaces/include/ros2_interfaces/ros2_interfaces/srv/detail/simple_motor_result__traits.hpp
[10.212s] -- Installing: /home/sejong/Desktop/SH_ws/install/ros2_interfaces/include/ros2_interfaces/ros2_interfaces/srv/detail/set_run_mode__traits.hpp
[10.212s] -- Installing: /home/sejong/Desktop/SH_ws/install/ros2_interfaces/include/ros2_interfaces/ros2_interfaces/srv/detail/set_run_mode__struct.hpp
[10.212s] -- Installing: /home/sejong/Desktop/SH_ws/install/ros2_interfaces/include/ros2_interfaces/ros2_interfaces/srv/detail/simple_motor_result__struct.hpp
[10.212s] -- Installing: /home/sejong/Desktop/SH_ws/install/ros2_interfaces/include/ros2_interfaces/ros2_interfaces/srv/detail/set_run_mode__builder.hpp
[10.212s] -- Installing: /home/sejong/Desktop/SH_ws/install/ros2_interfaces/include/ros2_interfaces/ros2_interfaces/srv/detail/enable_motors__type_support.hpp
[10.212s] -- Installing: /home/sejong/Desktop/SH_ws/install/ros2_interfaces/include/ros2_interfaces/ros2_interfaces/srv/detail/enable_motors__builder.hpp
[10.212s] -- Installing: /home/sejong/Desktop/SH_ws/install/ros2_interfaces/include/ros2_interfaces/ros2_interfaces/srv/detail/set_run_mode__type_support.hpp
[10.213s] -- Installing: /home/sejong/Desktop/SH_ws/install/ros2_interfaces/include/ros2_interfaces/ros2_interfaces/srv/detail/enable_motors__struct.hpp
[10.213s] -- Installing: /home/sejong/Desktop/SH_ws/install/ros2_interfaces/include/ros2_interfaces/ros2_interfaces/srv/detail/simple_motor_result__builder.hpp
[10.213s] -- Installing: /home/sejong/Desktop/SH_ws/install/ros2_interfaces/include/ros2_interfaces/ros2_interfaces/srv/detail/simple_motor_result__type_support.hpp
[10.213s] -- Installing: /home/sejong/Desktop/SH_ws/install/ros2_interfaces/include/ros2_interfaces/ros2_interfaces/srv/enable_motors.hpp
[10.213s] -- Installing: /home/sejong/Desktop/SH_ws/install/ros2_interfaces/include/ros2_interfaces/ros2_interfaces/srv/simple_motor_result.hpp
[10.213s] -- Up-to-date: /home/sejong/Desktop/SH_ws/install/ros2_interfaces/include/ros2_interfaces/ros2_interfaces/msg
[10.213s] -- Installing: /home/sejong/Desktop/SH_ws/install/ros2_interfaces/include/ros2_interfaces/ros2_interfaces/msg/upper_body_system_state.hpp
[10.213s] -- Installing: /home/sejong/Desktop/SH_ws/install/ros2_interfaces/include/ros2_interfaces/ros2_interfaces/msg/rosidl_generator_cpp__visibility_control.hpp
[10.214s] -- Up-to-date: /home/sejong/Desktop/SH_ws/install/ros2_interfaces/include/ros2_interfaces/ros2_interfaces/msg/detail
[10.214s] -- Installing: /home/sejong/Desktop/SH_ws/install/ros2_interfaces/include/ros2_interfaces/ros2_interfaces/msg/detail/upper_motor_state__type_support.hpp
[10.214s] -- Installing: /home/sejong/Desktop/SH_ws/install/ros2_interfaces/include/ros2_interfaces/ros2_interfaces/msg/detail/upper_body_system_state__traits.hpp
[10.214s] -- Installing: /home/sejong/Desktop/SH_ws/install/ros2_interfaces/include/ros2_interfaces/ros2_interfaces/msg/detail/upper_body_command__traits.hpp
[10.214s] -- Installing: /home/sejong/Desktop/SH_ws/install/ros2_interfaces/include/ros2_interfaces/ros2_interfaces/msg/detail/upper_body_system_state__builder.hpp
[10.214s] -- Installing: /home/sejong/Desktop/SH_ws/install/ros2_interfaces/include/ros2_interfaces/ros2_interfaces/msg/detail/upper_body_command__struct.hpp
[10.214s] -- Installing: /home/sejong/Desktop/SH_ws/install/ros2_interfaces/include/ros2_interfaces/ros2_interfaces/msg/detail/upper_motor_state__builder.hpp
[10.214s] -- Installing: /home/sejong/Desktop/SH_ws/install/ros2_interfaces/include/ros2_interfaces/ros2_interfaces/msg/detail/upper_motor_state__traits.hpp
[10.214s] -- Installing: /home/sejong/Desktop/SH_ws/install/ros2_interfaces/include/ros2_interfaces/ros2_interfaces/msg/detail/upper_body_command__builder.hpp
[10.214s] -- Installing: /home/sejong/Desktop/SH_ws/install/ros2_interfaces/include/ros2_interfaces/ros2_interfaces/msg/detail/upper_body_system_state__type_support.hpp
[10.215s] -- Installing: /home/sejong/Desktop/SH_ws/install/ros2_interfaces/include/ros2_interfaces/ros2_interfaces/msg/detail/upper_body_command__type_support.hpp
[10.215s] -- Installing: /home/sejong/Desktop/SH_ws/install/ros2_interfaces/include/ros2_interfaces/ros2_interfaces/msg/detail/upper_motor_state__struct.hpp
[10.215s] -- Installing: /home/sejong/Desktop/SH_ws/install/ros2_interfaces/include/ros2_interfaces/ros2_interfaces/msg/detail/upper_body_system_state__struct.hpp
[10.215s] -- Installing: /home/sejong/Desktop/SH_ws/install/ros2_interfaces/include/ros2_interfaces/ros2_interfaces/msg/upper_motor_state.hpp
[10.215s] -- Installing: /home/sejong/Desktop/SH_ws/install/ros2_interfaces/include/ros2_interfaces/ros2_interfaces/msg/upper_body_command.hpp
[10.215s] -- Up-to-date: /home/sejong/Desktop/SH_ws/install/ros2_interfaces/include/ros2_interfaces/ros2_interfaces
[10.215s] -- Up-to-date: /home/sejong/Desktop/SH_ws/install/ros2_interfaces/include/ros2_interfaces/ros2_interfaces/srv
[10.215s] -- Up-to-date: /home/sejong/Desktop/SH_ws/install/ros2_interfaces/include/ros2_interfaces/ros2_interfaces/srv/detail
[10.215s] -- Installing: /home/sejong/Desktop/SH_ws/install/ros2_interfaces/include/ros2_interfaces/ros2_interfaces/srv/detail/set_run_mode__rosidl_typesupport_fastrtps_cpp.hpp
[10.215s] -- Installing: /home/sejong/Desktop/SH_ws/install/ros2_interfaces/include/ros2_interfaces/ros2_interfaces/srv/detail/dds_fastrtps
[10.215s] -- Installing: /home/sejong/Desktop/SH_ws/install/ros2_interfaces/include/ros2_interfaces/ros2_interfaces/srv/detail/simple_motor_result__rosidl_typesupport_fastrtps_cpp.hpp
[10.216s] -- Installing: /home/sejong/Desktop/SH_ws/install/ros2_interfaces/include/ros2_interfaces/ros2_interfaces/srv/detail/enable_motors__rosidl_typesupport_fastrtps_cpp.hpp
[10.216s] -- Up-to-date: /home/sejong/Desktop/SH_ws/install/ros2_interfaces/include/ros2_interfaces/ros2_interfaces/msg
[10.216s] -- Installing: /home/sejong/Desktop/SH_ws/install/ros2_interfaces/include/ros2_interfaces/ros2_interfaces/msg/rosidl_typesupport_fastrtps_cpp__visibility_control.h
[10.216s] -- Up-to-date: /home/sejong/Desktop/SH_ws/install/ros2_interfaces/include/ros2_interfaces/ros2_interfaces/msg/detail
[10.216s] -- Installing: /home/sejong/Desktop/SH_ws/install/ros2_interfaces/include/ros2_interfaces/ros2_interfaces/msg/detail/upper_body_system_state__rosidl_typesupport_fastrtps_cpp.hpp
[10.216s] -- Installing: /home/sejong/Desktop/SH_ws/install/ros2_interfaces/include/ros2_interfaces/ros2_interfaces/msg/detail/dds_fastrtps
[10.216s] -- Installing: /home/sejong/Desktop/SH_ws/install/ros2_interfaces/include/ros2_interfaces/ros2_interfaces/msg/detail/upper_body_command__rosidl_typesupport_fastrtps_cpp.hpp
[10.216s] -- Installing: /home/sejong/Desktop/SH_ws/install/ros2_interfaces/include/ros2_interfaces/ros2_interfaces/msg/detail/upper_motor_state__rosidl_typesupport_fastrtps_cpp.hpp
[10.216s] -- Installing: /home/sejong/Desktop/SH_ws/install/ros2_interfaces/lib/libros2_interfaces__rosidl_typesupport_fastrtps_cpp.so
[10.217s] -- Set non-toolchain portion of runtime path of "/home/sejong/Desktop/SH_ws/install/ros2_interfaces/lib/libros2_interfaces__rosidl_typesupport_fastrtps_cpp.so" to ""
[10.217s] -- Up-to-date: /home/sejong/Desktop/SH_ws/install/ros2_interfaces/include/ros2_interfaces/ros2_interfaces
[10.217s] -- Up-to-date: /home/sejong/Desktop/SH_ws/install/ros2_interfaces/include/ros2_interfaces/ros2_interfaces/srv
[10.217s] -- Up-to-date: /home/sejong/Desktop/SH_ws/install/ros2_interfaces/include/ros2_interfaces/ros2_interfaces/srv/detail
[10.217s] -- Installing: /home/sejong/Desktop/SH_ws/install/ros2_interfaces/include/ros2_interfaces/ros2_interfaces/srv/detail/simple_motor_result__rosidl_typesupport_introspection_cpp.hpp
[10.217s] -- Installing: /home/sejong/Desktop/SH_ws/install/ros2_interfaces/include/ros2_interfaces/ros2_interfaces/srv/detail/enable_motors__rosidl_typesupport_introspection_cpp.hpp
[10.217s] -- Installing: /home/sejong/Desktop/SH_ws/install/ros2_interfaces/include/ros2_interfaces/ros2_interfaces/srv/detail/set_run_mode__type_support.cpp
[10.217s] -- Installing: /home/sejong/Desktop/SH_ws/install/ros2_interfaces/include/ros2_interfaces/ros2_interfaces/srv/detail/set_run_mode__rosidl_typesupport_introspection_cpp.hpp
[10.217s] -- Installing: /home/sejong/Desktop/SH_ws/install/ros2_interfaces/include/ros2_interfaces/ros2_interfaces/srv/detail/enable_motors__type_support.cpp
[10.217s] -- Installing: /home/sejong/Desktop/SH_ws/install/ros2_interfaces/include/ros2_interfaces/ros2_interfaces/srv/detail/simple_motor_result__type_support.cpp
[10.218s] -- Up-to-date: /home/sejong/Desktop/SH_ws/install/ros2_interfaces/include/ros2_interfaces/ros2_interfaces/msg
[10.218s] -- Up-to-date: /home/sejong/Desktop/SH_ws/install/ros2_interfaces/include/ros2_interfaces/ros2_interfaces/msg/detail
[10.218s] -- Installing: /home/sejong/Desktop/SH_ws/install/ros2_interfaces/include/ros2_interfaces/ros2_interfaces/msg/detail/upper_body_command__rosidl_typesupport_introspection_cpp.hpp
[10.218s] -- Installing: /home/sejong/Desktop/SH_ws/install/ros2_interfaces/include/ros2_interfaces/ros2_interfaces/msg/detail/upper_motor_state__rosidl_typesupport_introspection_cpp.hpp
[10.218s] -- Installing: /home/sejong/Desktop/SH_ws/install/ros2_interfaces/include/ros2_interfaces/ros2_interfaces/msg/detail/upper_motor_state__type_support.cpp
[10.218s] -- Installing: /home/sejong/Desktop/SH_ws/install/ros2_interfaces/include/ros2_interfaces/ros2_interfaces/msg/detail/upper_body_command__type_support.cpp
[10.218s] -- Installing: /home/sejong/Desktop/SH_ws/install/ros2_interfaces/include/ros2_interfaces/ros2_interfaces/msg/detail/upper_body_system_state__rosidl_typesupport_introspection_cpp.hpp
[10.218s] -- Installing: /home/sejong/Desktop/SH_ws/install/ros2_interfaces/include/ros2_interfaces/ros2_interfaces/msg/detail/upper_body_system_state__type_support.cpp
[10.218s] -- Installing: /home/sejong/Desktop/SH_ws/install/ros2_interfaces/lib/libros2_interfaces__rosidl_typesupport_introspection_cpp.so
[10.219s] -- Set non-toolchain portion of runtime path of "/home/sejong/Desktop/SH_ws/install/ros2_interfaces/lib/libros2_interfaces__rosidl_typesupport_introspection_cpp.so" to ""
[10.219s] -- Installing: /home/sejong/Desktop/SH_ws/install/ros2_interfaces/lib/libros2_interfaces__rosidl_typesupport_cpp.so
[10.219s] -- Set non-toolchain portion of runtime path of "/home/sejong/Desktop/SH_ws/install/ros2_interfaces/lib/libros2_interfaces__rosidl_typesupport_cpp.so" to ""
[10.219s] -- Installing: /home/sejong/Desktop/SH_ws/install/ros2_interfaces/share/ros2_interfaces/environment/pythonpath.sh
[10.219s] -- Installing: /home/sejong/Desktop/SH_ws/install/ros2_interfaces/share/ros2_interfaces/environment/pythonpath.dsv
[10.219s] -- Installing: /home/sejong/Desktop/SH_ws/install/ros2_interfaces/lib/python3.12/site-packages/ros2_interfaces-0.0.1-py3.12.egg-info
[10.219s] -- Installing: /home/sejong/Desktop/SH_ws/install/ros2_interfaces/lib/python3.12/site-packages/ros2_interfaces-0.0.1-py3.12.egg-info/dependency_links.txt
[10.219s] -- Installing: /home/sejong/Desktop/SH_ws/install/ros2_interfaces/lib/python3.12/site-packages/ros2_interfaces-0.0.1-py3.12.egg-info/top_level.txt
[10.219s] -- Installing: /home/sejong/Desktop/SH_ws/install/ros2_interfaces/lib/python3.12/site-packages/ros2_interfaces-0.0.1-py3.12.egg-info/SOURCES.txt
[10.219s] -- Installing: /home/sejong/Desktop/SH_ws/install/ros2_interfaces/lib/python3.12/site-packages/ros2_interfaces-0.0.1-py3.12.egg-info/PKG-INFO
[10.220s] -- Installing: /home/sejong/Desktop/SH_ws/install/ros2_interfaces/lib/python3.12/site-packages/ros2_interfaces
[10.220s] -- Installing: /home/sejong/Desktop/SH_ws/install/ros2_interfaces/lib/python3.12/site-packages/ros2_interfaces/__init__.py
[10.220s] -- Installing: /home/sejong/Desktop/SH_ws/install/ros2_interfaces/lib/python3.12/site-packages/ros2_interfaces/_ros2_interfaces_s.ep.rosidl_typesupport_introspection_c.c
[10.220s] -- Installing: /home/sejong/Desktop/SH_ws/install/ros2_interfaces/lib/python3.12/site-packages/ros2_interfaces/srv
[10.220s] -- Installing: /home/sejong/Desktop/SH_ws/install/ros2_interfaces/lib/python3.12/site-packages/ros2_interfaces/srv/__init__.py
[10.220s] -- Installing: /home/sejong/Desktop/SH_ws/install/ros2_interfaces/lib/python3.12/site-packages/ros2_interfaces/srv/_set_run_mode_s.c
[10.220s] -- Installing: /home/sejong/Desktop/SH_ws/install/ros2_interfaces/lib/python3.12/site-packages/ros2_interfaces/srv/_enable_motors_s.c
[10.220s] -- Installing: /home/sejong/Desktop/SH_ws/install/ros2_interfaces/lib/python3.12/site-packages/ros2_interfaces/srv/_enable_motors.py
[10.220s] -- Installing: /home/sejong/Desktop/SH_ws/install/ros2_interfaces/lib/python3.12/site-packages/ros2_interfaces/srv/_simple_motor_result_s.c
[10.220s] -- Installing: /home/sejong/Desktop/SH_ws/install/ros2_interfaces/lib/python3.12/site-packages/ros2_interfaces/srv/_set_run_mode.py
[10.221s] -- Installing: /home/sejong/Desktop/SH_ws/install/ros2_interfaces/lib/python3.12/site-packages/ros2_interfaces/srv/_simple_motor_result.py
[10.221s] -- Installing: /home/sejong/Desktop/SH_ws/install/ros2_interfaces/lib/python3.12/site-packages/ros2_interfaces/_ros2_interfaces_s.ep.rosidl_typesupport_fastrtps_c.c
[10.221s] -- Installing: /home/sejong/Desktop/SH_ws/install/ros2_interfaces/lib/python3.12/site-packages/ros2_interfaces/ros2_interfaces_s__rosidl_typesupport_introspection_c.so
[10.221s] -- Installing: /home/sejong/Desktop/SH_ws/install/ros2_interfaces/lib/python3.12/site-packages/ros2_interfaces/msg
[10.221s] -- Installing: /home/sejong/Desktop/SH_ws/install/ros2_interfaces/lib/python3.12/site-packages/ros2_interfaces/msg/_upper_body_command.py
[10.221s] -- Installing: /home/sejong/Desktop/SH_ws/install/ros2_interfaces/lib/python3.12/site-packages/ros2_interfaces/msg/__init__.py
[10.221s] -- Installing: /home/sejong/Desktop/SH_ws/install/ros2_interfaces/lib/python3.12/site-packages/ros2_interfaces/msg/_upper_body_system_state.py
[10.221s] -- Installing: /home/sejong/Desktop/SH_ws/install/ros2_interfaces/lib/python3.12/site-packages/ros2_interfaces/msg/_upper_motor_state.py
[10.221s] -- Installing: /home/sejong/Desktop/SH_ws/install/ros2_interfaces/lib/python3.12/site-packages/ros2_interfaces/msg/_upper_body_system_state_s.c
[10.221s] -- Installing: /home/sejong/Desktop/SH_ws/install/ros2_interfaces/lib/python3.12/site-packages/ros2_interfaces/msg/_upper_motor_state_s.c
[10.221s] -- Installing: /home/sejong/Desktop/SH_ws/install/ros2_interfaces/lib/python3.12/site-packages/ros2_interfaces/msg/_upper_body_command_s.c
[10.222s] -- Installing: /home/sejong/Desktop/SH_ws/install/ros2_interfaces/lib/python3.12/site-packages/ros2_interfaces/_ros2_interfaces_s.ep.rosidl_typesupport_c.c
[10.222s] -- Installing: /home/sejong/Desktop/SH_ws/install/ros2_interfaces/lib/python3.12/site-packages/ros2_interfaces/ros2_interfaces_s__rosidl_typesupport_fastrtps_c.so
[10.222s] -- Installing: /home/sejong/Desktop/SH_ws/install/ros2_interfaces/lib/python3.12/site-packages/ros2_interfaces/ros2_interfaces_s__rosidl_typesupport_c.so
[10.284s] Listing '/home/sejong/Desktop/SH_ws/install/ros2_interfaces/lib/python3.12/site-packages/ros2_interfaces'...
[10.284s] Compiling '/home/sejong/Desktop/SH_ws/install/ros2_interfaces/lib/python3.12/site-packages/ros2_interfaces/__init__.py'...
[10.285s] Listing '/home/sejong/Desktop/SH_ws/install/ros2_interfaces/lib/python3.12/site-packages/ros2_interfaces/msg'...
[10.285s] Compiling '/home/sejong/Desktop/SH_ws/install/ros2_interfaces/lib/python3.12/site-packages/ros2_interfaces/msg/__init__.py'...
[10.285s] Compiling '/home/sejong/Desktop/SH_ws/install/ros2_interfaces/lib/python3.12/site-packages/ros2_interfaces/msg/_upper_body_command.py'...
[10.285s] Compiling '/home/sejong/Desktop/SH_ws/install/ros2_interfaces/lib/python3.12/site-packages/ros2_interfaces/msg/_upper_body_system_state.py'...
[10.285s] Compiling '/home/sejong/Desktop/SH_ws/install/ros2_interfaces/lib/python3.12/site-packages/ros2_interfaces/msg/_upper_motor_state.py'...
[10.285s] Listing '/home/sejong/Desktop/SH_ws/install/ros2_interfaces/lib/python3.12/site-packages/ros2_interfaces/srv'...
[10.285s] Compiling '/home/sejong/Desktop/SH_ws/install/ros2_interfaces/lib/python3.12/site-packages/ros2_interfaces/srv/__init__.py'...
[10.285s] Compiling '/home/sejong/Desktop/SH_ws/install/ros2_interfaces/lib/python3.12/site-packages/ros2_interfaces/srv/_enable_motors.py'...
[10.285s] Compiling '/home/sejong/Desktop/SH_ws/install/ros2_interfaces/lib/python3.12/site-packages/ros2_interfaces/srv/_set_run_mode.py'...
[10.285s] Compiling '/home/sejong/Desktop/SH_ws/install/ros2_interfaces/lib/python3.12/site-packages/ros2_interfaces/srv/_simple_motor_result.py'...
[10.295s] -- Installing: /home/sejong/Desktop/SH_ws/install/ros2_interfaces/lib/python3.12/site-packages/ros2_interfaces/ros2_interfaces_s__rosidl_typesupport_fastrtps_c.so
[10.296s] -- Set non-toolchain portion of runtime path of "/home/sejong/Desktop/SH_ws/install/ros2_interfaces/lib/python3.12/site-packages/ros2_interfaces/ros2_interfaces_s__rosidl_typesupport_fastrtps_c.so" to ""
[10.296s] -- Installing: /home/sejong/Desktop/SH_ws/install/ros2_interfaces/lib/python3.12/site-packages/ros2_interfaces/ros2_interfaces_s__rosidl_typesupport_introspection_c.so
[10.296s] -- Set non-toolchain portion of runtime path of "/home/sejong/Desktop/SH_ws/install/ros2_interfaces/lib/python3.12/site-packages/ros2_interfaces/ros2_interfaces_s__rosidl_typesupport_introspection_c.so" to ""
[10.297s] -- Installing: /home/sejong/Desktop/SH_ws/install/ros2_interfaces/lib/python3.12/site-packages/ros2_interfaces/ros2_interfaces_s__rosidl_typesupport_c.so
[10.297s] -- Set non-toolchain portion of runtime path of "/home/sejong/Desktop/SH_ws/install/ros2_interfaces/lib/python3.12/site-packages/ros2_interfaces/ros2_interfaces_s__rosidl_typesupport_c.so" to ""
[10.298s] -- Installing: /home/sejong/Desktop/SH_ws/install/ros2_interfaces/lib/libros2_interfaces__rosidl_generator_py.so
[10.298s] -- Set non-toolchain portion of runtime path of "/home/sejong/Desktop/SH_ws/install/ros2_interfaces/lib/libros2_interfaces__rosidl_generator_py.so" to ""
[10.298s] -- Installing: /home/sejong/Desktop/SH_ws/install/ros2_interfaces/share/ament_index/resource_index/rust_packages/ros2_interfaces
[10.298s] -- Installing: /home/sejong/Desktop/SH_ws/install/ros2_interfaces/share/ros2_interfaces/rust
[10.298s] -- Installing: /home/sejong/Desktop/SH_ws/install/ros2_interfaces/share/ros2_interfaces/rust/src
[10.299s] -- Installing: /home/sejong/Desktop/SH_ws/install/ros2_interfaces/share/ros2_interfaces/rust/src/lib.rs
[10.299s] -- Installing: /home/sejong/Desktop/SH_ws/install/ros2_interfaces/share/ros2_interfaces/rust/src/srv
[10.299s] -- Installing: /home/sejong/Desktop/SH_ws/install/ros2_interfaces/share/ros2_interfaces/rust/src/srv/rmw.rs
[10.299s] -- Installing: /home/sejong/Desktop/SH_ws/install/ros2_interfaces/share/ros2_interfaces/rust/src/srv.rs
[10.299s] -- Installing: /home/sejong/Desktop/SH_ws/install/ros2_interfaces/share/ros2_interfaces/rust/src/msg
[10.299s] -- Installing: /home/sejong/Desktop/SH_ws/install/ros2_interfaces/share/ros2_interfaces/rust/src/msg/rmw.rs
[10.299s] -- Installing: /home/sejong/Desktop/SH_ws/install/ros2_interfaces/share/ros2_interfaces/rust/src/msg.rs
[10.299s] -- Installing: /home/sejong/Desktop/SH_ws/install/ros2_interfaces/share/ros2_interfaces/rust/build.rs
[10.300s] -- Installing: /home/sejong/Desktop/SH_ws/install/ros2_interfaces/share/ros2_interfaces/rust/Cargo.toml
[10.300s] -- Installing: /home/sejong/Desktop/SH_ws/install/ros2_interfaces/share/ros2_interfaces/msg/UpperBodyCommand.idl
[10.300s] -- Installing: /home/sejong/Desktop/SH_ws/install/ros2_interfaces/share/ros2_interfaces/msg/UpperBodySystemState.idl
[10.300s] -- Installing: /home/sejong/Desktop/SH_ws/install/ros2_interfaces/share/ros2_interfaces/msg/UpperMotorState.idl
[10.300s] -- Installing: /home/sejong/Desktop/SH_ws/install/ros2_interfaces/share/ros2_interfaces/srv/EnableMotors.idl
[10.300s] -- Installing: /home/sejong/Desktop/SH_ws/install/ros2_interfaces/share/ros2_interfaces/srv/SetRunMode.idl
[10.300s] -- Installing: /home/sejong/Desktop/SH_ws/install/ros2_interfaces/share/ros2_interfaces/srv/SimpleMotorResult.idl
[10.301s] -- Installing: /home/sejong/Desktop/SH_ws/install/ros2_interfaces/share/ros2_interfaces/msg/UpperBodyCommand.msg
[10.301s] -- Installing: /home/sejong/Desktop/SH_ws/install/ros2_interfaces/share/ros2_interfaces/msg/UpperBodySystemState.msg
[10.301s] -- Installing: /home/sejong/Desktop/SH_ws/install/ros2_interfaces/share/ros2_interfaces/msg/UpperMotorState.msg
[10.301s] -- Installing: /home/sejong/Desktop/SH_ws/install/ros2_interfaces/share/ros2_interfaces/srv/EnableMotors.srv
[10.302s] -- Installing: /home/sejong/Desktop/SH_ws/install/ros2_interfaces/share/ros2_interfaces/srv/SetRunMode.srv
[10.302s] -- Installing: /home/sejong/Desktop/SH_ws/install/ros2_interfaces/share/ros2_interfaces/srv/SimpleMotorResult.srv
[10.302s] -- Installing: /home/sejong/Desktop/SH_ws/install/ros2_interfaces/share/ament_index/resource_index/package_run_dependencies/ros2_interfaces
[10.302s] -- Installing: /home/sejong/Desktop/SH_ws/install/ros2_interfaces/share/ament_index/resource_index/parent_prefix_path/ros2_interfaces
[10.302s] -- Installing: /home/sejong/Desktop/SH_ws/install/ros2_interfaces/share/ros2_interfaces/environment/ament_prefix_path.sh
[10.302s] -- Installing: /home/sejong/Desktop/SH_ws/install/ros2_interfaces/share/ros2_interfaces/environment/ament_prefix_path.dsv
[10.302s] -- Installing: /home/sejong/Desktop/SH_ws/install/ros2_interfaces/share/ros2_interfaces/environment/path.sh
[10.302s] -- Installing: /home/sejong/Desktop/SH_ws/install/ros2_interfaces/share/ros2_interfaces/environment/path.dsv
[10.302s] -- Installing: /home/sejong/Desktop/SH_ws/install/ros2_interfaces/share/ros2_interfaces/local_setup.bash
[10.303s] -- Installing: /home/sejong/Desktop/SH_ws/install/ros2_interfaces/share/ros2_interfaces/local_setup.sh
[10.303s] -- Installing: /home/sejong/Desktop/SH_ws/install/ros2_interfaces/share/ros2_interfaces/local_setup.zsh
[10.303s] -- Installing: /home/sejong/Desktop/SH_ws/install/ros2_interfaces/share/ros2_interfaces/local_setup.dsv
[10.303s] -- Installing: /home/sejong/Desktop/SH_ws/install/ros2_interfaces/share/ros2_interfaces/package.dsv
[10.303s] -- Installing: /home/sejong/Desktop/SH_ws/install/ros2_interfaces/share/ament_index/resource_index/packages/ros2_interfaces
[10.303s] -- Installing: /home/sejong/Desktop/SH_ws/install/ros2_interfaces/share/ros2_interfaces/cmake/export_ros2_interfaces__rosidl_generator_cExport.cmake
[10.303s] -- Installing: /home/sejong/Desktop/SH_ws/install/ros2_interfaces/share/ros2_interfaces/cmake/export_ros2_interfaces__rosidl_generator_cExport-noconfig.cmake
[10.304s] -- Installing: /home/sejong/Desktop/SH_ws/install/ros2_interfaces/share/ros2_interfaces/cmake/export_ros2_interfaces__rosidl_typesupport_fastrtps_cExport.cmake
[10.304s] -- Installing: /home/sejong/Desktop/SH_ws/install/ros2_interfaces/share/ros2_interfaces/cmake/export_ros2_interfaces__rosidl_typesupport_fastrtps_cExport-noconfig.cmake
[10.304s] -- Installing: /home/sejong/Desktop/SH_ws/install/ros2_interfaces/share/ros2_interfaces/cmake/ros2_interfaces__rosidl_typesupport_introspection_cExport.cmake
[10.304s] -- Installing: /home/sejong/Desktop/SH_ws/install/ros2_interfaces/share/ros2_interfaces/cmake/ros2_interfaces__rosidl_typesupport_introspection_cExport-noconfig.cmake
[10.304s] -- Installing: /home/sejong/Desktop/SH_ws/install/ros2_interfaces/share/ros2_interfaces/cmake/ros2_interfaces__rosidl_typesupport_cExport.cmake
[10.304s] -- Installing: /home/sejong/Desktop/SH_ws/install/ros2_interfaces/share/ros2_interfaces/cmake/ros2_interfaces__rosidl_typesupport_cExport-noconfig.cmake
[10.304s] -- Installing: /home/sejong/Desktop/SH_ws/install/ros2_interfaces/share/ros2_interfaces/cmake/export_ros2_interfaces__rosidl_generator_cppExport.cmake
[10.304s] -- Installing: /home/sejong/Desktop/SH_ws/install/ros2_interfaces/share/ros2_interfaces/cmake/export_ros2_interfaces__rosidl_typesupport_fastrtps_cppExport.cmake
[10.304s] -- Installing: /home/sejong/Desktop/SH_ws/install/ros2_interfaces/share/ros2_interfaces/cmake/export_ros2_interfaces__rosidl_typesupport_fastrtps_cppExport-noconfig.cmake
[10.305s] -- Installing: /home/sejong/Desktop/SH_ws/install/ros2_interfaces/share/ros2_interfaces/cmake/ros2_interfaces__rosidl_typesupport_introspection_cppExport.cmake
[10.305s] -- Installing: /home/sejong/Desktop/SH_ws/install/ros2_interfaces/share/ros2_interfaces/cmake/ros2_interfaces__rosidl_typesupport_introspection_cppExport-noconfig.cmake
[10.305s] -- Installing: /home/sejong/Desktop/SH_ws/install/ros2_interfaces/share/ros2_interfaces/cmake/ros2_interfaces__rosidl_typesupport_cppExport.cmake
[10.305s] -- Installing: /home/sejong/Desktop/SH_ws/install/ros2_interfaces/share/ros2_interfaces/cmake/ros2_interfaces__rosidl_typesupport_cppExport-noconfig.cmake
[10.305s] -- Installing: /home/sejong/Desktop/SH_ws/install/ros2_interfaces/share/ros2_interfaces/cmake/export_ros2_interfaces__rosidl_generator_pyExport.cmake
[10.305s] -- Installing: /home/sejong/Desktop/SH_ws/install/ros2_interfaces/share/ros2_interfaces/cmake/export_ros2_interfaces__rosidl_generator_pyExport-noconfig.cmake
[10.305s] -- Installing: /home/sejong/Desktop/SH_ws/install/ros2_interfaces/share/ros2_interfaces/cmake/rosidl_cmake-extras.cmake
[10.305s] -- Installing: /home/sejong/Desktop/SH_ws/install/ros2_interfaces/share/ros2_interfaces/cmake/ament_cmake_export_dependencies-extras.cmake
[10.305s] -- Installing: /home/sejong/Desktop/SH_ws/install/ros2_interfaces/share/ros2_interfaces/cmake/ament_cmake_export_include_directories-extras.cmake
[10.306s] -- Installing: /home/sejong/Desktop/SH_ws/install/ros2_interfaces/share/ros2_interfaces/cmake/ament_cmake_export_libraries-extras.cmake
[10.306s] -- Installing: /home/sejong/Desktop/SH_ws/install/ros2_interfaces/share/ros2_interfaces/cmake/ament_cmake_export_targets-extras.cmake
[10.306s] -- Installing: /home/sejong/Desktop/SH_ws/install/ros2_interfaces/share/ros2_interfaces/cmake/rosidl_cmake_export_typesupport_targets-extras.cmake
[10.306s] -- Installing: /home/sejong/Desktop/SH_ws/install/ros2_interfaces/share/ros2_interfaces/cmake/rosidl_cmake_export_typesupport_libraries-extras.cmake
[10.306s] -- Installing: /home/sejong/Desktop/SH_ws/install/ros2_interfaces/share/ros2_interfaces/cmake/rosidl_cmake_aggregate_target-extras.cmake
[10.306s] -- Installing: /home/sejong/Desktop/SH_ws/install/ros2_interfaces/share/ros2_interfaces/cmake/ros2_interfacesConfig.cmake
[10.306s] -- Installing: /home/sejong/Desktop/SH_ws/install/ros2_interfaces/share/ros2_interfaces/cmake/ros2_interfacesConfig-version.cmake
[10.306s] -- Installing: /home/sejong/Desktop/SH_ws/install/ros2_interfaces/share/ros2_interfaces/package.xml
[10.312s] Invoked command in '/home/sejong/Desktop/SH_ws/build/ros2_interfaces' returned '0': DEBUGINFOD_URLS=https://debuginfod.ubuntu.com /usr/bin/cmake --install /home/sejong/Desktop/SH_ws/build/ros2_interfaces
